--------- beginning of system
05-27 14:02:34.390  1302  1570 I ActivityManager: START u0 {act=android.intent.action.MAIN cat=[android.intent.category.LAUNCHER] flg=0x10200000 cmp=com.anansimobile.city_ar/.Main bnds=[500,108][700,289] (has extras)} from uid 10043 on display 0
05-27 14:02:34.401  1735  1735 W ContextImpl: Calling a method in the system process without a qualified user: android.app.ContextImpl.startService:1358 android.content.ContextWrapper.startService:613 android.content.ContextWrapper.startService:613 com.android.coreservice.CoreBroadcastReceiver.onReceive:44 android.app.ActivityThread.handleReceiver:3073 
05-27 14:02:34.404  1302  3474 W BroadcastQueue: Permission Denial: receiving Intent { act=com.android.launcher3.action.LAUNCH flg=0x10 (has extras) } to com.google.android.gms/.chimera.GmsIntentOperationService$GmsExternalReceiver requires com.android.launcher3.permission.RECEIVE_LAUNCH_BROADCASTS due to sender com.ldmnq.launcher3 (uid 10043)
05-27 14:02:34.439  1302  1569 I ActivityManager: Start proc 7935:com.anansimobile.city_ar/u0a52 for activity com.anansimobile.city_ar/.Main
05-27 14:02:34.536  1302  3468 D WindowManager: updateRotationUncheckedLocked! mLastOrientation=1 old-mRotation=0 old-mAltOrientation=false new-mRotation=3 new-mAltOrientation=false
05-27 14:02:34.576  1302  3468 I ActivityManager: Config changes=480 {1.0 ?mcc?mnc [en_US] ldltr sw600dp w600dp h1042dp 240dpi lrg long port finger qwerty/v/v -nav/h s.50}
05-27 14:02:34.659  1302  3468 W ActivityManager: Slow operation: 125ms so far, now at attachApplicationLocked: after mServices.attachApplicationLocked
05-27 14:02:34.710  1735  1735 W ContextImpl: Calling a method in the system process without a qualified user: android.app.ContextImpl.startService:1358 android.content.ContextWrapper.startService:613 android.content.ContextWrapper.startService:613 com.android.coreservice.CoreBroadcastReceiver.onReceive:53 android.app.ActivityThread.handleReceiver:3073 
05-27 14:02:35.537  1302  1323 W WindowManager: Window freeze timeout expired.
05-27 14:02:35.537  1302  1323 W WindowManager: Force clearing orientation change: Window{16b163e u0 Starting com.anansimobile.city_ar}
05-27 14:02:35.537  1302  1323 W WindowManager: Force clearing orientation change: Window{4e4c87b u0 com.android.systemui.ImageWallpaper}
05-27 14:02:36.575  1302  1323 W WindowManager: App freeze timeout expired.
05-27 14:02:36.575  1302  1323 W WindowManager: Force clearing freeze: AppWindowToken{a337fd token=Token{de4fa7 ActivityRecord{8fa6066 u0 com.anansimobile.city_ar/.Main t26}}}
05-27 14:02:36.576  1302  1323 I WindowManager: Screen frozen for +2s38ms due to Window{16b163e u0 Starting com.anansimobile.city_ar}
05-27 14:02:36.937  7935  7988 E ActivityThread: Failed to find provider info for com.facebook.katana.provider.AttributionIdProvider
05-27 14:02:37.040  7935  7994 E ActivityThread: Failed to find provider info for com.facebook.katana.provider.AttributionIdProvider
05-27 14:02:37.050  1735  1735 W ContextImpl: Calling a method in the system process without a qualified user: android.app.ContextImpl.startService:1358 android.content.ContextWrapper.startService:613 android.content.ContextWrapper.startService:613 com.android.coreservice.CoreBroadcastReceiver.onReceive:53 android.app.ActivityThread.handleReceiver:3073 
05-27 14:02:37.979  1735  1735 W ContextImpl: Calling a method in the system process without a qualified user: android.app.ContextImpl.startService:1358 android.content.ContextWrapper.startService:613 android.content.ContextWrapper.startService:613 com.android.coreservice.CoreBroadcastReceiver.onReceive:69 android.app.ActivityThread.handleReceiver:3073 
05-27 14:02:37.999  1735  1735 W ContextImpl: Calling a method in the system process without a qualified user: android.app.ContextImpl.startService:1358 android.content.ContextWrapper.startService:613 android.content.ContextWrapper.startService:613 com.android.coreservice.CoreBroadcastReceiver.onReceive:69 android.app.ActivityThread.handleReceiver:3073 
05-27 14:03:16.134  1302  1854 W InputMethodManagerService: Window already focused, ignoring focus gain of: com.android.internal.view.IInputMethodClient$Stub$Proxy@169ec86 attribute=null, token = android.os.BinderProxy@cf29950
05-27 14:03:16.156  1302  3471 I ActivityManager: START u0 {act=android.intent.action.VIEW dat=} from uid 10052 on display 0
--------- beginning of crash
05-27 14:03:16.170  7935  7983 E AndroidRuntime: FATAL EXCEPTION: GLThread 382
05-27 14:03:16.170  7935  7983 E AndroidRuntime: Process: com.anansimobile.city_ar, PID: 7935
05-27 14:03:16.170  7935  7983 E AndroidRuntime: android.content.ActivityNotFoundException: No Activity found to handle Intent { act=android.intent.action.VIEW dat= }
05-27 14:03:16.170  7935  7983 E AndroidRuntime: 	at android.app.Instrumentation.checkStartActivityResult(Instrumentation.java:1809)
05-27 14:03:16.170  7935  7983 E AndroidRuntime: 	at android.app.Instrumentation.execStartActivity(Instrumentation.java:1523)
05-27 14:03:16.170  7935  7983 E AndroidRuntime: 	at android.app.Activity.startActivityForResult(Activity.java:4247)
05-27 14:03:16.170  7935  7983 E AndroidRuntime: 	at android.app.Activity.startActivityForResult(Activity.java:4205)
05-27 14:03:16.170  7935  7983 E AndroidRuntime: 	at android.app.Activity.startActivity(Activity.java:4544)
05-27 14:03:16.170  7935  7983 E AndroidRuntime: 	at android.app.Activity.startActivity(Activity.java:4512)
05-27 14:03:16.170  7935  7983 E AndroidRuntime: 	at com.anansimobile.nge.NGDevice.launchUrl(NGDevice.java:370)
05-27 14:03:16.170  7935  7983 E AndroidRuntime: 	at com.anansimobile.nge.NDKRenderer.nativeRender(Native Method)
05-27 14:03:16.170  7935  7983 E AndroidRuntime: 	at com.anansimobile.nge.NDKRenderer.onDrawFrame(RootActivity.java:1449)
05-27 14:03:16.170  7935  7983 E AndroidRuntime: 	at android.opengl.GLSurfaceView$GLThread.guardedRun(GLSurfaceView.java:1548)
05-27 14:03:16.170  7935  7983 E AndroidRuntime: 	at android.opengl.GLSurfaceView$GLThread.run(GLSurfaceView.java:1259)
05-27 14:03:16.253  1302  3465 W ActivityManager:   Force finishing activity com.anansimobile.city_ar/.Main
05-27 14:03:16.315  1302  1314 D WindowManager: updateRotationUncheckedLocked! mLastOrientation=-1 old-mRotation=3 old-mAltOrientation=false new-mRotation=0 new-mAltOrientation=false
05-27 14:03:16.333  1302  1314 I ActivityManager: Config changes=480 {1.0 ?mcc?mnc [en_US] ldltr sw600dp w1066dp h576dp 240dpi lrg long land finger qwerty/v/v -nav/h s.51}
05-27 14:03:16.352  1302  1314 I WindowManager: Failed to capture screenshot of Token{de4fa7 ActivityRecord{8fa6066 u0 com.anansimobile.city_ar/.Main t26 f}} appWin=Window{e56950d u0 SurfaceView - com.anansimobile.city_ar/com.anansimobile.city_ar.Main} drawState=4
05-27 14:03:16.401  1735  1735 W ContextImpl: Calling a method in the system process without a qualified user: android.app.ContextImpl.startService:1358 android.content.ContextWrapper.startService:613 android.content.ContextWrapper.startService:613 com.android.coreservice.CoreBroadcastReceiver.onReceive:44 android.app.ActivityThread.handleReceiver:3073 
05-27 14:03:16.489  1735  1735 W ContextImpl: Calling a method in the system process without a qualified user: android.app.ContextImpl.startService:1358 android.content.ContextWrapper.startService:613 android.content.ContextWrapper.startService:613 com.android.coreservice.CoreBroadcastReceiver.onReceive:53 android.app.ActivityThread.handleReceiver:3073 
05-27 14:03:16.560  1735  1735 W ContextImpl: Calling a method in the system process without a qualified user: android.app.ContextImpl.sendBroadcast:893 android.content.ContextWrapper.sendBroadcast:426 com.android.coreservice.TabManager.notifyClosing:345 com.android.coreservice.TabManager.updateInner:182 com.android.coreservice.TabManager.onUpdate:217 
05-27 14:03:16.766  1302  3475 I ActivityManager: Killing 7935:com.anansimobile.city_ar/u0a52 (adj 900): remove task
05-27 14:03:16.811  1302  1536 D ActivityManager: cleanUpApplicationRecord -- 7935
05-27 14:03:16.812  1302  1536 W ActivityManager: Scheduling restart of crashed service com.anansimobile.city_ar/com.anansimobile.nge.RootService in 1000ms
05-27 14:03:16.815  1302  3476 I WindowManager: WIN DEATH: Window{1e1d749 u0 com.anansimobile.city_ar/com.anansimobile.city_ar.Main}
05-27 14:03:16.815  1302  3476 W WindowManager: Force-removing child win Window{e56950d u0 SurfaceView - com.anansimobile.city_ar/com.anansimobile.city_ar.Main} from container Window{1e1d749 u0 com.anansimobile.city_ar/com.anansimobile.city_ar.Main}
05-27 14:03:16.820  1302  1784 W WindowManager: Failed looking up window
05-27 14:03:16.820  1302  1784 W WindowManager: java.lang.IllegalArgumentException: Requested window android.os.BinderProxy@9e79f05 does not exist
05-27 14:03:16.820  1302  1784 W WindowManager: 	at com.android.server.wm.WindowManagerService.windowForClientLocked(WindowManagerService.java:9459)
05-27 14:03:16.820  1302  1784 W WindowManager: 	at com.android.server.wm.WindowManagerService.windowForClientLocked(WindowManagerService.java:9450)
05-27 14:03:16.820  1302  1784 W WindowManager: 	at com.android.server.wm.WindowState$DeathRecipient.binderDied(WindowState.java:1807)
05-27 14:03:16.820  1302  1784 W WindowManager: 	at android.os.BinderProxy.sendDeathNotice(Binder.java:688)
05-27 14:03:16.820  1302  1784 I WindowManager: WIN DEATH: null
05-27 14:03:16.821  1302  3465 W ActivityManager: Ignoring remove of inactive process: ProcessRecord{5b62a25 0:com.anansimobile.city_ar/u0a52}
05-27 14:03:16.874  1735  1735 W ContextImpl: Calling a method in the system process without a qualified user: android.app.ContextImpl.startService:1358 android.content.ContextWrapper.startService:613 android.content.ContextWrapper.startService:613 com.android.coreservice.CoreBroadcastReceiver.onReceive:53 android.app.ActivityThread.handleReceiver:3073 
05-27 14:03:17.055  1302  1317 W AppOps  : Finishing op nesting under-run: uid 1000 pkg android code 24 time=0 duration=0 nesting=0
05-27 14:03:17.115  1735  1735 W ContextImpl: Calling a method in the system process without a qualified user: android.app.ContextImpl.startService:1358 android.content.ContextWrapper.startService:613 android.content.ContextWrapper.startService:613 com.android.coreservice.CoreBroadcastReceiver.onReceive:69 android.app.ActivityThread.handleReceiver:3073 
05-27 14:03:17.461  1302  1323 W WindowManager: Window freeze timeout expired.
05-27 14:03:17.461  1302  1323 W WindowManager: Force clearing orientation change: Window{4e4c87b u0 com.android.systemui.ImageWallpaper}
05-27 14:03:17.467  1302  1323 I WindowManager: Screen frozen for +1s151ms due to Window{4e4c87b u0 com.android.systemui.ImageWallpaper}
05-27 14:03:17.855  1302  1316 I ActivityManager: Start proc 8033:com.anansimobile.city_ar/u0a52 for service com.anansimobile.city_ar/com.anansimobile.nge.RootService
05-27 14:03:17.948  1735  1735 W ContextImpl: Calling a method in the system process without a qualified user: android.app.ContextImpl.startService:1358 android.content.ContextWrapper.startService:613 android.content.ContextWrapper.startService:613 com.android.coreservice.CoreBroadcastReceiver.onReceive:53 android.app.ActivityThread.handleReceiver:3073 
05-27 14:03:19.402  1302  3471 I ActivityManager: START u0 {act=android.intent.action.MAIN cat=[android.intent.category.LAUNCHER] flg=0x10200000 cmp=com.anansimobile.city_ar/.Main bnds=[500,108][700,289] (has extras)} from uid 10043 on display 0
05-27 14:03:19.411  1735  1735 W ContextImpl: Calling a method in the system process without a qualified user: android.app.ContextImpl.startService:1358 android.content.ContextWrapper.startService:613 android.content.ContextWrapper.startService:613 com.android.coreservice.CoreBroadcastReceiver.onReceive:44 android.app.ActivityThread.handleReceiver:3073 
05-27 14:03:19.413  1302  3465 W BroadcastQueue: Permission Denial: receiving Intent { act=com.android.launcher3.action.LAUNCH flg=0x10 (has extras) } to com.google.android.gms/.chimera.GmsIntentOperationService$GmsExternalReceiver requires com.android.launcher3.permission.RECEIVE_LAUNCH_BROADCASTS due to sender com.ldmnq.launcher3 (uid 10043)
05-27 14:03:19.415  1302  3481 D WindowManager: updateRotationUncheckedLocked! mLastOrientation=1 old-mRotation=0 old-mAltOrientation=false new-mRotation=3 new-mAltOrientation=false
05-27 14:03:19.433  1302  3481 I ActivityManager: Config changes=480 {1.0 ?mcc?mnc [en_US] ldltr sw600dp w600dp h1042dp 240dpi lrg long port finger qwerty/v/v -nav/h s.52}
05-27 14:03:20.200  8033  8082 E ActivityThread: Failed to find provider info for com.facebook.katana.provider.AttributionIdProvider
05-27 14:03:20.290  1735  1735 W ContextImpl: Calling a method in the system process without a qualified user: android.app.ContextImpl.startService:1358 android.content.ContextWrapper.startService:613 android.content.ContextWrapper.startService:613 com.android.coreservice.CoreBroadcastReceiver.onReceive:53 android.app.ActivityThread.handleReceiver:3073 
05-27 14:03:20.309  8033  8087 E ActivityThread: Failed to find provider info for com.facebook.katana.provider.AttributionIdProvider
05-27 14:03:20.415  1302  1323 W WindowManager: Window freeze timeout expired.
05-27 14:03:20.415  1302  1323 W WindowManager: Force clearing orientation change: Window{3d84f9c u0 Starting com.anansimobile.city_ar}
05-27 14:03:21.283  1302  1323 E WindowManager: Performed 6 layouts in a row. Skipping
05-27 14:03:21.289  1735  1735 W ContextImpl: Calling a method in the system process without a qualified user: android.app.ContextImpl.startService:1358 android.content.ContextWrapper.startService:613 android.content.ContextWrapper.startService:613 com.android.coreservice.CoreBroadcastReceiver.onReceive:69 android.app.ActivityThread.handleReceiver:3073 
05-27 14:03:21.291  1735  1735 W ContextImpl: Calling a method in the system process without a qualified user: android.app.ContextImpl.startService:1358 android.content.ContextWrapper.startService:613 android.content.ContextWrapper.startService:613 com.android.coreservice.CoreBroadcastReceiver.onReceive:69 android.app.ActivityThread.handleReceiver:3073 
05-27 14:03:21.403  1302  1323 I WindowManager: Screen frozen for +1s988ms due to Window{3d84f9c u0 Starting com.anansimobile.city_ar}
05-27 14:03:27.882  8033  8077 F libc    : Fatal signal 11 (SIGSEGV), code 1, fault addr 0x10 in tid 8077 (GLThread 387)
05-27 14:03:27.985  8106  8106 F DEBUG   : *** *** *** *** *** *** *** *** *** *** *** *** *** *** *** ***
05-27 14:03:27.986  8106  8106 F DEBUG   : Build fingerprint: 'google/android_x86/x86:7.1.2/N2G48C/N975FXXU1ASGO:user/release-keys'
05-27 14:03:27.986  8106  8106 F DEBUG   : Revision: '0'
05-27 14:03:27.986  8106  8106 F DEBUG   : ABI: 'x86'
05-27 14:03:27.986  8106  8106 F DEBUG   : pid: 8033, tid: 8077, name: GLThread 387  >>> com.anansimobile.city_ar <<<
05-27 14:03:27.986  8106  8106 F DEBUG   : signal 11 (SIGSEGV), code 1 (SEGV_MAPERR), fault addr 0x10
05-27 14:03:27.986  8106  8106 F DEBUG   :     eax 00000010  ebx ac34aff4  ecx 00000002  edx 00000008
05-27 14:03:27.986  8106  8106 F DEBUG   :     esi 00000002  edi 00000000
05-27 14:03:27.986  8106  8106 F DEBUG   :     xcs 00000073  xds 0000007b  xes 0000007b  xfs 0000003b  xss 0000007b
05-27 14:03:27.986  8106  8106 F DEBUG   :     eip abfa7750  ebp 10128040  esp a50dcb20  flags 00010246
05-27 14:03:27.989  8106  8106 F DEBUG   : 
05-27 14:03:27.989  8106  8106 F DEBUG   : backtrace:
05-27 14:03:27.990  8106  8106 F DEBUG   :     #00 pc 000bf750  /system/lib/libhoudini.so
05-27 14:03:29.450  1302  8111 W ActivityManager:   Force finishing activity com.anansimobile.city_ar/.Main
05-27 14:03:29.453  1302  1320 I BootReceiver: Copying /data/tombstones/tombstone_07 to DropBox (SYSTEM_TOMBSTONE)
05-27 14:03:29.522  1302  3474 I WindowManager: WIN DEATH: Window{c6bcbfc u0 SurfaceView - com.anansimobile.city_ar/com.anansimobile.city_ar.Main}
05-27 14:03:29.527  1302  1536 I WindowManager: WIN DEATH: Window{2876291 u0 com.anansimobile.city_ar/com.anansimobile.city_ar.Main}
05-27 14:03:29.592  1302  1316 W ActivityManager: Failed setting process group of 8033 to 1
05-27 14:03:29.611  1302  3467 I ActivityManager: Process com.anansimobile.city_ar (pid 8033) has died
05-27 14:03:29.612  1302  3467 D ActivityManager: cleanUpApplicationRecord -- 8033
05-27 14:03:29.615  1302  3467 W ActivityManager: Service crashed 2 times, stopping: ServiceRecord{b8f34b4 u0 com.anansimobile.city_ar/com.anansimobile.nge.RootService}
05-27 14:03:29.637  1302  3467 D WindowManager: updateRotationUncheckedLocked! mLastOrientation=-1 old-mRotation=3 old-mAltOrientation=false new-mRotation=0 new-mAltOrientation=false
05-27 14:03:29.668  1302  3467 I ActivityManager: Config changes=480 {1.0 ?mcc?mnc [en_US] ldltr sw600dp w1066dp h576dp 240dpi lrg long land finger qwerty/v/v -nav/h s.53}
05-27 14:03:29.748  1735  1735 W ContextImpl: Calling a method in the system process without a qualified user: android.app.ContextImpl.startService:1358 android.content.ContextWrapper.startService:613 android.content.ContextWrapper.startService:613 com.android.coreservice.CoreBroadcastReceiver.onReceive:44 android.app.ActivityThread.handleReceiver:3073 
05-27 14:03:29.867  1735  1735 W ContextImpl: Calling a method in the system process without a qualified user: android.app.ContextImpl.startService:1358 android.content.ContextWrapper.startService:613 android.content.ContextWrapper.startService:613 com.android.coreservice.CoreBroadcastReceiver.onReceive:53 android.app.ActivityThread.handleReceiver:3073 
05-27 14:03:29.953  1735  1735 W ContextImpl: Calling a method in the system process without a qualified user: android.app.ContextImpl.sendBroadcast:893 android.content.ContextWrapper.sendBroadcast:426 com.android.coreservice.TabManager.notifyClosing:345 com.android.coreservice.TabManager.updateInner:182 com.android.coreservice.TabManager.onUpdate:217 
05-27 14:03:30.385  1302  1323 I WindowManager: Screen frozen for +746ms due to Window{7ab790f u0 StatusBar}
05-27 14:03:35.457  1302  8111 W ActivityManager: Ignoring remove of inactive process: ProcessRecord{59b25ca 0:com.anansimobile.city_ar/u0a52}
05-27 14:03:35.487  1735  1735 W ContextImpl: Calling a method in the system process without a qualified user: android.app.ContextImpl.startService:1358 android.content.ContextWrapper.startService:613 android.content.ContextWrapper.startService:613 com.android.coreservice.CoreBroadcastReceiver.onReceive:69 android.app.ActivityThread.handleReceiver:3073 
05-27 14:03:35.567  1302  1323 W AppOps  : Finishing op nesting under-run: uid 1000 pkg android code 24 time=0 duration=0 nesting=0
05-27 14:05:03.597  1302  3469 I ActivityManager: START u0 {act=android.intent.action.MAIN cat=[android.intent.category.LAUNCHER] flg=0x10200000 cmp=com.anansimobile.city_ar/.Main bnds=[500,108][700,289] (has extras)} from uid 10043 on display 0
05-27 14:05:03.624  1735  1735 W ContextImpl: Calling a method in the system process without a qualified user: android.app.ContextImpl.startService:1358 android.content.ContextWrapper.startService:613 android.content.ContextWrapper.startService:613 com.android.coreservice.CoreBroadcastReceiver.onReceive:44 android.app.ActivityThread.handleReceiver:3073 
05-27 14:05:03.629  1302  3464 W BroadcastQueue: Permission Denial: receiving Intent { act=com.android.launcher3.action.LAUNCH flg=0x10 (has extras) } to com.google.android.gms/.chimera.GmsIntentOperationService$GmsExternalReceiver requires com.android.launcher3.permission.RECEIVE_LAUNCH_BROADCASTS due to sender com.ldmnq.launcher3 (uid 10043)
05-27 14:05:03.790  1302  1855 W ActivityManager: Slow operation: 124ms so far, now at startProcess: returned from zygote!
05-27 14:05:03.790  1302  1855 W ActivityManager: Slow operation: 125ms so far, now at startProcess: done updating battery stats
05-27 14:05:03.790  1302  1855 W ActivityManager: Slow operation: 125ms so far, now at startProcess: building log message
05-27 14:05:03.790  1302  1855 I ActivityManager: Start proc 8126:com.anansimobile.city_ar/u0a52 for activity com.anansimobile.city_ar/.Main
05-27 14:05:03.790  1302  1855 W ActivityManager: Slow operation: 125ms so far, now at startProcess: starting to update pids map
05-27 14:05:03.790  1302  1855 W ActivityManager: Slow operation: 125ms so far, now at startProcess: done updating pids map
05-27 14:05:03.790  1302  1855 W ActivityManager: Slow operation: 130ms so far, now at startProcess: done starting proc!
05-27 14:05:03.929  1302  1855 D WindowManager: updateRotationUncheckedLocked! mLastOrientation=1 old-mRotation=0 old-mAltOrientation=false new-mRotation=3 new-mAltOrientation=false
05-27 14:05:03.934  1302  1855 I ActivityManager: Config changes=480 {1.0 ?mcc?mnc [en_US] ldltr sw600dp w600dp h1042dp 240dpi lrg long port finger qwerty/v/v -nav/h s.54}
05-27 14:05:04.003  1735  1735 W ContextImpl: Calling a method in the system process without a qualified user: android.app.ContextImpl.startService:1358 android.content.ContextWrapper.startService:613 android.content.ContextWrapper.startService:613 com.android.coreservice.CoreBroadcastReceiver.onReceive:53 android.app.ActivityThread.handleReceiver:3073 
05-27 14:05:04.931  1302  1323 W WindowManager: Window freeze timeout expired.
05-27 14:05:04.931  1302  1323 W WindowManager: Force clearing orientation change: Window{6f0f19 u0 Starting com.anansimobile.city_ar}
05-27 14:05:04.931  1302  1323 W WindowManager: Force clearing orientation change: Window{4e4c87b u0 com.android.systemui.ImageWallpaper}
05-27 14:05:05.935  1302  1323 W WindowManager: App freeze timeout expired.
05-27 14:05:05.935  1302  1323 W WindowManager: Force clearing freeze: AppWindowToken{135f6f4 token=Token{a9bf206 ActivityRecord{d7fa4e1 u0 com.anansimobile.city_ar/.Main t28}}}
05-27 14:05:06.052  1302  1323 I WindowManager: Screen frozen for +2s123ms due to Window{6f0f19 u0 Starting com.anansimobile.city_ar}
05-27 14:05:06.138  8126  8175 E ActivityThread: Failed to find provider info for com.facebook.katana.provider.AttributionIdProvider
05-27 14:05:06.225  8126  8181 E ActivityThread: Failed to find provider info for com.facebook.katana.provider.AttributionIdProvider
05-27 14:05:06.225  1735  1735 W ContextImpl: Calling a method in the system process without a qualified user: android.app.ContextImpl.startService:1358 android.content.ContextWrapper.startService:613 android.content.ContextWrapper.startService:613 com.android.coreservice.CoreBroadcastReceiver.onReceive:53 android.app.ActivityThread.handleReceiver:3073 
05-27 14:05:07.307  1735  1735 W ContextImpl: Calling a method in the system process without a qualified user: android.app.ContextImpl.startService:1358 android.content.ContextWrapper.startService:613 android.content.ContextWrapper.startService:613 com.android.coreservice.CoreBroadcastReceiver.onReceive:69 android.app.ActivityThread.handleReceiver:3073 
05-27 14:05:07.316  1735  1735 W ContextImpl: Calling a method in the system process without a qualified user: android.app.ContextImpl.startService:1358 android.content.ContextWrapper.startService:613 android.content.ContextWrapper.startService:613 com.android.coreservice.CoreBroadcastReceiver.onReceive:69 android.app.ActivityThread.handleReceiver:3073 
05-27 14:05:13.290  8126  8170 F libc    : Fatal signal 11 (SIGSEGV), code 1, fault addr 0x10 in tid 8170 (GLThread 390)
--------- beginning of main
05-27 14:05:13.297  1062  1062 W         : debuggerd: handling request: pid=8126 uid=10052 gid=10052 tid=8170
05-27 14:05:13.439  8201  8201 F DEBUG   : *** *** *** *** *** *** *** *** *** *** *** *** *** *** *** ***
05-27 14:05:13.441  8201  8201 F DEBUG   : Build fingerprint: 'google/android_x86/x86:7.1.2/N2G48C/N975FXXU1ASGO:user/release-keys'
05-27 14:05:13.441  8201  8201 F DEBUG   : Revision: '0'
05-27 14:05:13.441  8201  8201 F DEBUG   : ABI: 'x86'
05-27 14:05:13.441  8201  8201 F DEBUG   : pid: 8126, tid: 8170, name: GLThread 390  >>> com.anansimobile.city_ar <<<
05-27 14:05:13.441  8201  8201 F DEBUG   : signal 11 (SIGSEGV), code 1 (SEGV_MAPERR), fault addr 0x10
05-27 14:05:13.441  8201  8201 F DEBUG   :     eax 00000010  ebx ac34aff4  ecx 00000002  edx 00000008
05-27 14:05:13.441  8201  8201 F DEBUG   :     esi 00000002  edi 00000000
05-27 14:05:13.441  8201  8201 F DEBUG   :     xcs 00000073  xds 0000007b  xes 0000007b  xfs 0000003b  xss 0000007b
05-27 14:05:13.441  8201  8201 F DEBUG   :     eip abfa7750  ebp 10128040  esp a51b4b20  flags 00010246
05-27 14:05:13.443  8201  8201 F DEBUG   : 
05-27 14:05:13.443  8201  8201 F DEBUG   : backtrace:
05-27 14:05:13.443  8201  8201 F DEBUG   :     #00 pc 000bf750  /system/lib/libhoudini.so
05-27 14:05:14.716  1062  1062 W         : debuggerd: resuming target 8126
05-27 14:05:14.716  1302  8206 W ActivityManager:   Force finishing activity com.anansimobile.city_ar/.Main
05-27 14:05:14.717  1302  1320 I BootReceiver: Copying /data/tombstones/tombstone_08 to DropBox (SYSTEM_TOMBSTONE)
05-27 14:05:14.730  1302  8206 I chatty  : uid=1000 system_server expire 19 lines
05-27 14:05:14.732  1302  1323 I chatty  : uid=1000(system) android.display expire 18 lines
05-27 14:05:14.754  1302  1570 I WindowManager: WIN DEATH: Window{94af34a u0 com.anansimobile.city_ar/com.anansimobile.city_ar.Main}
05-27 14:05:14.754  1302  3467 I chatty  : uid=1000(system) Binder:1302_12 expire 1 line
05-27 14:05:14.754  1302  1570 W WindowManager: Force-removing child win Window{42ec2fa u0 SurfaceView - com.anansimobile.city_ar/com.anansimobile.city_ar.Main} from container Window{94af34a u0 com.anansimobile.city_ar/com.anansimobile.city_ar.Main}
05-27 14:05:14.766  1115  1115 I Zygote  : Process 8126 exited due to signal (11)
05-27 14:05:14.780  1302  3469 W WindowManager: Failed looking up window
05-27 14:05:14.780  1302  3469 W WindowManager: java.lang.IllegalArgumentException: Requested window android.os.BinderProxy@2ccfa16 does not exist
05-27 14:05:14.780  1302  3469 W WindowManager: 	at com.android.server.wm.WindowManagerService.windowForClientLocked(WindowManagerService.java:9459)
05-27 14:05:14.780  1302  3469 W WindowManager: 	at com.android.server.wm.WindowManagerService.windowForClientLocked(WindowManagerService.java:9450)
05-27 14:05:14.780  1302  3469 W WindowManager: 	at com.android.server.wm.WindowState$DeathRecipient.binderDied(WindowState.java:1807)
05-27 14:05:14.780  1302  3469 W WindowManager: 	at android.os.BinderProxy.sendDeathNotice(Binder.java:688)
05-27 14:05:14.780  1302  3469 I WindowManager: WIN DEATH: null
05-27 14:05:14.786  1302  8206 W ActivityManager: Exception thrown during pause
05-27 14:05:14.786  1302  8206 W ActivityManager: android.os.DeadObjectException: Transaction failed on small parcel; remote process probably died
05-27 14:05:14.786  1302  8206 W ActivityManager: 	at android.os.BinderProxy.transactNative(Native Method)
05-27 14:05:14.786  1302  8206 W ActivityManager: 	at android.os.BinderProxy.transact(Binder.java:615)
05-27 14:05:14.786  1302  8206 W ActivityManager: 	at android.app.ApplicationThreadProxy.schedulePauseActivity(ApplicationThreadNative.java:785)
05-27 14:05:14.786  1302  8206 W ActivityManager: 	at com.android.server.am.ActivityStack.startPausingLocked(ActivityStack.java:1145)
05-27 14:05:14.786  1302  8206 W ActivityManager: 	at com.android.server.am.ActivityStack.finishActivityLocked(ActivityStack.java:3531)
05-27 14:05:14.786  1302  8206 W ActivityManager: 	at com.android.server.am.ActivityStack.finishTopRunningActivityLocked(ActivityStack.java:3367)
05-27 14:05:14.786  1302  8206 W ActivityManager: 	at com.android.server.am.ActivityStackSupervisor.finishTopRunningActivityLocked(ActivityStackSupervisor.java:1855)
05-27 14:05:14.786  1302  8206 W ActivityManager: 	at com.android.server.am.AppErrors.handleAppCrashLocked(AppErrors.java:619)
05-27 14:05:14.786  1302  8206 W ActivityManager: 	at com.android.server.am.AppErrors.makeAppCrashingLocked(AppErrors.java:477)
05-27 14:05:14.786  1302  8206 W ActivityManager: 	at com.android.server.am.AppErrors.crashApplicationInner(AppErrors.java:353)
05-27 14:05:14.786  1302  8206 W ActivityManager: 	at com.android.server.am.AppErrors.crashApplication(AppErrors.java:305)
05-27 14:05:14.786  1302  8206 W ActivityManager: 	at com.android.server.am.ActivityManagerService.handleApplicationCrashInner(ActivityManagerService.java:13676)
05-27 14:05:14.786  1302  8206 W ActivityManager: 	at com.android.server.am.NativeCrashListener$NativeCrashReporter.run(NativeCrashListener.java:86)
05-27 14:05:14.790  1108  1108 E lowmemorykiller: Error opening /proc/8126/oom_score_adj; errno=2
05-27 14:05:14.791  1302  8206 W ActivityManager: Failed setting process group of 8126 to 1
05-27 14:05:14.792  1302  8206 D WindowManager: updateRotationUncheckedLocked! mLastOrientation=-1 old-mRotation=3 old-mAltOrientation=false new-mRotation=0 new-mAltOrientation=false
05-27 14:05:14.816  1110  1110 I gralloc_default: fb_setOrientation: orientation=0
05-27 14:05:14.820  1302  8206 I ActivityManager: Config changes=480 {1.0 ?mcc?mnc [en_US] ldltr sw600dp w1066dp h576dp 240dpi lrg long land finger qwerty/v/v -nav/h s.55}
05-27 14:05:14.914  1302  1316 I chatty  : uid=1000(system) ActivityManager expire 11 lines
05-27 14:05:14.915  1302  3475 I chatty  : uid=1000(system) Binder:1302_1A expire 1 line
05-27 14:05:14.915  1302  3475 I ActivityManager: Process com.anansimobile.city_ar (pid 8126) has died
05-27 14:05:14.915  1302  1302 I chatty  : uid=1000 system_server expire 1 line
05-27 14:05:14.915  1302  3475 D ActivityManager: cleanUpApplicationRecord -- 8126
05-27 14:05:14.916  1302  3475 W ActivityManager: Scheduling restart of crashed service com.anansimobile.city_ar/com.anansimobile.nge.RootService in 1000ms
05-27 14:05:15.009  1302  1348 I chatty  : uid=1000(system) InputReader expire 18 lines
05-27 14:05:15.051  1735  1735 W ContextImpl: Calling a method in the system process without a qualified user: android.app.ContextImpl.startService:1358 android.content.ContextWrapper.startService:613 android.content.ContextWrapper.startService:613 com.android.coreservice.CoreBroadcastReceiver.onReceive:44 android.app.ActivityThread.handleReceiver:3073 
05-27 14:05:15.133  1735  1735 W ContextImpl: Calling a method in the system process without a qualified user: android.app.ContextImpl.startService:1358 android.content.ContextWrapper.startService:613 android.content.ContextWrapper.startService:613 com.android.coreservice.CoreBroadcastReceiver.onReceive:53 android.app.ActivityThread.handleReceiver:3073 
05-27 14:05:15.181  1767  1930 E EGL_adreno: tid 1930: eglSurfaceAttrib(1338): error 0x3009 (EGL_BAD_MATCH)
05-27 14:05:15.181  1767  1930 W OpenGLRenderer: Failed to set EGL_SWAP_BEHAVIOR on surface 0xa60bd280, error=EGL_BAD_MATCH
05-27 14:05:15.203  1735  1735 W ContextImpl: Calling a method in the system process without a qualified user: android.app.ContextImpl.sendBroadcast:893 android.content.ContextWrapper.sendBroadcast:426 com.android.coreservice.TabManager.notifyClosing:345 com.android.coreservice.TabManager.updateInner:182 com.android.coreservice.TabManager.onUpdate:217 
05-27 14:05:15.233  1302  3464 I chatty  : uid=1000(system) Binder:1302_F expire 2 lines
05-27 14:05:15.238  1735  1735 I CoreService: notifyClosing notify tab closed taskPackageName:com.anansimobile.city_ar
05-27 14:05:15.238  1302  4412 I chatty  : uid=1000(system) RenderThread expire 13 lines
05-27 14:05:15.242  1767  1930 D EGL_adreno: eglMakeCurrent: 0xb6f2faa0: ver 3 1 (tinfo 0xa6127b70)
05-27 14:05:15.242  1735  1735 W ContextImpl: Calling a method in the system process without a qualified user: android.app.ContextImpl.startService:1358 android.content.ContextWrapper.startService:613 android.content.ContextWrapper.startService:613 com.android.coreservice.CoreBroadcastReceiver.onReceive:69 android.app.ActivityThread.handleReceiver:3073 
05-27 14:05:15.451  1395  1650 D EGL_adreno: eglMakeCurrent: 0xb6f0f620: ver 3 1 (tinfo 0xb8fbfea0)
05-27 14:05:15.486  1395  1650 E EGL_adreno: tid 1650: eglSurfaceAttrib(1338): error 0x3009 (EGL_BAD_MATCH)
05-27 14:05:15.486  1395  1650 W OpenGLRenderer: Failed to set EGL_SWAP_BEHAVIOR on surface 0xa5cb8860, error=EGL_BAD_MATCH
05-27 14:05:15.491  1395  1650 D EGL_adreno: eglMakeCurrent: 0xb6f0f620: ver 3 1 (tinfo 0xb8fbfea0)
05-27 14:05:15.528  1395  1395 I EGL_adreno: eglCreateContext request GLES major-version=2
05-27 14:05:15.542  1395  1395 D EGL_adreno: eglCreateContext: 0xa4ad1d40: maj 3 min 1 rcv 4
05-27 14:05:15.555  1395  1395 D EGL_adreno: eglMakeCurrent: 0xa4ad1d40: ver 3 1 (tinfo 0xb8fbff90)
05-27 14:05:15.649  1395  1395 D EGL_adreno: eglMakeCurrent: 0xa4ad1d40: ver 3 1 (tinfo 0xb8fbff90)
05-27 14:05:15.726  1767  1930 W OpenGLRenderer: Incorrectly called buildLayer on View: ShortcutAndWidgetContainer, destroying layer...
05-27 14:05:15.752  1395  1395 I EGL_adreno: eglCreateContext request GLES major-version=2
05-27 14:05:15.761  1395  1395 D EGL_adreno: eglCreateContext: 0xa4ad1d40: maj 3 min 1 rcv 4
05-27 14:05:15.770  1395  1395 D EGL_adreno: eglMakeCurrent: 0xa4ad1d40: ver 3 1 (tinfo 0xb8fbff90)
05-27 14:05:15.875  1395  1395 D EGL_adreno: eglMakeCurrent: 0xa4ad1d40: ver 3 1 (tinfo 0xb8fbff90)
05-27 14:05:15.932  8210  8210 D libnativebridge: PreInitializeNativeBridge name=zygote instruction_set=arm
05-27 14:05:15.937  8210  8210 I chatty  : uid=10052(com.anansimobile.city_ar) expire 11 lines
05-27 14:05:15.944  1302  1316 I ActivityManager: Start proc 8210:com.anansimobile.city_ar/u0a52 for service com.anansimobile.city_ar/com.anansimobile.nge.RootService
05-27 14:05:15.966  1302  1323 I WindowManager: Screen frozen for +1s174ms due to Window{4e4c87b u0 com.android.systemui.ImageWallpaper}
05-27 14:05:16.024  1735  1735 W ContextImpl: Calling a method in the system process without a qualified user: android.app.ContextImpl.startService:1358 android.content.ContextWrapper.startService:613 android.content.ContextWrapper.startService:613 com.android.coreservice.CoreBroadcastReceiver.onReceive:53 android.app.ActivityThread.handleReceiver:3073 
05-27 14:05:16.955  8210  8229 I chatty  : uid=10052(com.anansimobile.city_ar) expire 44 lines
05-27 14:05:17.290  8210  8231 I chatty  : uid=10052(com.anansimobile.city_ar) expire 1 line
05-27 14:05:30.304  1302  8206 W ActivityManager: Ignoring remove of inactive process: ProcessRecord{c4ae8b6 0:com.anansimobile.city_ar/u0a52}
05-27 14:05:30.306  1302  8206 I ActivityManager: START u0 {act=android.intent.action.MAIN cat=[android.intent.category.LAUNCHER] flg=0x10200000 cmp=com.anansimobile.city_ar/.Main (has extras)} from uid 10043 on display 0
05-27 14:05:30.345  1116  1151 D audio_hw_hal: raw_start_output_stream, stream=0xc6f05140, sampleRate=48000, channel=2, bps=16, bufSize=4096
05-27 14:05:30.347  1116  1151 D AudioFlinger: mixer(0xc5a80000) throttle end: throttle time(2)
05-27 14:05:30.386  1302  3481 W InputMethodManagerService: Window already focused, ignoring focus gain of: com.android.internal.view.IInputMethodClient$Stub$Proxy@28ef0bd attribute=null, token = android.os.BinderProxy@f29ce64
05-27 14:05:30.395  1302  4412 I chatty  : uid=1000(system) RenderThread expire 10 lines
05-27 14:05:30.436  1302  1854 E ActivityManager: applyOptionsLocked: Unknown animationType=0
05-27 14:05:30.436  1735  1735 W ContextImpl: Calling a method in the system process without a qualified user: android.app.ContextImpl.startService:1358 android.content.ContextWrapper.startService:613 android.content.ContextWrapper.startService:613 com.android.coreservice.CoreBroadcastReceiver.onReceive:44 android.app.ActivityThread.handleReceiver:3073 
05-27 14:05:30.437  1302  1854 D WindowManager: updateRotationUncheckedLocked! mLastOrientation=1 old-mRotation=0 old-mAltOrientation=false new-mRotation=3 new-mAltOrientation=false
05-27 14:05:30.449  1110  1110 I gralloc_default: fb_setOrientation: orientation=3
05-27 14:05:30.452  1302  1854 I ActivityManager: Config changes=480 {1.0 ?mcc?mnc [en_US] ldltr sw600dp w600dp h1042dp 240dpi lrg long port finger qwerty/v/v -nav/h s.56}
05-27 14:05:30.556  1767  1930 D EGL_adreno: eglMakeCurrent: 0xb6f2faa0: ver 3 1 (tinfo 0xa6127b70)
05-27 14:05:30.578  1302  3466 W AppOps  : Finishing op nesting under-run: uid 1000 pkg android code 24 time=0 duration=0 nesting=0
05-27 14:05:30.674  1395  1395 I EGL_adreno: eglCreateContext request GLES major-version=2
05-27 14:05:30.695  1395  1395 D EGL_adreno: eglCreateContext: 0xa4ad2280: maj 3 min 1 rcv 4
05-27 14:05:30.711  1395  1395 D EGL_adreno: eglMakeCurrent: 0xa4ad2280: ver 3 1 (tinfo 0xb8fbff90)
05-27 14:05:30.724  3646  3778 I chatty  : uid=10019(com.google.android.gms) expire 2 lines
05-27 14:05:30.725  3646  3657 I chatty  : uid=10019(com.google.android.gms) expire 1 line
05-27 14:05:30.839  1395  1395 D EGL_adreno: eglMakeCurrent: 0xa4ad2280: ver 3 1 (tinfo 0xb8fbff90)
05-27 14:05:31.103  1395  1650 D EGL_adreno: eglMakeCurrent: 0xb6f0f620: ver 3 1 (tinfo 0xb8fbfea0)
05-27 14:05:31.119  1395  1650 E EGL_adreno: tid 1650: eglSurfaceAttrib(1338): error 0x3009 (EGL_BAD_MATCH)
05-27 14:05:31.119  1395  1650 W OpenGLRenderer: Failed to set EGL_SWAP_BEHAVIOR on surface 0xa5c6f2e0, error=EGL_BAD_MATCH
05-27 14:05:31.124  1395  1650 D EGL_adreno: eglMakeCurrent: 0xb6f0f620: ver 3 1 (tinfo 0xb8fbfea0)
05-27 14:05:31.200  8210  8210 I chatty  : uid=10052(com.anansimobile.city_ar) expire 28 lines
05-27 14:05:31.235  1395  1395 I EGL_adreno: eglCreateContext request GLES major-version=2
05-27 14:05:31.248  1395  1395 D EGL_adreno: eglCreateContext: 0xa4ad23a0: maj 3 min 1 rcv 4
05-27 14:05:31.260  1395  1395 D EGL_adreno: eglMakeCurrent: 0xa4ad23a0: ver 3 1 (tinfo 0xb8fbff90)
05-27 14:05:31.340  1395  1395 D EGL_adreno: eglMakeCurrent: 0xa4ad23a0: ver 3 1 (tinfo 0xb8fbff90)
05-27 14:05:31.387  1302  3472 I ActivityManager: Killing 3621:com.android.vending/u0a24 (adj 900): 105080k from cached
05-27 14:05:31.388  1108  1108 E lowmemorykiller: Error writing /proc/3621/oom_score_adj; errno=22
05-27 14:05:31.429  1302  3477 D ActivityManager: cleanUpApplicationRecord -- 3621
05-27 14:05:31.429  1302  3477 W ActivityManager: Scheduling restart of crashed service com.android.vending/com.google.android.finsky.billing.iab.InAppBillingService in 1000ms
05-27 14:05:31.430  1302  3477 W ActivityManager: Scheduling restart of crashed service com.android.vending/com.google.android.finsky.crossprofile.ProfileStateService in 11000ms
05-27 14:05:31.430  1302  3475 D ConnectivityService: ConnectivityService NetworkRequestInfo binderDied(NetworkRequest [ LISTEN id=18, [ Capabilities: INTERNET&NOT_RESTRICTED&TRUSTED] ], android.os.BinderProxy@cf12529)
05-27 14:05:31.439  1302  1323 W WindowManager: Window freeze timeout expired.
05-27 14:05:31.439  1302  1323 W WindowManager: Force clearing orientation change: Window{36ab27b u0 Starting com.anansimobile.city_ar}
05-27 14:05:31.439  1302  1323 W WindowManager: Force clearing orientation change: Window{4e4c87b u0 com.android.systemui.ImageWallpaper}
05-27 14:05:31.445  1302  1361 E ConnectivityService: RemoteException caught trying to send a callback msg for NetworkRequest [ LISTEN id=18, [ Capabilities: INTERNET&NOT_RESTRICTED&TRUSTED] ]
05-27 14:05:31.488  8210  8255 I chatty  : uid=10052(com.anansimobile.city_ar) expire 9 lines
05-27 14:05:31.494  8210  8255 E ActivityThread: Failed to find provider info for com.facebook.katana.provider.AttributionIdProvider
05-27 14:05:31.545  8210  8261 I chatty  : uid=10052(com.anansimobile.city_ar) expire 9 lines
05-27 14:05:31.553  8210  8261 E ActivityThread: Failed to find provider info for com.facebook.katana.provider.AttributionIdProvider
05-27 14:05:31.558  8210  8228 I chatty  : uid=10052(com.anansimobile.city_ar) expire 1 line
05-27 14:05:31.563  8210  8253 I chatty  : uid=10052(com.anansimobile.city_ar) expire 41 lines
05-27 14:05:31.567  1735  1735 W ContextImpl: Calling a method in the system process without a qualified user: android.app.ContextImpl.startService:1358 android.content.ContextWrapper.startService:613 android.content.ContextWrapper.startService:613 com.android.coreservice.CoreBroadcastReceiver.onReceive:53 android.app.ActivityThread.handleReceiver:3073 
05-27 14:05:31.621  8210  8264 I chatty  : uid=10052(com.anansimobile.city_ar) expire 11 lines
05-27 14:05:31.646  8210  8232 I chatty  : uid=10052(com.anansimobile.city_ar) expire 133 lines
05-27 14:05:31.746  8210  8263 I chatty  : uid=10052(com.anansimobile.city_ar) expire 13 lines
05-27 14:05:31.753  8210  8250 I chatty  : uid=10052(com.anansimobile.city_ar) expire 17 lines
05-27 14:05:32.326  1709  7911 I chatty  : uid=10019 com.google.android.gms.persistent expire 2 lines
05-27 14:05:32.452  1302  1323 W WindowManager: App freeze timeout expired.
05-27 14:05:32.452  1302  1323 W WindowManager: Force clearing freeze: AppWindowToken{b687a75 token=Token{b282980 ActivityRecord{ee88603 u0 com.anansimobile.city_ar/.Main t29}}}
05-27 14:05:32.454  1302  1323 I WindowManager: Screen frozen for +2s16ms due to AppWindowToken{b687a75 token=Token{b282980 ActivityRecord{ee88603 u0 com.anansimobile.city_ar/.Main t29}}}
05-27 14:05:32.462  1302  1316 I ActivityManager: Start proc 8277:com.android.vending/u0a24 for service com.android.vending/com.google.android.finsky.billing.iab.InAppBillingService
05-27 14:05:32.474  8277  8277 I chatty  : uid=10024(com.android.vending) expire 136 lines
05-27 14:05:32.508  1735  1735 W ContextImpl: Calling a method in the system process without a qualified user: android.app.ContextImpl.startService:1358 android.content.ContextWrapper.startService:613 android.content.ContextWrapper.startService:613 com.android.coreservice.CoreBroadcastReceiver.onReceive:53 android.app.ActivityThread.handleReceiver:3073 
05-27 14:05:32.529  1735  1735 W ContextImpl: Calling a method in the system process without a qualified user: android.app.ContextImpl.startService:1358 android.content.ContextWrapper.startService:613 android.content.ContextWrapper.startService:613 com.android.coreservice.CoreBroadcastReceiver.onReceive:69 android.app.ActivityThread.handleReceiver:3073 
05-27 14:05:32.534  1735  1735 W ContextImpl: Calling a method in the system process without a qualified user: android.app.ContextImpl.startService:1358 android.content.ContextWrapper.startService:613 android.content.ContextWrapper.startService:613 com.android.coreservice.CoreBroadcastReceiver.onReceive:69 android.app.ActivityThread.handleReceiver:3073 
05-27 14:05:32.629  1767  1930 I HostConnection: HostConnection::~HostConnection, pid=1767, tid=1930, this=0xa6123d00, m_stream=0xa6176240
05-27 14:05:32.630  1767  1930 I         : fastpipe: close connect
05-27 14:05:32.703  1767  8122 I FA      : Application backgrounded at: timestamp_millis: 1779879930698
05-27 14:05:32.733  3646  8141 I chatty  : uid=10019(com.google.android.gms) expire 12 lines
05-27 14:05:33.455  1116  1151 D audio_hw_hal: log_func, out_standby
05-27 14:05:33.455  1116  1151 D audio_hw_hal: raw_close_output_stream, dev=0xc6f0a0c0, stream =0xc6f05140
05-27 14:05:33.455  1116  1151 D audio_hw_hal: raw_close_output_stream, stream=0xc6f05140,  success!
05-27 14:05:36.533  8277  8296 I chatty  : uid=10024(com.android.vending) expire 4 lines
05-27 14:05:37.706  8277  8295 I chatty  : uid=10024(com.android.vending) expire 4 lines
05-27 14:05:37.723  8277  8282 I chatty  : uid=10024(com.android.vending) expire 10 lines
05-27 14:05:38.495  8277  8297 I chatty  : uid=10024(com.android.vending) expire 11 lines
05-27 14:05:38.763  8277  8298 I chatty  : uid=10024(com.android.vending) expire 18 lines
05-27 14:05:38.902  8277  8288 I chatty  : uid=10024(com.android.vending) expire 2 lines
05-27 14:05:38.906  8277  8313 I chatty  : uid=10024(com.android.vending) expire 12 lines
05-27 14:05:38.999  8277  8289 I chatty  : uid=10024(com.android.vending) expire 1 line
05-27 14:05:39.009  8277  8328 I chatty  : uid=10024(com.android.vending) expire 1 line
05-27 14:05:39.014  8277  8299 I chatty  : uid=10024(com.android.vending) expire 3 lines
05-27 14:05:39.014  8277  8336 I chatty  : uid=10024(com.android.vending) expire 1 line
05-27 14:05:39.125  8277  8317 I chatty  : uid=10024(com.android.vending) expire 9 lines
05-27 14:05:39.569  8210  8250 F libc    : Fatal signal 11 (SIGSEGV), code 1, fault addr 0x10 in tid 8250 (GLThread 395)
05-27 14:05:39.570  1062  1062 W         : debuggerd: handling request: pid=8210 uid=10052 gid=10052 tid=8250
05-27 14:05:39.657  8360  8360 F DEBUG   : *** *** *** *** *** *** *** *** *** *** *** *** *** *** *** ***
05-27 14:05:39.657  8360  8360 F DEBUG   : Build fingerprint: 'google/android_x86/x86:7.1.2/N2G48C/N975FXXU1ASGO:user/release-keys'
05-27 14:05:39.657  8360  8360 F DEBUG   : Revision: '0'
05-27 14:05:39.657  8360  8360 F DEBUG   : ABI: 'x86'
05-27 14:05:39.657  8360  8360 F DEBUG   : pid: 8210, tid: 8250, name: GLThread 395  >>> com.anansimobile.city_ar <<<
05-27 14:05:39.657  8360  8360 F DEBUG   : signal 11 (SIGSEGV), code 1 (SEGV_MAPERR), fault addr 0x10
05-27 14:05:39.657  8360  8360 F DEBUG   :     eax 00000010  ebx ac34aff4  ecx 00000002  edx 00000008
05-27 14:05:39.657  8360  8360 F DEBUG   :     esi 00000002  edi 00000000
05-27 14:05:39.657  8360  8360 F DEBUG   :     xcs 00000073  xds 0000007b  xes 0000007b  xfs 0000003b  xss 0000007b
05-27 14:05:39.657  8360  8360 F DEBUG   :     eip abfa7750  ebp 10128040  esp a511cb20  flags 00010246
05-27 14:05:39.663  8360  8360 F DEBUG   : 
05-27 14:05:39.663  8360  8360 F DEBUG   : backtrace:
05-27 14:05:39.663  8360  8360 F DEBUG   :     #00 pc 000bf750  /system/lib/libhoudini.so
05-27 14:05:39.679  1302  3471 I ActivityManager: Killing 3721:com.android.vending:background/u0a24 (adj 902): 89694k from cached
05-27 14:05:39.682  1302  3471 I chatty  : uid=1000(system) Binder:1302_16 expire 1 line
05-27 14:05:39.684  1302  3471 W ActivityManager: Application dead when creating service ServiceRecord{efff07a u0 com.android.vending/com.google.frameworks.client.data.android.server.play.BackgroundProcessEndpointService}
05-27 14:05:39.684  1302  3471 D ActivityManager: cleanUpApplicationRecord -- 3721
05-27 14:05:39.685  1302  3471 W ActivityManager: Scheduling restart of crashed service com.android.vending/com.google.frameworks.client.data.android.server.play.BackgroundProcessEndpointService in 1000ms
05-27 14:05:39.685  1302  3471 W ActivityManager: Scheduling restart of crashed service com.android.vending/com.google.frameworks.client.data.android.server.play.BackgroundProcessEndpointService in 4000ms
05-27 14:05:39.690  1302  3471 W ActivityManager: Exception when starting service com.android.vending/com.google.frameworks.client.data.android.server.play.BackgroundProcessEndpointService
05-27 14:05:39.690  1302  3471 W ActivityManager: android.os.DeadObjectException: Transaction failed on small parcel; remote process probably died
05-27 14:05:39.690  1302  3471 W ActivityManager: 	at android.os.BinderProxy.transactNative(Native Method)
05-27 14:05:39.690  1302  3471 W ActivityManager: 	at android.os.BinderProxy.transact(Binder.java:615)
05-27 14:05:39.690  1302  3471 W ActivityManager: 	at android.app.ApplicationThreadProxy.scheduleCreateService(ApplicationThreadNative.java:988)
05-27 14:05:39.690  1302  3471 W ActivityManager: 	at com.android.server.am.ActiveServices.realStartServiceLocked(ActiveServices.java:1817)
05-27 14:05:39.690  1302  3471 W ActivityManager: 	at com.android.server.am.ActiveServices.bringUpServiceLocked(ActiveServices.java:1720)
05-27 14:05:39.690  1302  3471 W ActivityManager: 	at com.android.server.am.ActiveServices.bindServiceLocked(ActiveServices.java:1046)
05-27 14:05:39.690  1302  3471 W ActivityManager: 	at com.android.server.am.ActivityManagerService.bindService(ActivityManagerService.java:17502)
05-27 14:05:39.690  1302  3471 W ActivityManager: 	at android.app.ActivityManagerNative.onTransact(ActivityManagerNative.java:1134)
05-27 14:05:39.690  1302  3471 W ActivityManager: 	at com.android.server.am.ActivityManagerService.onTransact(ActivityManagerService.java:2820)
05-27 14:05:39.690  1302  3471 W ActivityManager: 	at android.os.Binder.execTransact(Binder.java:565)
05-27 14:05:39.723  1302  3474 D ConnectivityService: ConnectivityService NetworkRequestInfo binderDied(NetworkRequest [ TRACK_DEFAULT id=21, [ Capabilities: INTERNET&NOT_RESTRICTED&TRUSTED&NOT_VPN] ], android.os.BinderProxy@2b31c88)
05-27 14:05:39.723  1302  3474 D ConnectivityService: ConnectivityService NetworkRequestInfo binderDied(NetworkRequest [ TRACK_DEFAULT id=19, [ Capabilities: INTERNET&NOT_RESTRICTED&TRUSTED&NOT_VPN] ], android.os.BinderProxy@224c621)
05-27 14:05:39.723  1302  1361 D ConnectivityService: releasing NetworkRequest [ TRACK_DEFAULT id=21, [ Capabilities: INTERNET&NOT_RESTRICTED&TRUSTED&NOT_VPN] ]
05-27 14:05:39.726  1302  1361 E ConnectivityService: RemoteException caught trying to send a callback msg for NetworkRequest [ TRACK_DEFAULT id=21, [ Capabilities: INTERNET&NOT_RESTRICTED&TRUSTED&NOT_VPN] ]
05-27 14:05:39.726  1302  1361 D ConnectivityService: releasing NetworkRequest [ TRACK_DEFAULT id=19, [ Capabilities: INTERNET&NOT_RESTRICTED&TRUSTED&NOT_VPN] ]
05-27 14:05:39.727  1302  1361 E ConnectivityService: RemoteException caught trying to send a callback msg for NetworkRequest [ TRACK_DEFAULT id=19, [ Capabilities: INTERNET&NOT_RESTRICTED&TRUSTED&NOT_VPN] ]
05-27 14:05:41.435  1062  1062 W         : debuggerd: resuming target 8210
05-27 14:05:41.438  1302  8366 W ActivityManager:   Force finishing activity com.anansimobile.city_ar/.Main
05-27 14:05:41.438  1302  1320 I BootReceiver: Copying /data/tombstones/tombstone_09 to DropBox (SYSTEM_TOMBSTONE)
05-27 14:05:41.506  1302  3481 I WindowManager: WIN DEATH: Window{c8c9a46 u0 SurfaceView - com.anansimobile.city_ar/com.anansimobile.city_ar.Main}
