05-27 14:05:41.510  1302  3466 I WindowManager: WIN DEATH: Window{e443874 u0 com.anansimobile.city_ar/com.anansimobile.city_ar.Main}
05-27 14:05:41.510  1302  3466 I chatty  : uid=1000(system) Binder:1302_11 expire 3 lines
05-27 14:05:41.510  1115  1115 I Zygote  : Process 8210 exited due to signal (11)
05-27 14:05:41.516  1302  1317 I chatty  : uid=1000(system) android.ui expire 26 lines
05-27 14:05:41.546  1108  1108 E lowmemorykiller: Error opening /proc/8210/oom_score_adj; errno=2
05-27 14:05:41.549  1302  1316 W ActivityManager: Failed setting process group of 8210 to 1
05-27 14:05:41.553  1302  3476 I ActivityManager: Process com.anansimobile.city_ar (pid 8210) has died
05-27 14:05:41.553  1302  3476 D ActivityManager: cleanUpApplicationRecord -- 8210
05-27 14:05:41.555  1302  3476 W ActivityManager: Service crashed 2 times, stopping: ServiceRecord{544f089 u0 com.anansimobile.city_ar/com.anansimobile.nge.RootService}
05-27 14:05:41.563  1302  3476 D WindowManager: updateRotationUncheckedLocked! mLastOrientation=-1 old-mRotation=3 old-mAltOrientation=false new-mRotation=0 new-mAltOrientation=false
05-27 14:05:41.599  1110  1110 I gralloc_default: fb_setOrientation: orientation=0
05-27 14:05:41.607  1302  3476 I ActivityManager: Config changes=480 {1.0 ?mcc?mnc [en_US] ldltr sw600dp w1066dp h576dp 240dpi lrg long land finger qwerty/v/v -nav/h s.57}
05-27 14:05:41.771  1302  1315 I chatty  : uid=1000(system) android.bg expire 1 line
05-27 14:05:41.788  1302  1316 I chatty  : uid=1000(system) ActivityManager expire 12 lines
05-27 14:05:41.794  1302  1870 I chatty  : uid=1000(system) Binder:1302_C expire 3 lines
05-27 14:05:41.942  1735  1735 W ContextImpl: Calling a method in the system process without a qualified user: android.app.ContextImpl.startService:1358 android.content.ContextWrapper.startService:613 android.content.ContextWrapper.startService:613 com.android.coreservice.CoreBroadcastReceiver.onReceive:44 android.app.ActivityThread.handleReceiver:3073 
05-27 14:05:42.001  1735  1735 W ContextImpl: Calling a method in the system process without a qualified user: android.app.ContextImpl.startService:1358 android.content.ContextWrapper.startService:613 android.content.ContextWrapper.startService:613 com.android.coreservice.CoreBroadcastReceiver.onReceive:53 android.app.ActivityThread.handleReceiver:3073 
05-27 14:05:42.061  1767  1930 I HostConnection: HostConnection::HostConnection: pid=1767, tid=1930, this=0xbd75f9c0
05-27 14:05:42.064  1767  1930 I         : fastpipe: Connect success
05-27 14:05:42.065  1767  1930 D HostConnection: HostRPC::connect sucess: app=com.ldmnq.launcher3, pid=1767, tid=1930, this=0xa6176240
05-27 14:05:42.069  1767  1930 D HostConnection: queryAndSetGLESMaxVersion select gles-version: 3.1 hostGLVersion:46 process:com.ldmnq.launcher3
05-27 14:05:42.074  1767  1930 I OpenGLRenderer: Initialized EGL, version 1.4
05-27 14:05:42.074  1767  1930 D OpenGLRenderer: Swap behavior 1
05-27 14:05:42.075  1767  1930 I EGL_adreno: eglCreateContext request GLES major-version=2
05-27 14:05:42.135  1767  1930 D EGL_adreno: eglCreateContext: 0xb6f2faa0: maj 3 min 1 rcv 4
05-27 14:05:42.187  1735  1735 W ContextImpl: Calling a method in the system process without a qualified user: android.app.ContextImpl.sendBroadcast:893 android.content.ContextWrapper.sendBroadcast:426 com.android.coreservice.TabManager.notifyClosing:345 com.android.coreservice.TabManager.updateInner:182 com.android.coreservice.TabManager.onUpdate:217 
05-27 14:05:42.226  1767  1930 D EGL_adreno: eglMakeCurrent: 0xb6f2faa0: ver 3 1 (tinfo 0xa6127b70)
05-27 14:05:42.239  1302  4412 I chatty  : uid=1000(system) RenderThread expire 15 lines
05-27 14:05:42.253  1735  1735 I CoreService: notifyClosing notify tab closed taskPackageName:com.anansimobile.city_ar
05-27 14:05:42.275  1767  1930 E EGL_adreno: tid 1930: eglSurfaceAttrib(1338): error 0x3009 (EGL_BAD_MATCH)
05-27 14:05:42.275  1767  1930 W OpenGLRenderer: Failed to set EGL_SWAP_BEHAVIOR on surface 0xa6048a80, error=EGL_BAD_MATCH
05-27 14:05:42.390  1767  1930 D EGL_adreno: eglMakeCurrent: 0xb6f2faa0: ver 3 1 (tinfo 0xa6127b70)
05-27 14:05:42.557  1395  1650 D EGL_adreno: eglMakeCurrent: 0xb6f0f620: ver 3 1 (tinfo 0xb8fbfea0)
05-27 14:05:42.618  1395  1650 E EGL_adreno: tid 1650: eglSurfaceAttrib(1338): error 0x3009 (EGL_BAD_MATCH)
05-27 14:05:42.618  1395  1650 W OpenGLRenderer: Failed to set EGL_SWAP_BEHAVIOR on surface 0xa5cb81e0, error=EGL_BAD_MATCH
05-27 14:05:42.622  1395  1650 D EGL_adreno: eglMakeCurrent: 0xb6f0f620: ver 3 1 (tinfo 0xb8fbfea0)
05-27 14:05:42.866  1767  1767 I Choreographer: Skipped 35 frames!  The application may be doing too much work on its main thread.
05-27 14:05:42.883  1767  1930 W OpenGLRenderer: Incorrectly called buildLayer on View: ShortcutAndWidgetContainer, destroying layer...
05-27 14:05:43.021  1395  1416 I art     : Background partial concurrent mark sweep GC freed 109548(4MB) AllocSpace objects, 1(5MB) LOS objects, 39% free, 10MB/17MB, paused 1.965ms total 112.556ms
05-27 14:05:43.033  1302  1323 W WindowManager: Window freeze timeout expired.
05-27 14:05:43.034  1302  1323 W WindowManager: Force clearing orientation change: Window{4e4c87b u0 com.android.systemui.ImageWallpaper}
05-27 14:05:43.066  1302  1323 I WindowManager: Screen frozen for +1s503ms due to Window{70788cd u0 com.ldmnq.launcher3/com.android.launcher3.Launcher}
05-27 14:05:43.146  1395  1395 I EGL_adreno: eglCreateContext request GLES major-version=2
05-27 14:05:43.162  1395  1395 D EGL_adreno: eglCreateContext: 0xa4ad2940: maj 3 min 1 rcv 4
05-27 14:05:43.178  1395  1395 D EGL_adreno: eglMakeCurrent: 0xa4ad2940: ver 3 1 (tinfo 0xb8fbff90)
05-27 14:05:43.281  1395  1395 D EGL_adreno: eglMakeCurrent: 0xa4ad2940: ver 3 1 (tinfo 0xb8fbff90)
05-27 14:05:43.730  1302  1316 I ActivityManager: Start proc 8371:com.android.vending:background/u0a24 for service com.android.vending/com.google.frameworks.client.data.android.server.play.BackgroundProcessEndpointService
05-27 14:05:43.750  8371  8371 I chatty  : uid=10024 com.android.vending:background expire 136 lines
05-27 14:05:43.809  1735  1735 W ContextImpl: Calling a method in the system process without a qualified user: android.app.ContextImpl.startService:1358 android.content.ContextWrapper.startService:613 android.content.ContextWrapper.startService:613 com.android.coreservice.CoreBroadcastReceiver.onReceive:53 android.app.ActivityThread.handleReceiver:3073 
05-27 14:05:48.490  8277  8316 I chatty  : uid=10024(com.android.vending) expire 5 lines
05-27 14:05:48.590  1302  3480 D ActivityManager: getDeviceConfigurationInfo gles: 196609
05-27 14:05:48.729  1521  1533 D TelephonyProvider: subIdString = -1 subId = -1
05-27 14:05:48.729  1521  1533 D TelephonyProvider: getPreferredApnIdFromApn: for subId -1
05-27 14:05:49.037  1302  3478 W ActivityManager: Slow operation: 52ms so far, now at startProcess: building args
05-27 14:05:49.037  1302  3478 W ActivityManager: Slow operation: 52ms so far, now at startProcess: asking zygote to start proc
05-27 14:05:49.044  8277  8297 I chatty  : uid=10024(com.android.vending) expire 1 line
05-27 14:05:49.047  1302  3478 W ActivityManager: Slow operation: 63ms so far, now at startProcess: returned from zygote!
05-27 14:05:49.047  1302  3478 W ActivityManager: Slow operation: 63ms so far, now at startProcess: done updating battery stats
05-27 14:05:49.047  1302  3478 W ActivityManager: Slow operation: 63ms so far, now at startProcess: building log message
05-27 14:05:49.047  1302  3478 I ActivityManager: Start proc 8408:com.google.android.gms.unstable/u0a19 for service com.google.android.gms/.droidguard.DroidGuardService
05-27 14:05:49.047  1302  3478 W ActivityManager: Slow operation: 63ms so far, now at startProcess: starting to update pids map
05-27 14:05:49.048  1302  3478 W ActivityManager: Slow operation: 63ms so far, now at startProcess: done updating pids map
05-27 14:05:49.048  1302  3478 W ActivityManager: Slow operation: 63ms so far, now at startProcess: done starting proc!
05-27 14:05:49.079  8408  8408 I chatty  : uid=10019 com.google.android.gms.unstable expire 134 lines
05-27 14:05:49.127  1735  1735 W ContextImpl: Calling a method in the system process without a qualified user: android.app.ContextImpl.startService:1358 android.content.ContextWrapper.startService:613 android.content.ContextWrapper.startService:613 com.android.coreservice.CoreBroadcastReceiver.onReceive:53 android.app.ActivityThread.handleReceiver:3073 
05-27 14:05:49.130  8277  8282 I chatty  : uid=10024(com.android.vending) expire 4 lines
05-27 14:05:49.154  1709  2233 I chatty  : uid=10019(com.google.android.gms) highpool[2] expire 9 lines
05-27 14:05:49.390  8371  8382 I chatty  : uid=10024 com.android.vending:background expire 1 line
05-27 14:05:49.439  8371  8413 I chatty  : uid=10024 com.android.vending:background expire 5 lines
05-27 14:05:49.839  1302  3480 D ConnectivityService: requestNetwork for uid/pid:10024/8371 NetworkRequest [ TRACK_DEFAULT id=28, [ Capabilities: INTERNET&NOT_RESTRICTED&TRUSTED&NOT_VPN] ]
05-27 14:05:49.840  1302  1375 I chatty  : uid=1000(system) EthernetService expire 2 lines
05-27 14:05:49.841  1521  1521 D PhoneSwitcherNetworkRequstListener: got request NetworkRequest [ TRACK_DEFAULT id=28, [ Capabilities: INTERNET&NOT_RESTRICTED&TRUSTED&NOT_VPN] ] with score 60
05-27 14:05:49.852  8371  8400 I chatty  : uid=10024 com.android.vending:background expire 4 lines
05-27 14:05:49.885  8371  8426 I chatty  : uid=10024 com.android.vending:background expire 6 lines
05-27 14:05:49.925  8277  8406 I chatty  : uid=10024(com.android.vending) expire 3 lines
05-27 14:05:49.978  8371  8376 I chatty  : uid=10024 com.android.vending:background expire 10 lines
05-27 14:05:50.051  8277  8437 I chatty  : uid=10024(com.android.vending) expire 1 line
05-27 14:05:50.102  8371  8428 I chatty  : uid=10024 com.android.vending:background expire 7 lines
05-27 14:05:50.108  8277  8277 I chatty  : uid=10024(com.android.vending) expire 9 lines
05-27 14:05:50.335  8277  8298 I chatty  : uid=10024(com.android.vending) expire 3 lines
05-27 14:05:50.377  8371  8432 I chatty  : uid=10024 com.android.vending:background expire 1 line
05-27 14:05:50.378  1302  1316 I ActivityManager: Killing 2849:com.android.ld.appstore/u0a25 (adj 900): 79782k from cached
05-27 14:05:50.414  1302  1570 D ConnectivityService: ConnectivityService NetworkRequestInfo binderDied(NetworkRequest [ LISTEN id=16, [ Capabilities: NOT_RESTRICTED&TRUSTED&NOT_VPN] ], android.os.BinderProxy@8f01471)
05-27 14:05:50.414  1302  3481 D ConnectivityService: ConnectivityService NetworkRequestInfo binderDied(NetworkRequest [ LISTEN id=17, [ Capabilities: NOT_RESTRICTED&TRUSTED&NOT_VPN] ], android.os.BinderProxy@4d95256)
05-27 14:05:50.414  1302  3469 D ActivityManager: cleanUpApplicationRecord -- 2849
05-27 14:05:50.416  1302  1361 E ConnectivityService: RemoteException caught trying to send a callback msg for NetworkRequest [ LISTEN id=16, [ Capabilities: NOT_RESTRICTED&TRUSTED&NOT_VPN] ]
05-27 14:05:50.416  1302  1361 E ConnectivityService: RemoteException caught trying to send a callback msg for NetworkRequest [ LISTEN id=17, [ Capabilities: NOT_RESTRICTED&TRUSTED&NOT_VPN] ]
05-27 14:05:50.481  8371  8399 I chatty  : uid=10024 com.android.vending:background expire 6 lines
05-27 14:05:50.523  8371  8405 I chatty  : uid=10024 com.android.vending:background expire 1 line
05-27 14:05:50.579  8371  8438 I chatty  : uid=10024 com.android.vending:background expire 2 lines
05-27 14:05:50.917  8371  8423 I chatty  : uid=10024 com.android.vending:background expire 4 lines
05-27 14:05:51.058  8371  8441 I chatty  : uid=10024 com.android.vending:background expire 1 line
05-27 14:05:51.461  8371  8393 I chatty  : uid=10024 com.android.vending:background expire 1 line
05-27 14:05:52.896  3646  3646 I chatty  : uid=10019(com.google.android.gms) expire 14 lines
05-27 14:05:55.212  8371  8397 I chatty  : uid=10024 com.android.vending:background expire 3 lines
05-27 14:05:56.878  8408  8461 I chatty  : uid=10019(com.google.android.gms) highpool[0] expire 3 lines
05-27 14:05:57.457  8408  8470 I chatty  : uid=10019(com.google.android.gms) Binder:8408_3 expire 58 lines
05-27 14:05:57.538  1709  2187 I chatty  : uid=10019(com.google.android.gms) highpool[0] expire 6 lines
05-27 14:05:57.833  8408  8414 I chatty  : uid=10019(com.google.android.gms) Jit thread pool expire 6 lines
05-27 14:05:59.063  8408  8487 I chatty  : uid=10019(com.google.android.gms) highpool[3] expire 1 line
05-27 14:05:59.386  8488  8488 I chatty  : uid=10019(com.google.android.gms) /system/bin/dex2oat expire 5 lines
05-27 14:05:59.702  1302  3463 I chatty  : uid=1000(system) Binder:1302_E expire 2 lines
05-27 14:05:59.707  1302  3472 I chatty  : uid=1000(system) Binder:1302_17 expire 5 lines
05-27 14:06:00.077  1302  1316 I ProcessStatsService: Prepared write state in 2ms
05-27 14:06:00.139  8277  8496 I chatty  : uid=10024(com.android.vending) expire 3 lines
05-27 14:06:00.164  3646  3773 I chatty  : uid=10019(com.google.android.gms) expire 1 line
05-27 14:06:00.190  8371  8430 I chatty  : uid=10024 com.android.vending:background expire 2 lines
05-27 14:06:00.312  1302  3480 D ConnectivityService: requestNetwork for uid/pid:10024/8371 NetworkRequest [ TRACK_DEFAULT id=30, [ Capabilities: INTERNET&NOT_RESTRICTED&TRUSTED&NOT_VPN] ]
05-27 14:06:00.314  1521  1521 D PhoneSwitcherNetworkRequstListener: got request NetworkRequest [ TRACK_DEFAULT id=30, [ Capabilities: INTERNET&NOT_RESTRICTED&TRUSTED&NOT_VPN] ] with score 60
05-27 14:06:00.331  8371  8429 I chatty  : uid=10024 com.android.vending:background expire 2 lines
05-27 14:06:00.332  8371  8499 I chatty  : uid=10024 com.android.vending:background expire 1 line
05-27 14:06:01.087  1302  3477 I chatty  : uid=1000(system) Binder:1302_1C expire 3 lines
05-27 14:06:01.090  1302  3478 I chatty  : uid=1000(system) Binder:1302_1D expire 1 line
05-27 14:06:02.004  1116  1151 D audio_hw_hal: raw_start_output_stream, stream=0xc6f05140, sampleRate=48000, channel=2, bps=16, bufSize=4096
05-27 14:06:02.010  1302  8366 W ActivityManager: Ignoring remove of inactive process: ProcessRecord{fc29d7c 0:com.anansimobile.city_ar/u0a52}
05-27 14:06:02.058  1735  1735 W ContextImpl: Calling a method in the system process without a qualified user: android.app.ContextImpl.startService:1358 android.content.ContextWrapper.startService:613 android.content.ContextWrapper.startService:613 com.android.coreservice.CoreBroadcastReceiver.onReceive:69 android.app.ActivityThread.handleReceiver:3073 
05-27 14:06:02.119  1302  1323 W AppOps  : Finishing op nesting under-run: uid 1000 pkg android code 24 time=0 duration=0 nesting=0
05-27 14:06:03.172  1302  3467 I ActivityManager: START u0 {act=android.intent.action.MAIN cat=[android.intent.category.LAUNCHER] flg=0x10200000 cmp=com.anansimobile.city_ar/.Main bnds=[500,108][700,289] (has extras)} from uid 10043 on display 0
05-27 14:06:03.204  1735  1735 W ContextImpl: Calling a method in the system process without a qualified user: android.app.ContextImpl.startService:1358 android.content.ContextWrapper.startService:613 android.content.ContextWrapper.startService:613 com.android.coreservice.CoreBroadcastReceiver.onReceive:44 android.app.ActivityThread.handleReceiver:3073 
05-27 14:06:03.209  1302  1316 W BroadcastQueue: Permission Denial: receiving Intent { act=com.android.launcher3.action.LAUNCH flg=0x10 (has extras) } to com.google.android.gms/.chimera.GmsIntentOperationService$GmsExternalReceiver requires com.android.launcher3.permission.RECEIVE_LAUNCH_BROADCASTS due to sender com.ldmnq.launcher3 (uid 10043)
05-27 14:06:03.261  8503  8503 D libnativebridge: PreInitializeNativeBridge name=zygote instruction_set=arm
05-27 14:06:03.270  1302  1316 W ActivityManager: Slow operation: 54ms so far, now at startProcess: returned from zygote!
05-27 14:06:03.280  1302  1316 W ActivityManager: Slow operation: 64ms so far, now at startProcess: done updating battery stats
05-27 14:06:03.281  1302  1316 W ActivityManager: Slow operation: 64ms so far, now at startProcess: building log message
05-27 14:06:03.281  1302  1316 I ActivityManager: Start proc 8503:com.android.ld.appstore/u0a25 for broadcast com.android.ld.appstore/.app.service.AppStartReceiver
05-27 14:06:03.281  1302  1316 W ActivityManager: Slow operation: 65ms so far, now at startProcess: starting to update pids map
05-27 14:06:03.281  1302  1316 W ActivityManager: Slow operation: 65ms so far, now at startProcess: done updating pids map
05-27 14:06:03.281  1302  1316 W ActivityManager: Slow operation: 66ms so far, now at startProcess: done starting proc!
05-27 14:06:03.294  8503  8503 I chatty  : uid=10025(com.android.ld.appstore) expire 175 lines
05-27 14:06:03.301  8508  8508 D libnativebridge: PreInitializeNativeBridge name=zygote instruction_set=arm
05-27 14:06:03.307  8508  8508 I chatty  : uid=10052(com.anansimobile.city_ar) expire 51 lines
05-27 14:06:03.309  1302  1535 I ActivityManager: Start proc 8508:com.anansimobile.city_ar/u0a52 for activity com.anansimobile.city_ar/.Main
05-27 14:06:03.350  1302  3467 D WindowManager: updateRotationUncheckedLocked! mLastOrientation=1 old-mRotation=0 old-mAltOrientation=false new-mRotation=3 new-mAltOrientation=false
05-27 14:06:03.382  1110  1110 I gralloc_default: fb_setOrientation: orientation=3
05-27 14:06:03.383  1302  3467 I ActivityManager: Config changes=480 {1.0 ?mcc?mnc [en_US] ldltr sw600dp w600dp h1042dp 240dpi lrg long port finger qwerty/v/v -nav/h s.58}
05-27 14:06:03.442  1302  3467 W ActivityManager: Slow operation: 93ms so far, now at attachApplicationLocked: after mServices.attachApplicationLocked
05-27 14:06:03.507  1767  1930 D EGL_adreno: eglMakeCurrent: 0xb6f2faa0: ver 3 1 (tinfo 0xa6127b70)
05-27 14:06:03.636  1395  1395 I EGL_adreno: eglCreateContext request GLES major-version=2
05-27 14:06:03.650  1395  1395 D EGL_adreno: eglCreateContext: 0xbd70c460: maj 3 min 1 rcv 4
05-27 14:06:03.662  1395  1395 D EGL_adreno: eglMakeCurrent: 0xbd70c460: ver 3 1 (tinfo 0xb8fbff90)
05-27 14:06:03.721  1395  1395 D EGL_adreno: eglMakeCurrent: 0xbd70c460: ver 3 1 (tinfo 0xb8fbff90)
05-27 14:06:03.985  1395  1650 D EGL_adreno: eglMakeCurrent: 0xb6f0f620: ver 3 1 (tinfo 0xb8fbfea0)
05-27 14:06:03.999  1395  1650 E EGL_adreno: tid 1650: eglSurfaceAttrib(1338): error 0x3009 (EGL_BAD_MATCH)
05-27 14:06:03.999  1395  1650 W OpenGLRenderer: Failed to set EGL_SWAP_BEHAVIOR on surface 0xc7c1b860, error=EGL_BAD_MATCH
05-27 14:06:04.005  1395  1650 D EGL_adreno: eglMakeCurrent: 0xb6f0f620: ver 3 1 (tinfo 0xb8fbfea0)
05-27 14:06:04.036  1395  1395 I EGL_adreno: eglCreateContext request GLES major-version=2
05-27 14:06:04.047  1395  1395 D EGL_adreno: eglCreateContext: 0xba5047c0: maj 3 min 1 rcv 4
05-27 14:06:04.055  1395  1395 D EGL_adreno: eglMakeCurrent: 0xba5047c0: ver 3 1 (tinfo 0xb8fbff90)
05-27 14:06:04.147  1395  1395 D EGL_adreno: eglMakeCurrent: 0xba5047c0: ver 3 1 (tinfo 0xb8fbff90)
05-27 14:06:04.351  1302  1323 W WindowManager: Window freeze timeout expired.
05-27 14:06:04.351  1302  1323 W WindowManager: Force clearing orientation change: Window{3c892f2 u0 Starting com.anansimobile.city_ar}
05-27 14:06:04.351  1302  1323 W WindowManager: Force clearing orientation change: Window{4e4c87b u0 com.android.systemui.ImageWallpaper}
05-27 14:06:04.414  8508  8539 I chatty  : uid=10052(com.anansimobile.city_ar) expire 177 lines
05-27 14:06:05.231  8508  8563 I chatty  : uid=10052(com.anansimobile.city_ar) expire 9 lines
05-27 14:06:05.236  8508  8563 E ActivityThread: Failed to find provider info for com.facebook.katana.provider.AttributionIdProvider
05-27 14:06:05.324  8508  8561 I chatty  : uid=10052(com.anansimobile.city_ar) expire 42 lines
05-27 14:06:05.326  8508  8569 I chatty  : uid=10052(com.anansimobile.city_ar) expire 9 lines
05-27 14:06:05.329  8508  8538 I chatty  : uid=10052(com.anansimobile.city_ar) expire 1 line
05-27 14:06:05.331  8508  8569 E ActivityThread: Failed to find provider info for com.facebook.katana.provider.AttributionIdProvider
05-27 14:06:05.384  1302  1323 W WindowManager: App freeze timeout expired.
05-27 14:06:05.384  1302  1323 W WindowManager: Force clearing freeze: AppWindowToken{ee2fec1 token=Token{e4ddfcb ActivityRecord{1534a9a u0 com.anansimobile.city_ar/.Main t30}}}
05-27 14:06:05.386  1302  1323 I WindowManager: Screen frozen for +2s36ms due to Window{3c892f2 u0 Starting com.anansimobile.city_ar}
05-27 14:06:05.406  8508  8577 I chatty  : uid=10052(com.anansimobile.city_ar) expire 12 lines
05-27 14:06:05.462  8508  8570 I chatty  : uid=10052(com.anansimobile.city_ar) expire 17 lines
05-27 14:06:05.491  1767  8122 I FA      : Application backgrounded at: timestamp_millis: 1779879963489
05-27 14:06:05.492  8508  8558 I chatty  : uid=10052(com.anansimobile.city_ar) expire 17 lines
05-27 14:06:06.079  1709  1709 I chatty  : uid=10019 com.google.android.gms.persistent expire 11 lines
05-27 14:06:06.281  1116  1151 D audio_hw_hal: log_func, out_standby
05-27 14:06:06.281  1116  1151 D audio_hw_hal: raw_close_output_stream, dev=0xc6f0a0c0, stream =0xc6f05140
05-27 14:06:06.281  1116  1151 D audio_hw_hal: raw_close_output_stream, stream=0xc6f05140,  success!
05-27 14:06:06.915  8503  8588 I chatty  : uid=10025(com.android.ld.appstore) expire 13 lines
05-27 14:06:07.193  8503  8600 I chatty  : uid=10025(com.android.ld.appstore) expire 4 lines
05-27 14:06:07.387  8503  8606 I chatty  : uid=10025(com.android.ld.appstore) expire 3 lines
05-27 14:06:07.572  8503  8607 I chatty  : uid=10025(com.android.ld.appstore) expire 6 lines
05-27 14:06:07.590  8503  8608 I chatty  : uid=10025(com.android.ld.appstore) expire 5 lines
05-27 14:06:07.621  8503  8627 I chatty  : uid=10025(com.android.ld.appstore) expire 1 line
05-27 14:06:07.625  8503  8633 I chatty  : uid=10025(com.android.ld.appstore) expire 2 lines
05-27 14:06:07.625  8503  8626 I chatty  : uid=10025(com.android.ld.appstore) expire 5 lines
05-27 14:06:07.626  8503  8631 I chatty  : uid=10025(com.android.ld.appstore) expire 1 line
05-27 14:06:07.630  8503  8629 I chatty  : uid=10025(com.android.ld.appstore) expire 2 lines
05-27 14:06:07.843  8503  8514 I chatty  : uid=10025(com.android.ld.appstore) expire 10 lines
05-27 14:06:07.981  8503  8646 I chatty  : uid=10025(com.android.ld.appstore) expire 1 line
05-27 14:06:07.997  1302  1316 W BroadcastQueue: Permission Denial: broadcasting Intent { act=android.net.conn.CONNECTIVITY_CHANGE flg=0x4000010 (has extras) } from null (pid=-1, uid=-1) requires com.tencent.bugly.BuglyBroadcastReceiver.permission due to registered receiver BroadcastFilter{27bdff1 u0 ReceiverList{1123b98 8503 com.android.ld.appstore/10025/u0 remote:635b17b}}
05-27 14:06:08.178  8503  8657 I chatty  : uid=10025(com.android.ld.appstore) expire 8 lines
05-27 14:06:08.655  8503  8637 I chatty  : uid=10025(com.android.ld.appstore) expire 1 line
05-27 14:06:08.854  1735  1735 W ContextImpl: Calling a method in the system process without a qualified user: android.app.ContextImpl.startService:1358 android.content.ContextWrapper.startService:613 android.content.ContextWrapper.startService:613 com.android.coreservice.CoreBroadcastReceiver.onReceive:53 android.app.ActivityThread.handleReceiver:3073 
05-27 14:06:08.890  1735  1735 W ContextImpl: Calling a method in the system process without a qualified user: android.app.ContextImpl.startService:1358 android.content.ContextWrapper.startService:613 android.content.ContextWrapper.startService:613 com.android.coreservice.CoreBroadcastReceiver.onReceive:53 android.app.ActivityThread.handleReceiver:3073 
05-27 14:06:08.903  1735  1735 W ContextImpl: Calling a method in the system process without a qualified user: android.app.ContextImpl.startService:1358 android.content.ContextWrapper.startService:613 android.content.ContextWrapper.startService:613 com.android.coreservice.CoreBroadcastReceiver.onReceive:53 android.app.ActivityThread.handleReceiver:3073 
05-27 14:06:08.906  1735  1735 W ContextImpl: Calling a method in the system process without a qualified user: android.app.ContextImpl.startService:1358 android.content.ContextWrapper.startService:613 android.content.ContextWrapper.startService:613 com.android.coreservice.CoreBroadcastReceiver.onReceive:69 android.app.ActivityThread.handleReceiver:3073 
05-27 14:06:08.912  1735  1735 W ContextImpl: Calling a method in the system process without a qualified user: android.app.ContextImpl.startService:1358 android.content.ContextWrapper.startService:613 android.content.ContextWrapper.startService:613 com.android.coreservice.CoreBroadcastReceiver.onReceive:69 android.app.ActivityThread.handleReceiver:3073 
05-27 14:06:08.945  8503  8661 I chatty  : uid=10025(com.android.ld.appstore) expire 2 lines
05-27 14:06:09.016  8503  8651 I chatty  : uid=10025(com.android.ld.appstore) expire 4 lines
05-27 14:06:10.041  8503  8690 I chatty  : uid=10025(com.android.ld.appstore) expire 11 lines
05-27 14:06:10.346  8503  8683 I chatty  : uid=10025(com.android.ld.appstore) expire 4 lines
05-27 14:06:11.982  8503  8708 I chatty  : uid=10025(com.android.ld.appstore) expire 1 line
05-27 14:06:14.450  8503  8723 I chatty  : uid=10025(com.android.ld.appstore) expire 1 line
05-27 14:06:29.910  1116  1151 D audio_hw_hal: raw_start_output_stream, stream=0xc6f05140, sampleRate=48000, channel=2, bps=16, bufSize=4096
05-27 14:06:29.921  1302  3471 W InputMethodManagerService: Window already focused, ignoring focus gain of: com.android.internal.view.IInputMethodClient$Stub$Proxy@c2554ba attribute=null, token = android.os.BinderProxy@d83619e
05-27 14:06:33.008  1116  1151 D audio_hw_hal: log_func, out_standby
05-27 14:06:33.008  1116  1151 D audio_hw_hal: raw_close_output_stream, dev=0xc6f0a0c0, stream =0xc6f05140
05-27 14:06:33.008  1116  1151 D audio_hw_hal: raw_close_output_stream, stream=0xc6f05140,  success!
05-27 14:06:36.034  8277  8294 I chatty  : uid=10024(com.android.vending) expire 12 lines
05-27 14:06:47.274  8371  8389 I chatty  : uid=10024 com.android.vending:background expire 12 lines
05-27 14:06:49.717  8508  8558 I chatty  : uid=10052(com.anansimobile.city_ar) expire 4 lines
05-27 14:06:50.064  8508  8508 I chatty  : uid=10052(com.anansimobile.city_ar) expire 14 lines
05-27 14:06:50.168  8508  8570 I chatty  : uid=10052(com.anansimobile.city_ar) expire 4 lines
05-27 14:06:53.221  1116  1151 D audio_hw_hal: raw_start_output_stream, stream=0xc6f05140, sampleRate=48000, channel=2, bps=16, bufSize=4096
05-27 14:06:53.255  1302  3472 W InputMethodManagerService: Window already focused, ignoring focus gain of: com.android.internal.view.IInputMethodClient$Stub$Proxy@673a761 attribute=null, token = android.os.BinderProxy@d83619e
05-27 14:06:55.360  8371  8448 I chatty  : uid=10024 com.android.vending:background expire 5 lines
05-27 14:06:56.319  1116  1151 D audio_hw_hal: log_func, out_standby
05-27 14:06:56.319  1116  1151 D audio_hw_hal: raw_close_output_stream, dev=0xc6f0a0c0, stream =0xc6f05140
05-27 14:06:56.319  1116  1151 D audio_hw_hal: raw_close_output_stream, stream=0xc6f05140,  success!
05-27 14:07:13.221  8508  8558 F libc    : Fatal signal 11 (SIGSEGV), code 1, fault addr 0x10 in tid 8558 (GLThread 414)
05-27 14:07:13.221  1062  1062 W         : debuggerd: handling request: pid=8508 uid=10052 gid=10052 tid=8558
05-27 14:07:13.314  8739  8739 F DEBUG   : *** *** *** *** *** *** *** *** *** *** *** *** *** *** *** ***
05-27 14:07:13.315  8739  8739 F DEBUG   : Build fingerprint: 'google/android_x86/x86:7.1.2/N2G48C/N975FXXU1ASGO:user/release-keys'
05-27 14:07:13.315  8739  8739 F DEBUG   : Revision: '0'
05-27 14:07:13.315  8739  8739 F DEBUG   : ABI: 'x86'
05-27 14:07:13.315  8739  8739 F DEBUG   : pid: 8508, tid: 8558, name: GLThread 414  >>> com.anansimobile.city_ar <<<
05-27 14:07:13.315  8739  8739 F DEBUG   : signal 11 (SIGSEGV), code 1 (SEGV_MAPERR), fault addr 0x10
05-27 14:07:13.315  8739  8739 F DEBUG   :     eax 00000000  ebx 0000213c  ecx 0000216e  edx 0000000b
05-27 14:07:13.315  8739  8739 F DEBUG   :     esi a3f79b0c  edi a3f798a0
05-27 14:07:13.315  8739  8739 F DEBUG   :     xcs 00000073  xds 0000007b  xes 0000007b  xfs 0000003b  xss 0000007b
05-27 14:07:13.315  8739  8739 F DEBUG   :     eip c7f28c10  ebp a3f79920  esp a3f79838  flags 00000296
05-27 14:07:13.315  8739  8739 F DEBUG   : 
05-27 14:07:13.315  8739  8739 F DEBUG   : backtrace:
05-27 14:07:13.315  8739  8739 F DEBUG   :     #00 pc 00000c10  [vdso:c7f28000] (__kernel_vsyscall+16)
05-27 14:07:13.315  8739  8739 F DEBUG   :     #01 pc 00064c08  /system/bin/linker (offset 0x1b000)
05-27 14:07:13.677  1302  8744 W ActivityManager:   Force finishing activity com.anansimobile.city_ar/.Main
05-27 14:07:13.677  1062  1062 W         : debuggerd: resuming target 8508
05-27 14:07:13.686  1302  1320 I BootReceiver: Copying /data/tombstones/tombstone_00 to DropBox (SYSTEM_TOMBSTONE)
05-27 14:07:13.696  1108  1108 E lowmemorykiller: Error writing /proc/8508/oom_score_adj; errno=22
05-27 14:07:13.704  1302  3473 I WindowManager: WIN DEATH: Window{e62589d u0 SurfaceView - com.anansimobile.city_ar/com.anansimobile.city_ar.Main}
05-27 14:07:13.704  1302  1569 I chatty  : uid=1000(system) Binder:1302_5 expire 1 line
05-27 14:07:13.706  1302  1570 I WindowManager: WIN DEATH: Window{6e2e47f u0 com.anansimobile.city_ar/com.anansimobile.city_ar.Main}
05-27 14:07:13.712  1115  1115 I Zygote  : Process 8508 exited due to signal (11)
05-27 14:07:13.713  1302  1316 W ActivityManager: Failed setting process group of 8508 to 1
05-27 14:07:13.727  1302  3478 I ActivityManager: Process com.anansimobile.city_ar (pid 8508) has died
05-27 14:07:13.727  1302  3478 D ActivityManager: cleanUpApplicationRecord -- 8508
05-27 14:07:13.728  1302  3478 W ActivityManager: Scheduling restart of crashed service com.anansimobile.city_ar/com.anansimobile.nge.RootService in 1000ms
05-27 14:07:13.736  8371  8371 I chatty  : uid=10024 com.android.vending:background expire 4 lines
05-27 14:07:13.737  1302  3478 D WindowManager: updateRotationUncheckedLocked! mLastOrientation=-1 old-mRotation=3 old-mAltOrientation=false new-mRotation=0 new-mAltOrientation=false
05-27 14:07:13.765  1110  1110 I gralloc_default: fb_setOrientation: orientation=0
05-27 14:07:13.766  1302  3478 I ActivityManager: Config changes=480 {1.0 ?mcc?mnc [en_US] ldltr sw600dp w1066dp h576dp 240dpi lrg long land finger qwerty/v/v -nav/h s.59}
05-27 14:07:13.815  8503  8503 I chatty  : uid=10025(com.android.ld.appstore) expire 10 lines
05-27 14:07:13.886  1302  3481 I chatty  : uid=1000(system) Binder:1302_20 expire 1 line
05-27 14:07:13.906  1735  1735 W ContextImpl: Calling a method in the system process without a qualified user: android.app.ContextImpl.startService:1358 android.content.ContextWrapper.startService:613 android.content.ContextWrapper.startService:613 com.android.coreservice.CoreBroadcastReceiver.onReceive:44 android.app.ActivityThread.handleReceiver:3073 
05-27 14:07:13.924  1735  1735 W ContextImpl: Calling a method in the system process without a qualified user: android.app.ContextImpl.startService:1358 android.content.ContextWrapper.startService:613 android.content.ContextWrapper.startService:613 com.android.coreservice.CoreBroadcastReceiver.onReceive:53 android.app.ActivityThread.handleReceiver:3073 
05-27 14:07:13.962  1767  1777 I art     : Do full code cache collection, code=123KB, data=119KB
05-27 14:07:13.963  1767  1777 I art     : Starting a blocking GC JitCodeCache
05-27 14:07:13.963  1767  1777 I art     : After code cache collection, code=99KB, data=74KB
05-27 14:07:13.998  1735  1735 W ContextImpl: Calling a method in the system process without a qualified user: android.app.ContextImpl.sendBroadcast:893 android.content.ContextWrapper.sendBroadcast:426 com.android.coreservice.TabManager.notifyClosing:345 com.android.coreservice.TabManager.updateInner:182 com.android.coreservice.TabManager.onUpdate:217 
05-27 14:07:14.018  1767  1930 E EGL_adreno: tid 1930: eglSurfaceAttrib(1338): error 0x3009 (EGL_BAD_MATCH)
05-27 14:07:14.018  1767  1930 W OpenGLRenderer: Failed to set EGL_SWAP_BEHAVIOR on surface 0xa60fe5c0, error=EGL_BAD_MATCH
05-27 14:07:14.020  1302  4412 I chatty  : uid=1000(system) RenderThread expire 14 lines
05-27 14:07:14.030  8503  8526 I chatty  : uid=10025(com.android.ld.appstore) expire 1 line
05-27 14:07:14.033  1735  1735 I CoreService: notifyClosing notify tab closed taskPackageName:com.anansimobile.city_ar
05-27 14:07:14.068  1767  1930 D EGL_adreno: eglMakeCurrent: 0xb6f2faa0: ver 3 1 (tinfo 0xa6127b70)
05-27 14:07:14.283  1395  1650 D EGL_adreno: eglMakeCurrent: 0xb6f0f620: ver 3 1 (tinfo 0xb8fbfea0)
05-27 14:07:14.319  1395  1650 E EGL_adreno: tid 1650: eglSurfaceAttrib(1338): error 0x3009 (EGL_BAD_MATCH)
05-27 14:07:14.319  1395  1650 W OpenGLRenderer: Failed to set EGL_SWAP_BEHAVIOR on surface 0xa5cb8860, error=EGL_BAD_MATCH
05-27 14:07:14.326  1395  1650 D EGL_adreno: eglMakeCurrent: 0xb6f0f620: ver 3 1 (tinfo 0xb8fbfea0)
05-27 14:07:14.339  1395  1395 I EGL_adreno: eglCreateContext request GLES major-version=2
05-27 14:07:14.350  1395  1395 D EGL_adreno: eglCreateContext: 0xb6f22bc0: maj 3 min 1 rcv 4
05-27 14:07:14.361  1395  1395 D EGL_adreno: eglMakeCurrent: 0xb6f22bc0: ver 3 1 (tinfo 0xb8fbff90)
05-27 14:07:14.492  1395  1395 D EGL_adreno: eglMakeCurrent: 0xb6f22bc0: ver 3 1 (tinfo 0xb8fbff90)
05-27 14:07:14.513  1767  1930 W OpenGLRenderer: Incorrectly called buildLayer on View: ShortcutAndWidgetContainer, destroying layer...
05-27 14:07:14.605  1395  1395 I EGL_adreno: eglCreateContext request GLES major-version=2
05-27 14:07:14.616  1395  1395 D EGL_adreno: eglCreateContext: 0xb6f22bc0: maj 3 min 1 rcv 4
05-27 14:07:14.627  1395  1395 D EGL_adreno: eglMakeCurrent: 0xb6f22bc0: ver 3 1 (tinfo 0xb8fbff90)
05-27 14:07:14.675  1395  1395 D EGL_adreno: eglMakeCurrent: 0xb6f22bc0: ver 3 1 (tinfo 0xb8fbff90)
05-27 14:07:14.756  8753  8753 D libnativebridge: PreInitializeNativeBridge name=zygote instruction_set=arm
05-27 14:07:14.758  8753  8753 I chatty  : uid=10052(com.anansimobile.city_ar) expire 11 lines
05-27 14:07:14.765  1302  1323 I WindowManager: Screen frozen for +1s28ms due to Window{4e4c87b u0 com.android.systemui.ImageWallpaper}
05-27 14:07:14.779  1302  1316 I ActivityManager: Start proc 8753:com.anansimobile.city_ar/u0a52 for service com.anansimobile.city_ar/com.anansimobile.nge.RootService
05-27 14:07:14.828  1735  1735 W ContextImpl: Calling a method in the system process without a qualified user: android.app.ContextImpl.startService:1358 android.content.ContextWrapper.startService:613 android.content.ContextWrapper.startService:613 com.android.coreservice.CoreBroadcastReceiver.onReceive:53 android.app.ActivityThread.handleReceiver:3073 
05-27 14:07:15.286  8753  8764 I chatty  : uid=10052(com.anansimobile.city_ar) expire 1 line
05-27 14:07:15.290  8753  8773 I chatty  : uid=10052(com.anansimobile.city_ar) expire 1 line
05-27 14:07:15.328  3646  8752 I chatty  : uid=10019(com.google.android.gms) expire 5 lines
05-27 14:07:33.302  3646  3779 I chatty  : uid=10019(com.google.android.gms) expire 10 lines
05-27 14:07:48.699  1126  1292 D MDnsDS  : MDnsSdListener::Monitor poll timed out
05-27 14:07:48.699  1126  1292 D MDnsDS  : Going to poll with pollCount 1
05-27 14:09:00.121  8753  8753 I chatty  : uid=10052(com.anansimobile.city_ar) expire 10 lines
05-27 14:09:25.339  1302  1315 I UsageStatsService: User[0] Flushing usage stats to disk
05-27 14:09:45.647  1709  8471 I chatty  : uid=10019 com.google.android.gms.persistent expire 3 lines
05-27 14:10:38.756  8277  8319 I chatty  : uid=10024(com.android.vending) expire 6 lines
05-27 14:12:12.952  1302  8744 W ActivityManager: Ignoring remove of inactive process: ProcessRecord{f7a51bb 0:com.anansimobile.city_ar/u0a52}
05-27 14:12:12.952  1302  8744 I ActivityManager: START u0 {act=android.intent.action.MAIN cat=[android.intent.category.LAUNCHER] flg=0x10200000 cmp=com.anansimobile.city_ar/.Main (has extras)} from uid 10043 on display 0
05-27 14:12:12.952  1116  1151 D audio_hw_hal: raw_start_output_stream, stream=0xc6f05140, sampleRate=48000, channel=2, bps=16, bufSize=4096
05-27 14:12:12.970  1302  3465 E ActivityManager: applyOptionsLocked: Unknown animationType=0
05-27 14:12:12.971  1302  3465 D WindowManager: updateRotationUncheckedLocked! mLastOrientation=1 old-mRotation=0 old-mAltOrientation=false new-mRotation=3 new-mAltOrientation=false
05-27 14:12:12.982  1110  1110 I gralloc_default: fb_setOrientation: orientation=3
05-27 14:12:12.983  1302  3465 I ActivityManager: Config changes=480 {1.0 ?mcc?mnc [en_US] ldltr sw600dp w600dp h1042dp 240dpi lrg long port finger qwerty/v/v -nav/h s.60}
05-27 14:12:12.983  1302  1317 W AppOps  : Finishing op nesting under-run: uid 1000 pkg android code 24 time=0 duration=0 nesting=0
05-27 14:12:13.073  1302  1316 I chatty  : uid=1000(system) ActivityManager expire 11 lines
05-27 14:12:13.074  1735  1735 W ContextImpl: Calling a method in the system process without a qualified user: android.app.ContextImpl.startService:1358 android.content.ContextWrapper.startService:613 android.content.ContextWrapper.startService:613 com.android.coreservice.CoreBroadcastReceiver.onReceive:44 android.app.ActivityThread.handleReceiver:3073 
05-27 14:12:13.093  1767  1930 D EGL_adreno: eglMakeCurrent: 0xb6f2faa0: ver 3 1 (tinfo 0xa6127b70)
05-27 14:12:13.153  3646  8808 I chatty  : uid=10019(com.google.android.gms) expire 12 lines
05-27 14:12:13.368  1395  1650 D EGL_adreno: eglMakeCurrent: 0xb6f0f620: ver 3 1 (tinfo 0xb8fbfea0)
05-27 14:12:13.382  1395  1650 E EGL_adreno: tid 1650: eglSurfaceAttrib(1338): error 0x3009 (EGL_BAD_MATCH)
05-27 14:12:13.382  1395  1650 W OpenGLRenderer: Failed to set EGL_SWAP_BEHAVIOR on surface 0xa4d2f4c0, error=EGL_BAD_MATCH
05-27 14:12:13.389  1395  1650 D EGL_adreno: eglMakeCurrent: 0xb6f0f620: ver 3 1 (tinfo 0xb8fbfea0)
05-27 14:12:13.532  8753  8753 I chatty  : uid=10052(com.anansimobile.city_ar) expire 28 lines
05-27 14:12:13.787  8753  8821 I chatty  : uid=10052(com.anansimobile.city_ar) expire 9 lines
05-27 14:12:13.794  8753  8821 E ActivityThread: Failed to find provider info for com.facebook.katana.provider.AttributionIdProvider
05-27 14:12:13.862  8753  8828 I chatty  : uid=10052(com.anansimobile.city_ar) expire 9 lines
05-27 14:12:13.871  8753  8828 E ActivityThread: Failed to find provider info for com.facebook.katana.provider.AttributionIdProvider
05-27 14:12:13.878  8753  8819 I chatty  : uid=10052(com.anansimobile.city_ar) expire 43 lines
05-27 14:12:13.887  1735  1735 W ContextImpl: Calling a method in the system process without a qualified user: android.app.ContextImpl.startService:1358 android.content.ContextWrapper.startService:613 android.content.ContextWrapper.startService:613 com.android.coreservice.CoreBroadcastReceiver.onReceive:53 android.app.ActivityThread.handleReceiver:3073 
05-27 14:12:13.888  8753  8830 I chatty  : uid=10052(com.anansimobile.city_ar) expire 1 line
05-27 14:12:13.931  8753  8833 I chatty  : uid=10052(com.anansimobile.city_ar) expire 13 lines
05-27 14:12:13.980  8277  8318 I chatty  : uid=10024(com.android.vending) expire 6 lines
05-27 14:12:14.037  8753  8831 I chatty  : uid=10052(com.anansimobile.city_ar) expire 24 lines
05-27 14:12:14.080  8753  8836 I chatty  : uid=10052(com.anansimobile.city_ar) expire 19 lines
05-27 14:12:14.093  8753  8832 I chatty  : uid=10052(com.anansimobile.city_ar) expire 13 lines
05-27 14:12:14.103  8753  8816 I chatty  : uid=10052(com.anansimobile.city_ar) expire 17 lines
05-27 14:12:14.110  8753  8822 I chatty  : uid=10052(com.anansimobile.city_ar) expire 133 lines
05-27 14:12:14.983  1302  1323 W WindowManager: App freeze timeout expired.
05-27 14:12:14.983  1302  1323 W WindowManager: Force clearing freeze: AppWindowToken{2cc9a22 token=Token{fae0a04 ActivityRecord{4374617 u0 com.anansimobile.city_ar/.Main t31}}}
05-27 14:12:14.983  1302  1323 I WindowManager: Screen frozen for +2s12ms due to AppWindowToken{2cc9a22 token=Token{fae0a04 ActivityRecord{4374617 u0 com.anansimobile.city_ar/.Main t31}}}
05-27 14:12:15.018  1302  1323 W WindowManager: Window freeze timeout expired.
05-27 14:12:15.018  1302  1323 W WindowManager: Force clearing orientation change: Window{8983ce u0 com.anansimobile.city_ar/com.anansimobile.city_ar.Main}
05-27 14:12:15.018  1302  1323 W WindowManager: Force clearing orientation change: Window{4e4c87b u0 com.android.systemui.ImageWallpaper}
05-27 14:12:15.091  1767  8801 I FA      : Application backgrounded at: timestamp_millis: 1779880333088
05-27 14:12:15.116  1735  1735 W ContextImpl: Calling a method in the system process without a qualified user: android.app.ContextImpl.startService:1358 android.content.ContextWrapper.startService:613 android.content.ContextWrapper.startService:613 com.android.coreservice.CoreBroadcastReceiver.onReceive:69 android.app.ActivityThread.handleReceiver:3073 
05-27 14:12:16.084  1116  1151 D audio_hw_hal: log_func, out_standby
05-27 14:12:16.084  1116  1151 D audio_hw_hal: raw_close_output_stream, dev=0xc6f0a0c0, stream =0xc6f05140
05-27 14:12:16.084  1116  1151 D audio_hw_hal: raw_close_output_stream, stream=0xc6f05140,  success!
05-27 14:12:22.334  8753  8816 F libc    : Fatal signal 11 (SIGSEGV), code 1, fault addr 0x10 in tid 8816 (GLThread 420)
05-27 14:12:22.335  1062  1062 W         : debuggerd: handling request: pid=8753 uid=10052 gid=10052 tid=8816
05-27 14:12:22.473  8849  8849 F DEBUG   : *** *** *** *** *** *** *** *** *** *** *** *** *** *** *** ***
05-27 14:12:22.473  8849  8849 F DEBUG   : Build fingerprint: 'google/android_x86/x86:7.1.2/N2G48C/N975FXXU1ASGO:user/release-keys'
05-27 14:12:22.473  8849  8849 F DEBUG   : Revision: '0'
05-27 14:12:22.473  8849  8849 F DEBUG   : ABI: 'x86'
05-27 14:12:22.473  8849  8849 F DEBUG   : pid: 8753, tid: 8816, name: GLThread 420  >>> com.anansimobile.city_ar <<<
05-27 14:12:22.473  8849  8849 F DEBUG   : signal 11 (SIGSEGV), code 1 (SEGV_MAPERR), fault addr 0x10
05-27 14:12:22.473  8849  8849 F DEBUG   :     eax 00000010  ebx ac34aff4  ecx 00000002  edx 00000008
05-27 14:12:22.473  8849  8849 F DEBUG   :     esi 00000002  edi 00000000
05-27 14:12:22.474  8849  8849 F DEBUG   :     xcs 00000073  xds 0000007b  xes 0000007b  xfs 0000003b  xss 0000007b
05-27 14:12:22.474  8849  8849 F DEBUG   :     eip abfa7750  ebp 10128040  esp a558cb20  flags 00010246
05-27 14:12:22.475  8849  8849 F DEBUG   : 
05-27 14:12:22.475  8849  8849 F DEBUG   : backtrace:
05-27 14:12:22.475  8849  8849 F DEBUG   :     #00 pc 000bf750  /system/lib/libhoudini.so
05-27 14:12:24.504  1062  1062 W         : debuggerd: resuming target 8753
05-27 14:12:24.506  1302  1320 I BootReceiver: Copying /data/tombstones/tombstone_01 to DropBox (SYSTEM_TOMBSTONE)
05-27 14:12:24.523  1302  8854 W ActivityManager:   Force finishing activity com.anansimobile.city_ar/.Main
05-27 14:12:24.534  1302  1323 I chatty  : uid=1000(system) android.display expire 7 lines
05-27 14:12:24.536  1302  8854 I chatty  : uid=1000 system_server expire 19 lines
05-27 14:12:24.539  1302  3473 I WindowManager: WIN DEATH: Window{8983ce u0 com.anansimobile.city_ar/com.anansimobile.city_ar.Main}
05-27 14:12:24.540  1302  3473 W WindowManager: Force-removing child win Window{cc43483 u0 SurfaceView - com.anansimobile.city_ar/com.anansimobile.city_ar.Main} from container Window{8983ce u0 com.anansimobile.city_ar/com.anansimobile.city_ar.Main}
05-27 14:12:24.547  1115  1115 I Zygote  : Process 8753 exited due to signal (11)
05-27 14:12:24.556  1302  8854 W ActivityManager: Exception thrown during pause
05-27 14:12:24.556  1302  8854 W ActivityManager: android.os.DeadObjectException: Transaction failed on small parcel; remote process probably died
05-27 14:12:24.556  1302  8854 W ActivityManager: 	at android.os.BinderProxy.transactNative(Native Method)
05-27 14:12:24.556  1302  8854 W ActivityManager: 	at android.os.BinderProxy.transact(Binder.java:615)
05-27 14:12:24.556  1302  8854 W ActivityManager: 	at android.app.ApplicationThreadProxy.schedulePauseActivity(ApplicationThreadNative.java:785)
05-27 14:12:24.556  1302  8854 W ActivityManager: 	at com.android.server.am.ActivityStack.startPausingLocked(ActivityStack.java:1145)
05-27 14:12:24.556  1302  8854 W ActivityManager: 	at com.android.server.am.ActivityStack.finishActivityLocked(ActivityStack.java:3531)
05-27 14:12:24.556  1302  8854 W ActivityManager: 	at com.android.server.am.ActivityStack.finishTopRunningActivityLocked(ActivityStack.java:3367)
05-27 14:12:24.556  1302  8854 W ActivityManager: 	at com.android.server.am.ActivityStackSupervisor.finishTopRunningActivityLocked(ActivityStackSupervisor.java:1855)
05-27 14:12:24.556  1302  8854 W ActivityManager: 	at com.android.server.am.AppErrors.handleAppCrashLocked(AppErrors.java:619)
05-27 14:12:24.556  1302  8854 W ActivityManager: 	at com.android.server.am.AppErrors.makeAppCrashingLocked(AppErrors.java:477)
05-27 14:12:24.556  1302  8854 W ActivityManager: 	at com.android.server.am.AppErrors.crashApplicationInner(AppErrors.java:353)
05-27 14:12:24.556  1302  8854 W ActivityManager: 	at com.android.server.am.AppErrors.crashApplication(AppErrors.java:305)
05-27 14:12:24.556  1302  8854 W ActivityManager: 	at com.android.server.am.ActivityManagerService.handleApplicationCrashInner(ActivityManagerService.java:13676)
05-27 14:12:24.556  1302  8854 W ActivityManager: 	at com.android.server.am.NativeCrashListener$NativeCrashReporter.run(NativeCrashListener.java:86)
05-27 14:12:24.580  1302  1870 W WindowManager: Failed looking up window
05-27 14:12:24.580  1302  1870 W WindowManager: java.lang.IllegalArgumentException: Requested window android.os.BinderProxy@a12ef does not exist
05-27 14:12:24.580  1302  1870 W WindowManager: 	at com.android.server.wm.WindowManagerService.windowForClientLocked(WindowManagerService.java:9459)
05-27 14:12:24.580  1302  1870 W WindowManager: 	at com.android.server.wm.WindowManagerService.windowForClientLocked(WindowManagerService.java:9450)
05-27 14:12:24.580  1302  1870 W WindowManager: 	at com.android.server.wm.WindowState$DeathRecipient.binderDied(WindowState.java:1807)
05-27 14:12:24.580  1302  1870 W WindowManager: 	at android.os.BinderProxy.sendDeathNotice(Binder.java:688)
05-27 14:12:24.580  1302  1870 I WindowManager: WIN DEATH: null
05-27 14:12:24.581  1108  1108 E lowmemorykiller: Error opening /proc/8753/oom_score_adj; errno=2
05-27 14:12:24.586  1302  8854 W ActivityManager: Failed setting process group of 8753 to 1
05-27 14:12:24.590  1302  8854 D WindowManager: updateRotationUncheckedLocked! mLastOrientation=-1 old-mRotation=3 old-mAltOrientation=false new-mRotation=0 new-mAltOrientation=false
05-27 14:12:24.599  1110  1110 I gralloc_default: fb_setOrientation: orientation=0
05-27 14:12:24.600  1302  8854 I ActivityManager: Config changes=480 {1.0 ?mcc?mnc [en_US] ldltr sw600dp w1066dp h576dp 240dpi lrg long land finger qwerty/v/v -nav/h s.61}
05-27 14:12:24.637  1302  1314 I ActivityManager: Process com.anansimobile.city_ar (pid 8753) has died
05-27 14:12:24.637  1302  1314 D ActivityManager: cleanUpApplicationRecord -- 8753
05-27 14:12:24.638  1302  1314 W ActivityManager: Service crashed 2 times, stopping: ServiceRecord{9479ca2 u0 com.anansimobile.city_ar/com.anansimobile.nge.RootService}
05-27 14:12:24.661  1735  1735 W ContextImpl: Calling a method in the system process without a qualified user: android.app.ContextImpl.startService:1358 android.content.ContextWrapper.startService:613 android.content.ContextWrapper.startService:613 com.android.coreservice.CoreBroadcastReceiver.onReceive:44 android.app.ActivityThread.handleReceiver:3073 
05-27 14:12:24.796  1735  1735 W ContextImpl: Calling a method in the system process without a qualified user: android.app.ContextImpl.startService:1358 android.content.ContextWrapper.startService:613 android.content.ContextWrapper.startService:613 com.android.coreservice.CoreBroadcastReceiver.onReceive:53 android.app.ActivityThread.handleReceiver:3073 
05-27 14:12:24.857  1735  1735 W ContextImpl: Calling a method in the system process without a qualified user: android.app.ContextImpl.sendBroadcast:893 android.content.ContextWrapper.sendBroadcast:426 com.android.coreservice.TabManager.notifyClosing:345 com.android.coreservice.TabManager.updateInner:182 com.android.coreservice.TabManager.onUpdate:217 
05-27 14:12:24.860  1767  1930 E EGL_adreno: tid 1930: eglSurfaceAttrib(1338): error 0x3009 (EGL_BAD_MATCH)
05-27 14:12:24.860  1767  1930 W OpenGLRenderer: Failed to set EGL_SWAP_BEHAVIOR on surface 0xa60472e0, error=EGL_BAD_MATCH
05-27 14:12:24.927  1735  1735 I CoreService: notifyClosing notify tab closed taskPackageName:com.anansimobile.city_ar
05-27 14:12:24.942  1767  1930 D EGL_adreno: eglMakeCurrent: 0xb6f2faa0: ver 3 1 (tinfo 0xa6127b70)
05-27 14:12:24.946  1735  1735 W ContextImpl: Calling a method in the system process without a qualified user: android.app.ContextImpl.startService:1358 android.content.ContextWrapper.startService:613 android.content.ContextWrapper.startService:613 com.android.coreservice.CoreBroadcastReceiver.onReceive:69 android.app.ActivityThread.handleReceiver:3073 
05-27 14:12:24.968  1302  4412 I chatty  : uid=1000(system) RenderThread expire 16 lines
05-27 14:12:25.139  1395  1650 D EGL_adreno: eglMakeCurrent: 0xb6f0f620: ver 3 1 (tinfo 0xb8fbfea0)
05-27 14:12:25.153  1395  1650 E EGL_adreno: tid 1650: eglSurfaceAttrib(1338): error 0x3009 (EGL_BAD_MATCH)
05-27 14:12:25.153  1395  1650 W OpenGLRenderer: Failed to set EGL_SWAP_BEHAVIOR on surface 0xc7c1b920, error=EGL_BAD_MATCH
05-27 14:12:25.161  1395  1650 D EGL_adreno: eglMakeCurrent: 0xb6f0f620: ver 3 1 (tinfo 0xb8fbfea0)
05-27 14:12:25.267  1302  1323 I WindowManager: Screen frozen for +676ms due to Window{29de448 u0 Application Error: com.anansimobile.city_ar}
