05-27 14:28:41.370  1302  3474 D GraphicsStats: Buffer count: 4
05-27 14:28:41.374  1302  3469 D ActivityManager: cleanUpApplicationRecord -- 9059
05-27 14:28:41.377  1302  1347 W InputDispatcher: channel '2005d3a com.anansimobile.city_ar/com.anansimobile.city_ar.Main (server)' ~ Consumer closed input channel or an error occurred.  events=0x9
05-27 14:28:41.377  1302  1347 E InputDispatcher: channel '2005d3a com.anansimobile.city_ar/com.anansimobile.city_ar.Main (server)' ~ Channel is unrecoverably broken and will be disposed!
05-27 14:28:41.378  1302  3469 W ActivityManager: Scheduling restart of crashed service com.anansimobile.city_ar/com.anansimobile.nge.RootService in 1000ms
05-27 14:28:41.379  1302  3469 W InputDispatcher: Attempted to unregister already unregistered input channel '2005d3a com.anansimobile.city_ar/com.anansimobile.city_ar.Main (server)'
05-27 14:28:41.380  1302  3481 W WindowManager: Failed looking up window
05-27 14:28:41.380  1302  3481 W WindowManager: java.lang.IllegalArgumentException: Requested window android.os.BinderProxy@71aac65 does not exist
05-27 14:28:41.380  1302  3481 W WindowManager: 	at com.android.server.wm.WindowManagerService.windowForClientLocked(WindowManagerService.java:9459)
05-27 14:28:41.380  1302  3481 W WindowManager: 	at com.android.server.wm.WindowManagerService.windowForClientLocked(WindowManagerService.java:9450)
05-27 14:28:41.380  1302  3481 W WindowManager: 	at com.android.server.wm.WindowState$DeathRecipient.binderDied(WindowState.java:1807)
05-27 14:28:41.380  1302  3481 W WindowManager: 	at android.os.BinderProxy.sendDeathNotice(Binder.java:688)
05-27 14:28:41.380  1302  3481 I WindowManager: WIN DEATH: null
05-27 14:28:41.388  1302  3478 W ActivityManager: Ignoring remove of inactive process: ProcessRecord{b61c9a6 0:com.anansimobile.city_ar/u0a52}
05-27 14:28:41.390  1735  1735 W ContextImpl: Calling a method in the system process without a qualified user: android.app.ContextImpl.startService:1358 android.content.ContextWrapper.startService:613 android.content.ContextWrapper.startService:613 com.android.coreservice.CoreBroadcastReceiver.onReceive:53 android.app.ActivityThread.handleReceiver:3073 
05-27 14:28:41.422  1302  4412 D EGL_adreno: eglMakeCurrent: 0xa9682de0: ver 3 1 (tinfo 0xa932d260)
05-27 14:28:41.491  1302  1317 W AppOps  : Finishing op nesting under-run: uid 1000 pkg android code 24 time=0 duration=0 nesting=0
05-27 14:28:41.520  1302  4412 I HostConnection: HostConnection::~HostConnection, pid=1302, tid=4412, this=0xa93bc680, m_stream=0xa3fdfd00
05-27 14:28:41.524  1302  4412 I         : fastpipe: close connect
05-27 14:28:41.525  1735  1735 W ContextImpl: Calling a method in the system process without a qualified user: android.app.ContextImpl.startService:1358 android.content.ContextWrapper.startService:613 android.content.ContextWrapper.startService:613 com.android.coreservice.CoreBroadcastReceiver.onReceive:69 android.app.ActivityThread.handleReceiver:3073 
05-27 14:28:41.568  1395  1650 D EGL_adreno: eglMakeCurrent: 0xb6f0f620: ver 3 1 (tinfo 0xb8fbfea0)
05-27 14:28:41.593  1395  1650 E EGL_adreno: tid 1650: eglSurfaceAttrib(1338): error 0x3009 (EGL_BAD_MATCH)
05-27 14:28:41.593  1395  1650 W OpenGLRenderer: Failed to set EGL_SWAP_BEHAVIOR on surface 0xa5cb4060, error=EGL_BAD_MATCH
05-27 14:28:41.605  1395  1650 D EGL_adreno: eglMakeCurrent: 0xb6f0f620: ver 3 1 (tinfo 0xb8fbfea0)
05-27 14:28:41.627  1395  1395 I EGL_adreno: eglCreateContext request GLES major-version=2
05-27 14:28:41.647  1395  1395 D EGL_adreno: eglCreateContext: 0xa5c6dc40: maj 3 min 1 rcv 4
05-27 14:28:41.668  1395  1395 D EGL_adreno: eglMakeCurrent: 0xa5c6dc40: ver 3 1 (tinfo 0xb8fbff90)
05-27 14:28:41.779  1395  1395 D EGL_adreno: eglMakeCurrent: 0xa5c6dc40: ver 3 1 (tinfo 0xb8fbff90)
05-27 14:28:41.781  1767  1930 W OpenGLRenderer: Incorrectly called buildLayer on View: ShortcutAndWidgetContainer, destroying layer...
05-27 14:28:41.870  1395  1395 I EGL_adreno: eglCreateContext request GLES major-version=2
05-27 14:28:41.882  1395  1395 D EGL_adreno: eglCreateContext: 0xa5c6dc40: maj 3 min 1 rcv 4
05-27 14:28:41.900  1395  1395 D EGL_adreno: eglMakeCurrent: 0xa5c6dc40: ver 3 1 (tinfo 0xb8fbff90)
05-27 14:28:41.987  1395  1395 D EGL_adreno: eglMakeCurrent: 0xa5c6dc40: ver 3 1 (tinfo 0xb8fbff90)
05-27 14:28:42.050  1302  1323 I WindowManager: Screen frozen for +1s267ms due to Window{4e4c87b u0 com.android.systemui.ImageWallpaper}
05-27 14:28:42.416  9147  9147 D libnativebridge: PreInitializeNativeBridge name=zygote instruction_set=arm
05-27 14:28:42.422  9147  9147 I chatty  : uid=10052(com.anansimobile.city_ar) expire 12 lines
05-27 14:28:42.433  1302  1316 W ActivityManager: Slow operation: 51ms so far, now at startProcess: returned from zygote!
05-27 14:28:42.434  1302  1316 W ActivityManager: Slow operation: 51ms so far, now at startProcess: done updating battery stats
05-27 14:28:42.434  1302  1316 W ActivityManager: Slow operation: 51ms so far, now at startProcess: building log message
05-27 14:28:42.434  1302  1316 I ActivityManager: Start proc 9147:com.anansimobile.city_ar/u0a52 for service com.anansimobile.city_ar/com.anansimobile.nge.RootService
05-27 14:28:42.434  1302  1316 W ActivityManager: Slow operation: 51ms so far, now at startProcess: starting to update pids map
05-27 14:28:42.434  1302  1316 W ActivityManager: Slow operation: 52ms so far, now at startProcess: done updating pids map
05-27 14:28:42.434  1302  1316 W ActivityManager: Slow operation: 55ms so far, now at startProcess: done starting proc!
05-27 14:28:42.562  1735  1735 W ContextImpl: Calling a method in the system process without a qualified user: android.app.ContextImpl.startService:1358 android.content.ContextWrapper.startService:613 android.content.ContextWrapper.startService:613 com.android.coreservice.CoreBroadcastReceiver.onReceive:53 android.app.ActivityThread.handleReceiver:3073 
05-27 14:28:43.406  9147  9167 I chatty  : uid=10052(com.anansimobile.city_ar) expire 1 line
05-27 14:28:43.642  1116  1151 D audio_hw_hal: log_func, out_standby
05-27 14:28:43.642  1116  1151 D audio_hw_hal: raw_close_output_stream, dev=0xc6f0a0c0, stream =0xc6f05140
05-27 14:28:43.642  1116  1151 D audio_hw_hal: raw_close_output_stream, stream=0xc6f05140,  success!
05-27 14:28:44.059  1302  1323 I art     : Starting a blocking GC Explicit
05-27 14:28:44.152  1302  1323 I art     : Explicit concurrent mark sweep GC freed 10326(445KB) AllocSpace objects, 7(140KB) LOS objects, 33% free, 9MB/14MB, paused 1.036ms total 85.706ms
05-27 14:29:47.768  1302  1357 D WifiStateMachine: setScanResults mScanResults.size=1
05-27 14:30:00.138  9147  9147 I chatty  : uid=10052(com.anansimobile.city_ar) expire 12 lines
05-27 14:31:05.348  1302  1357 D WifiNative-HAL: Failing getSupportedFeatureset because HAL isn't started
05-27 14:31:05.354  1302  1319 E BatteryStatsService: no controller energy info supplied
05-27 14:31:05.354  1302  1319 E BatteryStatsService: no controller energy info supplied
05-27 14:31:05.373  1521  1521 E PhoneInterfaceManager: [PhoneIntfMgr] queryModemActivityInfo: Empty response
05-27 14:31:05.376  1302  1319 E KernelCpuSpeedReader: Failed to read cpu-freq: /sys/devices/system/cpu/cpu0/cpufreq/stats/time_in_state (No such file or directory)
05-27 14:31:05.377  1302  1319 E KernelUidCpuTimeReader: Failed to read uid_cputime: /proc/uid_cputime/show_uid_stat (No such file or directory)
05-27 14:31:05.378  1302  1319 E BatteryStatsService: modem info is invalid: ModemActivityInfo{ mTimestamp=0 mSleepTimeMs=0 mIdleTimeMs=0 mTxTimeMs[]=[0, 0, 0, 0, 0] mRxTimeMs=0 mEnergyUsed=0}
05-27 14:32:12.989  1302  1315 I UsageStatsService: User[0] Flushing usage stats to disk
05-27 14:32:27.748  1302  1357 D WifiStateMachine: setScanResults mScanResults.size=1
05-27 14:32:27.930  1709  9041 I chatty  : uid=10019 com.google.android.gms.persistent expire 2 lines
05-27 14:32:28.311  1302  1312 I art     : Background partial concurrent mark sweep GC freed 22067(993KB) AllocSpace objects, 21(420KB) LOS objects, 33% free, 9MB/14MB, paused 11.997ms total 98.787ms
05-27 14:32:28.614  1302  1314 W art     : Long monitor contention with owner Binder:1302_1 (1313) at int com.android.server.am.ActivityManagerService.bindService(android.app.IApplicationThread, android.os.IBinder, android.content.Intent, java.lang.String, android.app.IServiceConnection, int, java.lang.String, int)(ActivityManagerService.java:17501) waiters=0 in void com.android.server.am.ActivityManagerService.finishReceiver(android.os.IBinder, int, java.lang.String, android.os.Bundle, boolean, int) for 117ms
05-27 14:32:28.624  1709  9189 I chatty  : uid=10019 com.google.android.gms.persistent expire 1 line
05-27 14:32:28.790  1709  9191 I chatty  : uid=10019 com.google.android.gms.persistent expire 1 line
05-27 14:32:29.503  1709  1709 I chatty  : uid=10019 com.google.android.gms.persistent expire 10 lines
05-27 14:35:07.759  1302  1357 D WifiStateMachine: setScanResults mScanResults.size=1
05-27 14:36:00.106  1302  1316 I ProcessStatsService: Prepared write state in 15ms
05-27 14:36:00.137  9147  9147 I chatty  : uid=10052(com.anansimobile.city_ar) expire 10 lines
05-27 14:37:19.156  1709  9038 I chatty  : uid=10019 com.google.android.gms.persistent expire 12 lines
05-27 14:37:47.758  1302  1357 D WifiStateMachine: setScanResults mScanResults.size=1
05-27 14:40:27.759  1302  1357 D WifiStateMachine: setScanResults mScanResults.size=1
05-27 14:41:00.086  9147  9147 I chatty  : uid=10052(com.anansimobile.city_ar) expire 10 lines
05-27 14:42:09.587  1709  9198 I chatty  : uid=10019 com.google.android.gms.persistent expire 3 lines
05-27 14:43:07.765  1302  1357 D WifiStateMachine: setScanResults mScanResults.size=1
05-27 14:45:47.773  1302  1357 D WifiStateMachine: setScanResults mScanResults.size=1
05-27 14:46:00.120  9147  9147 I chatty  : uid=10052(com.anansimobile.city_ar) expire 11 lines
05-27 14:46:36.043  8277  8294 I chatty  : uid=10024(com.android.vending) expire 12 lines
05-27 14:46:47.357  8371  8389 I chatty  : uid=10024 com.android.vending:background expire 12 lines
05-27 14:47:33.782  3646  3779 I chatty  : uid=10019(com.google.android.gms) expire 8 lines
05-27 14:48:00.087  1709  9034 I chatty  : uid=10019(com.google.android.gms) lowpool[433] expire 1 line
05-27 14:48:00.805  1302  1312 I art     : Background partial concurrent mark sweep GC freed 22510(1004KB) AllocSpace objects, 21(420KB) LOS objects, 33% free, 9MB/14MB, paused 12.831ms total 94.876ms
05-27 14:48:01.109  1709  9038 I chatty  : uid=10019 com.google.android.gms.persistent expire 8 lines
05-27 14:48:27.794  1302  1357 D WifiStateMachine: setScanResults mScanResults.size=1
05-27 14:51:00.114  9147  9147 I chatty  : uid=10052(com.anansimobile.city_ar) expire 11 lines
05-27 14:51:07.853  1302  1357 D WifiStateMachine: setScanResults mScanResults.size=1
05-27 14:51:21.792  1302  1312 I art     : Background partial concurrent mark sweep GC freed 27628(1191KB) AllocSpace objects, 20(400KB) LOS objects, 33% free, 9MB/14MB, paused 2.035ms total 114.404ms
05-27 14:53:47.847  1302  1357 D WifiStateMachine: setScanResults mScanResults.size=1
05-27 14:53:57.373  8408  8473 I chatty  : uid=10019(com.google.android.gms) lowpool[2] expire 8 lines
05-27 14:56:13.002  1709  1709 I chatty  : uid=10019 com.google.android.gms.persistent expire 12 lines
05-27 14:56:27.850  1302  1357 D WifiStateMachine: setScanResults mScanResults.size=1
05-27 14:57:00.145  9147  9147 I chatty  : uid=10052(com.anansimobile.city_ar) expire 10 lines
05-27 14:59:07.856  1302  1357 D WifiStateMachine: setScanResults mScanResults.size=1
05-27 15:01:01.520  8371  8376 I chatty  : uid=10024 com.android.vending:background expire 3 lines
05-27 15:01:02.529  1709  9216 I chatty  : uid=10019 com.google.android.gms.persistent expire 8 lines
05-27 15:01:02.846  1302  1312 I art     : Background partial concurrent mark sweep GC freed 23409(1051KB) AllocSpace objects, 22(440KB) LOS objects, 33% free, 9MB/14MB, paused 1.664ms total 100.236ms
05-27 15:01:05.338  1302  1357 D WifiNative-HAL: Failing getSupportedFeatureset because HAL isn't started
05-27 15:01:05.339  1302  1319 E BatteryStatsService: no controller energy info supplied
05-27 15:01:05.339  1302  1319 E BatteryStatsService: no controller energy info supplied
05-27 15:01:05.341  1521  1521 E PhoneInterfaceManager: [PhoneIntfMgr] queryModemActivityInfo: Empty response
05-27 15:01:05.342  1302  1319 E KernelCpuSpeedReader: Failed to read cpu-freq: /sys/devices/system/cpu/cpu0/cpufreq/stats/time_in_state (No such file or directory)
05-27 15:01:05.343  1302  1319 E KernelUidCpuTimeReader: Failed to read uid_cputime: /proc/uid_cputime/show_uid_stat (No such file or directory)
05-27 15:01:05.344  1302  1319 E BatteryStatsService: modem info is invalid: ModemActivityInfo{ mTimestamp=0 mSleepTimeMs=0 mIdleTimeMs=0 mTxTimeMs[]=[0, 0, 0, 0, 0] mRxTimeMs=0 mEnergyUsed=0}
05-27 15:01:05.467  1521  1526 I art     : Do partial code cache collection, code=2696B, data=11KB
05-27 15:01:05.468  1521  1526 I art     : After code cache collection, code=2696B, data=11KB
05-27 15:01:05.468  1521  1526 I art     : Increasing code cache capacity to 128KB
05-27 15:01:05.473  1521  1526 I art     : Compiler allocated 4MB to compile void com.android.phone.PhoneInterfaceManager$MainThreadHandler.handleMessage(android.os.Message)
05-27 15:01:14.003  1302  1302 I EntropyMixer: Writing entropy...
05-27 15:01:33.123  1709  9227 I chatty  : uid=10019 com.google.android.gms.persistent expire 4 lines
05-27 15:01:37.589  1709  1715 I chatty  : uid=10019(com.google.android.gms) Jit thread pool expire 4 lines
05-27 15:02:00.086  9147  9147 I chatty  : uid=10052(com.anansimobile.city_ar) expire 10 lines
05-27 15:02:54.382  1302  1357 D WifiStateMachine: setScanResults mScanResults.size=1
05-27 15:02:54.491  1302  1312 I art     : Background partial concurrent mark sweep GC freed 35311(1442KB) AllocSpace objects, 20(400KB) LOS objects, 33% free, 9MB/14MB, paused 1.378ms total 103.470ms
05-27 15:02:54.866  3646  3792 I chatty  : uid=10019(com.google.android.gms) expire 9 lines
05-27 15:02:55.515  3646  3646 I chatty  : uid=10019(com.google.android.gms) expire 9 lines
05-27 15:02:55.726  3646  3764 I chatty  : uid=10019(com.google.android.gms) expire 1 line
05-27 15:02:55.857  1709  9237 I chatty  : uid=10019 com.google.android.gms.persistent expire 6 lines
05-27 15:02:56.672  1709  9239 I chatty  : uid=10019 com.google.android.gms.persistent expire 5 lines
05-27 15:03:08.710  1709  9246 I chatty  : uid=10019 com.google.android.gms.persistent expire 18 lines
05-27 15:04:00.175  1302  1312 I art     : Background partial concurrent mark sweep GC freed 31430(1328KB) AllocSpace objects, 23(460KB) LOS objects, 33% free, 9MB/14MB, paused 2.755ms total 128.324ms
05-27 15:05:34.384  1302  1357 D WifiStateMachine: setScanResults mScanResults.size=1
05-27 15:05:53.605  1709  9254 I chatty  : uid=10019 com.google.android.gms.persistent expire 1 line
05-27 15:05:53.829  1709  9255 I chatty  : uid=10019 com.google.android.gms.persistent expire 1 line
05-27 15:06:00.134  1302  1316 I ProcessStatsService: Prepared write state in 7ms
05-27 15:06:00.136  1302  1315 I ProcessStatsService: Pruning old procstats: /data/system/procstats/state-2026-05-25-20-13-34.bin
05-27 15:07:00.121  9147  9147 I chatty  : uid=10052(com.anansimobile.city_ar) expire 10 lines
05-27 15:08:14.393  1302  1357 D WifiStateMachine: setScanResults mScanResults.size=1
05-27 15:10:54.398  1302  1357 D WifiStateMachine: setScanResults mScanResults.size=1
05-27 15:12:00.068  9147  9147 I chatty  : uid=10052(com.anansimobile.city_ar) expire 10 lines
05-27 15:13:34.394  1302  1357 D WifiStateMachine: setScanResults mScanResults.size=1
05-27 15:13:35.299  3646  9273 I chatty  : uid=10019(com.google.android.gms) expire 2 lines
05-27 15:13:36.224  1709  9277 I chatty  : uid=10019 com.google.android.gms.persistent expire 7 lines
05-27 15:13:36.395  1709  9259 I chatty  : uid=10019 com.google.android.gms.persistent expire 1 line
05-27 15:15:00.202  1302  1312 I art     : Background partial concurrent mark sweep GC freed 28533(1140KB) AllocSpace objects, 16(320KB) LOS objects, 33% free, 9MB/14MB, paused 1.664ms total 105.644ms
05-27 15:16:14.406  1302  1357 D WifiStateMachine: setScanResults mScanResults.size=1
05-27 15:17:00.051  9147  9147 I chatty  : uid=10052(com.anansimobile.city_ar) expire 10 lines
05-27 15:18:54.425  1302  1357 D WifiStateMachine: setScanResults mScanResults.size=1
05-27 15:20:25.651  1709  1709 I chatty  : uid=10019 com.google.android.gms.persistent expire 10 lines
05-27 15:21:27.237  1302  1871 I ActivityManager: START u0 {act=android.intent.action.MAIN cat=[android.intent.category.LAUNCHER] flg=0x10200000 cmp=com.anansimobile.city_ar/.Main bnds=[500,108][700,289] (has extras)} from uid 10043 on display 0
05-27 15:21:27.238  1116  1151 D audio_hw_hal: raw_start_output_stream, stream=0xc6f05140, sampleRate=48000, channel=2, bps=16, bufSize=4096
05-27 15:21:27.250  1735  1735 W ContextImpl: Calling a method in the system process without a qualified user: android.app.ContextImpl.startService:1358 android.content.ContextWrapper.startService:613 android.content.ContextWrapper.startService:613 com.android.coreservice.CoreBroadcastReceiver.onReceive:44 android.app.ActivityThread.handleReceiver:3073 
05-27 15:21:27.253  1302  3464 W BroadcastQueue: Permission Denial: receiving Intent { act=com.android.launcher3.action.LAUNCH flg=0x10 (has extras) } to com.google.android.gms/.chimera.GmsIntentOperationService$GmsExternalReceiver requires com.android.launcher3.permission.RECEIVE_LAUNCH_BROADCASTS due to sender com.ldmnq.launcher3 (uid 10043)
05-27 15:21:27.260  1302  1536 D WindowManager: updateRotationUncheckedLocked! mLastOrientation=1 old-mRotation=0 old-mAltOrientation=false new-mRotation=3 new-mAltOrientation=false
05-27 15:21:27.264  1110  1110 I gralloc_default: fb_setOrientation: orientation=3
05-27 15:21:27.265  1302  1536 I ActivityManager: Config changes=480 {1.0 ?mcc?mnc [en_US] ldltr sw600dp w600dp h1042dp 240dpi lrg long port finger qwerty/v/v -nav/h s.68}
05-27 15:21:27.267  1302  1348 I InputReader: Reconfiguring input devices.  changes=0x00000004
05-27 15:21:27.268  1302  1348 I InputReader: Device reconfigured: id=2, name='input', size 1600x900, orientation 3, mode 1, display id 0
05-27 15:21:27.344  1767  1930 D EGL_adreno: eglMakeCurrent: 0xb6f2faa0: ver 3 1 (tinfo 0xa6127b70)
05-27 15:21:27.351  9147  9147 I chatty  : uid=10052(com.anansimobile.city_ar) expire 1 line
05-27 15:21:27.353  9147  9147 E AndroidRuntime: FATAL EXCEPTION: main
05-27 15:21:27.353  9147  9147 E AndroidRuntime: Process: com.anansimobile.city_ar, PID: 9147
05-27 15:21:27.353  9147  9147 E AndroidRuntime: java.lang.UnsatisfiedLinkError: Library city_ar not found; tried [/system/lib/libcity_ar.so, /vendor/lib/libcity_ar.so]
05-27 15:21:27.353  9147  9147 E AndroidRuntime: 	at java.lang.Runtime.loadLibrary0(Runtime.java:1031)
05-27 15:21:27.353  9147  9147 E AndroidRuntime: 	at java.lang.System.loadLibrary(System.java:1579)
05-27 15:21:27.353  9147  9147 E AndroidRuntime: 	at java.lang.System.loadLibrary(Native Method)
05-27 15:21:27.353  9147  9147 E AndroidRuntime: 	at com.anansimobile.city_ar.Main.<clinit>(Main.java:172)
05-27 15:21:27.353  9147  9147 E AndroidRuntime: 	at java.lang.Class.newInstance(Native Method)
05-27 15:21:27.353  9147  9147 E AndroidRuntime: 	at android.app.Instrumentation.newActivity(Instrumentation.java:1078)
05-27 15:21:27.353  9147  9147 E AndroidRuntime: 	at android.app.ActivityThread.performLaunchActivity(ActivityThread.java:2571)
05-27 15:21:27.353  9147  9147 E AndroidRuntime: 	at android.app.ActivityThread.handleLaunchActivity(ActivityThread.java:2759)
05-27 15:21:27.353  9147  9147 E AndroidRuntime: 	at android.app.ActivityThread.-wrap12(ActivityThread.java)
05-27 15:21:27.353  9147  9147 E AndroidRuntime: 	at android.app.ActivityThread$H.handleMessage(ActivityThread.java:1482)
05-27 15:21:27.353  9147  9147 E AndroidRuntime: 	at android.os.Handler.dispatchMessage(Handler.java:102)
05-27 15:21:27.353  9147  9147 E AndroidRuntime: 	at android.os.Looper.loop(Looper.java:154)
05-27 15:21:27.353  9147  9147 E AndroidRuntime: 	at android.app.ActivityThread.main(ActivityThread.java:6190)
05-27 15:21:27.353  9147  9147 E AndroidRuntime: 	at java.lang.reflect.Method.invoke(Native Method)
05-27 15:21:27.353  9147  9147 E AndroidRuntime: 	at com.android.internal.os.ZygoteInit$MethodAndArgsCaller.run(ZygoteInit.java:892)
05-27 15:21:27.353  9147  9147 E AndroidRuntime: 	at com.android.internal.os.ZygoteInit.main(ZygoteInit.java:782)
05-27 15:21:27.359  1302  1784 W ActivityManager:   Force finishing activity com.anansimobile.city_ar/.Main
05-27 15:21:27.369  1302  1317 W System.err: java.lang.Exception: show AlertDialog! title=‎‫وكر الاوغاد‬‎ has stopped
05-27 15:21:27.369  1302  1317 W System.err: 	at android.app.AlertDialog.show(AlertDialog.java:134)
05-27 15:21:27.369  1302  1317 W System.err: 	at com.android.server.am.AppErrors.handleShowAppErrorUi(AppErrors.java:719)
05-27 15:21:27.369  1302  1317 W System.err: 	at com.android.server.am.ActivityManagerService$UiHandler.handleMessage(ActivityManagerService.java:1637)
05-27 15:21:27.369  1302  1317 W System.err: 	at android.os.Handler.dispatchMessage(Handler.java:102)
05-27 15:21:27.369  1302  1317 W System.err: 	at android.os.Looper.loop(Looper.java:154)
05-27 15:21:27.369  1302  1317 W System.err: 	at android.os.HandlerThread.run(HandlerThread.java:61)
05-27 15:21:27.369  1302  1317 W System.err: 	at com.android.server.ServiceThread.run(ServiceThread.java:46)
05-27 15:21:27.372  1302  1323 I WindowManager: Screen frozen for +111ms due to Window{9dacb21 u0 Starting com.anansimobile.city_ar}
05-27 15:21:27.429  1302  4412 I HostConnection: HostConnection::HostConnection: pid=1302, tid=4412, this=0xa92f06c0
05-27 15:21:27.431  1302  4412 I         : fastpipe: Connect success
05-27 15:21:27.431  1302  4412 D HostConnection: HostRPC::connect sucess: app=system_server, pid=1302, tid=4412, this=0xa3fdfd00
05-27 15:21:27.432  1302  4412 D HostConnection: queryAndSetGLESMaxVersion select gles-version: 3.1 hostGLVersion:46 process:system_server
05-27 15:21:27.434  1302  4412 I OpenGLRenderer: Initialized EGL, version 1.4
05-27 15:21:27.434  1302  4412 D OpenGLRenderer: Swap behavior 1
05-27 15:21:27.434  1302  4412 I EGL_adreno: eglCreateContext request GLES major-version=2
05-27 15:21:27.456  1302  4412 D EGL_adreno: eglCreateContext: 0xa9682de0: maj 3 min 1 rcv 4
05-27 15:21:27.466  1302  4412 D EGL_adreno: eglMakeCurrent: 0xa9682de0: ver 3 1 (tinfo 0xa932d260)
05-27 15:21:27.482  1302  4412 E EGL_adreno: tid 4412: eglSurfaceAttrib(1338): error 0x3009 (EGL_BAD_MATCH)
05-27 15:21:27.482  1302  4412 W OpenGLRenderer: Failed to set EGL_SWAP_BEHAVIOR on surface 0xa3e42240, error=EGL_BAD_MATCH
05-27 15:21:27.493  1302  4412 D EGL_adreno: eglMakeCurrent: 0xa9682de0: ver 3 1 (tinfo 0xa932d260)
05-27 15:21:27.563  3646  9308 I chatty  : uid=10019(com.google.android.gms) expire 14 lines
05-27 15:21:27.568  1395  1650 D EGL_adreno: eglMakeCurrent: 0xb6f0f620: ver 3 1 (tinfo 0xb8fbfea0)
05-27 15:21:27.636  1395  1650 E EGL_adreno: tid 1650: eglSurfaceAttrib(1338): error 0x3009 (EGL_BAD_MATCH)
05-27 15:21:27.636  1395  1650 W OpenGLRenderer: Failed to set EGL_SWAP_BEHAVIOR on surface 0xa4d2f4c0, error=EGL_BAD_MATCH
05-27 15:21:27.650  1395  1650 D EGL_adreno: eglMakeCurrent: 0xb6f0f620: ver 3 1 (tinfo 0xb8fbfea0)
05-27 15:21:27.869  1302  1316 W ActivityManager: Activity pause timeout for ActivityRecord{35307e9 u0 com.anansimobile.city_ar/.Main t35 f}
05-27 15:21:27.900  1302  1312 I art     : Background partial concurrent mark sweep GC freed 25825(1168KB) AllocSpace objects, 24(480KB) LOS objects, 33% free, 9MB/14MB, paused 2.367ms total 145.209ms
05-27 15:21:27.917  1302  1316 D WindowManager: updateRotationUncheckedLocked! mLastOrientation=-1 old-mRotation=3 old-mAltOrientation=false new-mRotation=0 new-mAltOrientation=false
05-27 15:21:27.932  1110  1110 I gralloc_default: fb_setOrientation: orientation=0
05-27 15:21:27.933  1302  1316 I ActivityManager: Config changes=480 {1.0 ?mcc?mnc [en_US] ldltr sw600dp w1066dp h576dp 240dpi lrg long land finger qwerty/v/v -nav/h s.69}
05-27 15:21:27.954  8503  8503 I chatty  : uid=10025(com.android.ld.appstore) expire 3 lines
05-27 15:21:28.026  1302  1871 D TaskPersister: getImageFromWriteQueue return null! filePath=/data/system_ce/0/recent_images/35_task_thumbnail.png
05-27 15:21:28.042  1735  1735 W ContextImpl: Calling a method in the system process without a qualified user: android.app.ContextImpl.startService:1358 android.content.ContextWrapper.startService:613 android.content.ContextWrapper.startService:613 com.android.coreservice.CoreBroadcastReceiver.onReceive:44 android.app.ActivityThread.handleReceiver:3073 
05-27 15:21:28.103  1302  1348 I InputReader: Reconfiguring input devices.  changes=0x00000004
05-27 15:21:28.103  1302  1348 I InputReader: Device reconfigured: id=2, name='input', size 1600x900, orientation 0, mode 1, display id 0
05-27 15:21:28.107  1767  1930 E EGL_adreno: tid 1930: eglSurfaceAttrib(1338): error 0x3009 (EGL_BAD_MATCH)
05-27 15:21:28.107  1767  1930 W OpenGLRenderer: Failed to set EGL_SWAP_BEHAVIOR on surface 0xa5f53b00, error=EGL_BAD_MATCH
05-27 15:21:28.107  1302  4412 D EGL_adreno: eglMakeCurrent: 0xa9682de0: ver 3 1 (tinfo 0xa932d260)
05-27 15:21:28.165  1767  1930 D EGL_adreno: eglMakeCurrent: 0xb6f2faa0: ver 3 1 (tinfo 0xa6127b70)
05-27 15:21:28.173  1302  4412 E EGL_adreno: tid 4412: eglSurfaceAttrib(1338): error 0x3009 (EGL_BAD_MATCH)
05-27 15:21:28.173  1302  4412 W OpenGLRenderer: Failed to set EGL_SWAP_BEHAVIOR on surface 0xa5822860, error=EGL_BAD_MATCH
05-27 15:21:28.178  1302  4412 D EGL_adreno: eglMakeCurrent: 0xa9682de0: ver 3 1 (tinfo 0xa932d260)
05-27 15:21:28.203  1735  1735 W ContextImpl: Calling a method in the system process without a qualified user: android.app.ContextImpl.startService:1358 android.content.ContextWrapper.startService:613 android.content.ContextWrapper.startService:613 com.android.coreservice.CoreBroadcastReceiver.onReceive:53 android.app.ActivityThread.handleReceiver:3073 
05-27 15:21:28.267  1302  4412 D EGL_adreno: eglMakeCurrent: 0xa9682de0: ver 3 1 (tinfo 0xa932d260)
05-27 15:21:28.284  1302  4412 E EGL_adreno: tid 4412: eglSurfaceAttrib(1338): error 0x3009 (EGL_BAD_MATCH)
05-27 15:21:28.284  1302  4412 W OpenGLRenderer: Failed to set EGL_SWAP_BEHAVIOR on surface 0xa3e42260, error=EGL_BAD_MATCH
05-27 15:21:28.298  1302  4412 D EGL_adreno: eglMakeCurrent: 0xa9682de0: ver 3 1 (tinfo 0xa932d260)
05-27 15:21:28.349  1302  1323 I WindowManager: Screen frozen for +431ms due to Window{3a7d9ce u0 Application Error: com.anansimobile.city_ar}
05-27 15:21:28.452  1395  1650 D EGL_adreno: eglMakeCurrent: 0xb6f0f620: ver 3 1 (tinfo 0xb8fbfea0)
05-27 15:21:28.478  1395  1650 E EGL_adreno: tid 1650: eglSurfaceAttrib(1338): error 0x3009 (EGL_BAD_MATCH)
05-27 15:21:28.478  1395  1650 W OpenGLRenderer: Failed to set EGL_SWAP_BEHAVIOR on surface 0xc7c19180, error=EGL_BAD_MATCH
05-27 15:21:28.490  1395  1650 D EGL_adreno: eglMakeCurrent: 0xb6f0f620: ver 3 1 (tinfo 0xb8fbfea0)
05-27 15:21:28.616  1767  1930 W OpenGLRenderer: Incorrectly called buildLayer on View: ShortcutAndWidgetContainer, destroying layer...
05-27 15:21:30.353  1302  1323 I art     : Starting a blocking GC Explicit
05-27 15:21:30.355  1116  1151 D audio_hw_hal: log_func, out_standby
05-27 15:21:30.355  1116  1151 D audio_hw_hal: raw_close_output_stream, dev=0xc6f0a0c0, stream =0xc6f05140
05-27 15:21:30.355  1116  1151 D audio_hw_hal: raw_close_output_stream, stream=0xc6f05140,  success!
05-27 15:21:30.431  1302  1323 I art     : Explicit concurrent mark sweep GC freed 13398(578KB) AllocSpace objects, 11(220KB) LOS objects, 33% free, 9MB/14MB, paused 1.171ms total 77.470ms
05-27 15:21:34.408  1302  1357 D WifiStateMachine: setScanResults mScanResults.size=1
05-27 15:21:37.972  1116  1151 D audio_hw_hal: raw_start_output_stream, stream=0xc6f05140, sampleRate=48000, channel=2, bps=16, bufSize=4096
05-27 15:21:37.973  1116  1151 D AudioFlinger: mixer(0xc5a80000) throttle end: throttle time(10)
05-27 15:21:37.988  1302  1784 I ActivityManager: Killing 9147:com.anansimobile.city_ar/u0a52 (adj 900): crash
05-27 15:21:37.988  1302  1784 D ActivityManager: cleanUpApplicationRecord -- 9147
05-27 15:21:37.988  1302  1784 W ActivityManager: Service crashed 2 times, stopping: ServiceRecord{d552539 u0 com.anansimobile.city_ar/com.anansimobile.nge.RootService}
05-27 15:21:37.989  1302  1784 I ActivityManager: START u0 {act=android.intent.action.MAIN cat=[android.intent.category.LAUNCHER] flg=0x10200000 cmp=com.anansimobile.city_ar/.Main (has extras)} from uid 10043 on display 0
05-27 15:21:37.992  1302  4412 D EGL_adreno: eglMakeCurrent: 0xa9682de0: ver 3 1 (tinfo 0xa932d260)
05-27 15:21:37.995  1302  4412 D OpenGLRenderer: endAllActiveAnimators on 0xa5806d00 (RippleDrawable) with handle 0xa93f04a0
05-27 15:21:38.008  1302  4412 I HostConnection: HostConnection::~HostConnection, pid=1302, tid=4412, this=0xa92f06c0, m_stream=0xa3fdfd00
05-27 15:21:38.009  1302  4412 I         : fastpipe: close connect
05-27 15:21:38.027  1302  3466 E ActivityManager: applyOptionsLocked: Unknown animationType=0
05-27 15:21:38.034  9317  9317 D libnativebridge: PreInitializeNativeBridge name=zygote instruction_set=arm
05-27 15:21:38.035  9317  9317 I chatty  : uid=10052(com.anansimobile.city_ar) expire 39 lines
05-27 15:21:38.037  1302  3466 I ActivityManager: Start proc 9317:com.anansimobile.city_ar/u0a52 for activity com.anansimobile.city_ar/.Main
05-27 15:21:38.058  1735  1735 W ContextImpl: Calling a method in the system process without a qualified user: android.app.ContextImpl.startService:1358 android.content.ContextWrapper.startService:613 android.content.ContextWrapper.startService:613 com.android.coreservice.CoreBroadcastReceiver.onReceive:44 android.app.ActivityThread.handleReceiver:3073 
05-27 15:21:38.067  1735  1735 W ContextImpl: Calling a method in the system process without a qualified user: android.app.ContextImpl.startService:1358 android.content.ContextWrapper.startService:613 android.content.ContextWrapper.startService:613 com.android.coreservice.CoreBroadcastReceiver.onReceive:53 android.app.ActivityThread.handleReceiver:3073 
05-27 15:21:38.071  1302  1536 D WindowManager: updateRotationUncheckedLocked! mLastOrientation=1 old-mRotation=0 old-mAltOrientation=false new-mRotation=3 new-mAltOrientation=false
05-27 15:21:38.082  1110  1110 I gralloc_default: fb_setOrientation: orientation=3
05-27 15:21:38.087  1302  1536 I ActivityManager: Config changes=480 {1.0 ?mcc?mnc [en_US] ldltr sw600dp w600dp h1042dp 240dpi lrg long port finger qwerty/v/v -nav/h s.70}
05-27 15:21:38.134  1735  1735 W ContextImpl: Calling a method in the system process without a qualified user: android.app.ContextImpl.startService:1358 android.content.ContextWrapper.startService:613 android.content.ContextWrapper.startService:613 com.android.coreservice.CoreBroadcastReceiver.onReceive:53 android.app.ActivityThread.handleReceiver:3073 
05-27 15:21:38.201  1302  1348 I InputReader: Reconfiguring input devices.  changes=0x00000004
05-27 15:21:38.201  1302  1348 I InputReader: Device reconfigured: id=2, name='input', size 1600x900, orientation 3, mode 1, display id 0
05-27 15:21:38.203  1302  1348 I InputReader: Reconfiguring input devices.  changes=0x00000004
05-27 15:21:38.207  1302  1323 W AppOps  : Finishing op nesting under-run: uid 1000 pkg android code 24 time=0 duration=0 nesting=0
05-27 15:21:38.211  1395  1395 I EGL_adreno: eglCreateContext request GLES major-version=2
05-27 15:21:38.220  1395  1395 D EGL_adreno: eglCreateContext: 0xa58ddd80: maj 3 min 1 rcv 4
05-27 15:21:38.227  1767  1930 D EGL_adreno: eglMakeCurrent: 0xb6f2faa0: ver 3 1 (tinfo 0xa6127b70)
05-27 15:21:38.233  1395  1395 D EGL_adreno: eglMakeCurrent: 0xa58ddd80: ver 3 1 (tinfo 0xb8fbff90)
05-27 15:21:38.311  1395  1395 D EGL_adreno: eglMakeCurrent: 0xa58ddd80: ver 3 1 (tinfo 0xb8fbff90)
05-27 15:21:38.520  1395  1650 D EGL_adreno: eglMakeCurrent: 0xb6f0f620: ver 3 1 (tinfo 0xb8fbfea0)
05-27 15:21:38.532  1395  1650 E EGL_adreno: tid 1650: eglSurfaceAttrib(1338): error 0x3009 (EGL_BAD_MATCH)
05-27 15:21:38.532  1395  1650 W OpenGLRenderer: Failed to set EGL_SWAP_BEHAVIOR on surface 0xc7c1b860, error=EGL_BAD_MATCH
05-27 15:21:38.535  1395  1650 D EGL_adreno: eglMakeCurrent: 0xb6f0f620: ver 3 1 (tinfo 0xb8fbfea0)
05-27 15:21:38.568  1395  1395 I EGL_adreno: eglCreateContext request GLES major-version=2
05-27 15:21:38.580  1395  1395 D EGL_adreno: eglCreateContext: 0xa58ddf00: maj 3 min 1 rcv 4
05-27 15:21:38.593  1395  1395 D EGL_adreno: eglMakeCurrent: 0xa58ddf00: ver 3 1 (tinfo 0xb8fbff90)
05-27 15:21:38.718  1395  1395 D EGL_adreno: eglMakeCurrent: 0xa58ddf00: ver 3 1 (tinfo 0xb8fbff90)
05-27 15:21:38.968  9317  9340 I chatty  : uid=10052(com.anansimobile.city_ar) expire 177 lines
05-27 15:21:39.072  1302  1323 W WindowManager: Window freeze timeout expired.
05-27 15:21:39.072  1302  1323 W WindowManager: Force clearing orientation change: Window{e95845c u0 Starting com.anansimobile.city_ar}
05-27 15:21:39.072  1302  1323 W WindowManager: Force clearing orientation change: Window{4e4c87b u0 com.android.systemui.ImageWallpaper}
05-27 15:21:39.658  9317  9364 I chatty  : uid=10052(com.anansimobile.city_ar) expire 9 lines
05-27 15:21:39.675  9317  9364 E ActivityThread: Failed to find provider info for com.facebook.katana.provider.AttributionIdProvider
05-27 15:21:39.697  9317  9328 I chatty  : uid=10052(com.anansimobile.city_ar) expire 1 line
05-27 15:21:39.724  9317  9362 I chatty  : uid=10052(com.anansimobile.city_ar) expire 48 lines
05-27 15:21:39.732  9317  9371 I chatty  : uid=10052(com.anansimobile.city_ar) expire 9 lines
05-27 15:21:39.733  9317  9339 I chatty  : uid=10052(com.anansimobile.city_ar) expire 1 line
05-27 15:21:39.739  9317  9371 E ActivityThread: Failed to find provider info for com.facebook.katana.provider.AttributionIdProvider
05-27 15:21:39.751  1735  1735 W ContextImpl: Calling a method in the system process without a qualified user: android.app.ContextImpl.startService:1358 android.content.ContextWrapper.startService:613 android.content.ContextWrapper.startService:613 com.android.coreservice.CoreBroadcastReceiver.onReceive:53 android.app.ActivityThread.handleReceiver:3073 
05-27 15:21:39.761  9317  9372 I chatty  : uid=10052(com.anansimobile.city_ar) expire 17 lines
05-27 15:21:39.978  9317  9373 I chatty  : uid=10052(com.anansimobile.city_ar) expire 13 lines
05-27 15:21:39.994  9317  9359 I chatty  : uid=10052(com.anansimobile.city_ar) expire 17 lines
05-27 15:21:40.026  1767  9295 I FA      : Application backgrounded at: timestamp_millis: 1779884498022
05-27 15:21:40.087  1302  1323 W WindowManager: App freeze timeout expired.
05-27 15:21:40.087  1302  1323 W WindowManager: Force clearing freeze: AppWindowToken{8dce0c4 token=Token{ee3356 ActivityRecord{b7d971 u0 com.anansimobile.city_ar/.Main t36}}}
05-27 15:21:40.089  1302  1323 I WindowManager: Screen frozen for +2s18ms due to AppWindowToken{8dce0c4 token=Token{ee3356 ActivityRecord{b7d971 u0 com.anansimobile.city_ar/.Main t36}}}
05-27 15:21:40.838  1302  1323 I ActivityManager: Displayed com.anansimobile.city_ar/.Main: +2s809ms
05-27 15:21:40.843  1735  1735 W ContextImpl: Calling a method in the system process without a qualified user: android.app.ContextImpl.startService:1358 android.content.ContextWrapper.startService:613 android.content.ContextWrapper.startService:613 com.android.coreservice.CoreBroadcastReceiver.onReceive:69 android.app.ActivityThread.handleReceiver:3073 
05-27 15:21:40.855  1735  1735 W ContextImpl: Calling a method in the system process without a qualified user: android.app.ContextImpl.startService:1358 android.content.ContextWrapper.startService:613 android.content.ContextWrapper.startService:613 com.android.coreservice.CoreBroadcastReceiver.onReceive:69 android.app.ActivityThread.handleReceiver:3073 
05-27 15:21:41.077  1116  1151 D audio_hw_hal: log_func, out_standby
05-27 15:21:41.077  1116  1151 D audio_hw_hal: raw_close_output_stream, dev=0xc6f0a0c0, stream =0xc6f05140
05-27 15:21:41.077  1116  1151 D audio_hw_hal: raw_close_output_stream, stream=0xc6f05140,  success!
05-27 15:21:42.090  1302  1323 I art     : Starting a blocking GC Explicit
05-27 15:21:42.143  1302  1323 I art     : Explicit concurrent mark sweep GC freed 4742(176KB) AllocSpace objects, 1(20KB) LOS objects, 33% free, 9MB/14MB, paused 774us total 51.971ms
05-27 15:21:47.368  9317  9359 F libc    : Fatal signal 11 (SIGSEGV), code 1, fault addr 0x10 in tid 9359 (GLThread 438)
05-27 15:21:47.370  1062  1062 W         : debuggerd: handling request: pid=9317 uid=10052 gid=10052 tid=9359
05-27 15:21:47.509  9391  9391 F DEBUG   : *** *** *** *** *** *** *** *** *** *** *** *** *** *** *** ***
05-27 15:21:47.510  9391  9391 F DEBUG   : Build fingerprint: 'google/android_x86/x86:7.1.2/N2G48C/N975FXXU1ASGO:user/release-keys'
05-27 15:21:47.510  9391  9391 F DEBUG   : Revision: '0'
05-27 15:21:47.510  9391  9391 F DEBUG   : ABI: 'x86'
05-27 15:21:47.510  9391  9391 F DEBUG   : pid: 9317, tid: 9359, name: GLThread 438  >>> com.anansimobile.city_ar <<<
05-27 15:21:47.510  9391  9391 F DEBUG   : signal 11 (SIGSEGV), code 1 (SEGV_MAPERR), fault addr 0x10
05-27 15:21:47.510  9391  9391 F DEBUG   :     eax 00000010  ebx ac34aff4  ecx 00000002  edx 00000008
05-27 15:21:47.510  9391  9391 F DEBUG   :     esi 00000002  edi 00000000
05-27 15:21:47.510  9391  9391 F DEBUG   :     xcs 00000073  xds 0000007b  xes 0000007b  xfs 0000003b  xss 0000007b
05-27 15:21:47.510  9391  9391 F DEBUG   :     eip abfa7750  ebp 10128040  esp a50dcb20  flags 00010246
05-27 15:21:47.510  9391  9391 F DEBUG   : 
05-27 15:21:47.510  9391  9391 F DEBUG   : backtrace:
05-27 15:21:47.510  9391  9391 F DEBUG   :     #00 pc 000bf750  /system/lib/libhoudini.so
05-27 15:21:49.364  1062  1062 W         : debuggerd: resuming target 9317
05-27 15:21:49.390  1302  1320 I BootReceiver: Copying /data/tombstones/tombstone_03 to DropBox (SYSTEM_TOMBSTONE)
05-27 15:21:49.411  1302  1569 I WindowManager: WIN DEATH: Window{9f064af u0 com.anansimobile.city_ar/com.anansimobile.city_ar.Main}
05-27 15:21:49.411  1302  3470 D GraphicsStats: Buffer count: 4
05-27 15:21:49.412  1302  1569 W WindowManager: Force-removing child win Window{5afad3e u0 SurfaceView - com.anansimobile.city_ar/com.anansimobile.city_ar.Main} from container Window{9f064af u0 com.anansimobile.city_ar/com.anansimobile.city_ar.Main}
05-27 15:21:49.418  1302  9396 W ActivityManager:   Force finishing activity com.anansimobile.city_ar/.Main
05-27 15:21:49.423  1115  1115 I Zygote  : Process 9317 exited due to signal (11)
05-27 15:21:49.453  1302  3467 W WindowManager: Failed looking up window
05-27 15:21:49.453  1302  3467 W WindowManager: java.lang.IllegalArgumentException: Requested window android.os.BinderProxy@f689ccb does not exist
05-27 15:21:49.453  1302  3467 W WindowManager: 	at com.android.server.wm.WindowManagerService.windowForClientLocked(WindowManagerService.java:9459)
05-27 15:21:49.453  1302  3467 W WindowManager: 	at com.android.server.wm.WindowManagerService.windowForClientLocked(WindowManagerService.java:9450)
05-27 15:21:49.453  1302  3467 W WindowManager: 	at com.android.server.wm.WindowState$DeathRecipient.binderDied(WindowState.java:1807)
05-27 15:21:49.453  1302  3467 W WindowManager: 	at android.os.BinderProxy.sendDeathNotice(Binder.java:688)
05-27 15:21:49.453  1302  3467 I WindowManager: WIN DEATH: null
05-27 15:21:49.489  1302  9396 W ActivityManager: Exception thrown during pause
05-27 15:21:49.489  1302  9396 W ActivityManager: android.os.DeadObjectException
05-27 15:21:49.489  1302  9396 W ActivityManager: 	at android.os.BinderProxy.transactNative(Native Method)
05-27 15:21:49.489  1302  9396 W ActivityManager: 	at android.os.BinderProxy.transact(Binder.java:615)
05-27 15:21:49.489  1302  9396 W ActivityManager: 	at android.app.ApplicationThreadProxy.schedulePauseActivity(ApplicationThreadNative.java:785)
05-27 15:21:49.489  1302  9396 W ActivityManager: 	at com.android.server.am.ActivityStack.startPausingLocked(ActivityStack.java:1145)
05-27 15:21:49.489  1302  9396 W ActivityManager: 	at com.android.server.am.ActivityStack.finishActivityLocked(ActivityStack.java:3531)
05-27 15:21:49.489  1302  9396 W ActivityManager: 	at com.android.server.am.ActivityStack.finishTopRunningActivityLocked(ActivityStack.java:3367)
05-27 15:21:49.489  1302  9396 W ActivityManager: 	at com.android.server.am.ActivityStackSupervisor.finishTopRunningActivityLocked(ActivityStackSupervisor.java:1855)
05-27 15:21:49.489  1302  9396 W ActivityManager: 	at com.android.server.am.AppErrors.handleAppCrashLocked(AppErrors.java:619)
05-27 15:21:49.489  1302  9396 W ActivityManager: 	at com.android.server.am.AppErrors.makeAppCrashingLocked(AppErrors.java:477)
05-27 15:21:49.489  1302  9396 W ActivityManager: 	at com.android.server.am.AppErrors.crashApplicationInner(AppErrors.java:353)
05-27 15:21:49.489  1302  9396 W ActivityManager: 	at com.android.server.am.AppErrors.crashApplication(AppErrors.java:305)
05-27 15:21:49.489  1302  9396 W ActivityManager: 	at com.android.server.am.ActivityManagerService.handleApplicationCrashInner(ActivityManagerService.java:13676)
05-27 15:21:49.489  1302  9396 W ActivityManager: 	at com.android.server.am.NativeCrashListener$NativeCrashReporter.run(NativeCrashListener.java:86)
05-27 15:21:49.497  1108  1108 E lowmemorykiller: Error opening /proc/9317/oom_score_adj; errno=2
05-27 15:21:49.504  1302  3475 D WindowManager: updateRotationUncheckedLocked! mLastOrientation=-1 old-mRotation=3 old-mAltOrientation=false new-mRotation=0 new-mAltOrientation=false
05-27 15:21:49.509  1302  9396 W ActivityManager: Failed setting process group of 9317 to 1
05-27 15:21:49.509  1302  9396 W System.err: java.lang.IllegalArgumentException: Given thread 9317 does not exist
05-27 15:21:49.517  1302  9396 W System.err: 	at android.os.Process.setThreadPriority(Native Method)
05-27 15:21:49.517  1302  9396 W System.err: 	at com.android.server.am.ActivityManagerService.applyOomAdjLocked(ActivityManagerService.java:20847)
05-27 15:21:49.517  1302  9396 W System.err: 	at com.android.server.am.ActivityManagerService.updateOomAdjLocked(ActivityManagerService.java:21351)
05-27 15:21:49.517  1302  9396 W System.err: 	at com.android.server.am.ActivityStack.resumeTopActivityInnerLocked(ActivityStack.java:2455)
05-27 15:21:49.517  1302  9396 W System.err: 	at com.android.server.am.ActivityStack.resumeTopActivityUncheckedLocked(ActivityStack.java:2131)
05-27 15:21:49.517  1302  9396 W System.err: 	at com.android.server.am.ActivityStackSupervisor.resumeFocusedStackTopActivityLocked(ActivityStackSupervisor.java:1833)
05-27 15:21:49.517  1302  9396 W System.err: 	at com.android.server.am.ActivityStackSupervisor.resumeFocusedStackTopActivityLocked(ActivityStackSupervisor.java:1823)
05-27 15:21:49.518  1302  9396 W System.err: 	at com.android.server.am.ActivityStack.startPausingLocked(ActivityStack.java:1200)
05-27 15:21:49.518  1302  9396 W System.err: 	at com.android.server.am.ActivityStack.finishActivityLocked(ActivityStack.java:3531)
05-27 15:21:49.518  1302  9396 W System.err: 	at com.android.server.am.ActivityStack.finishTopRunningActivityLocked(ActivityStack.java:3367)
05-27 15:21:49.518  1302  9396 W System.err: 	at com.android.server.am.ActivityStackSupervisor.finishTopRunningActivityLocked(ActivityStackSupervisor.java:1855)
05-27 15:21:49.518  1302  9396 W System.err: 	at com.android.server.am.AppErrors.handleAppCrashLocked(AppErrors.java:619)
05-27 15:21:49.518  1302  9396 W System.err: 	at com.android.server.am.AppErrors.makeAppCrashingLocked(AppErrors.java:477)
05-27 15:21:49.518  1302  9396 W System.err: 	at com.android.server.am.AppErrors.crashApplicationInner(AppErrors.java:353)
05-27 15:21:49.518  1302  9396 W System.err: 	at com.android.server.am.AppErrors.crashApplication(AppErrors.java:305)
05-27 15:21:49.518  1302  9396 W System.err: 	at com.android.server.am.ActivityManagerService.handleApplicationCrashInner(ActivityManagerService.java:13676)
05-27 15:21:49.519  1302  9396 W System.err: 	at com.android.server.am.NativeCrashListener$NativeCrashReporter.run(NativeCrashListener.java:86)
05-27 15:21:49.549  1110  1110 I gralloc_default: fb_setOrientation: orientation=0
05-27 15:21:49.557  1302  9396 I ActivityManager: Config changes=480 {1.0 ?mcc?mnc [en_US] ldltr sw600dp w1066dp h576dp 240dpi lrg long land finger qwerty/v/v -nav/h s.71}
05-27 15:21:49.715  1302  1317 W System.err: java.lang.Exception: show AlertDialog! title=‎‫وكر الاوغاد‬‎ keeps stopping
05-27 15:21:49.721  1302  1323 W art     : Long monitor contention with owner android.ui (1317) at void com.android.server.am.AppErrors.handleShowAppErrorUi(android.os.Message)(AppErrors.java:682) waiters=3 in void com.android.server.am.ActivityManagerService$LocalService.notifyAppTransitionCancelled() for 106ms
05-27 15:21:49.722  1302  1317 W System.err: 	at android.app.AlertDialog.show(AlertDialog.java:134)
05-27 15:21:49.722  1302  1317 W System.err: 	at com.android.server.am.AppErrors.handleShowAppErrorUi(AppErrors.java:719)
05-27 15:21:49.722  1302  1317 W System.err: 	at com.android.server.am.ActivityManagerService$UiHandler.handleMessage(ActivityManagerService.java:1637)
05-27 15:21:49.722  1302  1317 W System.err: 	at android.os.Handler.dispatchMessage(Handler.java:102)
05-27 15:21:49.722  1302  1317 W System.err: 	at android.os.Looper.loop(Looper.java:154)
05-27 15:21:49.722  1302  1317 W System.err: 	at android.os.HandlerThread.run(HandlerThread.java:61)
05-27 15:21:49.722  1302  1317 W System.err: 	at com.android.server.ServiceThread.run(ServiceThread.java:46)
05-27 15:21:49.730  1735  1735 W ContextImpl: Calling a method in the system process without a qualified user: android.app.ContextImpl.startService:1358 android.content.ContextWrapper.startService:613 android.content.ContextWrapper.startService:613 com.android.coreservice.CoreBroadcastReceiver.onReceive:44 android.app.ActivityThread.handleReceiver:3073 
05-27 15:21:49.746  1302  1348 I InputReader: Reconfiguring input devices.  changes=0x00000004
05-27 15:21:49.746  1302  1348 I InputReader: Device reconfigured: id=2, name='input', size 1600x900, orientation 0, mode 1, display id 0
05-27 15:21:49.784  1302  3478 I ActivityManager: Process com.anansimobile.city_ar (pid 9317) has died
05-27 15:21:49.784  1302  3478 D ActivityManager: cleanUpApplicationRecord -- 9317
05-27 15:21:49.791  1302  3478 W ActivityManager: Scheduling restart of crashed service com.anansimobile.city_ar/com.anansimobile.nge.RootService in 1000ms
05-27 15:21:49.835  1735  1735 W ContextImpl: Calling a method in the system process without a qualified user: android.app.ContextImpl.startService:1358 android.content.ContextWrapper.startService:613 android.content.ContextWrapper.startService:613 com.android.coreservice.CoreBroadcastReceiver.onReceive:53 android.app.ActivityThread.handleReceiver:3073 
05-27 15:21:49.859  1302  4412 I HostConnection: HostConnection::HostConnection: pid=1302, tid=4412, this=0xa961e680
05-27 15:21:49.861  1302  4412 I         : fastpipe: Connect success
05-27 15:21:49.862  1302  4412 D HostConnection: HostRPC::connect sucess: app=system_server, pid=1302, tid=4412, this=0xa3fdfd00
05-27 15:21:49.863  1302  4412 D HostConnection: queryAndSetGLESMaxVersion select gles-version: 3.1 hostGLVersion:46 process:system_server
05-27 15:21:49.866  1302  4412 I OpenGLRenderer: Initialized EGL, version 1.4
05-27 15:21:49.867  1302  4412 D OpenGLRenderer: Swap behavior 1
05-27 15:21:49.867  1302  4412 I EGL_adreno: eglCreateContext request GLES major-version=2
05-27 15:21:49.890  1735  1735 W ContextImpl: Calling a method in the system process without a qualified user: android.app.ContextImpl.sendBroadcast:893 android.content.ContextWrapper.sendBroadcast:426 com.android.coreservice.TabManager.notifyClosing:345 com.android.coreservice.TabManager.updateInner:182 com.android.coreservice.TabManager.onUpdate:217 
05-27 15:21:49.893  1302  3478 E ActivityManager: Sending non-protected broadcast android.intent.action.CLOSE_TASK from system 1735:com.android.coreservice/1000 pkg com.android.coreservice
05-27 15:21:49.893  1302  3478 E ActivityManager: java.lang.Throwable
05-27 15:21:49.893  1302  3478 E ActivityManager: 	at com.android.server.am.ActivityManagerService.checkBroadcastFromSystem(ActivityManagerService.java:18108)
05-27 15:21:49.893  1302  3478 E ActivityManager: 	at com.android.server.am.ActivityManagerService.broadcastIntentLocked(ActivityManagerService.java:18680)
05-27 15:21:49.893  1302  3478 E ActivityManager: 	at com.android.server.am.ActivityManagerService.broadcastIntent(ActivityManagerService.java:18771)
05-27 15:21:49.893  1302  3478 E ActivityManager: 	at android.app.ActivityManagerNative.onTransact(ActivityManagerNative.java:499)
05-27 15:21:49.893  1302  3478 E ActivityManager: 	at com.android.server.am.ActivityManagerService.onTransact(ActivityManagerService.java:2820)
05-27 15:21:49.893  1302  3478 E ActivityManager: 	at android.os.Binder.execTransact(Binder.java:565)
05-27 15:21:49.896  1302  4412 D EGL_adreno: eglCreateContext: 0xa9682de0: maj 3 min 1 rcv 4
05-27 15:21:49.901  1735  1735 I CoreService: notifyClosing notify tab closed taskPackageName:com.anansimobile.city_ar
05-27 15:21:49.912  1767  1930 E EGL_adreno: tid 1930: eglSurfaceAttrib(1338): error 0x3009 (EGL_BAD_MATCH)
05-27 15:21:49.912  1767  1930 W OpenGLRenderer: Failed to set EGL_SWAP_BEHAVIOR on surface 0xa60471a0, error=EGL_BAD_MATCH
05-27 15:21:49.925  1302  4412 D EGL_adreno: eglMakeCurrent: 0xa9682de0: ver 3 1 (tinfo 0xa932d260)
