05-27 15:25:45.740 10082 10104 W System.err: 	at java.lang.Thread.run(Thread.java:761)
05-27 15:25:45.742 10082 10104 W System.err: java.net.UnknownHostException: Unable to resolve host "data.flurry.com": No address associated with hostname
05-27 15:25:45.742 10082 10104 W System.err: 	at java.net.Inet6AddressImpl.lookupHostByName(Inet6AddressImpl.java:95)
05-27 15:25:45.742 10082 10104 W System.err: 	at java.net.Inet6AddressImpl.lookupAllHostAddr(Inet6AddressImpl.java:74)
05-27 15:25:45.742 10082 10104 W System.err: 	at java.net.InetAddress.getAllByName(InetAddress.java:752)
05-27 15:25:45.742 10082 10104 W System.err: 	at org.apache.http.impl.conn.DefaultClientConnectionOperator.openConnection(DefaultClientConnectionOperator.java:142)
05-27 15:25:45.742 10082 10104 W System.err: 	at org.apache.http.impl.conn.AbstractPoolEntry.open(AbstractPoolEntry.java:169)
05-27 15:25:45.742 10082 10104 W System.err: 	at org.apache.http.impl.conn.AbstractPooledConnAdapter.open(AbstractPooledConnAdapter.java:124)
05-27 15:25:45.742 10082 10104 W System.err: 	at org.apache.http.impl.client.DefaultRequestDirector.execute(DefaultRequestDirector.java:366)
05-27 15:25:45.742 10082 10104 W System.err: 	at org.apache.http.impl.client.AbstractHttpClient.execute(AbstractHttpClient.java:560)
05-27 15:25:45.742 10082 10104 W System.err: 	at org.apache.http.impl.client.AbstractHttpClient.execute(AbstractHttpClient.java:492)
05-27 15:25:45.742 10082 10104 W System.err: 	at org.apache.http.impl.client.AbstractHttpClient.execute(AbstractHttpClient.java:470)
05-27 15:25:45.742 10082 10104 W System.err: 	at com.flurry.android.FlurryDataSenderAsyncOperation.doInBackground(SourceFile:50)
05-27 15:25:45.742 10082 10104 W System.err: 	at com.flurry.android.FlurryDataSenderAsyncOperation.doInBackground(SourceFile:17)
05-27 15:25:45.743 10082 10104 W System.err: 	at android.os.AsyncTask$2.call(AsyncTask.java:305)
05-27 15:25:45.743 10082 10104 W System.err: 	at java.util.concurrent.FutureTask.run(FutureTask.java:237)
05-27 15:25:45.743 10082 10104 W System.err: 	at android.os.AsyncTask$SerialExecutor$1.run(AsyncTask.java:243)
05-27 15:25:45.743 10082 10104 W System.err: 	at java.util.concurrent.ThreadPoolExecutor.runWorker(ThreadPoolExecutor.java:1133)
05-27 15:25:45.743 10082 10104 W System.err: 	at java.util.concurrent.ThreadPoolExecutor$Worker.run(ThreadPoolExecutor.java:607)
05-27 15:25:45.743 10082 10104 W System.err: 	at java.lang.Thread.run(Thread.java:761)
05-27 15:25:45.752 10082 10137 D EGL_adreno: eglCreateContext: 0xc7c19520: maj 3 min 1 rcv 4
05-27 15:25:45.779 10082 10123 D EGL_adreno: eglCreateContext: 0xbd70aa20: maj 1 min 0 rcv 1
05-27 15:25:45.807 10082 10137 D EGL_adreno: eglMakeCurrent: 0xc7c19520: ver 3 1 (tinfo 0xb6f29b80)
05-27 15:25:45.811 10082 10137 D HostConnection: ExtendedRCEncoderContext GL_VERSION return OpenGL ES 3.1
05-27 15:25:45.863 10082 10123 D EGL_adreno: eglMakeCurrent: 0xbd70aa20: ver 1 0 (tinfo 0xb6f7fdf0)
05-27 15:25:45.866 10082 10123 V libnb   : enter native_bridge2_getTrampoline Java_com_anansimobile_nge_NDKRenderer_nativeInit, trampoline_addr 0xb91baf54
05-27 15:25:45.871 10082 10123 V libnb   : enter native_bridge2_getTrampoline Java_com_anansimobile_nge_NDKRenderer_nativeResize, trampoline_addr 0xb91baf1c
05-27 15:25:45.897 10082 10137 E EGL_adreno: tid 10137: eglSurfaceAttrib(1338): error 0x3009 (EGL_BAD_MATCH)
05-27 15:25:45.897 10082 10137 W OpenGLRenderer: Failed to set EGL_SWAP_BEHAVIOR on surface 0xa6b56560, error=EGL_BAD_MATCH
05-27 15:25:46.049 10082 10123 V libnb   : enter native_bridge2_getTrampoline Java_com_anansimobile_nge_NextGenEngine_bitmapDataDidLoad, trampoline_addr 0xb91baee4
05-27 15:25:46.291 10082 10123 V libnb   : enter native_bridge2_getTrampoline Java_com_anansimobile_nge_NDKRenderer_nativeRender, trampoline_addr 0xb91baeac
05-27 15:25:46.350  1302  1316 I ActivityManager: Start proc 10150:com.android.vending/u0a24 for service com.android.vending/com.google.android.finsky.billing.iab.InAppBillingService
05-27 15:25:46.368 10150 10150 I chatty  : uid=10024(com.android.vending) expire 29 lines
05-27 15:25:46.379 10082 10137 D EGL_adreno: eglMakeCurrent: 0xc7c19520: ver 3 1 (tinfo 0xb6f29b80)
05-27 15:25:46.410  1735  1735 W ContextImpl: Calling a method in the system process without a qualified user: android.app.ContextImpl.startService:1358 android.content.ContextWrapper.startService:613 android.content.ContextWrapper.startService:613 com.android.coreservice.CoreBroadcastReceiver.onReceive:53 android.app.ActivityThread.handleReceiver:3073 
05-27 15:25:46.479 10082 10123 I engine  : [LoadingMnger] do step:1
05-27 15:25:46.481  1302  1323 W WindowManager: App freeze timeout expired.
05-27 15:25:46.481  1302  1323 W WindowManager: Force clearing freeze: AppWindowToken{1ff4536 token=Token{ba3b1f8 ActivityRecord{4a3855b u0 com.anansimobile.city_ar/.Main t39}}}
05-27 15:25:46.482  1302  1323 I WindowManager: Screen frozen for +2s14ms due to AppWindowToken{1ff4536 token=Token{ba3b1f8 ActivityRecord{4a3855b u0 com.anansimobile.city_ar/.Main t39}}}
05-27 15:25:46.488 10082 10082 E FlurryDataSender: --onServerError 2554101e-9656-457d-870c-27ab1c569940
05-27 15:25:46.489 10082 10082 E FlurryDataSender: --onServerError 96571d88-cbf9-4cf8-9359-e7635f445425
05-27 15:25:46.489 10082 10082 E FlurryDataSender: --onServerError 39a5ef59-29fd-4807-8f58-846ecff2ec9c
05-27 15:25:46.489 10082 10082 E FlurryDataSender: --onServerError ebd57fb0-210f-4ff6-864c-279734c52f5e
05-27 15:25:46.489 10082 10082 E FlurryDataSender: --onServerError a3bc677d-ce49-4b38-92ba-6add580d8d87
05-27 15:25:46.489 10082 10082 E FlurryDataSender: --onServerError bdd8c956-c143-4fcd-8f1c-445ed37896e3
05-27 15:25:46.492  1735  1735 W ContextImpl: Calling a method in the system process without a qualified user: android.app.ContextImpl.startService:1358 android.content.ContextWrapper.startService:613 android.content.ContextWrapper.startService:613 com.android.coreservice.CoreBroadcastReceiver.onReceive:69 android.app.ActivityThread.handleReceiver:3073 
05-27 15:25:46.495  1302  1323 I ActivityManager: Displayed com.anansimobile.city_ar/.Main: +2s28ms
05-27 15:25:46.521  1767  9436 I FA      : Application backgrounded at: timestamp_millis: 1779884744518
05-27 15:25:46.543  1767  1930 I HostConnection: HostConnection::~HostConnection, pid=1767, tid=1930, this=0xbd75f840, m_stream=0xa6176240
05-27 15:25:46.544  1767  1930 I         : fastpipe: close connect
05-27 15:25:46.584  9869  9973 W FA-SVC  : Did not find measurement config or missing version info. appId: com.anansimobile.city_ar
05-27 15:25:46.628  9869  9876 I art     : Do partial code cache collection, code=105KB, data=114KB
05-27 15:25:46.628  9869  9876 I art     : After code cache collection, code=105KB, data=114KB
05-27 15:25:46.628  9869  9876 I art     : Increasing code cache capacity to 512KB
05-27 15:25:47.580  1116  1151 D audio_hw_hal: log_func, out_standby
05-27 15:25:47.580  1116  1151 D audio_hw_hal: raw_close_output_stream, dev=0xc6f0a0c0, stream =0xc6f05140
05-27 15:25:47.580  1116  1151 D audio_hw_hal: raw_close_output_stream, stream=0xc6f05140,  success!
05-27 15:25:48.485  1302  1323 I art     : Starting a blocking GC Explicit
05-27 15:25:48.530  1302  1323 I art     : Explicit concurrent mark sweep GC freed 4056(147KB) AllocSpace objects, 1(20KB) LOS objects, 33% free, 9MB/14MB, paused 774us total 44.639ms
05-27 15:25:49.604 10150 10150 I art     :   at java.lang.String baxz.oA() (PG:12)
05-27 15:25:49.604 10150 10150 I art     :   at void pmz.k() (PG:47)
05-27 15:25:49.604 10150 10150 I art     :   at void pmz.onCreate() (PG:23)
05-27 15:25:49.604 10150 10150 I art     :   at void android.app.Instrumentation.callApplicationOnCreate(android.app.Application) (Instrumentation.java:1024)
05-27 15:25:49.604 10150 10150 I art     :   at void android.app.ActivityThread.handleBindApplication(android.app.ActivityThread$AppBindData) (ActivityThread.java:5474)
05-27 15:25:49.604 10150 10150 I art     :   at void android.app.ActivityThread.-wrap2(android.app.ActivityThread, android.app.ActivityThread$AppBindData) (ActivityThread.java:-1)
05-27 15:25:49.604 10150 10150 I art     :   at void android.app.ActivityThread$H.handleMessage(android.os.Message) (ActivityThread.java:1550)
05-27 15:25:49.604 10150 10150 I art     :   at void android.os.Handler.dispatchMessage(android.os.Message) (Handler.java:102)
05-27 15:25:49.604 10150 10150 I art     :   at void android.os.Looper.loop() (Looper.java:154)
05-27 15:25:49.604 10150 10150 I art     :   at void android.app.ActivityThread.main(java.lang.String[]) (ActivityThread.java:6190)
05-27 15:25:49.604 10150 10150 I art     :   at java.lang.Object java.lang.reflect.Method.invoke!(java.lang.Object, java.lang.Object[]) (Method.java:-2)
05-27 15:25:49.604 10150 10150 I art     :   at void com.android.internal.os.ZygoteInit$MethodAndArgsCaller.run() (ZygoteInit.java:892)
05-27 15:25:49.604 10150 10150 I art     :   at void com.android.internal.os.ZygoteInit.main(java.lang.String[]) (ZygoteInit.java:782)
05-27 15:25:49.604 10150 10150 I art     : 
05-27 15:25:49.606 10150 10150 I art     : Rejecting re-init on previously-failed class java.lang.Class<j$.nio.file.attribute.t>: java.lang.NoClassDefFoundError: Failed resolution of: Ljava/nio/file/attribute/FileAttribute;
05-27 15:25:49.606 10150 10150 I art     :   at long j$.desugar.sun.nio.fs.g.v(long, long) (r8-map-id-53e39ebd2b8e1da6017e57ed7acab68adfd0d540c288b358f352eb7539f01c7c:1)
05-27 15:25:49.606 10150 10150 I art     :   at j$.time.Instant j$.time.Instant.ofEpochSecond(long, long) (r8-map-id-53e39ebd2b8e1da6017e57ed7acab68adfd0d540c288b358f352eb7539f01c7c:4)
05-27 15:25:49.606 10150 10150 I art     :   at void j$.time.Instant.<clinit>() (r8-map-id-53e39ebd2b8e1da6017e57ed7acab68adfd0d540c288b358f352eb7539f01c7c:16)
05-27 15:25:49.606 10150 10150 I art     :   at j$.time.Instant j$.time.Instant.now() (r8-map-id-53e39ebd2b8e1da6017e57ed7acab68adfd0d540c288b358f352eb7539f01c7c:1)
05-27 15:25:49.606 10150 10150 I art     :   at java.lang.String baxz.oA() (PG:12)
05-27 15:25:49.606 10150 10150 I art     :   at void pmz.k() (PG:47)
05-27 15:25:49.606 10150 10150 I art     :   at void pmz.onCreate() (PG:23)
05-27 15:25:49.606 10150 10150 I art     :   at void android.app.Instrumentation.callApplicationOnCreate(android.app.Application) (Instrumentation.java:1024)
05-27 15:25:49.606 10150 10150 I art     :   at void android.app.ActivityThread.handleBindApplication(android.app.ActivityThread$AppBindData) (ActivityThread.java:5474)
05-27 15:25:49.606 10150 10150 I art     :   at void android.app.ActivityThread.-wrap2(android.app.ActivityThread, android.app.ActivityThread$AppBindData) (ActivityThread.java:-1)
05-27 15:25:49.606 10150 10150 I art     :   at void android.app.ActivityThread$H.handleMessage(android.os.Message) (ActivityThread.java:1550)
05-27 15:25:49.606 10150 10150 I art     :   at void android.os.Handler.dispatchMessage(android.os.Message) (Handler.java:102)
05-27 15:25:49.606 10150 10150 I art     :   at void android.os.Looper.loop() (Looper.java:154)
05-27 15:25:49.606 10150 10150 I art     :   at void android.app.ActivityThread.main(java.lang.String[]) (ActivityThread.java:6190)
05-27 15:25:49.606 10150 10150 I art     :   at java.lang.Object java.lang.reflect.Method.invoke!(java.lang.Object, java.lang.Object[]) (Method.java:-2)
05-27 15:25:49.606 10150 10150 I art     :   at void com.android.internal.os.ZygoteInit$MethodAndArgsCaller.run() (ZygoteInit.java:892)
05-27 15:25:49.606 10150 10150 I art     :   at void com.android.internal.os.ZygoteInit.main(java.lang.String[]) (ZygoteInit.java:782)
05-27 15:25:49.606 10150 10150 I art     : Caused by: java.lang.ClassNotFoundException: Didn't find class "java.nio.file.attribute.FileAttribute" on path: DexPathList[[zip file "/data/app/com.android.vending-2/base.apk", zip file "/data/app/com.android.vending-2/split_config.en.apk", zip file "/data/app/com.android.vending-2/split_config.x86.apk"],nativeLibraryDirectories=[/data/app/com.android.vending-2/lib/x86, /data/app/com.android.vending-2/base.apk!/lib/x86, /data/app/com.android.vending-2/split_config.en.apk!/lib/x86, /data/app/com.android.vending-2/split_config.x86.apk!/lib/x86, /system/lib, /vendor/lib]]
05-27 15:25:49.606 10150 10150 I art     :   at java.lang.Class dalvik.system.BaseDexClassLoader.findClass(java.lang.String) (BaseDexClassLoader.java:56)
05-27 15:25:49.606 10150 10150 I art     :   at java.lang.Class java.lang.ClassLoader.loadClass(java.lang.String, boolean) (ClassLoader.java:380)
05-27 15:25:49.606 10150 10150 I art     :   at java.lang.Class java.lang.ClassLoader.loadClass(java.lang.String) (ClassLoader.java:312)
05-27 15:25:49.606 10150 10150 I art     :   at long j$.desugar.sun.nio.fs.g.v(long, long) (r8-map-id-53e39ebd2b8e1da6017e57ed7acab68adfd0d540c288b358f352eb7539f01c7c:1)
05-27 15:25:49.606 10150 10150 I art     :   at j$.time.Instant j$.time.Instant.ofEpochSecond(long, long) (r8-map-id-53e39ebd2b8e1da6017e57ed7acab68adfd0d540c288b358f352eb7539f01c7c:4)
05-27 15:25:49.606 10150 10150 I art     :   at void j$.time.Instant.<clinit>() (r8-map-id-53e39ebd2b8e1da6017e57ed7acab68adfd0d540c288b358f352eb7539f01c7c:16)
05-27 15:25:49.606 10150 10150 I art     :   at j$.time.Instant j$.time.Instant.now() (r8-map-id-53e39ebd2b8e1da6017e57ed7acab68adfd0d540c288b358f352eb7539f01c7c:1)
05-27 15:25:49.606 10150 10150 I art     :   at java.lang.String baxz.oA() (PG:12)
05-27 15:25:49.606 10150 10150 I art     :   at void pmz.k() (PG:47)
05-27 15:25:49.606 10150 10150 I art     :   at void pmz.onCreate() (PG:23)
05-27 15:25:49.606 10150 10150 I art     :   at void android.app.Instrumentation.callApplicationOnCreate(android.app.Application) (Instrumentation.java:1024)
05-27 15:25:49.606 10150 10150 I art     :   at void android.app.ActivityThread.handleBindApplication(android.app.ActivityThread$AppBindData) (ActivityThread.java:5474)
05-27 15:25:49.606 10150 10150 I art     :   at void android.app.ActivityThread.-wrap2(android.app.ActivityThread, android.app.ActivityThread$AppBindData) (ActivityThread.java:-1)
05-27 15:25:49.606 10150 10150 I art     :   at void android.app.ActivityThread$H.handleMessage(android.os.Message) (ActivityThread.java:1550)
05-27 15:25:49.606 10150 10150 I art     :   at void android.os.Handler.dispatchMessage(android.os.Message) (Handler.java:102)
05-27 15:25:49.606 10150 10150 I art     :   at void android.os.Looper.loop() (Looper.java:154)
05-27 15:25:49.606 10150 10150 I art     :   at void android.app.ActivityThread.main(java.lang.String[]) (ActivityThread.java:6190)
05-27 15:25:49.606 10150 10150 I art     :   at java.lang.Object java.lang.reflect.Method.invoke!(java.lang.Object, java.lang.Object[]) (Method.java:-2)
05-27 15:25:49.606 10150 10150 I art     :   at void com.android.internal.os.ZygoteInit$MethodAndArgsCaller.run() (ZygoteInit.java:892)
05-27 15:25:49.606 10150 10150 I art     :   at void com.android.internal.os.ZygoteInit.main(java.lang.String[]) (ZygoteInit.java:782)
05-27 15:25:49.606 10150 10150 I art     : 
05-27 15:25:49.608 10150 10150 I art     : Rejecting re-init on previously-failed class java.lang.Class<j$.nio.file.attribute.r>: java.lang.NoClassDefFoundError: Failed resolution of: Ljava/nio/file/attribute/FileAttribute;
05-27 15:25:49.608 10150 10150 I art     :   at long j$.desugar.sun.nio.fs.g.v(long, long) (r8-map-id-53e39ebd2b8e1da6017e57ed7acab68adfd0d540c288b358f352eb7539f01c7c:1)
05-27 15:25:49.608 10150 10150 I art     :   at j$.time.Instant j$.time.Instant.ofEpochSecond(long, long) (r8-map-id-53e39ebd2b8e1da6017e57ed7acab68adfd0d540c288b358f352eb7539f01c7c:4)
05-27 15:25:49.608 10150 10150 I art     :   at void j$.time.Instant.<clinit>() (r8-map-id-53e39ebd2b8e1da6017e57ed7acab68adfd0d540c288b358f352eb7539f01c7c:16)
05-27 15:25:49.608 10150 10150 I art     :   at j$.time.Instant j$.time.Instant.now() (r8-map-id-53e39ebd2b8e1da6017e57ed7acab68adfd0d540c288b358f352eb7539f01c7c:1)
05-27 15:25:49.608 10150 10150 I art     :   at java.lang.String baxz.oA() (PG:12)
05-27 15:25:49.608 10150 10150 I art     :   at void pmz.k() (PG:47)
05-27 15:25:49.608 10150 10150 I art     :   at void pmz.onCreate() (PG:23)
05-27 15:25:49.608 10150 10150 I art     :   at void android.app.Instrumentation.callApplicationOnCreate(android.app.Application) (Instrumentation.java:1024)
05-27 15:25:49.608 10150 10150 I art     :   at void android.app.ActivityThread.handleBindApplication(android.app.ActivityThread$AppBindData) (ActivityThread.java:5474)
05-27 15:25:49.608 10150 10150 I art     :   at void android.app.ActivityThread.-wrap2(android.app.ActivityThread, android.app.ActivityThread$AppBindData) (ActivityThread.java:-1)
05-27 15:25:49.608 10150 10150 I art     :   at void android.app.ActivityThread$H.handleMessage(android.os.Message) (ActivityThread.java:1550)
05-27 15:25:49.608 10150 10150 I art     :   at void android.os.Handler.dispatchMessage(android.os.Message) (Handler.java:102)
05-27 15:25:49.608 10150 10150 I art     :   at void android.os.Looper.loop() (Looper.java:154)
05-27 15:25:49.608 10150 10150 I art     :   at void android.app.ActivityThread.main(java.lang.String[]) (ActivityThread.java:6190)
05-27 15:25:49.608 10150 10150 I art     :   at java.lang.Object java.lang.reflect.Method.invoke!(java.lang.Object, java.lang.Object[]) (Method.java:-2)
05-27 15:25:49.608 10150 10150 I art     :   at void com.android.internal.os.ZygoteInit$MethodAndArgsCaller.run() (ZygoteInit.java:892)
05-27 15:25:49.608 10150 10150 I art     :   at void com.android.internal.os.ZygoteInit.main(java.lang.String[]) (ZygoteInit.java:782)
05-27 15:25:49.608 10150 10150 I art     : Caused by: java.lang.ClassNotFoundException: Didn't find class "java.nio.file.attribute.FileAttribute" on path: DexPathList[[zip file "/data/app/com.android.vending-2/base.apk", zip file "/data/app/com.android.vending-2/split_config.en.apk", zip file "/data/app/com.android.vending-2/split_config.x86.apk"],nativeLibraryDirectories=[/data/app/com.android.vending-2/lib/x86, /data/app/com.android.vending-2/base.apk!/lib/x86, /data/app/com.android.vending-2/split_config.en.apk!/lib/x86, /data/app/com.android.vending-2/split_config.x86.apk!/lib/x86, /system/lib, /vendor/lib]]
05-27 15:25:49.608 10150 10150 I art     :   at java.lang.Class dalvik.system.BaseDexClassLoader.findClass(java.lang.String) (BaseDexClassLoader.java:56)
05-27 15:25:49.608 10150 10150 I art     :   at java.lang.Class java.lang.ClassLoader.loadClass(java.lang.String, boolean) (ClassLoader.java:380)
05-27 15:25:49.608 10150 10150 I art     :   at java.lang.Class java.lang.ClassLoader.loadClass(java.lang.String) (ClassLoader.java:312)
05-27 15:25:49.608 10150 10150 I art     :   at long j$.desugar.sun.nio.fs.g.v(long, long) (r8-map-id-53e39ebd2b8e1da6017e57ed7acab68adfd0d540c288b358f352eb7539f01c7c:1)
05-27 15:25:49.608 10150 10150 I art     :   at j$.time.Instant j$.time.Instant.ofEpochSecond(long, long) (r8-map-id-53e39ebd2b8e1da6017e57ed7acab68adfd0d540c288b358f352eb7539f01c7c:4)
05-27 15:25:49.608 10150 10150 I art     :   at void j$.time.Instant.<clinit>() (r8-map-id-53e39ebd2b8e1da6017e57ed7acab68adfd0d540c288b358f352eb7539f01c7c:16)
05-27 15:25:49.608 10150 10150 I art     :   at j$.time.Instant j$.time.Instant.now() (r8-map-id-53e39ebd2b8e1da6017e57ed7acab68adfd0d540c288b358f352eb7539f01c7c:1)
05-27 15:25:49.608 10150 10150 I art     :   at java.lang.String baxz.oA() (PG:12)
05-27 15:25:49.608 10150 10150 I art     :   at void pmz.k() (PG:47)
05-27 15:25:49.608 10150 10150 I art     :   at void pmz.onCreate() (PG:23)
05-27 15:25:49.608 10150 10150 I art     :   at void android.app.Instrumentation.callApplicationOnCreate(android.app.Application) (Instrumentation.java:1024)
05-27 15:25:49.608 10150 10150 I art     :   at void android.app.ActivityThread.handleBindApplication(android.app.ActivityThread$AppBindData) (ActivityThread.java:5474)
05-27 15:25:49.608 10150 10150 I art     :   at void android.app.ActivityThread.-wrap2(android.app.ActivityThread, android.app.ActivityThread$AppBindData) (ActivityThread.java:-1)
05-27 15:25:49.608 10150 10150 I art     :   at void android.app.ActivityThread$H.handleMessage(android.os.Message) (ActivityThread.java:1550)
05-27 15:25:49.608 10150 10150 I art     :   at void android.os.Handler.dispatchMessage(android.os.Message) (Handler.java:102)
05-27 15:25:49.608 10150 10150 I art     :   at void android.os.Looper.loop() (Looper.java:154)
05-27 15:25:49.608 10150 10150 I art     :   at void android.app.ActivityThread.main(java.lang.String[]) (ActivityThread.java:6190)
05-27 15:25:49.608 10150 10150 I art     :   at java.lang.Object java.lang.reflect.Method.invoke!(java.lang.Object, java.lang.Object[]) (Method.java:-2)
05-27 15:25:49.608 10150 10150 I art     :   at void com.android.internal.os.ZygoteInit$MethodAndArgsCaller.run() (ZygoteInit.java:892)
05-27 15:25:49.608 10150 10150 I art     :   at void com.android.internal.os.ZygoteInit.main(java.lang.String[]) (ZygoteInit.java:782)
05-27 15:25:49.608 10150 10150 I art     : 
05-27 15:25:49.614 10150 10150 I Finsky  : [1] Process created at version: 51.4.19-24 [0] [PR] 912807064
05-27 15:25:50.159 10150 10170 I Finsky  : [458] Finished reading experiment flags from file [0tGUNCGIkbk4o6-fQ335kUYSKwVj4lusnHT-A5Dsy08] numFlags=2234.
05-27 15:25:50.214 10150 10170 I Finsky  : [458] Finished reading experiment flags from file [Se-xCc4LzNyh3UrKMIU2sUf-PUKz4oQEbpKZDMuaFno] numFlags=1992.
05-27 15:25:51.260 10150 10155 I art     : Do partial code cache collection, code=11KB, data=14KB
05-27 15:25:51.273 10150 10155 I art     : After code cache collection, code=11KB, data=14KB
05-27 15:25:51.273 10150 10155 I art     : Increasing code cache capacity to 128KB
05-27 15:25:51.282 10150 10155 I art     : Do partial code cache collection, code=11KB, data=44KB
05-27 15:25:51.283 10150 10155 I art     : After code cache collection, code=11KB, data=44KB
05-27 15:25:51.283 10150 10155 I art     : Increasing code cache capacity to 256KB
05-27 15:25:51.284 10150 10155 I art     : Compiler allocated 6MB to compile void bvto.l(java.lang.Object, bvrb, bvrq)
05-27 15:25:51.313 10150 10171 I Finsky  : [459] Process started for unknown session.
05-27 15:25:51.728 10150 10150 I Finsky  : [1] Profiling: Starting up (1)
05-27 15:25:51.822 10150 10177 W art     : Before Android 4.1, method double java.util.concurrent.ThreadLocalRandom.internalNextDouble(double, double) would have incorrectly overridden the package-private method in java.util.Random
05-27 15:25:51.822 10150 10177 W art     : Before Android 4.1, method int java.util.concurrent.ThreadLocalRandom.internalNextInt(int, int) would have incorrectly overridden the package-private method in java.util.Random
05-27 15:25:51.822 10150 10177 W art     : Before Android 4.1, method long java.util.concurrent.ThreadLocalRandom.internalNextLong(long, long) would have incorrectly overridden the package-private method in java.util.Random
05-27 15:25:51.872 10150 10150 I Finsky  : [1] AsyncInit: Mandatory tasks are executed!
05-27 15:25:51.880 10150 10150 I Finsky  : [1] Memory trim requested to level 5
05-27 15:25:52.036 10150 10169 I Finsky  : [457] Subscription detail: DataSubscriptionInfo{groupIdLevel1=null, serviceProviderName=[0a_xYu_7dG4bmWYAvZEU5Y-9xro8QGRtLF9MRVJnpkk], simCarrierId=null}
05-27 15:25:52.098 10150 10170 I Finsky  : [458] playLoggingServerUrl: https://play.googleapis.com/play/log
05-27 15:25:52.105 10150 10170 I Finsky  : [458] playLoggingServerTimestampUrl: https://play.googleapis.com/play/log/timestamp
05-27 15:25:52.206 10150 10171 I Finsky  : [459] Device is ineligible for platform Cronet and will use embedded Cronet instead.
05-27 15:25:52.227 10150 10172 I Finsky  : [460] ApplicationRestrictions: {}
05-27 15:25:52.279  1709  1709 D BoundBrokerSvc: onBind: Intent { act=com.google.android.gms.gmscompliance.service.START dat=chimera-action: cmp=com.google.android.gms/.chimera.PersistentBoundBrokerService }
05-27 15:25:52.279  1709  1709 D BoundBrokerSvc: Loading bound service for intent: Intent { act=com.google.android.gms.gmscompliance.service.START dat=chimera-action: cmp=com.google.android.gms/.chimera.PersistentBoundBrokerService }
05-27 15:25:52.291  1302  1312 I art     : Background partial concurrent mark sweep GC freed 16709(797KB) AllocSpace objects, 16(320KB) LOS objects, 33% free, 9MB/14MB, paused 838us total 108.776ms
05-27 15:25:52.341 10150 10161 I art     : Background sticky concurrent mark sweep GC freed 38463(2MB) AllocSpace objects, 5(100KB) LOS objects, 25% free, 9MB/12MB, paused 6.204ms total 90.162ms
05-27 15:25:52.404 10150 10190 I Finsky  : [478] VerifyApps: Setup app restrictions monitor
05-27 15:25:52.413 10150 10190 I Finsky  : [478] VerifyApps: Device wide unknown source restriction updated
05-27 15:25:52.417 10150 10150 W art     : Long monitor contention with owner LightweightExecutor #0 (10169) at boolean zdy.z(android.content.Context)(PG:1) waiters=0 in long zdy.aL(long, long) for 142ms
05-27 15:25:52.429 10150 10150 I Finsky  : [1] This process start was not selected for Play memory metrics collection.
05-27 15:25:52.440 10150 10169 W Settings: Setting download_manager_max_bytes_over_mobile has moved from android.provider.Settings.Secure to android.provider.Settings.Global.
05-27 15:25:52.442 10150 10169 I Finsky  : [457] SettingNotFoundException, fall through to G.downloadBytesOverMobileMaximum
05-27 15:25:52.443 10150 10169 W Settings: Setting download_manager_recommended_max_bytes_over_mobile has moved from android.provider.Settings.Secure to android.provider.Settings.Global.
05-27 15:25:52.448 10150 10169 I Finsky  : [457] SettingNotFoundException, fall through to G.downloadBytesOverMobileRecommended
05-27 15:25:52.477 10150 10169 I Finsky  : [457] registerListener
05-27 15:25:52.482 10150 10169 I Finsky  : [457] DFS: Listener added for spq@fc9c860
05-27 15:25:52.483 10150 10169 I Finsky  : [457] registerListener
05-27 15:25:52.519 10150 10169 I Finsky  : [457] Enqueuing libraries load for 0
05-27 15:25:52.519 10150 10191 I Finsky  : [479] Starting libraries load for 0
05-27 15:25:52.540 10150 10190 I Finsky  : [478] VerifyApps: Updating ADI Warn Mode activity enabled state
05-27 15:25:52.571 10150 10171 I cn_CronetLibraryLoader: Cronet version: 148.0.7778.120, arch: i686
05-27 15:25:52.595 10150 10196 I Finsky  : [484] VerifyApps: Resolving target for ADI Warn Mode activity
05-27 15:25:52.597 10150 10196 I Finsky  : [484] VerifyApps: Feature flag disabled, ADI Warn Mode activity target not resolved
05-27 15:25:52.604 10150 10172 W Finsky  : [460] For unauth, use getDfeApiNonAuthenticated() instead!
05-27 15:25:52.627 10150 10171 I Finsky  : [459] RECEIVER_SINGLE_USER_SETTINGS#logWorkEndAndFinishGoAsync: SUCCESS
05-27 15:25:52.628 10150 10150 I Finsky  : [1] onSubscriptionsChanged
05-27 15:25:52.639 10150 10191 I Finsky  : [479] Finished loading 0 libraries.
05-27 15:25:52.639 10150 10191 I Finsky  : [479] CronetEngine is present. Using Cronet for the networking stack.
05-27 15:25:52.676 10150 10196 I Finsky  : [484] VerifyApps: Successfully updated the ADI Warn Mode activity to disabled
05-27 15:25:52.683 10150 10196 I Finsky  : [484] CronetEngine is present. Using Cronet for the networking stack.
05-27 15:25:52.693  9869  9869 D BoundBrokerSvc: onBind: Intent { act=com.google.android.gms.safetynet.service.START pkg=com.google.android.gms }
05-27 15:25:52.693  9869  9869 D BoundBrokerSvc: Loading bound service for intent: Intent { act=com.google.android.gms.safetynet.service.START pkg=com.google.android.gms }
05-27 15:25:52.756 10150 10161 I art     : Background sticky concurrent mark sweep GC freed 15534(1987KB) AllocSpace objects, 1(20KB) LOS objects, 16% free, 10MB/12MB, paused 7.031ms total 97.710ms
05-27 15:25:52.816  1302  1569 W art     : Long monitor contention with owner Binder:1302_17 (3472) at int com.android.server.pm.PackageManagerService.checkUidPermission(java.lang.String, int)(PackageManagerService.java:4040) waiters=1 in android.content.pm.ProviderInfo com.android.server.pm.PackageManagerService.resolveContentProvider(java.lang.String, int, int) for 101ms
05-27 15:25:52.823 10082 10130 D ApplicationLoaders: ignored Vulkan layer search path /data/app/com.google.android.gms-1/lib/x86:/data/app/com.google.android.gms-1/base.apk!/lib/x86:/data/app/com.google.android.gms-1/split_config.en.apk!/lib/x86:/data/app/com.google.android.gms-1/split_config.hdpi.apk!/lib/x86 for namespace 0xc7cdf090
05-27 15:25:52.823 10082 10135 W art     : Long monitor contention with owner pool-6-thread-1 (10130) at java.lang.Object dalvik.system.DexFile.openDexFileNative(java.lang.String, java.lang.String, int, java.lang.ClassLoader, dalvik.system.DexPathList$Element[])(DexFile.java:-2) waiters=0 in java.lang.ClassLoader android.app.LoadedApk.getClassLoader() for 7.278s
05-27 15:25:52.824 10082 10123 W art     : Long monitor contention with owner pool-6-thread-1 (10130) at java.lang.Object dalvik.system.DexFile.openDexFileNative(java.lang.String, java.lang.String, int, java.lang.ClassLoader, dalvik.system.DexPathList$Element[])(DexFile.java:-2) waiters=1 in java.lang.ClassLoader android.app.LoadedApk.getClassLoader() for 6.343s
05-27 15:25:52.838 10082 10130 W ResourceType: ResTable_typeSpec entry count inconsistent: given 112, previously 115
05-27 15:25:52.839 10082 10135 W ResourceType: ResTable_typeSpec entry count inconsistent: given 112, previously 115
05-27 15:25:52.839 10082 10130 W ResourceType: ResTable_typeSpec entry count inconsistent: given 4810, previously 5454
05-27 15:25:52.839 10082 10135 W ResourceType: ResTable_typeSpec entry count inconsistent: given 4810, previously 5454
05-27 15:25:52.839 10082 10130 W ResourceType: ResTable_typeSpec entry count inconsistent: given 3589, previously 3610
05-27 15:25:52.839 10082 10135 W ResourceType: ResTable_typeSpec entry count inconsistent: given 3589, previously 3610
05-27 15:25:52.839 10082 10135 W ResourceType: ResTable_typeSpec entry count inconsistent: given 235, previously 240
05-27 15:25:52.839 10082 10130 W ResourceType: ResTable_typeSpec entry count inconsistent: given 235, previously 240
05-27 15:25:52.839 10082 10135 W ResourceType: ResTable_typeSpec entry count inconsistent: given 508, previously 5852
05-27 15:25:52.840 10082 10130 W ResourceType: ResTable_typeSpec entry count inconsistent: given 508, previously 5852
05-27 15:25:52.841 10082 10123 W ResourceType: ResTable_typeSpec entry count inconsistent: given 112, previously 115
05-27 15:25:52.841 10082 10123 W ResourceType: ResTable_typeSpec entry count inconsistent: given 4810, previously 5454
05-27 15:25:52.841 10082 10123 W ResourceType: ResTable_typeSpec entry count inconsistent: given 3589, previously 3610
05-27 15:25:52.841 10082 10123 W ResourceType: ResTable_typeSpec entry count inconsistent: given 235, previously 240
05-27 15:25:52.841 10082 10123 W ResourceType: ResTable_typeSpec entry count inconsistent: given 508, previously 5852
05-27 15:25:52.941 10150 10171 I Finsky  : [459] SysUA: Disable SystemUpdateActivity, because Android is lower than Q
05-27 15:25:52.995 10150 10189 I Finsky  : [477] Set UnhibernateActivity enabled state to 1
05-27 15:25:53.006 10150 10196 I Finsky  : [484] SysUA: Set SystemUpdateActivity enabled state to 2
05-27 15:25:53.034 10150 10155 I art     : Do full code cache collection, code=103KB, data=123KB
05-27 15:25:53.035 10150 10189 I Finsky  : [477] SysCUA: Set {com.android.vending/com.google.android.finsky.systemcomponentupdateui.common.SystemComponentUpdateActivity} enabled state to 0
05-27 15:25:53.039 10150 10155 I art     : Waiting for a blocking GC JitCodeCache
05-27 15:25:53.051 10150 10161 I art     : Background sticky concurrent mark sweep GC freed 17517(1288KB) AllocSpace objects, 4(128KB) LOS objects, 12% free, 10MB/12MB, paused 5.187ms total 55.983ms
05-27 15:25:53.051 10150 10155 I art     : WaitForGcToComplete blocked for 12.469ms for cause JitCodeCache
05-27 15:25:53.051 10150 10155 I art     : Starting a blocking GC JitCodeCache
05-27 15:25:53.051 10150 10155 I art     : After code cache collection, code=91KB, data=106KB
05-27 15:25:53.086 10150 10189 W Finsky  : [477] com.anansimobile.city_ar: No account found.
05-27 15:25:53.088 10150 10189 I Finsky  : [477] Billing preferred account via installer for com.anansimobile.city_ar: [dCNOmK_nSY-12vHzasLXiswzlGT5UHA7jAGYkvmCuQs]
05-27 15:25:53.127 10150 10190 I Finsky  : [478] Initializing pausers from value store.
05-27 15:25:53.128 10150 10190 I Finsky  : [478] IQ::HLD: Callers (Pausers) in PauseUpdatesCallersValueStore: []
05-27 15:25:53.166 10082 10130 I AppsFlyer_1.17: AppsFlyer: first launch date: 2026-05-27_1233+0300
05-27 15:25:53.167 10082 10135 I AppsFlyer_1.17: AppsFlyer: first launch date: 2026-05-27_1233+0300
05-27 15:25:53.255  1302  3464 I ActivityManager: Killing 9723:com.android.vending:background/u0a24 (adj 900): 92657k from cached
05-27 15:25:53.284  1302  3463 D ConnectivityService: ConnectivityService NetworkRequestInfo binderDied(NetworkRequest [ TRACK_DEFAULT id=35, [ Capabilities: INTERNET&NOT_RESTRICTED&TRUSTED&NOT_VPN] ], android.os.BinderProxy@fcc8b32)
05-27 15:25:53.284  1302  3473 D ActivityManager: cleanUpApplicationRecord -- 9723
05-27 15:25:53.285  1302  3463 D ConnectivityService: ConnectivityService NetworkRequestInfo binderDied(NetworkRequest [ TRACK_DEFAULT id=37, [ Capabilities: INTERNET&NOT_RESTRICTED&TRUSTED&NOT_VPN] ], android.os.BinderProxy@72cb083)
05-27 15:25:53.285  1302  3473 W ActivityManager: Scheduling restart of crashed service com.android.vending/com.google.frameworks.client.data.android.server.play.BackgroundProcessEndpointService in 1000ms
05-27 15:25:53.285  1302  1361 D ConnectivityService: releasing NetworkRequest [ TRACK_DEFAULT id=35, [ Capabilities: INTERNET&NOT_RESTRICTED&TRUSTED&NOT_VPN] ]
05-27 15:25:53.293  1302  1361 E ConnectivityService: RemoteException caught trying to send a callback msg for NetworkRequest [ TRACK_DEFAULT id=35, [ Capabilities: INTERNET&NOT_RESTRICTED&TRUSTED&NOT_VPN] ]
05-27 15:25:53.293  1302  1361 D ConnectivityService: releasing NetworkRequest [ TRACK_DEFAULT id=37, [ Capabilities: INTERNET&NOT_RESTRICTED&TRUSTED&NOT_VPN] ]
05-27 15:25:53.293  1302  1361 E ConnectivityService: RemoteException caught trying to send a callback msg for NetworkRequest [ TRACK_DEFAULT id=37, [ Capabilities: INTERNET&NOT_RESTRICTED&TRUSTED&NOT_VPN] ]
05-27 15:25:53.376 10082 10082 W System.err: java.lang.Exception: show AlertDialog! title=
05-27 15:25:53.376 10082 10082 W System.err: 	at android.app.AlertDialog.show(AlertDialog.java:134)
05-27 15:25:53.376 10082 10082 W System.err: 	at android.app.AlertDialog$Builder.show(AlertDialog.java:1125)
05-27 15:25:53.376 10082 10082 W System.err: 	at com.anansimobile.nge.NGAlertDialog.handleMessage(NGAlertDialog.java:100)
05-27 15:25:53.376 10082 10082 W System.err: 	at com.anansimobile.nge.NGMsgHandler.handleMessage(RootActivity.java:1028)
05-27 15:25:53.376 10082 10082 W System.err: 	at android.os.Handler.dispatchMessage(Handler.java:102)
05-27 15:25:53.376 10082 10082 W System.err: 	at android.os.Looper.loop(Looper.java:154)
05-27 15:25:53.376 10082 10082 W System.err: 	at android.app.ActivityThread.main(ActivityThread.java:6190)
05-27 15:25:53.376 10082 10082 W System.err: 	at java.lang.reflect.Method.invoke(Native Method)
05-27 15:25:53.376 10082 10082 W System.err: 	at com.android.internal.os.ZygoteInit$MethodAndArgsCaller.run(ZygoteInit.java:892)
05-27 15:25:53.376 10082 10082 W System.err: 	at com.android.internal.os.ZygoteInit.main(ZygoteInit.java:782)
05-27 15:25:53.453 10082 10137 E EGL_adreno: tid 10137: eglSurfaceAttrib(1338): error 0x3009 (EGL_BAD_MATCH)
05-27 15:25:53.453 10082 10137 W OpenGLRenderer: Failed to set EGL_SWAP_BEHAVIOR on surface 0xa6a3c7e0, error=EGL_BAD_MATCH
05-27 15:25:53.468 10082 10137 D EGL_adreno: eglMakeCurrent: 0xc7c19520: ver 3 1 (tinfo 0xb6f29b80)
05-27 15:25:54.317  1302  1316 I ActivityManager: Start proc 10233:com.android.vending:background/u0a24 for service com.android.vending/com.google.frameworks.client.data.android.server.play.BackgroundProcessEndpointService
05-27 15:25:54.333 10233 10233 D libnativebridge: call UnloadNativeBridge! state=1
05-27 15:25:54.386  1735  1735 W ContextImpl: Calling a method in the system process without a qualified user: android.app.ContextImpl.startService:1358 android.content.ContextWrapper.startService:613 android.content.ContextWrapper.startService:613 com.android.coreservice.CoreBroadcastReceiver.onReceive:53 android.app.ActivityThread.handleReceiver:3073 
05-27 15:25:57.674  8408  8473 I art     : Starting a blocking GC Explicit
05-27 15:25:57.725  8408  8473 I art     : Explicit concurrent mark sweep GC freed 2528(101KB) AllocSpace objects, 2(40KB) LOS objects, 24% free, 5MB/7MB, paused 496us total 49.934ms
05-27 15:25:57.824 10233 10233 W ResourceType: ResTable_typeSpec entry count inconsistent: given 222, previously 256
05-27 15:25:57.824 10233 10233 W ResourceType: ResTable_typeSpec entry count inconsistent: given 6153, previously 6154
05-27 15:25:58.092 10233 10233 I art     : Rejecting re-init on previously-failed class java.lang.Class<j$.nio.file.d>: java.lang.NoClassDefFoundError: Failed resolution of: Ljava/nio/file/CopyOption;
05-27 15:25:58.092 10233 10233 I art     :   at long j$.desugar.sun.nio.fs.g.v(long, long) (r8-map-id-53e39ebd2b8e1da6017e57ed7acab68adfd0d540c288b358f352eb7539f01c7c:1)
05-27 15:25:58.092 10233 10233 I art     :   at j$.time.Instant j$.time.Instant.ofEpochSecond(long, long) (r8-map-id-53e39ebd2b8e1da6017e57ed7acab68adfd0d540c288b358f352eb7539f01c7c:4)
05-27 15:25:58.092 10233 10233 I art     :   at void j$.time.Instant.<clinit>() (r8-map-id-53e39ebd2b8e1da6017e57ed7acab68adfd0d540c288b358f352eb7539f01c7c:16)
05-27 15:25:58.092 10233 10233 I art     :   at j$.time.Instant j$.time.Instant.now() (r8-map-id-53e39ebd2b8e1da6017e57ed7acab68adfd0d540c288b358f352eb7539f01c7c:1)
05-27 15:25:58.092 10233 10233 I art     :   at java.lang.String baxz.oA() (PG:12)
05-27 15:25:58.092 10233 10233 I art     :   at void pmz.k() (PG:47)
05-27 15:25:58.092 10233 10233 I art     :   at void pmz.onCreate() (PG:23)
05-27 15:25:58.092 10233 10233 I art     :   at void android.app.Instrumentation.callApplicationOnCreate(android.app.Application) (Instrumentation.java:1024)
05-27 15:25:58.092 10233 10233 I art     :   at void android.app.ActivityThread.handleBindApplication(android.app.ActivityThread$AppBindData) (ActivityThread.java:5474)
05-27 15:25:58.092 10233 10233 I art     :   at void android.app.ActivityThread.-wrap2(android.app.ActivityThread, android.app.ActivityThread$AppBindData) (ActivityThread.java:-1)
05-27 15:25:58.092 10233 10233 I art     :   at void android.app.ActivityThread$H.handleMessage(android.os.Message) (ActivityThread.java:1550)
05-27 15:25:58.092 10233 10233 I art     :   at void android.os.Handler.dispatchMessage(android.os.Message) (Handler.java:102)
05-27 15:25:58.092 10233 10233 I art     :   at void android.os.Looper.loop() (Looper.java:154)
05-27 15:25:58.092 10233 10233 I art     :   at void android.app.ActivityThread.main(java.lang.String[]) (ActivityThread.java:6190)
05-27 15:25:58.092 10233 10233 I art     :   at java.lang.Object java.lang.reflect.Method.invoke!(java.lang.Object, java.lang.Object[]) (Method.java:-2)
05-27 15:25:58.092 10233 10233 I art     :   at void com.android.internal.os.ZygoteInit$MethodAndArgsCaller.run() (ZygoteInit.java:892)
05-27 15:25:58.092 10233 10233 I art     :   at void com.android.internal.os.ZygoteInit.main(java.lang.String[]) (ZygoteInit.java:782)
05-27 15:25:58.092 10233 10233 I art     : Caused by: java.lang.ClassNotFoundException: Didn't find class "java.nio.file.CopyOption" on path: DexPathList[[zip file "/data/app/com.android.vending-2/base.apk", zip file "/data/app/com.android.vending-2/split_config.en.apk", zip file "/data/app/com.android.vending-2/split_config.x86.apk"],nativeLibraryDirectories=[/data/app/com.android.vending-2/lib/x86, /data/app/com.android.vending-2/base.apk!/lib/x86, /data/app/com.android.vending-2/split_config.en.apk!/lib/x86, /data/app/com.android.vending-2/split_config.x86.apk!/lib/x86, /system/lib, /vendor/lib]]
05-27 15:25:58.092 10233 10233 I art     :   at java.lang.Class dalvik.system.BaseDexClassLoader.findClass(java.lang.String) (BaseDexClassLoader.java:56)
05-27 15:25:58.092 10233 10233 I art     :   at java.lang.Class java.lang.ClassLoader.loadClass(java.lang.String, boolean) (ClassLoader.java:380)
05-27 15:25:58.092 10233 10233 I art     :   at java.lang.Class java.lang.ClassLoader.loadClass(java.lang.String) (ClassLoader.java:312)
05-27 15:25:58.092 10233 10233 I art     :   at long j$.desugar.sun.nio.fs.g.v(long, long) (r8-map-id-53e39ebd2b8e1da6017e57ed7acab68adfd0d540c288b358f352eb7539f01c7c:1)
05-27 15:25:58.092 10233 10233 I art     :   at j$.time.Instant j$.time.Instant.ofEpochSecond(long, long) (r8-map-id-53e39ebd2b8e1da6017e57ed7acab68adfd0d540c288b358f352eb7539f01c7c:4)
05-27 15:25:58.092 10233 10233 I art     :   at void j$.time.Instant.<clinit>() (r8-map-id-53e39ebd2b8e1da6017e57ed7acab68adfd0d540c288b358f352eb7539f01c7c:16)
05-27 15:25:58.092 10233 10233 I art     :   at j$.time.Instant j$.time.Instant.now() (r8-map-id-53e39ebd2b8e1da6017e57ed7acab68adfd0d540c288b358f352eb7539f01c7c:1)
05-27 15:25:58.092 10233 10233 I art     :   at java.lang.String baxz.oA() (PG:12)
05-27 15:25:58.092 10233 10233 I art     :   at void pmz.k() (PG:47)
05-27 15:25:58.092 10233 10233 I art     :   at void pmz.onCreate() (PG:23)
05-27 15:25:58.092 10233 10233 I art     :   at void android.app.Instrumentation.callApplicationOnCreate(android.app.Application) (Instrumentation.java:1024)
05-27 15:25:58.092 10233 10233 I art     :   at void android.app.ActivityThread.handleBindApplication(android.app.ActivityThread$AppBindData) (ActivityThread.java:5474)
05-27 15:25:58.092 10233 10233 I art     :   at void android.app.ActivityThread.-wrap2(android.app.ActivityThread, android.app.ActivityThread$AppBindData) (ActivityThread.java:-1)
05-27 15:25:58.092 10233 10233 I art     :   at void android.app.ActivityThread$H.handleMessage(android.os.Message) (ActivityThread.java:1550)
05-27 15:25:58.092 10233 10233 I art     :   at void android.os.Handler.dispatchMessage(android.os.Message) (Handler.java:102)
05-27 15:25:58.092 10233 10233 I art     :   at void android.os.Looper.loop() (Looper.java:154)
05-27 15:25:58.092 10233 10233 I art     :   at void android.app.ActivityThread.main(java.lang.String[]) (ActivityThread.java:6190)
05-27 15:25:58.092 10233 10233 I art     :   at java.lang.Object java.lang.reflect.Method.invoke!(java.lang.Object, java.lang.Object[]) (Method.java:-2)
05-27 15:25:58.092 10233 10233 I art     :   at void com.android.internal.os.ZygoteInit$MethodAndArgsCaller.run() (ZygoteInit.java:892)
05-27 15:25:58.092 10233 10233 I art     :   at void com.android.internal.os.ZygoteInit.main(java.lang.String[]) (ZygoteInit.java:782)
05-27 15:25:58.092 10233 10233 I art     : 
05-27 15:25:58.095 10233 10233 I art     : Rejecting re-init on previously-failed class java.lang.Class<j$.nio.file.attribute.t>: java.lang.NoClassDefFoundError: Failed resolution of: Ljava/nio/file/attribute/FileAttribute;
05-27 15:25:58.095 10233 10233 I art     :   at long j$.desugar.sun.nio.fs.g.v(long, long) (r8-map-id-53e39ebd2b8e1da6017e57ed7acab68adfd0d540c288b358f352eb7539f01c7c:1)
05-27 15:25:58.095 10233 10233 I art     :   at j$.time.Instant j$.time.Instant.ofEpochSecond(long, long) (r8-map-id-53e39ebd2b8e1da6017e57ed7acab68adfd0d540c288b358f352eb7539f01c7c:4)
05-27 15:25:58.095 10233 10233 I art     :   at void j$.time.Instant.<clinit>() (r8-map-id-53e39ebd2b8e1da6017e57ed7acab68adfd0d540c288b358f352eb7539f01c7c:16)
05-27 15:25:58.095 10233 10233 I art     :   at j$.time.Instant j$.time.Instant.now() (r8-map-id-53e39ebd2b8e1da6017e57ed7acab68adfd0d540c288b358f352eb7539f01c7c:1)
05-27 15:25:58.095 10233 10233 I art     :   at java.lang.String baxz.oA() (PG:12)
05-27 15:25:58.095 10233 10233 I art     :   at void pmz.k() (PG:47)
05-27 15:25:58.095 10233 10233 I art     :   at void pmz.onCreate() (PG:23)
05-27 15:25:58.095 10233 10233 I art     :   at void android.app.Instrumentation.callApplicationOnCreate(android.app.Application) (Instrumentation.java:1024)
05-27 15:25:58.095 10233 10233 I art     :   at void android.app.ActivityThread.handleBindApplication(android.app.ActivityThread$AppBindData) (ActivityThread.java:5474)
05-27 15:25:58.095 10233 10233 I art     :   at void android.app.ActivityThread.-wrap2(android.app.ActivityThread, android.app.ActivityThread$AppBindData) (ActivityThread.java:-1)
05-27 15:25:58.095 10233 10233 I art     :   at void android.app.ActivityThread$H.handleMessage(android.os.Message) (ActivityThread.java:1550)
05-27 15:25:58.095 10233 10233 I art     :   at void android.os.Handler.dispatchMessage(android.os.Message) (Handler.java:102)
05-27 15:25:58.095 10233 10233 I art     :   at void android.os.Looper.loop() (Looper.java:154)
05-27 15:25:58.095 10233 10233 I art     :   at void android.app.ActivityThread.main(java.lang.String[]) (ActivityThread.java:6190)
05-27 15:25:58.095 10233 10233 I art     :   at java.lang.Object java.lang.reflect.Method.invoke!(java.lang.Object, java.lang.Object[]) (Method.java:-2)
05-27 15:25:58.095 10233 10233 I art     :   at void com.android.internal.os.ZygoteInit$MethodAndArgsCaller.run() (ZygoteInit.java:892)
05-27 15:25:58.095 10233 10233 I art     :   at void com.android.internal.os.ZygoteInit.main(java.lang.String[]) (ZygoteInit.java:782)
05-27 15:25:58.095 10233 10233 I art     : Caused by: java.lang.ClassNotFoundException: Didn't find class "java.nio.file.attribute.FileAttribute" on path: DexPathList[[zip file "/data/app/com.android.vending-2/base.apk", zip file "/data/app/com.android.vending-2/split_config.en.apk", zip file "/data/app/com.android.vending-2/split_config.x86.apk"],nativeLibraryDirectories=[/data/app/com.android.vending-2/lib/x86, /data/app/com.android.vending-2/base.apk!/lib/x86, /data/app/com.android.vending-2/split_config.en.apk!/lib/x86, /data/app/com.android.vending-2/split_config.x86.apk!/lib/x86, /system/lib, /vendor/lib]]
05-27 15:25:58.095 10233 10233 I art     :   at java.lang.Class dalvik.system.BaseDexClassLoader.findClass(java.lang.String) (BaseDexClassLoader.java:56)
05-27 15:25:58.095 10233 10233 I art     :   at java.lang.Class java.lang.ClassLoader.loadClass(java.lang.String, boolean) (ClassLoader.java:380)
05-27 15:25:58.095 10233 10233 I art     :   at java.lang.Class java.lang.ClassLoader.loadClass(java.lang.String) (ClassLoader.java:312)
05-27 15:25:58.095 10233 10233 I art     :   at long j$.desugar.sun.nio.fs.g.v(long, long) (r8-map-id-53e39ebd2b8e1da6017e57ed7acab68adfd0d540c288b358f352eb7539f01c7c:1)
05-27 15:25:58.095 10233 10233 I art     :   at j$.time.Instant j$.time.Instant.ofEpochSecond(long, long) (r8-map-id-53e39ebd2b8e1da6017e57ed7acab68adfd0d540c288b358f352eb7539f01c7c:4)
05-27 15:25:58.095 10233 10233 I art     :   at void j$.time.Instant.<clinit>() (r8-map-id-53e39ebd2b8e1da6017e57ed7acab68adfd0d540c288b358f352eb7539f01c7c:16)
05-27 15:25:58.095 10233 10233 I art     :   at j$.time.Instant j$.time.Instant.now() (r8-map-id-53e39ebd2b8e1da6017e57ed7acab68adfd0d540c288b358f352eb7539f01c7c:1)
05-27 15:25:58.095 10233 10233 I art     :   at java.lang.String baxz.oA() (PG:12)
05-27 15:25:58.095 10233 10233 I art     :   at void pmz.k() (PG:47)
05-27 15:25:58.095 10233 10233 I art     :   at void pmz.onCreate() (PG:23)
05-27 15:25:58.095 10233 10233 I art     :   at void android.app.Instrumentation.callApplicationOnCreate(android.app.Application) (Instrumentation.java:1024)
05-27 15:25:58.095 10233 10233 I art     :   at void android.app.ActivityThread.handleBindApplication(android.app.ActivityThread$AppBindData) (ActivityThread.java:5474)
05-27 15:25:58.095 10233 10233 I art     :   at void android.app.ActivityThread.-wrap2(android.app.ActivityThread, android.app.ActivityThread$AppBindData) (ActivityThread.java:-1)
05-27 15:25:58.095 10233 10233 I art     :   at void android.app.ActivityThread$H.handleMessage(android.os.Message) (ActivityThread.java:1550)
05-27 15:25:58.095 10233 10233 I art     :   at void android.os.Handler.dispatchMessage(android.os.Message) (Handler.java:102)
05-27 15:25:58.095 10233 10233 I art     :   at void android.os.Looper.loop() (Looper.java:154)
05-27 15:25:58.095 10233 10233 I art     :   at void android.app.ActivityThread.main(java.lang.String[]) (ActivityThread.java:6190)
05-27 15:25:58.095 10233 10233 I art     :   at java.lang.Object java.lang.reflect.Method.invoke!(java.lang.Object, java.lang.Object[]) (Method.java:-2)
05-27 15:25:58.095 10233 10233 I art     :   at void com.android.internal.os.ZygoteInit$MethodAndArgsCaller.run() (ZygoteInit.java:892)
05-27 15:25:58.095 10233 10233 I art     :   at void com.android.internal.os.ZygoteInit.main(java.lang.String[]) (ZygoteInit.java:782)
05-27 15:25:58.095 10233 10233 I art     : 
05-27 15:25:58.097 10233 10233 I art     : Rejecting re-init on previously-failed class java.lang.Class<j$.nio.file.attribute.r>: java.lang.NoClassDefFoundError: Failed resolution of: Ljava/nio/file/attribute/FileAttribute;
05-27 15:25:58.097 10233 10233 I art     :   at long j$.desugar.sun.nio.fs.g.v(long, long) (r8-map-id-53e39ebd2b8e1da6017e57ed7acab68adfd0d540c288b358f352eb7539f01c7c:1)
05-27 15:25:58.097 10233 10233 I art     :   at j$.time.Instant j$.time.Instant.ofEpochSecond(long, long) (r8-map-id-53e39ebd2b8e1da6017e57ed7acab68adfd0d540c288b358f352eb7539f01c7c:4)
05-27 15:25:58.097 10233 10233 I art     :   at void j$.time.Instant.<clinit>() (r8-map-id-53e39ebd2b8e1da6017e57ed7acab68adfd0d540c288b358f352eb7539f01c7c:16)
