06-11 08:50:09.806 12497 12497 D AndroidRuntime: >>>>>> START com.android.internal.os.RuntimeInit uid 0 <<<<<<
06-11 08:50:09.811 12497 12497 D AndroidRuntime: CheckJNI is OFF
06-11 08:50:09.891 12497 12497 D ICU     : No timezone override file found: /data/misc/zoneinfo/current/icu/icu_tzdata.dat
06-11 08:50:09.910 12497 12497 D libnativebridge: PreInitializeNativeBridge name=unknown instruction_set=x86
06-11 08:50:09.911 12497 12497 D libnativebridge: call UnloadNativeBridge! state=1
06-11 08:50:09.928 12497 12497 E memtrack: Couldn't load memtrack module (No such file or directory)
06-11 08:50:09.928 12497 12497 E android.os.Debug: failed to load memtrack module: -2
06-11 08:50:09.930 12497 12497 I Radio-JNI: register_android_hardware_Radio DONE
06-11 08:50:09.941 12497 12497 D AndroidRuntime: Calling main entry com.android.commands.input.Input
06-11 08:50:09.947 12497 12497 I Input   : injectMotionEvent: MotionEvent { action=ACTION_DOWN, actionButton=0, id[0]=0, x[0]=270.0, y[0]=720.0, toolType[0]=TOOL_TYPE_UNKNOWN, buttonState=0, metaState=0, flags=0x0, edgeFlags=0x0, pointerCount=1, historySize=0, eventTime=23023145, downTime=23023145, deviceId=0, source=0x2002 }
06-11 08:50:09.949 12497 12497 I Input   : injectMotionEvent: MotionEvent { action=ACTION_UP, actionButton=0, id[0]=0, x[0]=270.0, y[0]=720.0, toolType[0]=TOOL_TYPE_UNKNOWN, buttonState=0, metaState=0, flags=0x0, edgeFlags=0x0, pointerCount=1, historySize=0, eventTime=23023145, downTime=23023145, deviceId=0, source=0x2002 }
06-11 08:50:09.950 12497 12497 D AndroidRuntime: Shutting down VM
06-11 08:50:20.393  1716  1716 D BoundBrokerSvc: onUnbind: Intent { act=com.google.android.gms.libs.gmscorelogger.service.START dat=chimera-action: cmp=com.google.android.gms/.chimera.PersistentDirectBootAwareApiService }
06-11 08:50:27.202 12507 12507 I appproc : exec app_process! cmdline: /system/bin com.android.commands.input.Input mouse tap 270 600 
06-11 08:50:27.202 12507 12507 D AndroidRuntime: >>>>>> START com.android.internal.os.RuntimeInit uid 0 <<<<<<
06-11 08:50:27.207 12507 12507 D AndroidRuntime: CheckJNI is OFF
06-11 08:50:27.282 12507 12507 D ICU     : No timezone override file found: /data/misc/zoneinfo/current/icu/icu_tzdata.dat
06-11 08:50:27.297 12507 12507 D libnativebridge: PreInitializeNativeBridge name=unknown instruction_set=x86
06-11 08:50:27.297 12507 12507 D libnativebridge: call UnloadNativeBridge! state=1
06-11 08:50:27.313 12507 12507 E memtrack: Couldn't load memtrack module (No such file or directory)
06-11 08:50:27.313 12507 12507 E android.os.Debug: failed to load memtrack module: -2
06-11 08:50:27.315 12507 12507 I Radio-JNI: register_android_hardware_Radio DONE
06-11 08:50:27.327 12507 12507 D AndroidRuntime: Calling main entry com.android.commands.input.Input
06-11 08:50:27.334 12507 12507 I Input   : injectMotionEvent: MotionEvent { action=ACTION_DOWN, actionButton=0, id[0]=0, x[0]=270.0, y[0]=600.0, toolType[0]=TOOL_TYPE_UNKNOWN, buttonState=0, metaState=0, flags=0x0, edgeFlags=0x0, pointerCount=1, historySize=0, eventTime=23040531, downTime=23040531, deviceId=0, source=0x2002 }
06-11 08:50:27.335 12507 12507 I Input   : injectMotionEvent: MotionEvent { action=ACTION_UP, actionButton=0, id[0]=0, x[0]=270.0, y[0]=600.0, toolType[0]=TOOL_TYPE_UNKNOWN, buttonState=0, metaState=0, flags=0x0, edgeFlags=0x0, pointerCount=1, historySize=0, eventTime=23040531, downTime=23040531, deviceId=0, source=0x2002 }
06-11 08:50:27.336 12507 12507 D AndroidRuntime: Shutting down VM
06-11 08:50:28.790 12517 12517 I appproc : exec app_process! cmdline: /system/bin com.android.commands.input.Input mouse tap 270 620 
06-11 08:50:28.790 12517 12517 D AndroidRuntime: >>>>>> START com.android.internal.os.RuntimeInit uid 0 <<<<<<
06-11 08:50:28.797 12517 12517 D AndroidRuntime: CheckJNI is OFF
06-11 08:50:28.910 12517 12517 D ICU     : No timezone override file found: /data/misc/zoneinfo/current/icu/icu_tzdata.dat
06-11 08:50:28.942 12517 12517 D libnativebridge: PreInitializeNativeBridge name=unknown instruction_set=x86
06-11 08:50:28.943 12517 12517 D libnativebridge: call UnloadNativeBridge! state=1
06-11 08:50:28.977 12517 12517 E memtrack: Couldn't load memtrack module (No such file or directory)
06-11 08:50:28.977 12517 12517 E android.os.Debug: failed to load memtrack module: -2
06-11 08:50:28.981 12517 12517 I Radio-JNI: register_android_hardware_Radio DONE
06-11 08:50:29.004 12517 12517 D AndroidRuntime: Calling main entry com.android.commands.input.Input
06-11 08:50:29.015 12517 12517 I Input   : injectMotionEvent: MotionEvent { action=ACTION_DOWN, actionButton=0, id[0]=0, x[0]=270.0, y[0]=620.0, toolType[0]=TOOL_TYPE_UNKNOWN, buttonState=0, metaState=0, flags=0x0, edgeFlags=0x0, pointerCount=1, historySize=0, eventTime=23042208, downTime=23042208, deviceId=0, source=0x2002 }
06-11 08:50:29.018 12517 12517 I Input   : injectMotionEvent: MotionEvent { action=ACTION_UP, actionButton=0, id[0]=0, x[0]=270.0, y[0]=620.0, toolType[0]=TOOL_TYPE_UNKNOWN, buttonState=0, metaState=0, flags=0x0, edgeFlags=0x0, pointerCount=1, historySize=0, eventTime=23042208, downTime=23042208, deviceId=0, source=0x2002 }
06-11 08:50:29.020 12517 12517 D AndroidRuntime: Shutting down VM
06-11 08:50:30.315 12527 12527 I appproc : exec app_process! cmdline: /system/bin com.android.commands.input.Input mouse tap 270 640 
06-11 08:50:30.315 12527 12527 D AndroidRuntime: >>>>>> START com.android.internal.os.RuntimeInit uid 0 <<<<<<
06-11 08:50:30.319 12527 12527 D AndroidRuntime: CheckJNI is OFF
06-11 08:50:30.396 12527 12527 D ICU     : No timezone override file found: /data/misc/zoneinfo/current/icu/icu_tzdata.dat
06-11 08:50:30.412 12527 12527 D libnativebridge: PreInitializeNativeBridge name=unknown instruction_set=x86
06-11 08:50:30.413 12527 12527 D libnativebridge: call UnloadNativeBridge! state=1
06-11 08:50:30.433 12527 12527 E memtrack: Couldn't load memtrack module (No such file or directory)
06-11 08:50:30.433 12527 12527 E android.os.Debug: failed to load memtrack module: -2
06-11 08:50:30.435 12527 12527 I Radio-JNI: register_android_hardware_Radio DONE
06-11 08:50:30.448 12527 12527 D AndroidRuntime: Calling main entry com.android.commands.input.Input
06-11 08:50:30.456 12527 12527 I Input   : injectMotionEvent: MotionEvent { action=ACTION_DOWN, actionButton=0, id[0]=0, x[0]=270.0, y[0]=640.0, toolType[0]=TOOL_TYPE_UNKNOWN, buttonState=0, metaState=0, flags=0x0, edgeFlags=0x0, pointerCount=1, historySize=0, eventTime=23043652, downTime=23043652, deviceId=0, source=0x2002 }
06-11 08:50:30.458 12527 12527 I Input   : injectMotionEvent: MotionEvent { action=ACTION_UP, actionButton=0, id[0]=0, x[0]=270.0, y[0]=640.0, toolType[0]=TOOL_TYPE_UNKNOWN, buttonState=0, metaState=0, flags=0x0, edgeFlags=0x0, pointerCount=1, historySize=0, eventTime=23043652, downTime=23043652, deviceId=0, source=0x2002 }
06-11 08:50:30.459 12527 12527 D AndroidRuntime: Shutting down VM
06-11 08:50:31.805 12537 12537 I appproc : exec app_process! cmdline: /system/bin com.android.commands.input.Input mouse tap 270 660 
06-11 08:50:31.805 12537 12537 D AndroidRuntime: >>>>>> START com.android.internal.os.RuntimeInit uid 0 <<<<<<
06-11 08:50:31.812 12537 12537 D AndroidRuntime: CheckJNI is OFF
06-11 08:50:31.942 12537 12537 D ICU     : No timezone override file found: /data/misc/zoneinfo/current/icu/icu_tzdata.dat
06-11 08:50:31.975 12537 12537 D libnativebridge: PreInitializeNativeBridge name=unknown instruction_set=x86
06-11 08:50:31.976 12537 12537 D libnativebridge: call UnloadNativeBridge! state=1
06-11 08:50:32.007 12537 12537 E memtrack: Couldn't load memtrack module (No such file or directory)
06-11 08:50:32.007 12537 12537 E android.os.Debug: failed to load memtrack module: -2
06-11 08:50:32.010 12537 12537 I Radio-JNI: register_android_hardware_Radio DONE
06-11 08:50:32.036 12537 12537 D AndroidRuntime: Calling main entry com.android.commands.input.Input
06-11 08:50:32.049 12537 12537 I Input   : injectMotionEvent: MotionEvent { action=ACTION_DOWN, actionButton=0, id[0]=0, x[0]=270.0, y[0]=660.0, toolType[0]=TOOL_TYPE_UNKNOWN, buttonState=0, metaState=0, flags=0x0, edgeFlags=0x0, pointerCount=1, historySize=0, eventTime=23045240, downTime=23045240, deviceId=0, source=0x2002 }
06-11 08:50:32.052 12537 12537 I Input   : injectMotionEvent: MotionEvent { action=ACTION_UP, actionButton=0, id[0]=0, x[0]=270.0, y[0]=660.0, toolType[0]=TOOL_TYPE_UNKNOWN, buttonState=0, metaState=0, flags=0x0, edgeFlags=0x0, pointerCount=1, historySize=0, eventTime=23045240, downTime=23045240, deviceId=0, source=0x2002 }
06-11 08:50:32.053 12537 12537 D AndroidRuntime: Shutting down VM
06-11 08:50:33.382 12547 12547 I appproc : exec app_process! cmdline: /system/bin com.android.commands.input.Input mouse tap 270 680 
06-11 08:50:33.382 12547 12547 D AndroidRuntime: >>>>>> START com.android.internal.os.RuntimeInit uid 0 <<<<<<
06-11 08:50:33.386 12547 12547 D AndroidRuntime: CheckJNI is OFF
06-11 08:50:33.444 12547 12547 D ICU     : No timezone override file found: /data/misc/zoneinfo/current/icu/icu_tzdata.dat
06-11 08:50:33.459 12547 12547 D libnativebridge: PreInitializeNativeBridge name=unknown instruction_set=x86
06-11 08:50:33.460 12547 12547 D libnativebridge: call UnloadNativeBridge! state=1
06-11 08:50:33.480 12547 12547 E memtrack: Couldn't load memtrack module (No such file or directory)
06-11 08:50:33.480 12547 12547 E android.os.Debug: failed to load memtrack module: -2
06-11 08:50:33.482 12547 12547 I Radio-JNI: register_android_hardware_Radio DONE
06-11 08:50:33.495 12547 12547 D AndroidRuntime: Calling main entry com.android.commands.input.Input
06-11 08:50:33.501 12547 12547 I Input   : injectMotionEvent: MotionEvent { action=ACTION_DOWN, actionButton=0, id[0]=0, x[0]=270.0, y[0]=680.0, toolType[0]=TOOL_TYPE_UNKNOWN, buttonState=0, metaState=0, flags=0x0, edgeFlags=0x0, pointerCount=1, historySize=0, eventTime=23046699, downTime=23046699, deviceId=0, source=0x2002 }
06-11 08:50:33.503 12547 12547 I Input   : injectMotionEvent: MotionEvent { action=ACTION_UP, actionButton=0, id[0]=0, x[0]=270.0, y[0]=680.0, toolType[0]=TOOL_TYPE_UNKNOWN, buttonState=0, metaState=0, flags=0x0, edgeFlags=0x0, pointerCount=1, historySize=0, eventTime=23046699, downTime=23046699, deviceId=0, source=0x2002 }
06-11 08:50:33.504 12547 12547 D AndroidRuntime: Shutting down VM
06-11 08:50:34.538 12557 12557 I appproc : exec app_process! cmdline: /system/bin com.android.commands.input.Input mouse tap 270 700 
06-11 08:50:34.539 12557 12557 D AndroidRuntime: >>>>>> START com.android.internal.os.RuntimeInit uid 0 <<<<<<
06-11 08:50:34.543 12557 12557 D AndroidRuntime: CheckJNI is OFF
06-11 08:50:34.603 12557 12557 D ICU     : No timezone override file found: /data/misc/zoneinfo/current/icu/icu_tzdata.dat
06-11 08:50:34.617 12557 12557 D libnativebridge: PreInitializeNativeBridge name=unknown instruction_set=x86
06-11 08:50:34.618 12557 12557 D libnativebridge: call UnloadNativeBridge! state=1
06-11 08:50:34.636 12557 12557 E memtrack: Couldn't load memtrack module (No such file or directory)
06-11 08:50:34.636 12557 12557 E android.os.Debug: failed to load memtrack module: -2
06-11 08:50:34.637 12557 12557 I Radio-JNI: register_android_hardware_Radio DONE
06-11 08:50:34.649 12557 12557 D AndroidRuntime: Calling main entry com.android.commands.input.Input
06-11 08:50:34.656 12557 12557 I Input   : injectMotionEvent: MotionEvent { action=ACTION_DOWN, actionButton=0, id[0]=0, x[0]=270.0, y[0]=700.0, toolType[0]=TOOL_TYPE_UNKNOWN, buttonState=0, metaState=0, flags=0x0, edgeFlags=0x0, pointerCount=1, historySize=0, eventTime=23047853, downTime=23047853, deviceId=0, source=0x2002 }
06-11 08:50:34.657 12557 12557 I Input   : injectMotionEvent: MotionEvent { action=ACTION_UP, actionButton=0, id[0]=0, x[0]=270.0, y[0]=700.0, toolType[0]=TOOL_TYPE_UNKNOWN, buttonState=0, metaState=0, flags=0x0, edgeFlags=0x0, pointerCount=1, historySize=0, eventTime=23047853, downTime=23047853, deviceId=0, source=0x2002 }
06-11 08:50:34.658 12557 12557 D AndroidRuntime: Shutting down VM
06-11 08:50:36.161 12567 12567 I appproc : exec app_process! cmdline: /system/bin com.android.commands.input.Input mouse tap 270 720 
06-11 08:50:36.161 12567 12567 D AndroidRuntime: >>>>>> START com.android.internal.os.RuntimeInit uid 0 <<<<<<
06-11 08:50:36.168 12567 12567 D AndroidRuntime: CheckJNI is OFF
06-11 08:50:36.291 12567 12567 D ICU     : No timezone override file found: /data/misc/zoneinfo/current/icu/icu_tzdata.dat
06-11 08:50:36.319 12567 12567 D libnativebridge: PreInitializeNativeBridge name=unknown instruction_set=x86
06-11 08:50:36.320 12567 12567 D libnativebridge: call UnloadNativeBridge! state=1
06-11 08:50:36.352 12567 12567 E memtrack: Couldn't load memtrack module (No such file or directory)
06-11 08:50:36.352 12567 12567 E android.os.Debug: failed to load memtrack module: -2
06-11 08:50:36.354 12567 12567 I Radio-JNI: register_android_hardware_Radio DONE
06-11 08:50:36.379 12567 12567 D AndroidRuntime: Calling main entry com.android.commands.input.Input
06-11 08:50:36.391 12567 12567 I Input   : injectMotionEvent: MotionEvent { action=ACTION_DOWN, actionButton=0, id[0]=0, x[0]=270.0, y[0]=720.0, toolType[0]=TOOL_TYPE_UNKNOWN, buttonState=0, metaState=0, flags=0x0, edgeFlags=0x0, pointerCount=1, historySize=0, eventTime=23049584, downTime=23049584, deviceId=0, source=0x2002 }
06-11 08:50:36.394 12567 12567 I Input   : injectMotionEvent: MotionEvent { action=ACTION_UP, actionButton=0, id[0]=0, x[0]=270.0, y[0]=720.0, toolType[0]=TOOL_TYPE_UNKNOWN, buttonState=0, metaState=0, flags=0x0, edgeFlags=0x0, pointerCount=1, historySize=0, eventTime=23049584, downTime=23049584, deviceId=0, source=0x2002 }
06-11 08:50:36.396 12567 12567 D AndroidRuntime: Shutting down VM
06-11 08:50:37.873 12577 12577 I appproc : exec app_process! cmdline: /system/bin com.android.commands.input.Input mouse tap 270 740 
06-11 08:50:37.873 12577 12577 D AndroidRuntime: >>>>>> START com.android.internal.os.RuntimeInit uid 0 <<<<<<
06-11 08:50:37.876 12577 12577 D AndroidRuntime: CheckJNI is OFF
06-11 08:50:37.943 12577 12577 D ICU     : No timezone override file found: /data/misc/zoneinfo/current/icu/icu_tzdata.dat
06-11 08:50:37.967 12577 12577 D libnativebridge: PreInitializeNativeBridge name=unknown instruction_set=x86
06-11 08:50:37.968 12577 12577 D libnativebridge: call UnloadNativeBridge! state=1
06-11 08:50:37.989 12577 12577 E memtrack: Couldn't load memtrack module (No such file or directory)
06-11 08:50:37.989 12577 12577 E android.os.Debug: failed to load memtrack module: -2
06-11 08:50:37.991 12577 12577 I Radio-JNI: register_android_hardware_Radio DONE
06-11 08:50:38.008 12577 12577 D AndroidRuntime: Calling main entry com.android.commands.input.Input
06-11 08:50:38.018 12577 12577 I Input   : injectMotionEvent: MotionEvent { action=ACTION_DOWN, actionButton=0, id[0]=0, x[0]=270.0, y[0]=740.0, toolType[0]=TOOL_TYPE_UNKNOWN, buttonState=0, metaState=0, flags=0x0, edgeFlags=0x0, pointerCount=1, historySize=0, eventTime=23051212, downTime=23051212, deviceId=0, source=0x2002 }
06-11 08:50:38.020 12577 12577 I Input   : injectMotionEvent: MotionEvent { action=ACTION_UP, actionButton=0, id[0]=0, x[0]=270.0, y[0]=740.0, toolType[0]=TOOL_TYPE_UNKNOWN, buttonState=0, metaState=0, flags=0x0, edgeFlags=0x0, pointerCount=1, historySize=0, eventTime=23051212, downTime=23051212, deviceId=0, source=0x2002 }
06-11 08:50:38.022 12577 12577 D AndroidRuntime: Shutting down VM
06-11 08:50:39.421 12587 12587 I appproc : exec app_process! cmdline: /system/bin com.android.commands.input.Input mouse tap 270 760 
06-11 08:50:39.421 12587 12587 D AndroidRuntime: >>>>>> START com.android.internal.os.RuntimeInit uid 0 <<<<<<
06-11 08:50:39.427 12587 12587 D AndroidRuntime: CheckJNI is OFF
06-11 08:50:39.550 12587 12587 D ICU     : No timezone override file found: /data/misc/zoneinfo/current/icu/icu_tzdata.dat
06-11 08:50:39.580 12587 12587 D libnativebridge: PreInitializeNativeBridge name=unknown instruction_set=x86
06-11 08:50:39.582 12587 12587 D libnativebridge: call UnloadNativeBridge! state=1
06-11 08:50:39.612 12587 12587 E memtrack: Couldn't load memtrack module (No such file or directory)
06-11 08:50:39.612 12587 12587 E android.os.Debug: failed to load memtrack module: -2
06-11 08:50:39.617 12587 12587 I Radio-JNI: register_android_hardware_Radio DONE
06-11 08:50:39.640 12587 12587 D AndroidRuntime: Calling main entry com.android.commands.input.Input
06-11 08:50:39.652 12587 12587 I Input   : injectMotionEvent: MotionEvent { action=ACTION_DOWN, actionButton=0, id[0]=0, x[0]=270.0, y[0]=760.0, toolType[0]=TOOL_TYPE_UNKNOWN, buttonState=0, metaState=0, flags=0x0, edgeFlags=0x0, pointerCount=1, historySize=0, eventTime=23052844, downTime=23052844, deviceId=0, source=0x2002 }
06-11 08:50:39.655 12587 12587 I Input   : injectMotionEvent: MotionEvent { action=ACTION_UP, actionButton=0, id[0]=0, x[0]=270.0, y[0]=760.0, toolType[0]=TOOL_TYPE_UNKNOWN, buttonState=0, metaState=0, flags=0x0, edgeFlags=0x0, pointerCount=1, historySize=0, eventTime=23052844, downTime=23052844, deviceId=0, source=0x2002 }
06-11 08:50:39.657 12587 12587 D AndroidRuntime: Shutting down VM
06-11 08:50:55.664 12597 12597 I HostConnection: HostConnection::HostConnection: pid=12597, tid=12597, this=0xc7e69200
06-11 08:50:55.667 12597 12597 I         : fastpipe: Connect success
06-11 08:50:55.667 12597 12597 D HostConnection: HostRPC::connect sucess: app=screencap, pid=12597, tid=12597, this=0xc6804740
06-11 08:50:55.668 12597 12597 E HostConnection: /data/local/cfg-znz/gl_force format error! com.tencent.tmgp.trssj 5 
06-11 08:50:55.668 12597 12597 E HostConnection: /data/local/cfg-znz/gl_force format error! com.huiqi.mrby gl
06-11 08:50:55.668 12597 12597 E HostConnection: /data/local/cfg-znz/gl_force format error! aos.playpark.ygc gl
06-11 08:50:55.668 12597 12597 D HostConnection: queryAndSetGLESMaxVersion select gles-version: 3.1 hostGLVersion:46 process:screencap
06-11 08:50:55.669 12597 12597 I         : fastpipe: Connect success
06-11 08:50:55.670 12597 12597 D HostConnection: recv ProcessPuidReply name=screencap puid=46 g_u64CapsFlag=1d
06-11 08:50:55.673  1110  1110 E EGL_adreno: tid 1110: eglCreateSyncKHR(2089): error 0x3004 (EGL_BAD_ATTRIBUTE)
06-11 08:50:56.452 11067 11067 D BoundBrokerSvc: onUnbind: Intent { act=com.google.android.gms.backup.GMS_MODULE_RESTORE dat=chimera-action: cmp=com.google.android.gms/.chimera.GmsInternalBoundBrokerService }
06-11 08:50:57.364 12603 12603 I appproc : exec app_process! cmdline: /system/bin com.android.commands.am.Am broadcast -a android.intent.action.MEDIA_SCANNER_SCAN_FILE -d file:///sdcard/screen3.png 
06-11 08:50:57.365 12603 12603 D AndroidRuntime: >>>>>> START com.android.internal.os.RuntimeInit uid 0 <<<<<<
06-11 08:50:57.369 12603 12603 D AndroidRuntime: CheckJNI is OFF
06-11 08:50:57.447 12603 12603 D ICU     : No timezone override file found: /data/misc/zoneinfo/current/icu/icu_tzdata.dat
06-11 08:50:57.465 12603 12603 D libnativebridge: PreInitializeNativeBridge name=unknown instruction_set=x86
06-11 08:50:57.465 12603 12603 D libnativebridge: call UnloadNativeBridge! state=1
06-11 08:50:57.488 12603 12603 E memtrack: Couldn't load memtrack module (No such file or directory)
06-11 08:50:57.489 12603 12603 E android.os.Debug: failed to load memtrack module: -2
06-11 08:50:57.490 12603 12603 I Radio-JNI: register_android_hardware_Radio DONE
06-11 08:50:57.503 12603 12603 D AndroidRuntime: Calling main entry com.android.commands.am.Am
06-11 08:50:57.513  8246  8246 D MediaScannerReceiver: action: android.intent.action.MEDIA_SCANNER_SCAN_FILE path: /storage/emulated/0/screen3.png
06-11 08:50:57.517 12603 12603 D AndroidRuntime: Shutting down VM
06-11 08:50:57.573 12597 12597 I         : fastpipe: close connect
06-11 08:51:00.154 12272 12272 D native_project_lib: [root_service_log] TimeTickReceiver.onReceive()...
06-11 08:51:00.167 12272 12272 D native_project_lib: [root_service_log] saved callback activity class name: com.anansimobile.city_ar.Main
06-11 08:51:00.167 12272 12272 D native_project_lib: [root_service_log] notification ignored, activity in foreground!~
06-11 08:51:00.228  1302  1310 I art     : Background partial concurrent mark sweep GC freed 27278(1077KB) AllocSpace objects, 14(280KB) LOS objects, 33% free, 9MB/14MB, paused 1.889ms total 106.652ms
06-11 08:51:19.320  1716 12209 I art     : Starting a blocking GC Explicit
06-11 08:51:19.474  1716 12209 I art     : Explicit concurrent mark sweep GC freed 15782(727KB) AllocSpace objects, 2(40KB) LOS objects, 40% free, 12MB/21MB, paused 1.356ms total 152.727ms
06-11 08:51:23.464 12614 12614 I appproc : exec app_process! cmdline: /system/bin com.android.commands.input.Input tap 270 720 
06-11 08:51:23.464 12614 12614 D AndroidRuntime: >>>>>> START com.android.internal.os.RuntimeInit uid 0 <<<<<<
06-11 08:51:23.471 12614 12614 D AndroidRuntime: CheckJNI is OFF
06-11 08:51:23.589 12614 12614 D ICU     : No timezone override file found: /data/misc/zoneinfo/current/icu/icu_tzdata.dat
06-11 08:51:23.615 12614 12614 D libnativebridge: PreInitializeNativeBridge name=unknown instruction_set=x86
06-11 08:51:23.616 12614 12614 D libnativebridge: call UnloadNativeBridge! state=1
06-11 08:51:23.648 12614 12614 E memtrack: Couldn't load memtrack module (No such file or directory)
06-11 08:51:23.648 12614 12614 E android.os.Debug: failed to load memtrack module: -2
06-11 08:51:23.650 12614 12614 I Radio-JNI: register_android_hardware_Radio DONE
06-11 08:51:23.675 12614 12614 D AndroidRuntime: Calling main entry com.android.commands.input.Input
06-11 08:51:23.684 12614 12614 I Input   : injectMotionEvent: MotionEvent { action=ACTION_DOWN, actionButton=0, id[0]=0, x[0]=270.0, y[0]=720.0, toolType[0]=TOOL_TYPE_UNKNOWN, buttonState=0, metaState=0, flags=0x0, edgeFlags=0x0, pointerCount=1, historySize=0, eventTime=23096879, downTime=23096879, deviceId=2, source=0x1002 }
06-11 08:51:23.686 12614 12614 I Input   : injectMotionEvent: MotionEvent { action=ACTION_UP, actionButton=0, id[0]=0, x[0]=270.0, y[0]=720.0, toolType[0]=TOOL_TYPE_UNKNOWN, buttonState=0, metaState=0, flags=0x0, edgeFlags=0x0, pointerCount=1, historySize=0, eventTime=23096879, downTime=23096879, deviceId=2, source=0x1002 }
06-11 08:51:23.688 12614 12614 D AndroidRuntime: Shutting down VM
06-11 08:51:49.374  1716  1716 D BoundBrokerSvc: onUnbind: Intent { act=com.google.android.gms.presencemanager.service.START dat=chimera-action: cmp=com.google.android.gms/.chimera.PersistentApiService }
06-11 08:51:49.387  1716  1716 D BoundBrokerSvc: onUnbind: Intent { act=com.google.android.gms.presencemanager.service.INTERNAL_IDENTITY dat=chimera-action: cmp=com.google.android.gms/.chimera.PersistentApiService }
06-11 08:52:00.118 12272 12272 D native_project_lib: [root_service_log] TimeTickReceiver.onReceive()...
06-11 08:52:00.128 12272 12272 D native_project_lib: [root_service_log] saved callback activity class name: com.anansimobile.city_ar.Main
06-11 08:52:00.128 12272 12272 D native_project_lib: [root_service_log] notification ignored, activity in foreground!~
06-11 08:52:00.200  1302  1310 I art     : Background partial concurrent mark sweep GC freed 27975(1136KB) AllocSpace objects, 16(320KB) LOS objects, 33% free, 9MB/14MB, paused 2.187ms total 103.923ms
06-11 08:52:08.665 12636 12636 I appproc : exec app_process! cmdline: /system/bin com.android.commands.input.Input mouse tap 200 500 
06-11 08:52:08.666 12636 12636 D AndroidRuntime: >>>>>> START com.android.internal.os.RuntimeInit uid 0 <<<<<<
06-11 08:52:08.671 12636 12636 D AndroidRuntime: CheckJNI is OFF
06-11 08:52:08.766 12636 12636 D ICU     : No timezone override file found: /data/misc/zoneinfo/current/icu/icu_tzdata.dat
06-11 08:52:08.789 12636 12636 D libnativebridge: PreInitializeNativeBridge name=unknown instruction_set=x86
06-11 08:52:08.789 12636 12636 D libnativebridge: call UnloadNativeBridge! state=1
06-11 08:52:08.816 12636 12636 E memtrack: Couldn't load memtrack module (No such file or directory)
06-11 08:52:08.816 12636 12636 E android.os.Debug: failed to load memtrack module: -2
06-11 08:52:08.820 12636 12636 I Radio-JNI: register_android_hardware_Radio DONE
06-11 08:52:08.838 12636 12636 D AndroidRuntime: Calling main entry com.android.commands.input.Input
06-11 08:52:08.846 12636 12636 I Input   : injectMotionEvent: MotionEvent { action=ACTION_DOWN, actionButton=0, id[0]=0, x[0]=200.0, y[0]=500.0, toolType[0]=TOOL_TYPE_UNKNOWN, buttonState=0, metaState=0, flags=0x0, edgeFlags=0x0, pointerCount=1, historySize=0, eventTime=23142042, downTime=23142042, deviceId=0, source=0x2002 }
06-11 08:52:08.849 12636 12636 I Input   : injectMotionEvent: MotionEvent { action=ACTION_UP, actionButton=0, id[0]=0, x[0]=200.0, y[0]=500.0, toolType[0]=TOOL_TYPE_UNKNOWN, buttonState=0, metaState=0, flags=0x0, edgeFlags=0x0, pointerCount=1, historySize=0, eventTime=23142042, downTime=23142042, deviceId=0, source=0x2002 }
06-11 08:52:08.851 12636 12636 D AndroidRuntime: Shutting down VM
06-11 08:52:09.889 12646 12646 I appproc : exec app_process! cmdline: /system/bin com.android.commands.input.Input mouse tap 270 500 
06-11 08:52:09.889 12646 12646 D AndroidRuntime: >>>>>> START com.android.internal.os.RuntimeInit uid 0 <<<<<<
06-11 08:52:09.894 12646 12646 D AndroidRuntime: CheckJNI is OFF
06-11 08:52:09.956 12646 12646 D ICU     : No timezone override file found: /data/misc/zoneinfo/current/icu/icu_tzdata.dat
06-11 08:52:09.977 12646 12646 D libnativebridge: PreInitializeNativeBridge name=unknown instruction_set=x86
06-11 08:52:09.977 12646 12646 D libnativebridge: call UnloadNativeBridge! state=1
06-11 08:52:10.019 12646 12646 E memtrack: Couldn't load memtrack module (No such file or directory)
06-11 08:52:10.019 12646 12646 E android.os.Debug: failed to load memtrack module: -2
06-11 08:52:10.022 12646 12646 I Radio-JNI: register_android_hardware_Radio DONE
06-11 08:52:10.041 12646 12646 D AndroidRuntime: Calling main entry com.android.commands.input.Input
06-11 08:52:10.049 12646 12646 I Input   : injectMotionEvent: MotionEvent { action=ACTION_DOWN, actionButton=0, id[0]=0, x[0]=270.0, y[0]=500.0, toolType[0]=TOOL_TYPE_UNKNOWN, buttonState=0, metaState=0, flags=0x0, edgeFlags=0x0, pointerCount=1, historySize=0, eventTime=23143246, downTime=23143246, deviceId=0, source=0x2002 }
06-11 08:52:10.051 12646 12646 I Input   : injectMotionEvent: MotionEvent { action=ACTION_UP, actionButton=0, id[0]=0, x[0]=270.0, y[0]=500.0, toolType[0]=TOOL_TYPE_UNKNOWN, buttonState=0, metaState=0, flags=0x0, edgeFlags=0x0, pointerCount=1, historySize=0, eventTime=23143246, downTime=23143246, deviceId=0, source=0x2002 }
06-11 08:52:10.052 12646 12646 D AndroidRuntime: Shutting down VM
06-11 08:52:11.069 12656 12656 I appproc : exec app_process! cmdline: /system/bin com.android.commands.input.Input mouse tap 340 500 
06-11 08:52:11.069 12656 12656 D AndroidRuntime: >>>>>> START com.android.internal.os.RuntimeInit uid 0 <<<<<<
06-11 08:52:11.073 12656 12656 D AndroidRuntime: CheckJNI is OFF
06-11 08:52:11.154 12656 12656 D ICU     : No timezone override file found: /data/misc/zoneinfo/current/icu/icu_tzdata.dat
06-11 08:52:11.171 12656 12656 D libnativebridge: PreInitializeNativeBridge name=unknown instruction_set=x86
06-11 08:52:11.172 12656 12656 D libnativebridge: call UnloadNativeBridge! state=1
06-11 08:52:11.190 12656 12656 E memtrack: Couldn't load memtrack module (No such file or directory)
06-11 08:52:11.190 12656 12656 E android.os.Debug: failed to load memtrack module: -2
06-11 08:52:11.193 12656 12656 I Radio-JNI: register_android_hardware_Radio DONE
06-11 08:52:11.206 12656 12656 D AndroidRuntime: Calling main entry com.android.commands.input.Input
06-11 08:52:11.213 12656 12656 I Input   : injectMotionEvent: MotionEvent { action=ACTION_DOWN, actionButton=0, id[0]=0, x[0]=340.0, y[0]=500.0, toolType[0]=TOOL_TYPE_UNKNOWN, buttonState=0, metaState=0, flags=0x0, edgeFlags=0x0, pointerCount=1, historySize=0, eventTime=23144411, downTime=23144411, deviceId=0, source=0x2002 }
06-11 08:52:11.215 12656 12656 I Input   : injectMotionEvent: MotionEvent { action=ACTION_UP, actionButton=0, id[0]=0, x[0]=340.0, y[0]=500.0, toolType[0]=TOOL_TYPE_UNKNOWN, buttonState=0, metaState=0, flags=0x0, edgeFlags=0x0, pointerCount=1, historySize=0, eventTime=23144411, downTime=23144411, deviceId=0, source=0x2002 }
06-11 08:52:11.216 12656 12656 D AndroidRuntime: Shutting down VM
06-11 08:52:12.239 12666 12666 I appproc : exec app_process! cmdline: /system/bin com.android.commands.input.Input mouse tap 200 550 
06-11 08:52:12.239 12666 12666 D AndroidRuntime: >>>>>> START com.android.internal.os.RuntimeInit uid 0 <<<<<<
06-11 08:52:12.244 12666 12666 D AndroidRuntime: CheckJNI is OFF
06-11 08:52:12.310 12666 12666 D ICU     : No timezone override file found: /data/misc/zoneinfo/current/icu/icu_tzdata.dat
06-11 08:52:12.326 12666 12666 D libnativebridge: PreInitializeNativeBridge name=unknown instruction_set=x86
06-11 08:52:12.327 12666 12666 D libnativebridge: call UnloadNativeBridge! state=1
06-11 08:52:12.344 12666 12666 E memtrack: Couldn't load memtrack module (No such file or directory)
06-11 08:52:12.344 12666 12666 E android.os.Debug: failed to load memtrack module: -2
06-11 08:52:12.346 12666 12666 I Radio-JNI: register_android_hardware_Radio DONE
06-11 08:52:12.361 12666 12666 D AndroidRuntime: Calling main entry com.android.commands.input.Input
06-11 08:52:12.368 12666 12666 I Input   : injectMotionEvent: MotionEvent { action=ACTION_DOWN, actionButton=0, id[0]=0, x[0]=200.0, y[0]=550.0, toolType[0]=TOOL_TYPE_UNKNOWN, buttonState=0, metaState=0, flags=0x0, edgeFlags=0x0, pointerCount=1, historySize=0, eventTime=23145564, downTime=23145564, deviceId=0, source=0x2002 }
06-11 08:52:12.369 12666 12666 I Input   : injectMotionEvent: MotionEvent { action=ACTION_UP, actionButton=0, id[0]=0, x[0]=200.0, y[0]=550.0, toolType[0]=TOOL_TYPE_UNKNOWN, buttonState=0, metaState=0, flags=0x0, edgeFlags=0x0, pointerCount=1, historySize=0, eventTime=23145564, downTime=23145564, deviceId=0, source=0x2002 }
06-11 08:52:12.371 12666 12666 D AndroidRuntime: Shutting down VM
06-11 08:52:12.470 12272 12272 W System  : ClassLoader referenced unknown path: /system/app/Chrome/lib/x86
06-11 08:52:12.470 12272 12272 D ApplicationLoaders: ignored Vulkan layer search path /system/app/Chrome/lib/x86:/system/app/Chrome/Chrome.apk!/lib/x86:/system/lib:/vendor/lib for namespace 0xba5830d0
06-11 08:52:12.509 12272 12272 I WebViewFactory: Loading com.android.chrome version 86.0.4240.198 (code 424019821)
06-11 08:52:12.763  1302  2173 I ActivityManager: Start proc 12680:com.android.chrome:webview_service/u0a30 for service com.android.chrome/org.chromium.android_webview.services.VariationsSeedServer
06-11 08:52:12.810 12680 12680 D libnativebridge: call UnloadNativeBridge! state=1
06-11 08:52:12.847 12272 12272 I cr_LibraryLoader: Loaded native library version number "86.0.4240.198"
06-11 08:52:12.859 12272 12272 I cr_CachingUmaRecorder: Flushed 5 samples from 5 histograms.
06-11 08:52:12.913  1735  1735 W ContextImpl: Calling a method in the system process without a qualified user: android.app.ContextImpl.startService:1358 android.content.ContextWrapper.startService:613 android.content.ContextWrapper.startService:613 com.android.coreservice.CoreBroadcastReceiver.onReceive:53 android.app.ActivityThread.handleReceiver:3073 
06-11 08:52:12.952 12680 12680 W System  : ClassLoader referenced unknown path: /system/app/Chrome/lib/x86
06-11 08:52:12.991 12680 12680 I LoadedApk: No resource references to update in package com.android.chrome.cablev2_authenticator
06-11 08:52:12.991 12680 12680 I LoadedApk: No resource references to update in package com.android.chrome.autofill_assistant
06-11 08:52:12.991 12680 12680 I LoadedApk: No resource references to update in package com.android.chrome.chime
06-11 08:52:12.992 12680 12680 I LoadedApk: No resource references to update in package com.android.chrome.dev_ui
06-11 08:52:12.992 12680 12680 I LoadedApk: No resource references to update in package com.android.chrome.stack_unwinder
06-11 08:52:12.992 12680 12680 I LoadedApk: No resource references to update in package com.android.chrome.test_dummy
06-11 08:52:13.037 11067 11067 D BoundBrokerSvc: onBind: Intent { act=com.google.android.gms.safetynet.service.START pkg=com.google.android.gms }
06-11 08:52:13.037 11067 11067 D BoundBrokerSvc: Loading bound service for intent: Intent { act=com.google.android.gms.safetynet.service.START pkg=com.google.android.gms }
06-11 08:52:13.047 12272 12272 W ResourceType: Failure getting entry for 0x7f130606 (t=18 e=1542) (error -2147483647)
06-11 08:52:13.158 12272 12272 E chromium: [ERROR:filesystem_posix.cc(62)] mkdir /data/user/0/com.anansimobile.city_ar/cache/WebView/Crashpad: No such file or directory (2)
06-11 08:52:13.513  1302  1310 I art     : Background partial concurrent mark sweep GC freed 21871(967KB) AllocSpace objects, 18(360KB) LOS objects, 33% free, 9MB/14MB, paused 1.423ms total 118.920ms
06-11 08:52:14.024 12696 12696 I appproc : exec app_process! cmdline: /system/bin com.android.commands.input.Input mouse tap 270 550 
06-11 08:52:14.025 12696 12696 D AndroidRuntime: >>>>>> START com.android.internal.os.RuntimeInit uid 0 <<<<<<
06-11 08:52:14.033 12696 12696 D AndroidRuntime: CheckJNI is OFF
06-11 08:52:14.077  1302  1310 I art     : Background partial concurrent mark sweep GC freed 17637(775KB) AllocSpace objects, 15(300KB) LOS objects, 33% free, 9MB/14MB, paused 1.682ms total 100.135ms
06-11 08:52:14.180 12272 12719 E libEGL  : validate_display:99 error 3008 (EGL_BAD_DISPLAY)
06-11 08:52:14.184 12272 12719 I HostConnection: HostConnection::HostConnection: pid=12272, tid=12719, this=0xa0d61240
06-11 08:52:14.188 12272 12719 I         : fastpipe: Connect success
06-11 08:52:14.189 12272 12719 D HostConnection: HostRPC::connect sucess: app=com.anansimobile.city_ar, pid=12272, tid=12719, this=0xa0ec8080
06-11 08:52:14.190 12272 12719 D HostConnection: queryAndSetGLESMaxVersion select gles-version: 3.1 hostGLVersion:46 process:com.anansimobile.city_ar
06-11 08:52:14.239 12272 12719 I EGL_adreno: eglCreateContext request GLES major-version=2
06-11 08:52:14.240 12272 12719 I EGL_adreno: eglCreateContext request GLES minor-version=0
06-11 08:52:14.266 12272 12719 D EGL_adreno: eglCreateContext: 0xa0e0fb60: maj 3 min 1 rcv 4
06-11 08:52:14.271 12272 12719 D EGL_adreno: eglMakeCurrent: 0xa0e0fb60: ver 3 1 (tinfo 0xa694aca0)
06-11 08:52:14.286 12272 12719 D HostConnection: ExtendedRCEncoderContext GL_VERSION return OpenGL ES 3.1
06-11 08:52:14.301 12272 12719 W GLESv2_enc: no support GL_NUM_PROGRAM_BINARY_FORMATS
06-11 08:52:14.316 12696 12696 D ICU     : No timezone override file found: /data/misc/zoneinfo/current/icu/icu_tzdata.dat
06-11 08:52:14.364 12696 12696 D libnativebridge: PreInitializeNativeBridge name=unknown instruction_set=x86
06-11 08:52:14.365 12696 12696 D libnativebridge: call UnloadNativeBridge! state=1
06-11 08:52:14.419 12272 12719 I EGL_adreno: eglCreateContext request GLES major-version=3
06-11 08:52:14.420 12272 12719 I EGL_adreno: eglCreateContext request GLES minor-version=0
06-11 08:52:14.421 12272 12709 W cr_media: Requires BLUETOOTH permission
06-11 08:52:14.440 12272 12719 D EGL_adreno: eglCreateContext: 0xa10f1d20: maj 3 min 0 rcv 3
06-11 08:52:14.449 12272 12719 D EGL_adreno: eglMakeCurrent: 0xa10f1d20: ver 3 0 (tinfo 0xa694aca0)
06-11 08:52:14.452 12272 12307 V libnb   : enter native_bridge2_getTrampoline Java_com_anansimobile_nge_NGGLSurfaceView_onTouchMoved, trampoline_addr 0xb91bad94
06-11 08:52:14.463 12272 12719 D HostConnection: ExtendedRCEncoderContext GL_VERSION return OpenGL ES 3.1
06-11 08:52:14.517 12272 12719 E eglCodecCommon: glUtilsParamSize: unknow param 0x000088ef
06-11 08:52:14.588 12272 12719 E eglCodecCommon: glUtilsParamSize: unknow param 0x000088ef
06-11 08:52:14.596 12272 12719 E eglCodecCommon: glUtilsParamSize: unknow param 0x000088ef
06-11 08:52:14.628 12696 12696 E memtrack: Couldn't load memtrack module (No such file or directory)
06-11 08:52:14.628 12696 12696 E android.os.Debug: failed to load memtrack module: -2
06-11 08:52:14.631 12696 12696 I Radio-JNI: register_android_hardware_Radio DONE
06-11 08:52:14.641 12272 12719 E eglCodecCommon: glUtilsParamSize: unknow param 0x000088ef
06-11 08:52:14.647 12272 12719 E eglCodecCommon: glUtilsParamSize: unknow param 0x000088ef
06-11 08:52:14.678 12272 12719 E eglCodecCommon: glUtilsParamSize: unknow param 0x000088ef
06-11 08:52:14.698 12696 12696 D AndroidRuntime: Calling main entry com.android.commands.input.Input
06-11 08:52:14.722 12696 12696 I Input   : injectMotionEvent: MotionEvent { action=ACTION_DOWN, actionButton=0, id[0]=0, x[0]=270.0, y[0]=550.0, toolType[0]=TOOL_TYPE_UNKNOWN, buttonState=0, metaState=0, flags=0x0, edgeFlags=0x0, pointerCount=1, historySize=0, eventTime=23147904, downTime=23147904, deviceId=0, source=0x2002 }
06-11 08:52:14.766 12696 12696 I Input   : injectMotionEvent: MotionEvent { action=ACTION_UP, actionButton=0, id[0]=0, x[0]=270.0, y[0]=550.0, toolType[0]=TOOL_TYPE_UNKNOWN, buttonState=0, metaState=0, flags=0x0, edgeFlags=0x0, pointerCount=1, historySize=0, eventTime=23147904, downTime=23147904, deviceId=0, source=0x2002 }
06-11 08:52:14.803 12696 12696 D AndroidRuntime: Shutting down VM
06-11 08:52:14.820  1735  1735 W ContextImpl: Calling a method in the system process without a qualified user: android.app.ContextImpl.startService:1358 android.content.ContextWrapper.startService:613 android.content.ContextWrapper.startService:613 com.android.coreservice.CoreBroadcastReceiver.onReceive:69 android.app.ActivityThread.handleReceiver:3073 
06-11 08:52:14.821 12272 12272 W IInputConnectionWrapper: finishComposingText on inactive InputConnection
06-11 08:52:14.914 12272 12321 E eglCodecCommon: glUtilsParamSize: unknow param 0x000088ef
06-11 08:52:15.083 12272 12272 V libnb   : enter native_bridge2_getTrampoline Java_com_anansimobile_nge_NGWebView_OnWebViewLoaded, trampoline_addr 0xb91bad5c
06-11 08:52:16.543 12742 12742 I appproc : exec app_process! cmdline: /system/bin com.android.commands.input.Input mouse tap 340 550 
06-11 08:52:16.543 12742 12742 D AndroidRuntime: >>>>>> START com.android.internal.os.RuntimeInit uid 0 <<<<<<
06-11 08:52:16.546 12742 12742 D AndroidRuntime: CheckJNI is OFF
06-11 08:52:16.637 12742 12742 D ICU     : No timezone override file found: /data/misc/zoneinfo/current/icu/icu_tzdata.dat
06-11 08:52:16.663 12742 12742 D libnativebridge: PreInitializeNativeBridge name=unknown instruction_set=x86
06-11 08:52:16.663 12742 12742 D libnativebridge: call UnloadNativeBridge! state=1
06-11 08:52:16.694 12742 12742 E memtrack: Couldn't load memtrack module (No such file or directory)
06-11 08:52:16.694 12742 12742 E android.os.Debug: failed to load memtrack module: -2
06-11 08:52:16.697 12742 12742 I Radio-JNI: register_android_hardware_Radio DONE
06-11 08:52:16.720 12742 12742 D AndroidRuntime: Calling main entry com.android.commands.input.Input
06-11 08:52:16.736 12742 12742 I Input   : injectMotionEvent: MotionEvent { action=ACTION_DOWN, actionButton=0, id[0]=0, x[0]=340.0, y[0]=550.0, toolType[0]=TOOL_TYPE_UNKNOWN, buttonState=0, metaState=0, flags=0x0, edgeFlags=0x0, pointerCount=1, historySize=0, eventTime=23149925, downTime=23149925, deviceId=0, source=0x2002 }
06-11 08:52:16.743 12742 12742 I Input   : injectMotionEvent: MotionEvent { action=ACTION_UP, actionButton=0, id[0]=0, x[0]=340.0, y[0]=550.0, toolType[0]=TOOL_TYPE_UNKNOWN, buttonState=0, metaState=0, flags=0x0, edgeFlags=0x0, pointerCount=1, historySize=0, eventTime=23149925, downTime=23149925, deviceId=0, source=0x2002 }
06-11 08:52:16.747 12742 12742 D AndroidRuntime: Shutting down VM
06-11 08:52:17.989 12752 12752 I appproc : exec app_process! cmdline: /system/bin com.android.commands.input.Input mouse tap 200 600 
06-11 08:52:17.989 12752 12752 D AndroidRuntime: >>>>>> START com.android.internal.os.RuntimeInit uid 0 <<<<<<
06-11 08:52:17.994 12752 12752 D AndroidRuntime: CheckJNI is OFF
06-11 08:52:18.082 12752 12752 D ICU     : No timezone override file found: /data/misc/zoneinfo/current/icu/icu_tzdata.dat
06-11 08:52:18.103 12752 12752 D libnativebridge: PreInitializeNativeBridge name=unknown instruction_set=x86
06-11 08:52:18.104 12752 12752 D libnativebridge: call UnloadNativeBridge! state=1
06-11 08:52:18.127 12752 12752 E memtrack: Couldn't load memtrack module (No such file or directory)
06-11 08:52:18.127 12752 12752 E android.os.Debug: failed to load memtrack module: -2
06-11 08:52:18.129 12752 12752 I Radio-JNI: register_android_hardware_Radio DONE
06-11 08:52:18.144 12752 12752 D AndroidRuntime: Calling main entry com.android.commands.input.Input
06-11 08:52:18.151 12752 12752 I Input   : injectMotionEvent: MotionEvent { action=ACTION_DOWN, actionButton=0, id[0]=0, x[0]=200.0, y[0]=600.0, toolType[0]=TOOL_TYPE_UNKNOWN, buttonState=0, metaState=0, flags=0x0, edgeFlags=0x0, pointerCount=1, historySize=0, eventTime=23151348, downTime=23151348, deviceId=0, source=0x2002 }
06-11 08:52:18.154 12752 12752 I Input   : injectMotionEvent: MotionEvent { action=ACTION_UP, actionButton=0, id[0]=0, x[0]=200.0, y[0]=600.0, toolType[0]=TOOL_TYPE_UNKNOWN, buttonState=0, metaState=0, flags=0x0, edgeFlags=0x0, pointerCount=1, historySize=0, eventTime=23151348, downTime=23151348, deviceId=0, source=0x2002 }
06-11 08:52:18.157 12752 12752 D AndroidRuntime: Shutting down VM
06-11 08:52:18.585  1302  1358 D WifiStateMachine: setScanResults mScanResults.size=1
06-11 08:52:18.736 12272 12719 D EGL_adreno: eglMakeCurrent: 0xa10f1d20: ver 3 0 (tinfo 0xa694aca0)
06-11 08:52:18.740 12272 12272 V libnb   : enter native_bridge2_getTrampoline Java_com_anansimobile_nge_NGWebView_OnWebViewDismissed, trampoline_addr 0xb91bad24
06-11 08:52:18.757  1117  1138 D audio_hw_hal: raw_start_output_stream, stream=0xc6f05140, sampleRate=48000, channel=2, bps=16, bufSize=4096
06-11 08:52:18.802  1735  1735 W ContextImpl: Calling a method in the system process without a qualified user: android.app.ContextImpl.startService:1358 android.content.ContextWrapper.startService:613 android.content.ContextWrapper.startService:613 com.android.coreservice.CoreBroadcastReceiver.onReceive:69 android.app.ActivityThread.handleReceiver:3073 
06-11 08:52:19.220 12763 12763 I appproc : exec app_process! cmdline: /system/bin com.android.commands.input.Input mouse tap 270 600 
06-11 08:52:19.220 12763 12763 D AndroidRuntime: >>>>>> START com.android.internal.os.RuntimeInit uid 0 <<<<<<
06-11 08:52:19.223 12763 12763 D AndroidRuntime: CheckJNI is OFF
06-11 08:52:19.289 12763 12763 D ICU     : No timezone override file found: /data/misc/zoneinfo/current/icu/icu_tzdata.dat
06-11 08:52:19.307 12763 12763 D libnativebridge: PreInitializeNativeBridge name=unknown instruction_set=x86
06-11 08:52:19.308 12763 12763 D libnativebridge: call UnloadNativeBridge! state=1
06-11 08:52:19.324 12763 12763 E memtrack: Couldn't load memtrack module (No such file or directory)
06-11 08:52:19.324 12763 12763 E android.os.Debug: failed to load memtrack module: -2
06-11 08:52:19.326 12763 12763 I Radio-JNI: register_android_hardware_Radio DONE
06-11 08:52:19.339 12763 12763 D AndroidRuntime: Calling main entry com.android.commands.input.Input
06-11 08:52:19.346 12763 12763 I Input   : injectMotionEvent: MotionEvent { action=ACTION_DOWN, actionButton=0, id[0]=0, x[0]=270.0, y[0]=600.0, toolType[0]=TOOL_TYPE_UNKNOWN, buttonState=0, metaState=0, flags=0x0, edgeFlags=0x0, pointerCount=1, historySize=0, eventTime=23152543, downTime=23152543, deviceId=0, source=0x2002 }
06-11 08:52:19.348 12763 12763 I Input   : injectMotionEvent: MotionEvent { action=ACTION_UP, actionButton=0, id[0]=0, x[0]=270.0, y[0]=600.0, toolType[0]=TOOL_TYPE_UNKNOWN, buttonState=0, metaState=0, flags=0x0, edgeFlags=0x0, pointerCount=1, historySize=0, eventTime=23152543, downTime=23152543, deviceId=0, source=0x2002 }
06-11 08:52:19.349 12763 12763 D AndroidRuntime: Shutting down VM
06-11 08:52:20.210  1735  1735 W ContextImpl: Calling a method in the system process without a qualified user: android.app.ContextImpl.startService:1358 android.content.ContextWrapper.startService:613 android.content.ContextWrapper.startService:613 com.android.coreservice.CoreBroadcastReceiver.onReceive:69 android.app.ActivityThread.handleReceiver:3073 
06-11 08:52:20.213  1735  1735 W ContextImpl: Calling a method in the system process without a qualified user: android.app.ContextImpl.startService:1358 android.content.ContextWrapper.startService:613 android.content.ContextWrapper.startService:613 com.android.coreservice.CoreBroadcastReceiver.onReceive:69 android.app.ActivityThread.handleReceiver:3073 
06-11 08:52:20.223 12272 12272 W IInputConnectionWrapper: finishComposingText on inactive InputConnection
06-11 08:52:20.231  1735  1735 W ContextImpl: Calling a method in the system process without a qualified user: android.app.ContextImpl.startService:1358 android.content.ContextWrapper.startService:613 android.content.ContextWrapper.startService:613 com.android.coreservice.CoreBroadcastReceiver.onReceive:69 android.app.ActivityThread.handleReceiver:3073 
06-11 08:52:20.234  1735  1735 W ContextImpl: Calling a method in the system process without a qualified user: android.app.ContextImpl.startService:1358 android.content.ContextWrapper.startService:613 android.content.ContextWrapper.startService:613 com.android.coreservice.CoreBroadcastReceiver.onReceive:69 android.app.ActivityThread.handleReceiver:3073 
06-11 08:52:20.250  1302  7767 D NotificationService: notify pkg=android pid=1302
06-11 08:52:20.268  1302  1314 D NotificationService: notify pkg=android pid=1302
06-11 08:52:20.310  1933  4713 E EGL_adreno: tid 4713: eglSurfaceAttrib(1338): error 0x3009 (EGL_BAD_MATCH)
06-11 08:52:20.310  1933  4713 W OpenGLRenderer: Failed to set EGL_SWAP_BEHAVIOR on surface 0xb6e4d880, error=EGL_BAD_MATCH
06-11 08:52:20.599 12773 12773 I appproc : exec app_process! cmdline: /system/bin com.android.commands.input.Input mouse tap 340 600 
06-11 08:52:20.599 12773 12773 D AndroidRuntime: >>>>>> START com.android.internal.os.RuntimeInit uid 0 <<<<<<
06-11 08:52:20.602 12773 12773 D AndroidRuntime: CheckJNI is OFF
06-11 08:52:20.714 12773 12773 D ICU     : No timezone override file found: /data/misc/zoneinfo/current/icu/icu_tzdata.dat
06-11 08:52:20.781 12773 12773 D libnativebridge: PreInitializeNativeBridge name=unknown instruction_set=x86
06-11 08:52:20.782 12773 12773 D libnativebridge: call UnloadNativeBridge! state=1
06-11 08:52:20.823 12773 12773 E memtrack: Couldn't load memtrack module (No such file or directory)
06-11 08:52:20.823 12773 12773 E android.os.Debug: failed to load memtrack module: -2
06-11 08:52:20.824 12773 12773 I Radio-JNI: register_android_hardware_Radio DONE
06-11 08:52:20.841 12773 12773 D AndroidRuntime: Calling main entry com.android.commands.input.Input
06-11 08:52:20.852 12773 12773 I Input   : injectMotionEvent: MotionEvent { action=ACTION_DOWN, actionButton=0, id[0]=0, x[0]=340.0, y[0]=600.0, toolType[0]=TOOL_TYPE_UNKNOWN, buttonState=0, metaState=0, flags=0x0, edgeFlags=0x0, pointerCount=1, historySize=0, eventTime=23154045, downTime=23154045, deviceId=0, source=0x2002 }
06-11 08:52:20.854 12773 12773 I Input   : injectMotionEvent: MotionEvent { action=ACTION_UP, actionButton=0, id[0]=0, x[0]=340.0, y[0]=600.0, toolType[0]=TOOL_TYPE_UNKNOWN, buttonState=0, metaState=0, flags=0x0, edgeFlags=0x0, pointerCount=1, historySize=0, eventTime=23154045, downTime=23154045, deviceId=0, source=0x2002 }
06-11 08:52:20.855 12773 12773 D AndroidRuntime: Shutting down VM
06-11 08:52:20.919  1735  1735 W ContextImpl: Calling a method in the system process without a qualified user: android.app.ContextImpl.sendBroadcast:878 android.content.ContextWrapper.sendBroadcast:421 com.android.coreservice.CoreService.sendImeAction:435 com.android.coreservice.HostService.onReceived:303 com.android.coreservice.HostService.onData:225 
06-11 08:52:20.933 12272 12272 V libnb   : enter native_bridge2_getTrampoline Java_com_anansimobile_nge_NGTextInputConn_nativeCommitAllText, trampoline_addr 0xb91bacec
06-11 08:52:21.143  1735  1735 W ContextImpl: Calling a method in the system process without a qualified user: android.app.ContextImpl.sendBroadcast:878 android.content.ContextWrapper.sendBroadcast:421 com.android.coreservice.CoreService.sendImeAction:435 com.android.coreservice.HostService.onReceived:303 com.android.coreservice.HostService.onData:225 
06-11 08:52:21.860  1117  1138 D audio_hw_hal: log_func, out_standby
06-11 08:52:21.860  1117  1138 D audio_hw_hal: raw_close_output_stream, dev=0xc6f0a0c0, stream =0xc6f05140
06-11 08:52:21.860  1117  1138 D audio_hw_hal: raw_close_output_stream, stream=0xc6f05140,  success!
06-11 08:52:22.449 12785 12785 I appproc : exec app_process! cmdline: /system/bin com.android.commands.input.Input mouse tap 200 650 
06-11 08:52:22.449 12785 12785 D AndroidRuntime: >>>>>> START com.android.internal.os.RuntimeInit uid 0 <<<<<<
06-11 08:52:22.456 12785 12785 D AndroidRuntime: CheckJNI is OFF
06-11 08:52:22.586 12785 12785 D ICU     : No timezone override file found: /data/misc/zoneinfo/current/icu/icu_tzdata.dat
06-11 08:52:22.620 12785 12785 D libnativebridge: PreInitializeNativeBridge name=unknown instruction_set=x86
06-11 08:52:22.621 12785 12785 D libnativebridge: call UnloadNativeBridge! state=1
06-11 08:52:22.655 12785 12785 E memtrack: Couldn't load memtrack module (No such file or directory)
06-11 08:52:22.655 12785 12785 E android.os.Debug: failed to load memtrack module: -2
06-11 08:52:22.658 12785 12785 I Radio-JNI: register_android_hardware_Radio DONE
06-11 08:52:22.688 12785 12785 D AndroidRuntime: Calling main entry com.android.commands.input.Input
