--------- beginning of main
06-11 09:05:07.466 13100 13100 I appproc : exec app_process! cmdline: /system/bin com.android.commands.am.Am start -n com.anansimobile.city_ar/.Main 
06-11 09:05:07.466 13100 13100 D AndroidRuntime: >>>>>> START com.android.internal.os.RuntimeInit uid 0 <<<<<<
06-11 09:05:07.474 13100 13100 D AndroidRuntime: CheckJNI is OFF
06-11 09:05:07.591 13100 13100 D ICU     : No timezone override file found: /data/misc/zoneinfo/current/icu/icu_tzdata.dat
06-11 09:05:07.615 13100 13100 D libnativebridge: PreInitializeNativeBridge name=unknown instruction_set=x86
06-11 09:05:07.616 13100 13100 D libnativebridge: call UnloadNativeBridge! state=1
06-11 09:05:07.635 13100 13100 E memtrack: Couldn't load memtrack module (No such file or directory)
06-11 09:05:07.635 13100 13100 E android.os.Debug: failed to load memtrack module: -2
06-11 09:05:07.637 13100 13100 I Radio-JNI: register_android_hardware_Radio DONE
06-11 09:05:07.648 13100 13100 D AndroidRuntime: Calling main entry com.android.commands.am.Am
--------- beginning of system
06-11 09:05:07.653  1302  1801 I ActivityManager: START u0 {flg=0x10000000 cmp=com.anansimobile.city_ar/.Main} from uid 0 on display 0
06-11 09:05:07.666 13100 13100 D AndroidRuntime: Shutting down VM
06-11 09:05:07.668  1735  1735 W ContextImpl: Calling a method in the system process without a qualified user: android.app.ContextImpl.startService:1358 android.content.ContextWrapper.startService:613 android.content.ContextWrapper.startService:613 com.android.coreservice.CoreBroadcastReceiver.onReceive:44 android.app.ActivityThread.handleReceiver:3073 
06-11 09:05:07.674 13112 13112 D libnativebridge: PreInitializeNativeBridge name=zygote instruction_set=arm
06-11 09:05:07.679 13112 13112 V libnb   : enter native_bridge2_initialize /data/user/0/com.anansimobile.city_ar/code_cache arm
06-11 09:05:07.685  1302  2911 I ActivityManager: Start proc 13112:com.anansimobile.city_ar/u0a56 for activity com.anansimobile.city_ar/.Main
06-11 09:05:07.685 13112 13112 D houdini : [13112] Initialize library(version: 7.1.1b_x.49852 RELEASE)... successfully.
06-11 09:05:07.733  1758  1918 D EGL_adreno: eglMakeCurrent: 0xb6f221a0: ver 3 1 (tinfo 0xa617fbd0)
06-11 09:05:07.745 11067 11067 D BoundBrokerSvc: onBind: Intent { act=com.google.android.gms.measurement.START pkg=com.google.android.gms }
06-11 09:05:07.745 11067 11067 D BoundBrokerSvc: Loading bound service for intent: Intent { act=com.google.android.gms.measurement.START pkg=com.google.android.gms }
06-11 09:05:07.756  1735  1735 W ContextImpl: Calling a method in the system process without a qualified user: android.app.ContextImpl.startService:1358 android.content.ContextWrapper.startService:613 android.content.ContextWrapper.startService:613 com.android.coreservice.CoreBroadcastReceiver.onReceive:53 android.app.ActivityThread.handleReceiver:3073 
06-11 09:05:07.786 11067 13127 D AdvertisingIdClient: AdvertisingIdClient already created.
06-11 09:05:07.786 11067 13127 D AdvertisingIdClient: AdvertisingIdClient is not bounded. Starting to bind it...
06-11 09:05:07.814 11067 13127 D AdvertisingIdClient: AdvertisingIdClient is bounded
06-11 09:05:07.840 11067 13127 I AdvertisingIdClient: shouldSendLog 22817433
06-11 09:05:07.840 11067 13127 I AdvertisingIdClient: GetInfoInternal elapse 53ms
06-11 09:05:07.855  1716  1716 D BoundBrokerSvc: onRebind: Intent { act=com.google.android.gms.presencemanager.service.START dat=chimera-action: cmp=com.google.android.gms/.chimera.PersistentApiService }
06-11 09:05:07.858  1716  1716 D BoundBrokerSvc: onRebind: Intent { act=com.google.android.gms.presencemanager.service.INTERNAL_IDENTITY dat=chimera-action: cmp=com.google.android.gms/.chimera.PersistentApiService }
06-11 09:05:08.240 13112 13112 I FirebaseInitProvider: FirebaseApp initialization skipped (Waker patch)
06-11 09:05:08.283 13112 13132 D NetworkSecurityConfig: No Network Security Config specified, using platform default
06-11 09:05:08.299 13112 13112 V libnb   : enter native_bridge2_isSupported /data/app/com.anansimobile.city_ar-1/lib/arm/libcity_ar.so
06-11 09:05:08.299 13112 13112 V libnb   : enter native_bridge2_loadLibrary /data/app/com.anansimobile.city_ar-1/lib/arm/libcity_ar.so
06-11 09:05:08.747 13112 13112 D houdini : [13112] Added shared library /data/app/com.anansimobile.city_ar-1/lib/arm/libcity_ar.so for ClassLoader by Native Bridge.
06-11 09:05:08.747 13112 13112 V libnb   : enter native_bridge2_getTrampoline JNI_OnLoad, trampoline_addr 0x0
06-11 09:05:08.773 13112 13112 D native_project_lib: [root_service_log] Callback Activity...
06-11 09:05:08.795 13112 13112 V libnb   : enter native_bridge2_getTrampoline Java_com_anansimobile_nge_RootActivity_setSystemUIFrame, trampoline_addr 0xb91cefc4
06-11 09:05:08.992 13112 13112 I AppsFlyer_1.17: Start tracking package: com.anansimobile.city_ar
06-11 09:05:08.998 13112 13154 I AppsFlyer_1.17-157908997: ******* sendTrackingWithEvent: Launch
06-11 09:05:09.022 13112 13154 E ActivityThread: Failed to find provider info for com.facebook.katana.provider.AttributionIdProvider
06-11 09:05:09.029 13112 13154 I AppsFlyer_1.17: WARNING:READ_PHONE_STATE is missing
06-11 09:05:09.109 13112 13112 D FlurryAgent: Initializing Flurry session
06-11 09:05:09.111 13112 13112 D FlurryAgent: New session
06-11 09:05:09.114 13112 13112 I AppsFlyer_1.17: Start tracking package: com.anansimobile.city_ar
06-11 09:05:09.119 13112 13162 I AppsFlyer_1.17-157909119: ******* sendTrackingWithEvent: Launch
06-11 09:05:09.119 13112 13112 V libnb   : enter native_bridge2_getTrampoline Java_com_anansimobile_nge_RootActivity_onGameResume, trampoline_addr 0xb91cef8c
06-11 09:05:09.129 13112 13162 E ActivityThread: Failed to find provider info for com.facebook.katana.provider.AttributionIdProvider
06-11 09:05:09.131  1735  1735 W ContextImpl: Calling a method in the system process without a qualified user: android.app.ContextImpl.startService:1358 android.content.ContextWrapper.startService:613 android.content.ContextWrapper.startService:613 com.android.coreservice.CoreBroadcastReceiver.onReceive:53 android.app.ActivityThread.handleReceiver:3073 
06-11 09:05:09.132 13112 13152 I FlurryAgent: Agent cache file doesn't exist.
06-11 09:05:09.135 13112 13162 I AppsFlyer_1.17: WARNING:READ_PHONE_STATE is missing
06-11 09:05:09.136 13112 13152 D FlurryAgent: generating agent report
06-11 09:05:09.140 13112 13152 I FlurryAgent: getting push token.
06-11 09:05:09.142 13112 13152 D FlurryAgent: generated report of size 284 with 0 reports.
06-11 09:05:09.143 13112 13152 I FlurryDataSenderBlockInfo: Writing FlurryDataSenderBlockInfo: /data/user/0/com.anansimobile.city_ar/files/.flurrydatasenderblock.0a37f356-5fcf-4672-bc78-fd3fcc709136
06-11 09:05:09.147 13112 13152 I FlurryDataSender: Number of not sent blocks = 1
06-11 09:05:09.147 13112 13152 I FlurryDataSenderBlockInfo: Reading FlurryDataSenderBlockInfo: /data/user/0/com.anansimobile.city_ar/files/.flurrydatasenderblock.0a37f356-5fcf-4672-bc78-fd3fcc709136
06-11 09:05:09.148 13112 13152 I FlurryDataSender: FlurryDataSender: start upload data with id = 0a37f356-5fcf-4672-bc78-fd3fcc709136 to http://data.flurry.com/aap.do
06-11 09:05:09.152 13112 13152 D FlurryAgent: Done sending initial agent report
06-11 09:05:09.152 13112 13164 I FlurryDataSenderIndex: write iter 0 dataLength = 36
06-11 09:05:09.189 13112 13112 I HostConnection: HostConnection::HostConnection: pid=13112, tid=13112, this=0xa6a23040
06-11 09:05:09.193 13112 13112 I         : fastpipe: Connect success
06-11 09:05:09.194 13112 13112 D HostConnection: HostRPC::connect sucess: app=com.anansimobile.city_ar, pid=13112, tid=13112, this=0xa6a24440
06-11 09:05:09.195 13112 13112 E HostConnection: /data/local/cfg-znz/gl_force format error! com.tencent.tmgp.trssj 5 
06-11 09:05:09.195 13112 13112 E HostConnection: /data/local/cfg-znz/gl_force format error! com.huiqi.mrby gl
06-11 09:05:09.195 13112 13112 E HostConnection: /data/local/cfg-znz/gl_force format error! aos.playpark.ygc gl
06-11 09:05:09.196 13112 13112 D HostConnection: queryAndSetGLESMaxVersion select gles-version: 3.1 hostGLVersion:46 process:com.anansimobile.city_ar
06-11 09:05:09.198 13112 13112 I         : fastpipe: Connect success
06-11 09:05:09.199 13112 13112 D HostConnection: recv ProcessPuidReply name=com.anansimobile.city_ar puid=48 g_u64CapsFlag=1d
06-11 09:05:09.214 13112 13112 D native_project_lib: [root_service_log] RootService Created!~
06-11 09:05:09.216 13112 13112 D native_project_lib: [root_service_log] RootService Start!~
06-11 09:05:09.233 11135 11183 W Finsky  : [358] com.anansimobile.city_ar: No account found.
06-11 09:05:09.236 11135 11183 I Finsky  : [358] Billing preferred account via installer for com.anansimobile.city_ar: [dCNOmK_nSY-12vHzasLXiswzlGT5UHA7jAGYkvmCuQs]
06-11 09:05:09.270 13112 13134 D GraphRequest: Warning: Request without access token missing application ID or client token.
06-11 09:05:09.304 13112 13163 I HostConnection: HostConnection::HostConnection: pid=13112, tid=13163, this=0xa6a23280
06-11 09:05:09.306 13112 13163 I         : fastpipe: Connect success
06-11 09:05:09.306 13112 13163 D HostConnection: HostRPC::connect sucess: app=com.anansimobile.city_ar, pid=13112, tid=13163, this=0xa6b57f80
06-11 09:05:09.307 13112 13163 D HostConnection: queryAndSetGLESMaxVersion select gles-version: 3.1 hostGLVersion:46 process:com.anansimobile.city_ar
06-11 09:05:09.310 13112 13163 I OpenGLRenderer: Initialized EGL, version 1.4
06-11 09:05:09.310 13112 13163 D OpenGLRenderer: Swap behavior 1
06-11 09:05:09.311 13112 13149 I HostConnection: HostConnection::HostConnection: pid=13112, tid=13149, this=0xa6b4b700
06-11 09:05:09.311 13112 13163 I EGL_adreno: eglCreateContext request GLES major-version=2
06-11 09:05:09.313 13112 13149 I         : fastpipe: Connect success
06-11 09:05:09.314 13112 13149 D HostConnection: HostRPC::connect sucess: app=com.anansimobile.city_ar, pid=13112, tid=13149, this=0xa6b6c600
06-11 09:05:09.315 13112 13149 D HostConnection: queryAndSetGLESMaxVersion select gles-version: 3.1 hostGLVersion:46 process:com.anansimobile.city_ar
06-11 09:05:09.332 13112 13163 D EGL_adreno: eglCreateContext: 0xc7c095e0: maj 3 min 1 rcv 4
06-11 09:05:09.355 13112 13149 D EGL_adreno: eglCreateContext: 0xc7c076c0: maj 1 min 0 rcv 1
06-11 09:05:09.370 13112 13163 D EGL_adreno: eglMakeCurrent: 0xc7c095e0: ver 3 1 (tinfo 0xb6f47610)
06-11 09:05:09.374 13112 13163 D HostConnection: ExtendedRCEncoderContext GL_VERSION return OpenGL ES 3.1
06-11 09:05:09.403 13112 13149 D EGL_adreno: eglMakeCurrent: 0xc7c076c0: ver 1 0 (tinfo 0xc787f4d0)
06-11 09:05:09.408 13112 13149 V libnb   : enter native_bridge2_getTrampoline Java_com_anansimobile_nge_NDKRenderer_nativeInit, trampoline_addr 0xb91cef54
06-11 09:05:09.413 13112 13149 V libnb   : enter native_bridge2_getTrampoline Java_com_anansimobile_nge_NDKRenderer_nativeResize, trampoline_addr 0xb91cef1c
06-11 09:05:09.420 13112 13163 E EGL_adreno: tid 13163: eglSurfaceAttrib(1338): error 0x3009 (EGL_BAD_MATCH)
06-11 09:05:09.421 13112 13163 W OpenGLRenderer: Failed to set EGL_SWAP_BEHAVIOR on surface 0xa6dbdba0, error=EGL_BAD_MATCH
06-11 09:05:09.639 13112 13149 V libnb   : enter native_bridge2_getTrampoline Java_com_anansimobile_nge_NextGenEngine_bitmapDataDidLoad, trampoline_addr 0xb91ceee4
06-11 09:05:09.749  1758 13111 I FA      : Application backgrounded at: timestamp_millis: 1781157907745
06-11 09:05:09.960 13112 13149 V libnb   : enter native_bridge2_getTrampoline Java_com_anansimobile_nge_NDKRenderer_nativeRender, trampoline_addr 0xb91ceeac
06-11 09:05:10.055 13112 13163 D EGL_adreno: eglMakeCurrent: 0xc7c095e0: ver 3 1 (tinfo 0xb6f47610)
06-11 09:05:10.189 13112 13149 I engine  : [LoadingMnger] do step:1
06-11 09:05:10.206  1302  1323 I ActivityManager: Displayed com.anansimobile.city_ar/.Main: +2s537ms
06-11 09:05:10.212  1735  1735 W ContextImpl: Calling a method in the system process without a qualified user: android.app.ContextImpl.startService:1358 android.content.ContextWrapper.startService:613 android.content.ContextWrapper.startService:613 com.android.coreservice.CoreBroadcastReceiver.onReceive:69 android.app.ActivityThread.handleReceiver:3073 
06-11 09:05:10.227  1735  1735 W ContextImpl: Calling a method in the system process without a qualified user: android.app.ContextImpl.startService:1358 android.content.ContextWrapper.startService:613 android.content.ContextWrapper.startService:613 com.android.coreservice.CoreBroadcastReceiver.onReceive:69 android.app.ActivityThread.handleReceiver:3073 
06-11 09:05:11.079 13112 13135 W System.err: java.net.UnknownHostException: Unable to resolve host "data.flurry.com": No address associated with hostname
06-11 09:05:11.082 13112 13135 W System.err: 	at java.net.Inet6AddressImpl.lookupHostByName(Inet6AddressImpl.java:125)
06-11 09:05:11.082 13112 13135 W System.err: 	at java.net.Inet6AddressImpl.lookupAllHostAddr(Inet6AddressImpl.java:74)
06-11 09:05:11.082 13112 13135 W System.err: 	at java.net.InetAddress.getAllByName(InetAddress.java:752)
06-11 09:05:11.082 13112 13135 W System.err: 	at org.apache.http.impl.conn.DefaultClientConnectionOperator.openConnection(DefaultClientConnectionOperator.java:142)
06-11 09:05:11.082 13112 13135 W System.err: 	at org.apache.http.impl.conn.AbstractPoolEntry.open(AbstractPoolEntry.java:169)
06-11 09:05:11.082 13112 13135 W System.err: 	at org.apache.http.impl.conn.AbstractPooledConnAdapter.open(AbstractPooledConnAdapter.java:124)
06-11 09:05:11.082 13112 13135 W System.err: 	at org.apache.http.impl.client.DefaultRequestDirector.execute(DefaultRequestDirector.java:366)
06-11 09:05:11.083 13112 13135 W System.err: 	at org.apache.http.impl.client.AbstractHttpClient.execute(AbstractHttpClient.java:560)
06-11 09:05:11.083 13112 13135 W System.err: 	at org.apache.http.impl.client.AbstractHttpClient.execute(AbstractHttpClient.java:492)
06-11 09:05:11.083 13112 13135 W System.err: 	at org.apache.http.impl.client.AbstractHttpClient.execute(AbstractHttpClient.java:470)
06-11 09:05:11.083 13112 13135 W System.err: 	at com.flurry.android.FlurryDataSenderAsyncOperation.doInBackground(SourceFile:50)
06-11 09:05:11.083 13112 13135 W System.err: 	at com.flurry.android.FlurryDataSenderAsyncOperation.doInBackground(SourceFile:17)
06-11 09:05:11.083 13112 13135 W System.err: 	at android.os.AsyncTask$2.call(AsyncTask.java:305)
06-11 09:05:11.083 13112 13135 W System.err: 	at java.util.concurrent.FutureTask.run(FutureTask.java:237)
06-11 09:05:11.083 13112 13135 W System.err: 	at android.os.AsyncTask$SerialExecutor$1.run(AsyncTask.java:243)
06-11 09:05:11.083 13112 13135 W System.err: 	at java.util.concurrent.ThreadPoolExecutor.runWorker(ThreadPoolExecutor.java:1133)
06-11 09:05:11.083 13112 13135 W System.err: 	at java.util.concurrent.ThreadPoolExecutor$Worker.run(ThreadPoolExecutor.java:607)
06-11 09:05:11.083 13112 13135 W System.err: 	at java.lang.Thread.run(Thread.java:761)
06-11 09:05:11.083 13112 13135 W System.err: Caused by: android.system.GaiException: android_getaddrinfo failed: EAI_NODATA (No address associated with hostname)
06-11 09:05:11.083 13112 13135 W System.err: 	at libcore.io.Posix.android_getaddrinfo(Native Method)
06-11 09:05:11.083 13112 13135 W System.err: 	at libcore.io.ForwardingOs.android_getaddrinfo(ForwardingOs.java:55)
06-11 09:05:11.083 13112 13135 W System.err: 	at java.net.Inet6AddressImpl.lookupHostByName(Inet6AddressImpl.java:106)
06-11 09:05:11.083 13112 13135 W System.err: 	... 17 more
06-11 09:05:11.083 13112 13112 E FlurryDataSender: --onServerError 0a37f356-5fcf-4672-bc78-fd3fcc709136
06-11 09:05:17.122 13112 13154 D ApplicationLoaders: ignored Vulkan layer search path /data/app/com.google.android.gms-1/lib/x86:/data/app/com.google.android.gms-1/base.apk!/lib/x86:/data/app/com.google.android.gms-1/split_config.en.apk!/lib/x86:/data/app/com.google.android.gms-1/split_config.hdpi.apk!/lib/x86 for namespace 0xc7cdf090
06-11 09:05:17.122 13112 13162 W art     : Long monitor contention with owner pool-5-thread-1 (13154) at java.lang.Object dalvik.system.DexFile.openDexFileNative(java.lang.String, java.lang.String, int, java.lang.ClassLoader, dalvik.system.DexPathList$Element[])(DexFile.java:-2) waiters=0 in java.lang.ClassLoader android.app.LoadedApk.getClassLoader() for 7.976s
06-11 09:05:17.124 13112 13149 W art     : Long monitor contention with owner pool-5-thread-1 (13154) at java.lang.Object dalvik.system.DexFile.openDexFileNative(java.lang.String, java.lang.String, int, java.lang.ClassLoader, dalvik.system.DexPathList$Element[])(DexFile.java:-2) waiters=1 in java.lang.ClassLoader android.app.LoadedApk.getClassLoader() for 6.932s
06-11 09:05:17.227 13112 13149 W ResourceType: ResTable_typeSpec entry count inconsistent: given 112, previously 115
06-11 09:05:17.227 13112 13162 W ResourceType: ResTable_typeSpec entry count inconsistent: given 112, previously 115
06-11 09:05:17.227 13112 13154 W ResourceType: ResTable_typeSpec entry count inconsistent: given 112, previously 115
06-11 09:05:17.230 13112 13149 W ResourceType: ResTable_typeSpec entry count inconsistent: given 4810, previously 5454
06-11 09:05:17.230 13112 13162 W ResourceType: ResTable_typeSpec entry count inconsistent: given 4810, previously 5454
06-11 09:05:17.231 13112 13154 W ResourceType: ResTable_typeSpec entry count inconsistent: given 4810, previously 5454
06-11 09:05:17.231 13112 13162 W ResourceType: ResTable_typeSpec entry count inconsistent: given 3589, previously 3610
06-11 09:05:17.231 13112 13154 W ResourceType: ResTable_typeSpec entry count inconsistent: given 3589, previously 3610
06-11 09:05:17.231 13112 13149 W ResourceType: ResTable_typeSpec entry count inconsistent: given 3589, previously 3610
06-11 09:05:17.232 13112 13162 W ResourceType: ResTable_typeSpec entry count inconsistent: given 235, previously 240
06-11 09:05:17.232 13112 13162 W ResourceType: ResTable_typeSpec entry count inconsistent: given 508, previously 5852
06-11 09:05:17.233 13112 13154 W ResourceType: ResTable_typeSpec entry count inconsistent: given 235, previously 240
06-11 09:05:17.233 13112 13154 W ResourceType: ResTable_typeSpec entry count inconsistent: given 508, previously 5852
06-11 09:05:17.233 13112 13149 W ResourceType: ResTable_typeSpec entry count inconsistent: given 235, previously 240
06-11 09:05:17.233 13112 13149 W ResourceType: ResTable_typeSpec entry count inconsistent: given 508, previously 5852
06-11 09:05:17.319 13112 13154 D AppsFlyer_1.17: AppsFlyer: first launch detected
06-11 09:05:17.322 13112 13162 I AppsFlyer_1.17: AppsFlyer: first launch date: 2026-06-11_0905+0300
06-11 09:05:17.325 13112 13154 I AppsFlyer_1.17: AppsFlyer: first launch date: 2026-06-11_0905+0300
06-11 09:05:17.586 13112 13149 I engine  : [LoadingMnger] do step:4
06-11 09:05:17.669 13112 13149 I engine  : [LoadingMnger] do step:5
06-11 09:05:19.352 13112 13149 I engine  : [LoadingMnger] do step:6
06-11 09:05:19.826 11067 11067 D BoundBrokerSvc: onUnbind: Intent { act=com.google.android.gms.measurement.START pkg=com.google.android.gms }
06-11 09:05:19.995 13112 13149 I engine  : [LoadingMnger] do step:7
06-11 09:05:20.223 13112 13149 D FlurryAgent: Event count incremented: new_login_step
06-11 09:05:23.201 13112 13119 I art     : Debugger is no longer active
06-11 09:05:23.201 13112 13119 I art     : Starting a blocking GC Instrumentation
06-11 09:05:38.603  1302  1358 D WifiStateMachine: setScanResults mScanResults.size=1
06-11 09:05:51.092  1302  1315 I UsageStatsService: User[0] Flushing usage stats to disk
06-11 09:06:00.117 13112 13112 D native_project_lib: [root_service_log] TimeTickReceiver.onReceive()...
06-11 09:06:00.124 13112 13112 D native_project_lib: [root_service_log] saved callback activity class name: com.anansimobile.city_ar.Main
06-11 09:06:00.124 13112 13112 D native_project_lib: [root_service_log] notification ignored, activity in foreground!~
06-11 09:06:09.646 13176 13176 I appproc : exec app_process! cmdline: /system/bin com.android.commands.input.Input mouse tap 200 500 
06-11 09:06:09.646 13176 13176 D AndroidRuntime: >>>>>> START com.android.internal.os.RuntimeInit uid 0 <<<<<<
06-11 09:06:09.663 13176 13176 D AndroidRuntime: CheckJNI is OFF
06-11 09:06:09.776 13176 13176 D ICU     : No timezone override file found: /data/misc/zoneinfo/current/icu/icu_tzdata.dat
06-11 09:06:09.804 13176 13176 D libnativebridge: PreInitializeNativeBridge name=unknown instruction_set=x86
06-11 09:06:09.809 13176 13176 D libnativebridge: call UnloadNativeBridge! state=1
06-11 09:06:09.835 13176 13176 E memtrack: Couldn't load memtrack module (No such file or directory)
06-11 09:06:09.835 13176 13176 E android.os.Debug: failed to load memtrack module: -2
06-11 09:06:09.838 13176 13176 I Radio-JNI: register_android_hardware_Radio DONE
06-11 09:06:09.856 13176 13176 D AndroidRuntime: Calling main entry com.android.commands.input.Input
06-11 09:06:09.869 13176 13176 I Input   : injectMotionEvent: MotionEvent { action=ACTION_DOWN, actionButton=0, id[0]=0, x[0]=200.0, y[0]=500.0, toolType[0]=TOOL_TYPE_UNKNOWN, buttonState=0, metaState=0, flags=0x0, edgeFlags=0x0, pointerCount=1, historySize=0, eventTime=23983060, downTime=23983060, deviceId=0, source=0x2002 }
06-11 09:06:09.877 13176 13176 I Input   : injectMotionEvent: MotionEvent { action=ACTION_UP, actionButton=0, id[0]=0, x[0]=200.0, y[0]=500.0, toolType[0]=TOOL_TYPE_UNKNOWN, buttonState=0, metaState=0, flags=0x0, edgeFlags=0x0, pointerCount=1, historySize=0, eventTime=23983060, downTime=23983060, deviceId=0, source=0x2002 }
06-11 09:06:09.878 13176 13176 D AndroidRuntime: Shutting down VM
06-11 09:06:09.904 13112 13149 V libnb   : enter native_bridge2_getTrampoline Java_com_anansimobile_nge_NGGLSurfaceView_onTouchBegin, trampoline_addr 0xb91cee74
06-11 09:06:09.904 13112 13149 V libnb   : enter native_bridge2_getTrampoline Java_com_anansimobile_nge_NGGLSurfaceView_onTouchEnd, trampoline_addr 0xb91cee3c
06-11 09:06:10.947 13186 13186 I appproc : exec app_process! cmdline: /system/bin com.android.commands.input.Input mouse tap 270 500 
06-11 09:06:10.947 13186 13186 D AndroidRuntime: >>>>>> START com.android.internal.os.RuntimeInit uid 0 <<<<<<
06-11 09:06:10.951 13186 13186 D AndroidRuntime: CheckJNI is OFF
06-11 09:06:11.017 13186 13186 D ICU     : No timezone override file found: /data/misc/zoneinfo/current/icu/icu_tzdata.dat
06-11 09:06:11.033 13186 13186 D libnativebridge: PreInitializeNativeBridge name=unknown instruction_set=x86
06-11 09:06:11.034 13186 13186 D libnativebridge: call UnloadNativeBridge! state=1
06-11 09:06:11.052 13186 13186 E memtrack: Couldn't load memtrack module (No such file or directory)
06-11 09:06:11.052 13186 13186 E android.os.Debug: failed to load memtrack module: -2
06-11 09:06:11.054 13186 13186 I Radio-JNI: register_android_hardware_Radio DONE
06-11 09:06:11.065 13186 13186 D AndroidRuntime: Calling main entry com.android.commands.input.Input
06-11 09:06:11.071 13186 13186 I Input   : injectMotionEvent: MotionEvent { action=ACTION_DOWN, actionButton=0, id[0]=0, x[0]=270.0, y[0]=500.0, toolType[0]=TOOL_TYPE_UNKNOWN, buttonState=0, metaState=0, flags=0x0, edgeFlags=0x0, pointerCount=1, historySize=0, eventTime=23984269, downTime=23984269, deviceId=0, source=0x2002 }
06-11 09:06:11.073 13186 13186 I Input   : injectMotionEvent: MotionEvent { action=ACTION_UP, actionButton=0, id[0]=0, x[0]=270.0, y[0]=500.0, toolType[0]=TOOL_TYPE_UNKNOWN, buttonState=0, metaState=0, flags=0x0, edgeFlags=0x0, pointerCount=1, historySize=0, eventTime=23984269, downTime=23984269, deviceId=0, source=0x2002 }
06-11 09:06:11.074 13186 13186 D AndroidRuntime: Shutting down VM
06-11 09:06:12.508 13196 13196 I appproc : exec app_process! cmdline: /system/bin com.android.commands.input.Input mouse tap 340 500 
06-11 09:06:12.508 13196 13196 D AndroidRuntime: >>>>>> START com.android.internal.os.RuntimeInit uid 0 <<<<<<
06-11 09:06:12.511 13196 13196 D AndroidRuntime: CheckJNI is OFF
06-11 09:06:12.575 13196 13196 D ICU     : No timezone override file found: /data/misc/zoneinfo/current/icu/icu_tzdata.dat
06-11 09:06:12.592 13196 13196 D libnativebridge: PreInitializeNativeBridge name=unknown instruction_set=x86
06-11 09:06:12.592 13196 13196 D libnativebridge: call UnloadNativeBridge! state=1
06-11 09:06:12.610 13196 13196 E memtrack: Couldn't load memtrack module (No such file or directory)
06-11 09:06:12.610 13196 13196 E android.os.Debug: failed to load memtrack module: -2
06-11 09:06:12.611 13196 13196 I Radio-JNI: register_android_hardware_Radio DONE
06-11 09:06:12.623 13196 13196 D AndroidRuntime: Calling main entry com.android.commands.input.Input
06-11 09:06:12.629 13196 13196 I Input   : injectMotionEvent: MotionEvent { action=ACTION_DOWN, actionButton=0, id[0]=0, x[0]=340.0, y[0]=500.0, toolType[0]=TOOL_TYPE_UNKNOWN, buttonState=0, metaState=0, flags=0x0, edgeFlags=0x0, pointerCount=1, historySize=0, eventTime=23985827, downTime=23985827, deviceId=0, source=0x2002 }
06-11 09:06:12.631 13196 13196 I Input   : injectMotionEvent: MotionEvent { action=ACTION_UP, actionButton=0, id[0]=0, x[0]=340.0, y[0]=500.0, toolType[0]=TOOL_TYPE_UNKNOWN, buttonState=0, metaState=0, flags=0x0, edgeFlags=0x0, pointerCount=1, historySize=0, eventTime=23985827, downTime=23985827, deviceId=0, source=0x2002 }
06-11 09:06:12.632 13196 13196 D AndroidRuntime: Shutting down VM
06-11 09:06:13.541 13206 13206 I appproc : exec app_process! cmdline: /system/bin com.android.commands.input.Input mouse tap 200 550 
06-11 09:06:13.542 13206 13206 D AndroidRuntime: >>>>>> START com.android.internal.os.RuntimeInit uid 0 <<<<<<
06-11 09:06:13.545 13206 13206 D AndroidRuntime: CheckJNI is OFF
06-11 09:06:13.611 13206 13206 D ICU     : No timezone override file found: /data/misc/zoneinfo/current/icu/icu_tzdata.dat
06-11 09:06:13.628 13206 13206 D libnativebridge: PreInitializeNativeBridge name=unknown instruction_set=x86
06-11 09:06:13.628 13206 13206 D libnativebridge: call UnloadNativeBridge! state=1
06-11 09:06:13.646 13206 13206 E memtrack: Couldn't load memtrack module (No such file or directory)
06-11 09:06:13.646 13206 13206 E android.os.Debug: failed to load memtrack module: -2
06-11 09:06:13.648 13206 13206 I Radio-JNI: register_android_hardware_Radio DONE
06-11 09:06:13.659 13206 13206 D AndroidRuntime: Calling main entry com.android.commands.input.Input
06-11 09:06:13.665 13206 13206 I Input   : injectMotionEvent: MotionEvent { action=ACTION_DOWN, actionButton=0, id[0]=0, x[0]=200.0, y[0]=550.0, toolType[0]=TOOL_TYPE_UNKNOWN, buttonState=0, metaState=0, flags=0x0, edgeFlags=0x0, pointerCount=1, historySize=0, eventTime=23986863, downTime=23986863, deviceId=0, source=0x2002 }
06-11 09:06:13.667 13206 13206 I Input   : injectMotionEvent: MotionEvent { action=ACTION_UP, actionButton=0, id[0]=0, x[0]=200.0, y[0]=550.0, toolType[0]=TOOL_TYPE_UNKNOWN, buttonState=0, metaState=0, flags=0x0, edgeFlags=0x0, pointerCount=1, historySize=0, eventTime=23986863, downTime=23986863, deviceId=0, source=0x2002 }
06-11 09:06:13.669 13206 13206 D AndroidRuntime: Shutting down VM
06-11 09:06:13.681 13112 13149 D FlurryAgent: Event count incremented: Statistics
06-11 09:06:13.936 13112 13149 V libnb   : enter native_bridge2_getTrampoline Java_com_anansimobile_nge_NGStringHelper_UpdateLineHeight, trampoline_addr 0xb91cee04
06-11 09:06:13.939 13112 13149 V libnb   : enter native_bridge2_getTrampoline Java_com_anansimobile_nge_NGStringHelper_AddStringLine, trampoline_addr 0xb91cedcc
06-11 09:06:13.975 13112 13149 D FlurryAgent: Event count incremented: login_step
06-11 09:06:14.548 13216 13216 I appproc : exec app_process! cmdline: /system/bin com.android.commands.input.Input mouse tap 270 550 
06-11 09:06:14.548 13216 13216 D AndroidRuntime: >>>>>> START com.android.internal.os.RuntimeInit uid 0 <<<<<<
06-11 09:06:14.551 13216 13216 D AndroidRuntime: CheckJNI is OFF
06-11 09:06:14.614 13216 13216 D ICU     : No timezone override file found: /data/misc/zoneinfo/current/icu/icu_tzdata.dat
06-11 09:06:14.630 13216 13216 D libnativebridge: PreInitializeNativeBridge name=unknown instruction_set=x86
06-11 09:06:14.630 13216 13216 D libnativebridge: call UnloadNativeBridge! state=1
06-11 09:06:14.645 13216 13216 E memtrack: Couldn't load memtrack module (No such file or directory)
06-11 09:06:14.645 13216 13216 E android.os.Debug: failed to load memtrack module: -2
06-11 09:06:14.647 13216 13216 I Radio-JNI: register_android_hardware_Radio DONE
06-11 09:06:14.660 13216 13216 D AndroidRuntime: Calling main entry com.android.commands.input.Input
06-11 09:06:14.666 13216 13216 I Input   : injectMotionEvent: MotionEvent { action=ACTION_DOWN, actionButton=0, id[0]=0, x[0]=270.0, y[0]=550.0, toolType[0]=TOOL_TYPE_UNKNOWN, buttonState=0, metaState=0, flags=0x0, edgeFlags=0x0, pointerCount=1, historySize=0, eventTime=23987863, downTime=23987863, deviceId=0, source=0x2002 }
06-11 09:06:14.668 13216 13216 I Input   : injectMotionEvent: MotionEvent { action=ACTION_UP, actionButton=0, id[0]=0, x[0]=270.0, y[0]=550.0, toolType[0]=TOOL_TYPE_UNKNOWN, buttonState=0, metaState=0, flags=0x0, edgeFlags=0x0, pointerCount=1, historySize=0, eventTime=23987863, downTime=23987863, deviceId=0, source=0x2002 }
06-11 09:06:14.669 13216 13216 D AndroidRuntime: Shutting down VM
06-11 09:06:14.761 13112 13112 W System  : ClassLoader referenced unknown path: /system/app/Chrome/lib/x86
06-11 09:06:14.764 13112 13112 D ApplicationLoaders: ignored Vulkan layer search path /system/app/Chrome/lib/x86:/system/app/Chrome/Chrome.apk!/lib/x86:/system/lib:/vendor/lib for namespace 0xc7cdf0d0
06-11 09:06:14.800 13112 13112 I WebViewFactory: Loading com.android.chrome version 86.0.4240.198 (code 424019821)
06-11 09:06:14.975 13112 13112 I cr_LibraryLoader: Loaded native library version number "86.0.4240.198"
06-11 09:06:14.978 13112 13112 I cr_CachingUmaRecorder: Flushed 5 samples from 5 histograms.
06-11 09:06:15.076 13112 13112 W ResourceType: Failure getting entry for 0x7f130606 (t=18 e=1542) (error -2147483647)
06-11 09:06:15.118 13112 13112 E chromium: [ERROR:filesystem_posix.cc(62)] mkdir /data/user/0/com.anansimobile.city_ar/cache/WebView/Crashpad: No such file or directory (2)
06-11 09:06:15.185 11067 11067 D BoundBrokerSvc: onBind: Intent { act=com.google.android.gms.safetynet.service.START pkg=com.google.android.gms }
06-11 09:06:15.185 11067 11067 D BoundBrokerSvc: Loading bound service for intent: Intent { act=com.google.android.gms.safetynet.service.START pkg=com.google.android.gms }
06-11 09:06:15.845 13112 13253 E libEGL  : validate_display:99 error 3008 (EGL_BAD_DISPLAY)
06-11 09:06:15.850 13112 13253 I HostConnection: HostConnection::HostConnection: pid=13112, tid=13253, this=0xa0afadc0
06-11 09:06:15.854 13112 13253 I         : fastpipe: Connect success
06-11 09:06:15.859 13112 13253 D HostConnection: HostRPC::connect sucess: app=com.anansimobile.city_ar, pid=13112, tid=13253, this=0xa0b61800
06-11 09:06:15.860 13112 13253 D HostConnection: queryAndSetGLESMaxVersion select gles-version: 3.1 hostGLVersion:46 process:com.anansimobile.city_ar
06-11 09:06:15.869 13112 13242 W cr_media: Requires BLUETOOTH permission
06-11 09:06:15.888 13112 13253 I EGL_adreno: eglCreateContext request GLES major-version=2
06-11 09:06:15.888 13112 13253 I EGL_adreno: eglCreateContext request GLES minor-version=0
06-11 09:06:15.889 13231 13231 I appproc : exec app_process! cmdline: /system/bin com.android.commands.input.Input mouse tap 340 550 
06-11 09:06:15.889 13231 13231 D AndroidRuntime: >>>>>> START com.android.internal.os.RuntimeInit uid 0 <<<<<<
06-11 09:06:15.900 13112 13253 D EGL_adreno: eglCreateContext: 0xa6eb8d40: maj 3 min 1 rcv 4
06-11 09:06:15.932 13231 13231 D AndroidRuntime: CheckJNI is OFF
06-11 09:06:15.934 13112 13253 D EGL_adreno: eglMakeCurrent: 0xa6eb8d40: ver 3 1 (tinfo 0xa0a4f200)
06-11 09:06:15.941 13112 13253 D HostConnection: ExtendedRCEncoderContext GL_VERSION return OpenGL ES 3.1
06-11 09:06:15.952 13112 13253 W GLESv2_enc: no support GL_NUM_PROGRAM_BINARY_FORMATS
06-11 09:06:16.035 13112 13253 I EGL_adreno: eglCreateContext request GLES major-version=3
06-11 09:06:16.035 13112 13253 I EGL_adreno: eglCreateContext request GLES minor-version=0
06-11 09:06:16.047 13112 13253 D EGL_adreno: eglCreateContext: 0xa0da4c60: maj 3 min 0 rcv 3
06-11 09:06:16.048 13112 13253 D EGL_adreno: eglMakeCurrent: 0xa0da4c60: ver 3 0 (tinfo 0xa0a4f200)
06-11 09:06:16.056 13112 13253 D HostConnection: ExtendedRCEncoderContext GL_VERSION return OpenGL ES 3.1
06-11 09:06:16.072 13112 13253 E eglCodecCommon: glUtilsParamSize: unknow param 0x000088ef
06-11 09:06:16.083 13112 13253 E eglCodecCommon: glUtilsParamSize: unknow param 0x000088ef
06-11 09:06:16.124 13231 13231 D ICU     : No timezone override file found: /data/misc/zoneinfo/current/icu/icu_tzdata.dat
06-11 09:06:16.125 13112 13253 E eglCodecCommon: glUtilsParamSize: unknow param 0x000088ef
06-11 09:06:16.130 13112 13253 E eglCodecCommon: glUtilsParamSize: unknow param 0x000088ef
06-11 09:06:16.132 13112 13112 W IInputConnectionWrapper: finishComposingText on inactive InputConnection
06-11 09:06:16.135  1735  1735 W ContextImpl: Calling a method in the system process without a qualified user: android.app.ContextImpl.startService:1358 android.content.ContextWrapper.startService:613 android.content.ContextWrapper.startService:613 com.android.coreservice.CoreBroadcastReceiver.onReceive:69 android.app.ActivityThread.handleReceiver:3073 
06-11 09:06:16.136 13112 13253 E eglCodecCommon: glUtilsParamSize: unknow param 0x000088ef
06-11 09:06:16.146 13112 13253 E eglCodecCommon: glUtilsParamSize: unknow param 0x000088ef
06-11 09:06:16.199 13112 13163 E eglCodecCommon: glUtilsParamSize: unknow param 0x000088ef
06-11 09:06:16.282 13231 13231 D libnativebridge: PreInitializeNativeBridge name=unknown instruction_set=x86
06-11 09:06:16.285 13231 13231 D libnativebridge: call UnloadNativeBridge! state=1
06-11 09:06:16.365 13231 13231 E memtrack: Couldn't load memtrack module (No such file or directory)
06-11 09:06:16.365 13231 13231 E android.os.Debug: failed to load memtrack module: -2
06-11 09:06:16.369 13231 13231 I Radio-JNI: register_android_hardware_Radio DONE
06-11 09:06:16.426 13231 13231 D AndroidRuntime: Calling main entry com.android.commands.input.Input
06-11 09:06:16.451 13112 13112 V libnb   : enter native_bridge2_getTrampoline Java_com_anansimobile_nge_NGWebView_OnWebViewLoaded, trampoline_addr 0xb91ced94
06-11 09:06:16.473 13231 13231 I Input   : injectMotionEvent: MotionEvent { action=ACTION_DOWN, actionButton=0, id[0]=0, x[0]=340.0, y[0]=550.0, toolType[0]=TOOL_TYPE_UNKNOWN, buttonState=0, metaState=0, flags=0x0, edgeFlags=0x0, pointerCount=1, historySize=0, eventTime=23989637, downTime=23989637, deviceId=0, source=0x2002 }
06-11 09:06:16.504 13231 13231 I Input   : injectMotionEvent: MotionEvent { action=ACTION_UP, actionButton=0, id[0]=0, x[0]=340.0, y[0]=550.0, toolType[0]=TOOL_TYPE_UNKNOWN, buttonState=0, metaState=0, flags=0x0, edgeFlags=0x0, pointerCount=1, historySize=0, eventTime=23989637, downTime=23989637, deviceId=0, source=0x2002 }
06-11 09:06:16.509 13231 13231 D AndroidRuntime: Shutting down VM
06-11 09:06:17.847 13273 13273 I appproc : exec app_process! cmdline: /system/bin com.android.commands.input.Input mouse tap 200 600 
06-11 09:06:17.847 13273 13273 D AndroidRuntime: >>>>>> START com.android.internal.os.RuntimeInit uid 0 <<<<<<
06-11 09:06:17.852 13273 13273 D AndroidRuntime: CheckJNI is OFF
06-11 09:06:17.919 13273 13273 D ICU     : No timezone override file found: /data/misc/zoneinfo/current/icu/icu_tzdata.dat
06-11 09:06:17.934 13273 13273 D libnativebridge: PreInitializeNativeBridge name=unknown instruction_set=x86
06-11 09:06:17.935 13273 13273 D libnativebridge: call UnloadNativeBridge! state=1
06-11 09:06:17.954 13273 13273 E memtrack: Couldn't load memtrack module (No such file or directory)
06-11 09:06:17.954 13273 13273 E android.os.Debug: failed to load memtrack module: -2
06-11 09:06:17.955 13273 13273 I Radio-JNI: register_android_hardware_Radio DONE
06-11 09:06:17.969 13273 13273 D AndroidRuntime: Calling main entry com.android.commands.input.Input
06-11 09:06:17.976 13273 13273 I Input   : injectMotionEvent: MotionEvent { action=ACTION_DOWN, actionButton=0, id[0]=0, x[0]=200.0, y[0]=600.0, toolType[0]=TOOL_TYPE_UNKNOWN, buttonState=0, metaState=0, flags=0x0, edgeFlags=0x0, pointerCount=1, historySize=0, eventTime=23991173, downTime=23991173, deviceId=0, source=0x2002 }
06-11 09:06:17.980 13273 13273 I Input   : injectMotionEvent: MotionEvent { action=ACTION_UP, actionButton=0, id[0]=0, x[0]=200.0, y[0]=600.0, toolType[0]=TOOL_TYPE_UNKNOWN, buttonState=0, metaState=0, flags=0x0, edgeFlags=0x0, pointerCount=1, historySize=0, eventTime=23991173, downTime=23991173, deviceId=0, source=0x2002 }
06-11 09:06:17.983 13273 13273 D AndroidRuntime: Shutting down VM
06-11 09:06:19.131 13283 13283 I appproc : exec app_process! cmdline: /system/bin com.android.commands.input.Input mouse tap 270 600 
06-11 09:06:19.131 13283 13283 D AndroidRuntime: >>>>>> START com.android.internal.os.RuntimeInit uid 0 <<<<<<
06-11 09:06:19.135 13283 13283 D AndroidRuntime: CheckJNI is OFF
06-11 09:06:19.199 13283 13283 D ICU     : No timezone override file found: /data/misc/zoneinfo/current/icu/icu_tzdata.dat
06-11 09:06:19.213 13283 13283 D libnativebridge: PreInitializeNativeBridge name=unknown instruction_set=x86
06-11 09:06:19.214 13283 13283 D libnativebridge: call UnloadNativeBridge! state=1
06-11 09:06:19.233 13283 13283 E memtrack: Couldn't load memtrack module (No such file or directory)
06-11 09:06:19.233 13283 13283 E android.os.Debug: failed to load memtrack module: -2
06-11 09:06:19.235 13283 13283 I Radio-JNI: register_android_hardware_Radio DONE
06-11 09:06:19.247 13283 13283 D AndroidRuntime: Calling main entry com.android.commands.input.Input
06-11 09:06:19.254 13283 13283 I Input   : injectMotionEvent: MotionEvent { action=ACTION_DOWN, actionButton=0, id[0]=0, x[0]=270.0, y[0]=600.0, toolType[0]=TOOL_TYPE_UNKNOWN, buttonState=0, metaState=0, flags=0x0, edgeFlags=0x0, pointerCount=1, historySize=0, eventTime=23992451, downTime=23992451, deviceId=0, source=0x2002 }
06-11 09:06:19.257 13283 13283 I Input   : injectMotionEvent: MotionEvent { action=ACTION_UP, actionButton=0, id[0]=0, x[0]=270.0, y[0]=600.0, toolType[0]=TOOL_TYPE_UNKNOWN, buttonState=0, metaState=0, flags=0x0, edgeFlags=0x0, pointerCount=1, historySize=0, eventTime=23992451, downTime=23992451, deviceId=0, source=0x2002 }
06-11 09:06:19.259 13283 13283 D AndroidRuntime: Shutting down VM
06-11 09:06:20.541 13293 13293 I appproc : exec app_process! cmdline: /system/bin com.android.commands.input.Input mouse tap 340 600 
06-11 09:06:20.541 13293 13293 D AndroidRuntime: >>>>>> START com.android.internal.os.RuntimeInit uid 0 <<<<<<
06-11 09:06:20.545 13293 13293 D AndroidRuntime: CheckJNI is OFF
06-11 09:06:20.608 13293 13293 D ICU     : No timezone override file found: /data/misc/zoneinfo/current/icu/icu_tzdata.dat
06-11 09:06:20.623 13293 13293 D libnativebridge: PreInitializeNativeBridge name=unknown instruction_set=x86
06-11 09:06:20.624 13293 13293 D libnativebridge: call UnloadNativeBridge! state=1
06-11 09:06:20.641 13293 13293 E memtrack: Couldn't load memtrack module (No such file or directory)
06-11 09:06:20.641 13293 13293 E android.os.Debug: failed to load memtrack module: -2
06-11 09:06:20.642 13293 13293 I Radio-JNI: register_android_hardware_Radio DONE
06-11 09:06:20.654 13293 13293 D AndroidRuntime: Calling main entry com.android.commands.input.Input
06-11 09:06:20.662 13293 13293 I Input   : injectMotionEvent: MotionEvent { action=ACTION_DOWN, actionButton=0, id[0]=0, x[0]=340.0, y[0]=600.0, toolType[0]=TOOL_TYPE_UNKNOWN, buttonState=0, metaState=0, flags=0x0, edgeFlags=0x0, pointerCount=1, historySize=0, eventTime=23993858, downTime=23993858, deviceId=0, source=0x2002 }
06-11 09:06:20.665 13293 13293 I Input   : injectMotionEvent: MotionEvent { action=ACTION_UP, actionButton=0, id[0]=0, x[0]=340.0, y[0]=600.0, toolType[0]=TOOL_TYPE_UNKNOWN, buttonState=0, metaState=0, flags=0x0, edgeFlags=0x0, pointerCount=1, historySize=0, eventTime=23993858, downTime=23993858, deviceId=0, source=0x2002 }
06-11 09:06:20.667 13293 13293 D AndroidRuntime: Shutting down VM
06-11 09:06:21.758 13303 13303 I appproc : exec app_process! cmdline: /system/bin com.android.commands.input.Input mouse tap 200 650 
06-11 09:06:21.758 13303 13303 D AndroidRuntime: >>>>>> START com.android.internal.os.RuntimeInit uid 0 <<<<<<
06-11 09:06:21.762 13303 13303 D AndroidRuntime: CheckJNI is OFF
06-11 09:06:21.825 13303 13303 D ICU     : No timezone override file found: /data/misc/zoneinfo/current/icu/icu_tzdata.dat
06-11 09:06:21.840 13303 13303 D libnativebridge: PreInitializeNativeBridge name=unknown instruction_set=x86
06-11 09:06:21.840 13303 13303 D libnativebridge: call UnloadNativeBridge! state=1
06-11 09:06:21.858 13303 13303 E memtrack: Couldn't load memtrack module (No such file or directory)
06-11 09:06:21.858 13303 13303 E android.os.Debug: failed to load memtrack module: -2
06-11 09:06:21.859 13303 13303 I Radio-JNI: register_android_hardware_Radio DONE
06-11 09:06:21.870 13303 13303 D AndroidRuntime: Calling main entry com.android.commands.input.Input
06-11 09:06:21.877 13303 13303 I Input   : injectMotionEvent: MotionEvent { action=ACTION_DOWN, actionButton=0, id[0]=0, x[0]=200.0, y[0]=650.0, toolType[0]=TOOL_TYPE_UNKNOWN, buttonState=0, metaState=0, flags=0x0, edgeFlags=0x0, pointerCount=1, historySize=0, eventTime=23995074, downTime=23995074, deviceId=0, source=0x2002 }
06-11 09:06:21.881 13303 13303 I Input   : injectMotionEvent: MotionEvent { action=ACTION_UP, actionButton=0, id[0]=0, x[0]=200.0, y[0]=650.0, toolType[0]=TOOL_TYPE_UNKNOWN, buttonState=0, metaState=0, flags=0x0, edgeFlags=0x0, pointerCount=1, historySize=0, eventTime=23995074, downTime=23995074, deviceId=0, source=0x2002 }
06-11 09:06:21.884 13303 13303 D AndroidRuntime: Shutting down VM
06-11 09:06:23.002 13313 13313 I appproc : exec app_process! cmdline: /system/bin com.android.commands.input.Input mouse tap 270 650 
06-11 09:06:23.002 13313 13313 D AndroidRuntime: >>>>>> START com.android.internal.os.RuntimeInit uid 0 <<<<<<
06-11 09:06:23.006 13313 13313 D AndroidRuntime: CheckJNI is OFF
06-11 09:06:23.068 13313 13313 D ICU     : No timezone override file found: /data/misc/zoneinfo/current/icu/icu_tzdata.dat
06-11 09:06:23.085 13313 13313 D libnativebridge: PreInitializeNativeBridge name=unknown instruction_set=x86
06-11 09:06:23.085 13313 13313 D libnativebridge: call UnloadNativeBridge! state=1
06-11 09:06:23.100 13313 13313 E memtrack: Couldn't load memtrack module (No such file or directory)
06-11 09:06:23.100 13313 13313 E android.os.Debug: failed to load memtrack module: -2
06-11 09:06:23.102 13313 13313 I Radio-JNI: register_android_hardware_Radio DONE
06-11 09:06:23.114 13313 13313 D AndroidRuntime: Calling main entry com.android.commands.input.Input
06-11 09:06:23.123 13313 13313 I Input   : injectMotionEvent: MotionEvent { action=ACTION_DOWN, actionButton=0, id[0]=0, x[0]=270.0, y[0]=650.0, toolType[0]=TOOL_TYPE_UNKNOWN, buttonState=0, metaState=0, flags=0x0, edgeFlags=0x0, pointerCount=1, historySize=0, eventTime=23996318, downTime=23996318, deviceId=0, source=0x2002 }
06-11 09:06:23.126 13313 13313 I Input   : injectMotionEvent: MotionEvent { action=ACTION_UP, actionButton=0, id[0]=0, x[0]=270.0, y[0]=650.0, toolType[0]=TOOL_TYPE_UNKNOWN, buttonState=0, metaState=0, flags=0x0, edgeFlags=0x0, pointerCount=1, historySize=0, eventTime=23996318, downTime=23996318, deviceId=0, source=0x2002 }
06-11 09:06:23.129 13313 13313 D AndroidRuntime: Shutting down VM
06-11 09:06:24.073 13323 13323 I appproc : exec app_process! cmdline: /system/bin com.android.commands.input.Input mouse tap 340 650 
06-11 09:06:24.074 13323 13323 D AndroidRuntime: >>>>>> START com.android.internal.os.RuntimeInit uid 0 <<<<<<
06-11 09:06:24.078 13323 13323 D AndroidRuntime: CheckJNI is OFF
06-11 09:06:24.145 13323 13323 D ICU     : No timezone override file found: /data/misc/zoneinfo/current/icu/icu_tzdata.dat
06-11 09:06:24.159 13323 13323 D libnativebridge: PreInitializeNativeBridge name=unknown instruction_set=x86
06-11 09:06:24.160 13323 13323 D libnativebridge: call UnloadNativeBridge! state=1
06-11 09:06:24.177 13323 13323 E memtrack: Couldn't load memtrack module (No such file or directory)
06-11 09:06:24.177 13323 13323 E android.os.Debug: failed to load memtrack module: -2
06-11 09:06:24.179 13323 13323 I Radio-JNI: register_android_hardware_Radio DONE
06-11 09:06:24.191 13323 13323 D AndroidRuntime: Calling main entry com.android.commands.input.Input
06-11 09:06:24.198 13323 13323 I Input   : injectMotionEvent: MotionEvent { action=ACTION_DOWN, actionButton=0, id[0]=0, x[0]=340.0, y[0]=650.0, toolType[0]=TOOL_TYPE_UNKNOWN, buttonState=0, metaState=0, flags=0x0, edgeFlags=0x0, pointerCount=1, historySize=0, eventTime=23997395, downTime=23997395, deviceId=0, source=0x2002 }
06-11 09:06:24.200 13323 13323 I Input   : injectMotionEvent: MotionEvent { action=ACTION_UP, actionButton=0, id[0]=0, x[0]=340.0, y[0]=650.0, toolType[0]=TOOL_TYPE_UNKNOWN, buttonState=0, metaState=0, flags=0x0, edgeFlags=0x0, pointerCount=1, historySize=0, eventTime=23997395, downTime=23997395, deviceId=0, source=0x2002 }
06-11 09:06:24.203 13323 13323 D AndroidRuntime: Shutting down VM
06-11 09:06:25.292 13333 13333 I appproc : exec app_process! cmdline: /system/bin com.android.commands.input.Input mouse tap 200 700 
06-11 09:06:25.293 13333 13333 D AndroidRuntime: >>>>>> START com.android.internal.os.RuntimeInit uid 0 <<<<<<
06-11 09:06:25.299 13333 13333 D AndroidRuntime: CheckJNI is OFF
06-11 09:06:25.376 13333 13333 D ICU     : No timezone override file found: /data/misc/zoneinfo/current/icu/icu_tzdata.dat
06-11 09:06:25.395 13333 13333 D libnativebridge: PreInitializeNativeBridge name=unknown instruction_set=x86
06-11 09:06:25.395 13333 13333 D libnativebridge: call UnloadNativeBridge! state=1
06-11 09:06:25.417 13333 13333 E memtrack: Couldn't load memtrack module (No such file or directory)
06-11 09:06:25.417 13333 13333 E android.os.Debug: failed to load memtrack module: -2
06-11 09:06:25.419 13333 13333 I Radio-JNI: register_android_hardware_Radio DONE
06-11 09:06:25.432 13333 13333 D AndroidRuntime: Calling main entry com.android.commands.input.Input
06-11 09:06:25.440 13333 13333 I Input   : injectMotionEvent: MotionEvent { action=ACTION_DOWN, actionButton=0, id[0]=0, x[0]=200.0, y[0]=700.0, toolType[0]=TOOL_TYPE_UNKNOWN, buttonState=0, metaState=0, flags=0x0, edgeFlags=0x0, pointerCount=1, historySize=0, eventTime=23998636, downTime=23998636, deviceId=0, source=0x2002 }
06-11 09:06:25.444 13333 13333 I Input   : injectMotionEvent: MotionEvent { action=ACTION_UP, actionButton=0, id[0]=0, x[0]=200.0, y[0]=700.0, toolType[0]=TOOL_TYPE_UNKNOWN, buttonState=0, metaState=0, flags=0x0, edgeFlags=0x0, pointerCount=1, historySize=0, eventTime=23998636, downTime=23998636, deviceId=0, source=0x2002 }
06-11 09:06:25.446 13333 13333 D AndroidRuntime: Shutting down VM
06-11 09:06:26.808 13343 13343 I appproc : exec app_process! cmdline: /system/bin com.android.commands.input.Input mouse tap 270 700 
06-11 09:06:26.808 13343 13343 D AndroidRuntime: >>>>>> START com.android.internal.os.RuntimeInit uid 0 <<<<<<
06-11 09:06:26.815 13343 13343 D AndroidRuntime: CheckJNI is OFF
06-11 09:06:26.933 13343 13343 D ICU     : No timezone override file found: /data/misc/zoneinfo/current/icu/icu_tzdata.dat
06-11 09:06:26.960 13343 13343 D libnativebridge: PreInitializeNativeBridge name=unknown instruction_set=x86
06-11 09:06:26.960 13343 13343 D libnativebridge: call UnloadNativeBridge! state=1
06-11 09:06:26.983 13343 13343 E memtrack: Couldn't load memtrack module (No such file or directory)
06-11 09:06:26.983 13343 13343 E android.os.Debug: failed to load memtrack module: -2
06-11 09:06:26.985 13343 13343 I Radio-JNI: register_android_hardware_Radio DONE
06-11 09:06:26.999 13343 13343 D AndroidRuntime: Calling main entry com.android.commands.input.Input
06-11 09:06:27.008 13343 13343 I Input   : injectMotionEvent: MotionEvent { action=ACTION_DOWN, actionButton=0, id[0]=0, x[0]=270.0, y[0]=700.0, toolType[0]=TOOL_TYPE_UNKNOWN, buttonState=0, metaState=0, flags=0x0, edgeFlags=0x0, pointerCount=1, historySize=0, eventTime=24000203, downTime=24000203, deviceId=0, source=0x2002 }
06-11 09:06:27.011 13343 13343 I Input   : injectMotionEvent: MotionEvent { action=ACTION_UP, actionButton=0, id[0]=0, x[0]=270.0, y[0]=700.0, toolType[0]=TOOL_TYPE_UNKNOWN, buttonState=0, metaState=0, flags=0x0, edgeFlags=0x0, pointerCount=1, historySize=0, eventTime=24000203, downTime=24000203, deviceId=0, source=0x2002 }
06-11 09:06:27.015 13343 13343 D AndroidRuntime: Shutting down VM
06-11 09:06:28.363 13353 13353 I appproc : exec app_process! cmdline: /system/bin com.android.commands.input.Input mouse tap 340 700 
06-11 09:06:28.364 13353 13353 D AndroidRuntime: >>>>>> START com.android.internal.os.RuntimeInit uid 0 <<<<<<
06-11 09:06:28.370 13353 13353 D AndroidRuntime: CheckJNI is OFF
06-11 09:06:28.478 13353 13353 D ICU     : No timezone override file found: /data/misc/zoneinfo/current/icu/icu_tzdata.dat
06-11 09:06:28.493 13353 13353 D libnativebridge: PreInitializeNativeBridge name=unknown instruction_set=x86
06-11 09:06:28.494 13353 13353 D libnativebridge: call UnloadNativeBridge! state=1
06-11 09:06:28.511 13353 13353 E memtrack: Couldn't load memtrack module (No such file or directory)
06-11 09:06:28.511 13353 13353 E android.os.Debug: failed to load memtrack module: -2
06-11 09:06:28.513 13353 13353 I Radio-JNI: register_android_hardware_Radio DONE
06-11 09:06:28.525 13353 13353 D AndroidRuntime: Calling main entry com.android.commands.input.Input
