06-11 09:06:28.531 13353 13353 I Input   : injectMotionEvent: MotionEvent { action=ACTION_DOWN, actionButton=0, id[0]=0, x[0]=340.0, y[0]=700.0, toolType[0]=TOOL_TYPE_UNKNOWN, buttonState=0, metaState=0, flags=0x0, edgeFlags=0x0, pointerCount=1, historySize=0, eventTime=24001728, downTime=24001728, deviceId=0, source=0x2002 }
06-11 09:06:28.534 13353 13353 I Input   : injectMotionEvent: MotionEvent { action=ACTION_UP, actionButton=0, id[0]=0, x[0]=340.0, y[0]=700.0, toolType[0]=TOOL_TYPE_UNKNOWN, buttonState=0, metaState=0, flags=0x0, edgeFlags=0x0, pointerCount=1, historySize=0, eventTime=24001728, downTime=24001728, deviceId=0, source=0x2002 }
06-11 09:06:28.536 13353 13353 D AndroidRuntime: Shutting down VM
06-11 09:06:29.615 13364 13364 I appproc : exec app_process! cmdline: /system/bin com.android.commands.input.Input mouse tap 200 750 
06-11 09:06:29.615 13364 13364 D AndroidRuntime: >>>>>> START com.android.internal.os.RuntimeInit uid 0 <<<<<<
06-11 09:06:29.619 13364 13364 D AndroidRuntime: CheckJNI is OFF
06-11 09:06:29.681 13364 13364 D ICU     : No timezone override file found: /data/misc/zoneinfo/current/icu/icu_tzdata.dat
06-11 09:06:29.697 13364 13364 D libnativebridge: PreInitializeNativeBridge name=unknown instruction_set=x86
06-11 09:06:29.698 13364 13364 D libnativebridge: call UnloadNativeBridge! state=1
06-11 09:06:29.716 13364 13364 E memtrack: Couldn't load memtrack module (No such file or directory)
06-11 09:06:29.716 13364 13364 E android.os.Debug: failed to load memtrack module: -2
06-11 09:06:29.718 13364 13364 I Radio-JNI: register_android_hardware_Radio DONE
06-11 09:06:29.731 13364 13364 D AndroidRuntime: Calling main entry com.android.commands.input.Input
06-11 09:06:29.737 13364 13364 I Input   : injectMotionEvent: MotionEvent { action=ACTION_DOWN, actionButton=0, id[0]=0, x[0]=200.0, y[0]=750.0, toolType[0]=TOOL_TYPE_UNKNOWN, buttonState=0, metaState=0, flags=0x0, edgeFlags=0x0, pointerCount=1, historySize=0, eventTime=24002935, downTime=24002935, deviceId=0, source=0x2002 }
06-11 09:06:29.739 13364 13364 I Input   : injectMotionEvent: MotionEvent { action=ACTION_UP, actionButton=0, id[0]=0, x[0]=200.0, y[0]=750.0, toolType[0]=TOOL_TYPE_UNKNOWN, buttonState=0, metaState=0, flags=0x0, edgeFlags=0x0, pointerCount=1, historySize=0, eventTime=24002935, downTime=24002935, deviceId=0, source=0x2002 }
06-11 09:06:29.742 13364 13364 D AndroidRuntime: Shutting down VM
06-11 09:06:30.816 13374 13374 I appproc : exec app_process! cmdline: /system/bin com.android.commands.input.Input mouse tap 270 750 
06-11 09:06:30.816 13374 13374 D AndroidRuntime: >>>>>> START com.android.internal.os.RuntimeInit uid 0 <<<<<<
06-11 09:06:30.820 13374 13374 D AndroidRuntime: CheckJNI is OFF
06-11 09:06:30.885 13374 13374 D ICU     : No timezone override file found: /data/misc/zoneinfo/current/icu/icu_tzdata.dat
06-11 09:06:30.901 13374 13374 D libnativebridge: PreInitializeNativeBridge name=unknown instruction_set=x86
06-11 09:06:30.902 13374 13374 D libnativebridge: call UnloadNativeBridge! state=1
06-11 09:06:30.921 13374 13374 E memtrack: Couldn't load memtrack module (No such file or directory)
06-11 09:06:30.921 13374 13374 E android.os.Debug: failed to load memtrack module: -2
06-11 09:06:30.923 13374 13374 I Radio-JNI: register_android_hardware_Radio DONE
06-11 09:06:30.937 13374 13374 D AndroidRuntime: Calling main entry com.android.commands.input.Input
06-11 09:06:30.943 13374 13374 I Input   : injectMotionEvent: MotionEvent { action=ACTION_DOWN, actionButton=0, id[0]=0, x[0]=270.0, y[0]=750.0, toolType[0]=TOOL_TYPE_UNKNOWN, buttonState=0, metaState=0, flags=0x0, edgeFlags=0x0, pointerCount=1, historySize=0, eventTime=24004141, downTime=24004141, deviceId=0, source=0x2002 }
06-11 09:06:30.947 13374 13374 I Input   : injectMotionEvent: MotionEvent { action=ACTION_UP, actionButton=0, id[0]=0, x[0]=270.0, y[0]=750.0, toolType[0]=TOOL_TYPE_UNKNOWN, buttonState=0, metaState=0, flags=0x0, edgeFlags=0x0, pointerCount=1, historySize=0, eventTime=24004141, downTime=24004141, deviceId=0, source=0x2002 }
06-11 09:06:30.949 13374 13374 D AndroidRuntime: Shutting down VM
06-11 09:06:31.068 11067 11067 D BoundBrokerSvc: onUnbind: Intent { act=com.google.android.gms.safetynet.service.START pkg=com.google.android.gms }
06-11 09:06:31.925 13384 13384 I appproc : exec app_process! cmdline: /system/bin com.android.commands.input.Input mouse tap 340 750 
06-11 09:06:31.925 13384 13384 D AndroidRuntime: >>>>>> START com.android.internal.os.RuntimeInit uid 0 <<<<<<
06-11 09:06:31.929 13384 13384 D AndroidRuntime: CheckJNI is OFF
06-11 09:06:31.997 13384 13384 D ICU     : No timezone override file found: /data/misc/zoneinfo/current/icu/icu_tzdata.dat
06-11 09:06:32.013 13384 13384 D libnativebridge: PreInitializeNativeBridge name=unknown instruction_set=x86
06-11 09:06:32.013 13384 13384 D libnativebridge: call UnloadNativeBridge! state=1
06-11 09:06:32.029 13384 13384 E memtrack: Couldn't load memtrack module (No such file or directory)
06-11 09:06:32.029 13384 13384 E android.os.Debug: failed to load memtrack module: -2
06-11 09:06:32.030 13384 13384 I Radio-JNI: register_android_hardware_Radio DONE
06-11 09:06:32.043 13384 13384 D AndroidRuntime: Calling main entry com.android.commands.input.Input
06-11 09:06:32.050 13384 13384 I Input   : injectMotionEvent: MotionEvent { action=ACTION_DOWN, actionButton=0, id[0]=0, x[0]=340.0, y[0]=750.0, toolType[0]=TOOL_TYPE_UNKNOWN, buttonState=0, metaState=0, flags=0x0, edgeFlags=0x0, pointerCount=1, historySize=0, eventTime=24005247, downTime=24005247, deviceId=0, source=0x2002 }
06-11 09:06:32.053 13384 13384 I Input   : injectMotionEvent: MotionEvent { action=ACTION_UP, actionButton=0, id[0]=0, x[0]=340.0, y[0]=750.0, toolType[0]=TOOL_TYPE_UNKNOWN, buttonState=0, metaState=0, flags=0x0, edgeFlags=0x0, pointerCount=1, historySize=0, eventTime=24005247, downTime=24005247, deviceId=0, source=0x2002 }
06-11 09:06:32.055 13384 13384 D AndroidRuntime: Shutting down VM
06-11 09:06:49.361 13394 13394 I HostConnection: HostConnection::HostConnection: pid=13394, tid=13394, this=0xc7e69200
06-11 09:06:49.363 13394 13394 I         : fastpipe: Connect success
06-11 09:06:49.363 13394 13394 D HostConnection: HostRPC::connect sucess: app=screencap, pid=13394, tid=13394, this=0xc6804740
06-11 09:06:49.364 13394 13394 E HostConnection: /data/local/cfg-znz/gl_force format error! com.tencent.tmgp.trssj 5 
06-11 09:06:49.364 13394 13394 E HostConnection: /data/local/cfg-znz/gl_force format error! com.huiqi.mrby gl
06-11 09:06:49.364 13394 13394 E HostConnection: /data/local/cfg-znz/gl_force format error! aos.playpark.ygc gl
06-11 09:06:49.364 13394 13394 D HostConnection: queryAndSetGLESMaxVersion select gles-version: 3.1 hostGLVersion:46 process:screencap
06-11 09:06:49.366 13394 13394 I         : fastpipe: Connect success
06-11 09:06:49.366 13394 13394 D HostConnection: recv ProcessPuidReply name=screencap puid=49 g_u64CapsFlag=1d
06-11 09:06:49.369  1110  1110 E EGL_adreno: tid 1110: eglCreateSyncKHR(2089): error 0x3004 (EGL_BAD_ATTRIBUTE)
06-11 09:06:49.939 13400 13400 I appproc : exec app_process! cmdline: /system/bin com.android.commands.am.Am broadcast -a android.intent.action.MEDIA_SCANNER_SCAN_FILE -d file:///sdcard/s5.png 
06-11 09:06:49.939 13400 13400 D AndroidRuntime: >>>>>> START com.android.internal.os.RuntimeInit uid 0 <<<<<<
06-11 09:06:49.943 13400 13400 D AndroidRuntime: CheckJNI is OFF
06-11 09:06:50.005 13400 13400 D ICU     : No timezone override file found: /data/misc/zoneinfo/current/icu/icu_tzdata.dat
06-11 09:06:50.022 13400 13400 D libnativebridge: PreInitializeNativeBridge name=unknown instruction_set=x86
06-11 09:06:50.023 13400 13400 D libnativebridge: call UnloadNativeBridge! state=1
06-11 09:06:50.041 13400 13400 E memtrack: Couldn't load memtrack module (No such file or directory)
06-11 09:06:50.041 13400 13400 E android.os.Debug: failed to load memtrack module: -2
06-11 09:06:50.043 13400 13400 I Radio-JNI: register_android_hardware_Radio DONE
06-11 09:06:50.054 13400 13400 D AndroidRuntime: Calling main entry com.android.commands.am.Am
06-11 09:06:50.071  8246  8246 D MediaScannerReceiver: action: android.intent.action.MEDIA_SCANNER_SCAN_FILE path: /storage/emulated/0/s5.png
06-11 09:06:50.075 13400 13400 D AndroidRuntime: Shutting down VM
06-11 09:06:50.131 13394 13394 I         : fastpipe: close connect
06-11 09:07:00.171 13112 13112 D native_project_lib: [root_service_log] TimeTickReceiver.onReceive()...
06-11 09:07:00.192 13112 13112 D native_project_lib: [root_service_log] saved callback activity class name: com.anansimobile.city_ar.Main
06-11 09:07:00.192 13112 13112 D native_project_lib: [root_service_log] notification ignored, activity in foreground!~
06-11 09:07:00.199  1302  1310 I art     : Background partial concurrent mark sweep GC freed 26990(1117KB) AllocSpace objects, 17(340KB) LOS objects, 33% free, 9MB/14MB, paused 3.038ms total 118.103ms
06-11 09:07:19.596  1716 13053 I art     : Starting a blocking GC Explicit
06-11 09:07:19.754  1716 13053 I art     : Explicit concurrent mark sweep GC freed 22714(1171KB) AllocSpace objects, 2(40KB) LOS objects, 39% free, 12MB/21MB, paused 1.472ms total 156.829ms
06-11 09:07:33.063 13412 13412 I appproc : exec app_process! cmdline: /system/bin com.android.commands.input.Input mouse tap 70 50 
06-11 09:07:33.064 13412 13412 D AndroidRuntime: >>>>>> START com.android.internal.os.RuntimeInit uid 0 <<<<<<
06-11 09:07:33.067 13412 13412 D AndroidRuntime: CheckJNI is OFF
06-11 09:07:33.141 13412 13412 D ICU     : No timezone override file found: /data/misc/zoneinfo/current/icu/icu_tzdata.dat
06-11 09:07:33.159 13412 13412 D libnativebridge: PreInitializeNativeBridge name=unknown instruction_set=x86
06-11 09:07:33.160 13412 13412 D libnativebridge: call UnloadNativeBridge! state=1
06-11 09:07:33.181 13412 13412 E memtrack: Couldn't load memtrack module (No such file or directory)
06-11 09:07:33.181 13412 13412 E android.os.Debug: failed to load memtrack module: -2
06-11 09:07:33.183 13412 13412 I Radio-JNI: register_android_hardware_Radio DONE
06-11 09:07:33.198 13412 13412 D AndroidRuntime: Calling main entry com.android.commands.input.Input
06-11 09:07:33.205 13412 13412 I Input   : injectMotionEvent: MotionEvent { action=ACTION_DOWN, actionButton=0, id[0]=0, x[0]=70.0, y[0]=50.0, toolType[0]=TOOL_TYPE_UNKNOWN, buttonState=0, metaState=0, flags=0x0, edgeFlags=0x0, pointerCount=1, historySize=0, eventTime=24066402, downTime=24066402, deviceId=0, source=0x2002 }
06-11 09:07:33.208 13412 13412 I Input   : injectMotionEvent: MotionEvent { action=ACTION_UP, actionButton=0, id[0]=0, x[0]=70.0, y[0]=50.0, toolType[0]=TOOL_TYPE_UNKNOWN, buttonState=0, metaState=0, flags=0x0, edgeFlags=0x0, pointerCount=1, historySize=0, eventTime=24066402, downTime=24066402, deviceId=0, source=0x2002 }
06-11 09:07:33.210 13412 13412 D AndroidRuntime: Shutting down VM
06-11 09:07:33.226 13112 13253 D EGL_adreno: eglMakeCurrent: 0xa0da4c60: ver 3 0 (tinfo 0xa0a4f200)
06-11 09:07:33.226 13112 13112 V libnb   : enter native_bridge2_getTrampoline Java_com_anansimobile_nge_NGWebView_OnWebViewDismissed, trampoline_addr 0xb91ced5c
06-11 09:07:33.235  1117  1138 D audio_hw_hal: raw_start_output_stream, stream=0xc6f05140, sampleRate=48000, channel=2, bps=16, bufSize=4096
06-11 09:07:33.286  1735  1735 W ContextImpl: Calling a method in the system process without a qualified user: android.app.ContextImpl.startService:1358 android.content.ContextWrapper.startService:613 android.content.ContextWrapper.startService:613 com.android.coreservice.CoreBroadcastReceiver.onReceive:69 android.app.ActivityThread.handleReceiver:3073 
06-11 09:07:36.340  1117  1138 D audio_hw_hal: log_func, out_standby
06-11 09:07:36.340  1117  1138 D audio_hw_hal: raw_close_output_stream, dev=0xc6f0a0c0, stream =0xc6f05140
06-11 09:07:36.340  1117  1138 D audio_hw_hal: raw_close_output_stream, stream=0xc6f05140,  success!
06-11 09:07:36.356 13422 13422 I appproc : exec app_process! cmdline: /system/bin com.android.commands.input.Input keyevent KEYCODE_BACK 
06-11 09:07:36.357 13422 13422 D AndroidRuntime: >>>>>> START com.android.internal.os.RuntimeInit uid 0 <<<<<<
06-11 09:07:36.363 13422 13422 D AndroidRuntime: CheckJNI is OFF
06-11 09:07:36.483 13422 13422 D ICU     : No timezone override file found: /data/misc/zoneinfo/current/icu/icu_tzdata.dat
06-11 09:07:36.512 13422 13422 D libnativebridge: PreInitializeNativeBridge name=unknown instruction_set=x86
06-11 09:07:36.513 13422 13422 D libnativebridge: call UnloadNativeBridge! state=1
06-11 09:07:36.544 13422 13422 E memtrack: Couldn't load memtrack module (No such file or directory)
06-11 09:07:36.544 13422 13422 E android.os.Debug: failed to load memtrack module: -2
06-11 09:07:36.547 13422 13422 I Radio-JNI: register_android_hardware_Radio DONE
06-11 09:07:36.572 13422 13422 D AndroidRuntime: Calling main entry com.android.commands.input.Input
06-11 09:07:36.575 13422 13422 I Input   : injectKeyEvent: KeyEvent { action=ACTION_DOWN, keyCode=KEYCODE_BACK, scanCode=0, metaState=0, flags=0x0, repeatCount=0, eventTime=24069777, downTime=24069777, deviceId=-1, source=0x101 }
06-11 09:07:36.607 13422 13422 I Input   : injectKeyEvent: KeyEvent { action=ACTION_UP, keyCode=KEYCODE_BACK, scanCode=0, metaState=0, flags=0x0, repeatCount=0, eventTime=24069777, downTime=24069777, deviceId=-1, source=0x101 }
06-11 09:07:36.609 13112 13112 V libnb   : enter native_bridge2_getTrampoline Java_com_anansimobile_nge_RootActivity_HandleSystemBackEvent, trampoline_addr 0xb91ced24
06-11 09:07:36.613 13422 13422 D AndroidRuntime: Shutting down VM
06-11 09:07:36.661 13112 13112 W System.err: java.lang.Exception: show AlertDialog! title=
06-11 09:07:36.661 13112 13112 W System.err: 	at android.app.AlertDialog.show(AlertDialog.java:134)
06-11 09:07:36.661 13112 13112 W System.err: 	at android.app.AlertDialog$Builder.show(AlertDialog.java:1125)
06-11 09:07:36.661 13112 13112 W System.err: 	at com.anansimobile.nge.NGMsgHandler.handleMessage(RootActivity.java:1179)
06-11 09:07:36.661 13112 13112 W System.err: 	at android.os.Handler.dispatchMessage(Handler.java:102)
06-11 09:07:36.661 13112 13112 W System.err: 	at android.os.Looper.loop(Looper.java:154)
06-11 09:07:36.661 13112 13112 W System.err: 	at android.app.ActivityThread.main(ActivityThread.java:6190)
06-11 09:07:36.661 13112 13112 W System.err: 	at java.lang.reflect.Method.invoke(Native Method)
06-11 09:07:36.661 13112 13112 W System.err: 	at com.android.internal.os.ZygoteInit$MethodAndArgsCaller.run(ZygoteInit.java:892)
06-11 09:07:36.661 13112 13112 W System.err: 	at com.android.internal.os.ZygoteInit.main(ZygoteInit.java:782)
06-11 09:07:36.838 13112 13163 E EGL_adreno: tid 13163: eglSurfaceAttrib(1338): error 0x3009 (EGL_BAD_MATCH)
06-11 09:07:36.838 13112 13163 W OpenGLRenderer: Failed to set EGL_SWAP_BEHAVIOR on surface 0xa1bfbee0, error=EGL_BAD_MATCH
06-11 09:07:36.849 13112 13163 D EGL_adreno: eglMakeCurrent: 0xc7c095e0: ver 3 1 (tinfo 0xb6f47610)
06-11 09:07:52.258 13432 13432 I HostConnection: HostConnection::HostConnection: pid=13432, tid=13432, this=0xc7e69200
06-11 09:07:52.261 13432 13432 I         : fastpipe: Connect success
06-11 09:07:52.261 13432 13432 D HostConnection: HostRPC::connect sucess: app=screencap, pid=13432, tid=13432, this=0xc6804740
06-11 09:07:52.262 13432 13432 E HostConnection: /data/local/cfg-znz/gl_force format error! com.tencent.tmgp.trssj 5 
06-11 09:07:52.262 13432 13432 E HostConnection: /data/local/cfg-znz/gl_force format error! com.huiqi.mrby gl
06-11 09:07:52.262 13432 13432 E HostConnection: /data/local/cfg-znz/gl_force format error! aos.playpark.ygc gl
06-11 09:07:52.263 13432 13432 D HostConnection: queryAndSetGLESMaxVersion select gles-version: 3.1 hostGLVersion:46 process:screencap
06-11 09:07:52.265 13432 13432 I         : fastpipe: Connect success
06-11 09:07:52.265 13432 13432 D HostConnection: recv ProcessPuidReply name=screencap puid=50 g_u64CapsFlag=1d
06-11 09:07:52.267  1110  1110 E EGL_adreno: tid 1110: eglCreateSyncKHR(2089): error 0x3004 (EGL_BAD_ATTRIBUTE)
06-11 09:07:53.485 13437 13437 I appproc : exec app_process! cmdline: /system/bin com.android.commands.am.Am broadcast -a android.intent.action.MEDIA_SCANNER_SCAN_FILE -d file:///sdcard/s6.png 
06-11 09:07:53.485 13437 13437 D AndroidRuntime: >>>>>> START com.android.internal.os.RuntimeInit uid 0 <<<<<<
06-11 09:07:53.490 13437 13437 D AndroidRuntime: CheckJNI is OFF
06-11 09:07:53.561 13437 13437 D ICU     : No timezone override file found: /data/misc/zoneinfo/current/icu/icu_tzdata.dat
06-11 09:07:53.580 13437 13437 D libnativebridge: PreInitializeNativeBridge name=unknown instruction_set=x86
06-11 09:07:53.580 13437 13437 D libnativebridge: call UnloadNativeBridge! state=1
06-11 09:07:53.602 13437 13437 E memtrack: Couldn't load memtrack module (No such file or directory)
06-11 09:07:53.602 13437 13437 E android.os.Debug: failed to load memtrack module: -2
06-11 09:07:53.604 13437 13437 I Radio-JNI: register_android_hardware_Radio DONE
06-11 09:07:53.621 13437 13437 D AndroidRuntime: Calling main entry com.android.commands.am.Am
06-11 09:07:53.628  8246  8246 D MediaScannerReceiver: action: android.intent.action.MEDIA_SCANNER_SCAN_FILE path: /storage/emulated/0/s6.png
06-11 09:07:53.631 13437 13437 D AndroidRuntime: Shutting down VM
06-11 09:07:53.674 13432 13432 I         : fastpipe: close connect
06-11 09:08:00.153 13112 13112 D native_project_lib: [root_service_log] TimeTickReceiver.onReceive()...
06-11 09:08:00.169 13112 13112 D native_project_lib: [root_service_log] saved callback activity class name: com.anansimobile.city_ar.Main
06-11 09:08:00.169 13112 13112 D native_project_lib: [root_service_log] notification ignored, activity in foreground!~
06-11 09:08:00.219  1302  1310 I art     : Background partial concurrent mark sweep GC freed 29613(1179KB) AllocSpace objects, 16(320KB) LOS objects, 33% free, 9MB/14MB, paused 1.642ms total 107.877ms
06-11 09:08:18.601  1302  1358 D WifiStateMachine: setScanResults mScanResults.size=1
06-11 09:08:22.856 13448 13448 I appproc : exec app_process! cmdline: /system/bin com.android.commands.input.Input mouse tap 350 510 
06-11 09:08:22.856 13448 13448 D AndroidRuntime: >>>>>> START com.android.internal.os.RuntimeInit uid 0 <<<<<<
06-11 09:08:22.861 13448 13448 D AndroidRuntime: CheckJNI is OFF
06-11 09:08:22.932 13448 13448 D ICU     : No timezone override file found: /data/misc/zoneinfo/current/icu/icu_tzdata.dat
06-11 09:08:22.951 13448 13448 D libnativebridge: PreInitializeNativeBridge name=unknown instruction_set=x86
06-11 09:08:22.952 13448 13448 D libnativebridge: call UnloadNativeBridge! state=1
06-11 09:08:22.970 13448 13448 E memtrack: Couldn't load memtrack module (No such file or directory)
06-11 09:08:22.970 13448 13448 E android.os.Debug: failed to load memtrack module: -2
06-11 09:08:22.972 13448 13448 I Radio-JNI: register_android_hardware_Radio DONE
06-11 09:08:22.986 13448 13448 D AndroidRuntime: Calling main entry com.android.commands.input.Input
06-11 09:08:22.992 13448 13448 I Input   : injectMotionEvent: MotionEvent { action=ACTION_DOWN, actionButton=0, id[0]=0, x[0]=350.0, y[0]=510.0, toolType[0]=TOOL_TYPE_UNKNOWN, buttonState=0, metaState=0, flags=0x0, edgeFlags=0x0, pointerCount=1, historySize=0, eventTime=24116190, downTime=24116190, deviceId=0, source=0x2002 }
06-11 09:08:22.994 13448 13448 I Input   : injectMotionEvent: MotionEvent { action=ACTION_UP, actionButton=0, id[0]=0, x[0]=350.0, y[0]=510.0, toolType[0]=TOOL_TYPE_UNKNOWN, buttonState=0, metaState=0, flags=0x0, edgeFlags=0x0, pointerCount=1, historySize=0, eventTime=24116190, downTime=24116190, deviceId=0, source=0x2002 }
06-11 09:08:22.995 13448 13448 D AndroidRuntime: Shutting down VM
06-11 09:08:23.000  1117  1138 D audio_hw_hal: raw_start_output_stream, stream=0xc6f05140, sampleRate=48000, channel=2, bps=16, bufSize=4096
06-11 09:08:23.001 13112 13163 D EGL_adreno: eglMakeCurrent: 0xc7c095e0: ver 3 1 (tinfo 0xb6f47610)
06-11 09:08:23.001  1117  1138 D AudioFlinger: mixer(0xc5a80000) throttle end: throttle time(9)
06-11 09:08:23.014  1302  1545 W InputMethodManagerService: Window already focused, ignoring focus gain of: com.android.internal.view.IInputMethodClient$Stub$Proxy@2fc1fe1 attribute=null, token = android.os.BinderProxy@2e3f807
06-11 09:08:26.110  1117  1138 D audio_hw_hal: log_func, out_standby
06-11 09:08:26.110  1117  1138 D audio_hw_hal: raw_close_output_stream, dev=0xc6f0a0c0, stream =0xc6f05140
06-11 09:08:26.110  1117  1138 D audio_hw_hal: raw_close_output_stream, stream=0xc6f05140,  success!
06-11 09:08:40.624 13458 13458 I HostConnection: HostConnection::HostConnection: pid=13458, tid=13458, this=0xc7e69200
06-11 09:08:40.627 13458 13458 I         : fastpipe: Connect success
06-11 09:08:40.627 13458 13458 D HostConnection: HostRPC::connect sucess: app=screencap, pid=13458, tid=13458, this=0xc6804740
06-11 09:08:40.629 13458 13458 E HostConnection: /data/local/cfg-znz/gl_force format error! com.tencent.tmgp.trssj 5 
06-11 09:08:40.629 13458 13458 E HostConnection: /data/local/cfg-znz/gl_force format error! com.huiqi.mrby gl
06-11 09:08:40.629 13458 13458 E HostConnection: /data/local/cfg-znz/gl_force format error! aos.playpark.ygc gl
06-11 09:08:40.629 13458 13458 D HostConnection: queryAndSetGLESMaxVersion select gles-version: 3.1 hostGLVersion:46 process:screencap
06-11 09:08:40.631 13458 13458 I         : fastpipe: Connect success
06-11 09:08:40.631 13458 13458 D HostConnection: recv ProcessPuidReply name=screencap puid=51 g_u64CapsFlag=1d
06-11 09:08:40.635  1110  1110 E EGL_adreno: tid 1110: eglCreateSyncKHR(2089): error 0x3004 (EGL_BAD_ATTRIBUTE)
06-11 09:08:42.184 13463 13463 I appproc : exec app_process! cmdline: /system/bin com.android.commands.am.Am broadcast -a android.intent.action.MEDIA_SCANNER_SCAN_FILE -d file:///sdcard/s7.png 
06-11 09:08:42.184 13463 13463 D AndroidRuntime: >>>>>> START com.android.internal.os.RuntimeInit uid 0 <<<<<<
06-11 09:08:42.188 13463 13463 D AndroidRuntime: CheckJNI is OFF
06-11 09:08:42.267 13463 13463 D ICU     : No timezone override file found: /data/misc/zoneinfo/current/icu/icu_tzdata.dat
06-11 09:08:42.284 13463 13463 D libnativebridge: PreInitializeNativeBridge name=unknown instruction_set=x86
06-11 09:08:42.285 13463 13463 D libnativebridge: call UnloadNativeBridge! state=1
06-11 09:08:42.305 13463 13463 E memtrack: Couldn't load memtrack module (No such file or directory)
06-11 09:08:42.305 13463 13463 E android.os.Debug: failed to load memtrack module: -2
06-11 09:08:42.306 13463 13463 I Radio-JNI: register_android_hardware_Radio DONE
06-11 09:08:42.320 13463 13463 D AndroidRuntime: Calling main entry com.android.commands.am.Am
06-11 09:08:42.328  8246  8246 D MediaScannerReceiver: action: android.intent.action.MEDIA_SCANNER_SCAN_FILE path: /storage/emulated/0/s7.png
06-11 09:08:42.331 13463 13463 D AndroidRuntime: Shutting down VM
06-11 09:08:42.371 13458 13458 I         : fastpipe: close connect
06-11 09:09:00.155 13112 13112 D native_project_lib: [root_service_log] TimeTickReceiver.onReceive()...
06-11 09:09:00.169 13112 13112 D native_project_lib: [root_service_log] saved callback activity class name: com.anansimobile.city_ar.Main
06-11 09:09:00.169 13112 13112 D native_project_lib: [root_service_log] notification ignored, activity in foreground!~
06-11 09:09:00.222  1302  1310 I art     : Background partial concurrent mark sweep GC freed 31508(1264KB) AllocSpace objects, 15(300KB) LOS objects, 33% free, 9MB/14MB, paused 1.429ms total 103.797ms
06-11 09:09:21.919 13474 13474 I appproc : exec app_process! cmdline: /system/bin com.android.commands.input.Input mouse tap 270 640 
06-11 09:09:21.920 13474 13474 D AndroidRuntime: >>>>>> START com.android.internal.os.RuntimeInit uid 0 <<<<<<
06-11 09:09:21.923 13474 13474 D AndroidRuntime: CheckJNI is OFF
06-11 09:09:21.986 13474 13474 D ICU     : No timezone override file found: /data/misc/zoneinfo/current/icu/icu_tzdata.dat
06-11 09:09:22.002 13474 13474 D libnativebridge: PreInitializeNativeBridge name=unknown instruction_set=x86
06-11 09:09:22.003 13474 13474 D libnativebridge: call UnloadNativeBridge! state=1
06-11 09:09:22.026 13474 13474 E memtrack: Couldn't load memtrack module (No such file or directory)
06-11 09:09:22.026 13474 13474 E android.os.Debug: failed to load memtrack module: -2
06-11 09:09:22.028 13474 13474 I Radio-JNI: register_android_hardware_Radio DONE
06-11 09:09:22.045 13474 13474 D AndroidRuntime: Calling main entry com.android.commands.input.Input
06-11 09:09:22.056 13474 13474 I Input   : injectMotionEvent: MotionEvent { action=ACTION_DOWN, actionButton=0, id[0]=0, x[0]=270.0, y[0]=640.0, toolType[0]=TOOL_TYPE_UNKNOWN, buttonState=0, metaState=0, flags=0x0, edgeFlags=0x0, pointerCount=1, historySize=0, eventTime=24175250, downTime=24175250, deviceId=0, source=0x2002 }
06-11 09:09:22.061 13474 13474 I Input   : injectMotionEvent: MotionEvent { action=ACTION_UP, actionButton=0, id[0]=0, x[0]=270.0, y[0]=640.0, toolType[0]=TOOL_TYPE_UNKNOWN, buttonState=0, metaState=0, flags=0x0, edgeFlags=0x0, pointerCount=1, historySize=0, eventTime=24175250, downTime=24175250, deviceId=0, source=0x2002 }
06-11 09:09:22.062 13474 13474 D AndroidRuntime: Shutting down VM
06-11 09:09:23.956 13484 13484 I appproc : exec app_process! cmdline: /system/bin com.android.commands.input.Input mouse tap 270 700 
06-11 09:09:23.956 13484 13484 D AndroidRuntime: >>>>>> START com.android.internal.os.RuntimeInit uid 0 <<<<<<
06-11 09:09:23.960 13484 13484 D AndroidRuntime: CheckJNI is OFF
06-11 09:09:24.089 13484 13484 D ICU     : No timezone override file found: /data/misc/zoneinfo/current/icu/icu_tzdata.dat
06-11 09:09:24.121 13484 13484 D libnativebridge: PreInitializeNativeBridge name=unknown instruction_set=x86
06-11 09:09:24.122 13484 13484 D libnativebridge: call UnloadNativeBridge! state=1
06-11 09:09:24.158 13484 13484 E memtrack: Couldn't load memtrack module (No such file or directory)
06-11 09:09:24.159 13484 13484 E android.os.Debug: failed to load memtrack module: -2
06-11 09:09:24.162 13484 13484 I Radio-JNI: register_android_hardware_Radio DONE
06-11 09:09:24.189 13484 13484 D AndroidRuntime: Calling main entry com.android.commands.input.Input
06-11 09:09:24.200 13484 13484 I Input   : injectMotionEvent: MotionEvent { action=ACTION_DOWN, actionButton=0, id[0]=0, x[0]=270.0, y[0]=700.0, toolType[0]=TOOL_TYPE_UNKNOWN, buttonState=0, metaState=0, flags=0x0, edgeFlags=0x0, pointerCount=1, historySize=0, eventTime=24177394, downTime=24177394, deviceId=0, source=0x2002 }
06-11 09:09:24.203 13484 13484 I Input   : injectMotionEvent: MotionEvent { action=ACTION_UP, actionButton=0, id[0]=0, x[0]=270.0, y[0]=700.0, toolType[0]=TOOL_TYPE_UNKNOWN, buttonState=0, metaState=0, flags=0x0, edgeFlags=0x0, pointerCount=1, historySize=0, eventTime=24177394, downTime=24177394, deviceId=0, source=0x2002 }
06-11 09:09:24.206 13484 13484 D AndroidRuntime: Shutting down VM
06-11 09:09:31.637  1302  1310 I art     : Background partial concurrent mark sweep GC freed 27219(1155KB) AllocSpace objects, 20(400KB) LOS objects, 33% free, 9MB/14MB, paused 3.395ms total 133.153ms
06-11 09:09:31.661  1716 13053 I AlarmManager: setExactAndAllowWhileIdle [name: GCM_HB_ALARM type: 2 triggerAtMillis: 24244864]
06-11 09:09:31.839  1716 13053 W WakeLock: GCM_HB_ALARM release without a matched acquire! [CONTEXT service_id=259 ]
06-11 09:09:31.955  1302  1310 I art     : Background partial concurrent mark sweep GC freed 23018(1035KB) AllocSpace objects, 22(440KB) LOS objects, 33% free, 9MB/14MB, paused 1.683ms total 102.994ms
06-11 09:09:32.536  1716  1716 D BoundBrokerSvc: onRebind: Intent { act=com.google.android.gms.libs.gmscorelogger.service.START dat=chimera-action: cmp=com.google.android.gms/.chimera.PersistentDirectBootAwareApiService }
06-11 09:09:36.991  1716 13053 I AlarmManager: setExactAndAllowWhileIdle [name: GCM_HB_ALARM type: 2 triggerAtMillis: 24480194]
06-11 09:09:46.010 13496 13496 I HostConnection: HostConnection::HostConnection: pid=13496, tid=13496, this=0xc7e69200
06-11 09:09:46.013 13496 13496 I         : fastpipe: Connect success
06-11 09:09:46.013 13496 13496 D HostConnection: HostRPC::connect sucess: app=screencap, pid=13496, tid=13496, this=0xc6804740
06-11 09:09:46.015 13496 13496 E HostConnection: /data/local/cfg-znz/gl_force format error! com.tencent.tmgp.trssj 5 
06-11 09:09:46.015 13496 13496 E HostConnection: /data/local/cfg-znz/gl_force format error! com.huiqi.mrby gl
06-11 09:09:46.015 13496 13496 E HostConnection: /data/local/cfg-znz/gl_force format error! aos.playpark.ygc gl
06-11 09:09:46.015 13496 13496 D HostConnection: queryAndSetGLESMaxVersion select gles-version: 3.1 hostGLVersion:46 process:screencap
06-11 09:09:46.017 13496 13496 I         : fastpipe: Connect success
06-11 09:09:46.017 13496 13496 D HostConnection: recv ProcessPuidReply name=screencap puid=52 g_u64CapsFlag=1d
06-11 09:09:46.020  1110  1110 E EGL_adreno: tid 1110: eglCreateSyncKHR(2089): error 0x3004 (EGL_BAD_ATTRIBUTE)
06-11 09:09:47.550 13501 13501 I appproc : exec app_process! cmdline: /system/bin com.android.commands.am.Am broadcast -a android.intent.action.MEDIA_SCANNER_SCAN_FILE -d file:///sdcard/s8.png 
06-11 09:09:47.551 13501 13501 D AndroidRuntime: >>>>>> START com.android.internal.os.RuntimeInit uid 0 <<<<<<
06-11 09:09:47.557 13501 13501 D AndroidRuntime: CheckJNI is OFF
06-11 09:09:47.579  1716  1716 D BoundBrokerSvc: onUnbind: Intent { act=com.google.android.gms.libs.gmscorelogger.service.START dat=chimera-action: cmp=com.google.android.gms/.chimera.PersistentDirectBootAwareApiService }
06-11 09:09:47.714 13501 13501 D ICU     : No timezone override file found: /data/misc/zoneinfo/current/icu/icu_tzdata.dat
06-11 09:09:47.750 13501 13501 D libnativebridge: PreInitializeNativeBridge name=unknown instruction_set=x86
06-11 09:09:47.750 13501 13501 D libnativebridge: call UnloadNativeBridge! state=1
06-11 09:09:47.774 13501 13501 E memtrack: Couldn't load memtrack module (No such file or directory)
06-11 09:09:47.774 13501 13501 E android.os.Debug: failed to load memtrack module: -2
06-11 09:09:47.775 13501 13501 I Radio-JNI: register_android_hardware_Radio DONE
06-11 09:09:47.788 13501 13501 D AndroidRuntime: Calling main entry com.android.commands.am.Am
06-11 09:09:47.793  8246  8246 D MediaScannerReceiver: action: android.intent.action.MEDIA_SCANNER_SCAN_FILE path: /storage/emulated/0/s8.png
06-11 09:09:47.796 13501 13501 D AndroidRuntime: Shutting down VM
06-11 09:09:47.836 13496 13496 I         : fastpipe: close connect
06-11 09:10:00.143  1302  1310 I art     : Background partial concurrent mark sweep GC freed 27472(1184KB) AllocSpace objects, 22(440KB) LOS objects, 33% free, 9MB/14MB, paused 1.511ms total 110.716ms
06-11 09:10:00.204 13112 13112 D native_project_lib: [root_service_log] TimeTickReceiver.onReceive()...
06-11 09:10:00.219 13112 13112 D native_project_lib: [root_service_log] saved callback activity class name: com.anansimobile.city_ar.Main
06-11 09:10:00.220 13112 13112 D native_project_lib: [root_service_log] notification ignored, activity in foreground!~
06-11 09:10:11.062 11067 11067 D BoundBrokerSvc: onUnbind: Intent { act=com.google.android.gms.backup.GMS_MODULE_RESTORE dat=chimera-action: cmp=com.google.android.gms/.chimera.GmsInternalBoundBrokerService }
06-11 09:10:12.900  1716  1716 D BoundBrokerSvc: onUnbind: Intent { act=com.google.android.gms.presencemanager.service.START dat=chimera-action: cmp=com.google.android.gms/.chimera.PersistentApiService }
06-11 09:10:12.904  1716  1716 D BoundBrokerSvc: onUnbind: Intent { act=com.google.android.gms.presencemanager.service.INTERNAL_IDENTITY dat=chimera-action: cmp=com.google.android.gms/.chimera.PersistentApiService }
06-11 09:10:32.890 13512 13512 I appproc : exec app_process! cmdline: /system/bin com.android.commands.input.Input mouse tap 270 705 
06-11 09:10:32.890 13512 13512 D AndroidRuntime: >>>>>> START com.android.internal.os.RuntimeInit uid 0 <<<<<<
06-11 09:10:32.893 13512 13512 D AndroidRuntime: CheckJNI is OFF
06-11 09:10:32.962 13512 13512 D ICU     : No timezone override file found: /data/misc/zoneinfo/current/icu/icu_tzdata.dat
06-11 09:10:32.981 13512 13512 D libnativebridge: PreInitializeNativeBridge name=unknown instruction_set=x86
06-11 09:10:32.982 13512 13512 D libnativebridge: call UnloadNativeBridge! state=1
06-11 09:10:33.005 13512 13512 E memtrack: Couldn't load memtrack module (No such file or directory)
06-11 09:10:33.005 13512 13512 E android.os.Debug: failed to load memtrack module: -2
06-11 09:10:33.007 13512 13512 I Radio-JNI: register_android_hardware_Radio DONE
06-11 09:10:33.023 13512 13512 D AndroidRuntime: Calling main entry com.android.commands.input.Input
06-11 09:10:33.031 13512 13512 I Input   : injectMotionEvent: MotionEvent { action=ACTION_DOWN, actionButton=0, id[0]=0, x[0]=270.0, y[0]=705.0, toolType[0]=TOOL_TYPE_UNKNOWN, buttonState=0, metaState=0, flags=0x0, edgeFlags=0x0, pointerCount=1, historySize=0, eventTime=24246227, downTime=24246227, deviceId=0, source=0x2002 }
06-11 09:10:33.033 13512 13512 I Input   : injectMotionEvent: MotionEvent { action=ACTION_UP, actionButton=0, id[0]=0, x[0]=270.0, y[0]=705.0, toolType[0]=TOOL_TYPE_UNKNOWN, buttonState=0, metaState=0, flags=0x0, edgeFlags=0x0, pointerCount=1, historySize=0, eventTime=24246227, downTime=24246227, deviceId=0, source=0x2002 }
06-11 09:10:33.035 13512 13512 D AndroidRuntime: Shutting down VM
06-11 09:10:58.602  1302  1358 D WifiStateMachine: setScanResults mScanResults.size=1
06-11 09:11:00.133 13112 13112 D native_project_lib: [root_service_log] TimeTickReceiver.onReceive()...
06-11 09:11:00.142 13112 13112 D native_project_lib: [root_service_log] saved callback activity class name: com.anansimobile.city_ar.Main
06-11 09:11:00.142 13112 13112 D native_project_lib: [root_service_log] notification ignored, activity in foreground!~
06-11 09:11:27.790 13522 13522 I appproc : exec app_process! cmdline: /system/bin com.android.commands.input.Input mouse tap 270 500 
06-11 09:11:27.790 13522 13522 D AndroidRuntime: >>>>>> START com.android.internal.os.RuntimeInit uid 0 <<<<<<
06-11 09:11:27.795 13522 13522 D AndroidRuntime: CheckJNI is OFF
06-11 09:11:27.861 13522 13522 D ICU     : No timezone override file found: /data/misc/zoneinfo/current/icu/icu_tzdata.dat
06-11 09:11:27.878 13522 13522 D libnativebridge: PreInitializeNativeBridge name=unknown instruction_set=x86
06-11 09:11:27.879 13522 13522 D libnativebridge: call UnloadNativeBridge! state=1
06-11 09:11:27.897 13522 13522 E memtrack: Couldn't load memtrack module (No such file or directory)
06-11 09:11:27.897 13522 13522 E android.os.Debug: failed to load memtrack module: -2
06-11 09:11:27.899 13522 13522 I Radio-JNI: register_android_hardware_Radio DONE
06-11 09:11:27.910 13522 13522 D AndroidRuntime: Calling main entry com.android.commands.input.Input
06-11 09:11:27.917 13522 13522 I Input   : injectMotionEvent: MotionEvent { action=ACTION_DOWN, actionButton=0, id[0]=0, x[0]=270.0, y[0]=500.0, toolType[0]=TOOL_TYPE_UNKNOWN, buttonState=0, metaState=0, flags=0x0, edgeFlags=0x0, pointerCount=1, historySize=0, eventTime=24301115, downTime=24301115, deviceId=0, source=0x2002 }
06-11 09:11:27.919 13522 13522 I Input   : injectMotionEvent: MotionEvent { action=ACTION_UP, actionButton=0, id[0]=0, x[0]=270.0, y[0]=500.0, toolType[0]=TOOL_TYPE_UNKNOWN, buttonState=0, metaState=0, flags=0x0, edgeFlags=0x0, pointerCount=1, historySize=0, eventTime=24301115, downTime=24301115, deviceId=0, source=0x2002 }
06-11 09:11:27.920 13522 13522 D AndroidRuntime: Shutting down VM
06-11 09:11:28.054 11067 11110 I art     : Starting a blocking GC Explicit
06-11 09:11:28.117 11067 11110 I art     : Explicit concurrent mark sweep GC freed 1149(55KB) AllocSpace objects, 1(20KB) LOS objects, 24% free, 8MB/11MB, paused 523us total 62.758ms
06-11 09:11:28.766 13532 13532 I appproc : exec app_process! cmdline: /system/bin com.android.commands.input.Input mouse tap 270 520 
06-11 09:11:28.766 13532 13532 D AndroidRuntime: >>>>>> START com.android.internal.os.RuntimeInit uid 0 <<<<<<
06-11 09:11:28.771 13532 13532 D AndroidRuntime: CheckJNI is OFF
06-11 09:11:28.853 13532 13532 D ICU     : No timezone override file found: /data/misc/zoneinfo/current/icu/icu_tzdata.dat
06-11 09:11:28.877 13532 13532 D libnativebridge: PreInitializeNativeBridge name=unknown instruction_set=x86
06-11 09:11:28.878 13532 13532 D libnativebridge: call UnloadNativeBridge! state=1
06-11 09:11:28.901 13532 13532 E memtrack: Couldn't load memtrack module (No such file or directory)
06-11 09:11:28.901 13532 13532 E android.os.Debug: failed to load memtrack module: -2
06-11 09:11:28.903 13532 13532 I Radio-JNI: register_android_hardware_Radio DONE
06-11 09:11:28.921 13532 13532 D AndroidRuntime: Calling main entry com.android.commands.input.Input
06-11 09:11:28.930 13532 13532 I Input   : injectMotionEvent: MotionEvent { action=ACTION_DOWN, actionButton=0, id[0]=0, x[0]=270.0, y[0]=520.0, toolType[0]=TOOL_TYPE_UNKNOWN, buttonState=0, metaState=0, flags=0x0, edgeFlags=0x0, pointerCount=1, historySize=0, eventTime=24302125, downTime=24302125, deviceId=0, source=0x2002 }
06-11 09:11:28.933 13532 13532 I Input   : injectMotionEvent: MotionEvent { action=ACTION_UP, actionButton=0, id[0]=0, x[0]=270.0, y[0]=520.0, toolType[0]=TOOL_TYPE_UNKNOWN, buttonState=0, metaState=0, flags=0x0, edgeFlags=0x0, pointerCount=1, historySize=0, eventTime=24302125, downTime=24302125, deviceId=0, source=0x2002 }
06-11 09:11:28.934 13532 13532 D AndroidRuntime: Shutting down VM
06-11 09:11:30.229 13543 13543 I appproc : exec app_process! cmdline: /system/bin com.android.commands.input.Input mouse tap 270 540 
06-11 09:11:30.230 13543 13543 D AndroidRuntime: >>>>>> START com.android.internal.os.RuntimeInit uid 0 <<<<<<
06-11 09:11:30.234 13543 13543 D AndroidRuntime: CheckJNI is OFF
06-11 09:11:30.299 13543 13543 D ICU     : No timezone override file found: /data/misc/zoneinfo/current/icu/icu_tzdata.dat
06-11 09:11:30.315 13543 13543 D libnativebridge: PreInitializeNativeBridge name=unknown instruction_set=x86
06-11 09:11:30.316 13543 13543 D libnativebridge: call UnloadNativeBridge! state=1
06-11 09:11:30.333 13543 13543 E memtrack: Couldn't load memtrack module (No such file or directory)
06-11 09:11:30.334 13543 13543 E android.os.Debug: failed to load memtrack module: -2
06-11 09:11:30.335 13543 13543 I Radio-JNI: register_android_hardware_Radio DONE
06-11 09:11:30.348 13543 13543 D AndroidRuntime: Calling main entry com.android.commands.input.Input
06-11 09:11:30.354 13543 13543 I Input   : injectMotionEvent: MotionEvent { action=ACTION_DOWN, actionButton=0, id[0]=0, x[0]=270.0, y[0]=540.0, toolType[0]=TOOL_TYPE_UNKNOWN, buttonState=0, metaState=0, flags=0x0, edgeFlags=0x0, pointerCount=1, historySize=0, eventTime=24303551, downTime=24303551, deviceId=0, source=0x2002 }
06-11 09:11:30.356 13543 13543 I Input   : injectMotionEvent: MotionEvent { action=ACTION_UP, actionButton=0, id[0]=0, x[0]=270.0, y[0]=540.0, toolType[0]=TOOL_TYPE_UNKNOWN, buttonState=0, metaState=0, flags=0x0, edgeFlags=0x0, pointerCount=1, historySize=0, eventTime=24303551, downTime=24303551, deviceId=0, source=0x2002 }
06-11 09:11:30.357 13543 13543 D AndroidRuntime: Shutting down VM
06-11 09:11:31.332 13553 13553 I appproc : exec app_process! cmdline: /system/bin com.android.commands.input.Input mouse tap 270 560 
06-11 09:11:31.332 13553 13553 D AndroidRuntime: >>>>>> START com.android.internal.os.RuntimeInit uid 0 <<<<<<
06-11 09:11:31.336 13553 13553 D AndroidRuntime: CheckJNI is OFF
06-11 09:11:31.408 13553 13553 D ICU     : No timezone override file found: /data/misc/zoneinfo/current/icu/icu_tzdata.dat
06-11 09:11:31.427 13553 13553 D libnativebridge: PreInitializeNativeBridge name=unknown instruction_set=x86
06-11 09:11:31.428 13553 13553 D libnativebridge: call UnloadNativeBridge! state=1
06-11 09:11:31.448 13553 13553 E memtrack: Couldn't load memtrack module (No such file or directory)
06-11 09:11:31.448 13553 13553 E android.os.Debug: failed to load memtrack module: -2
06-11 09:11:31.450 13553 13553 I Radio-JNI: register_android_hardware_Radio DONE
06-11 09:11:31.466 13553 13553 D AndroidRuntime: Calling main entry com.android.commands.input.Input
06-11 09:11:31.472 13553 13553 I Input   : injectMotionEvent: MotionEvent { action=ACTION_DOWN, actionButton=0, id[0]=0, x[0]=270.0, y[0]=560.0, toolType[0]=TOOL_TYPE_UNKNOWN, buttonState=0, metaState=0, flags=0x0, edgeFlags=0x0, pointerCount=1, historySize=0, eventTime=24304670, downTime=24304670, deviceId=0, source=0x2002 }
06-11 09:11:31.474 13553 13553 I Input   : injectMotionEvent: MotionEvent { action=ACTION_UP, actionButton=0, id[0]=0, x[0]=270.0, y[0]=560.0, toolType[0]=TOOL_TYPE_UNKNOWN, buttonState=0, metaState=0, flags=0x0, edgeFlags=0x0, pointerCount=1, historySize=0, eventTime=24304670, downTime=24304670, deviceId=0, source=0x2002 }
06-11 09:11:31.476 13553 13553 D AndroidRuntime: Shutting down VM
06-11 09:11:31.566 13112 13253 E eglCodecCommon: glUtilsParamSize: unknow param 0x000088ef
06-11 09:11:31.593 13112 13163 D EGL_adreno: eglMakeCurrent: 0xc7c095e0: ver 3 1 (tinfo 0xb6f47610)
06-11 09:11:31.609  1735  1735 W ContextImpl: Calling a method in the system process without a qualified user: android.app.ContextImpl.startService:1358 android.content.ContextWrapper.startService:613 android.content.ContextWrapper.startService:613 com.android.coreservice.CoreBroadcastReceiver.onReceive:69 android.app.ActivityThread.handleReceiver:3073 
06-11 09:11:31.610 13112 13112 W IInputConnectionWrapper: finishComposingText on inactive InputConnection
06-11 09:11:31.625 11067 11067 D BoundBrokerSvc: onBind: Intent { act=com.google.android.gms.safetynet.service.START pkg=com.google.android.gms }
06-11 09:11:31.626 11067 11067 D BoundBrokerSvc: Loading bound service for intent: Intent { act=com.google.android.gms.safetynet.service.START pkg=com.google.android.gms }
06-11 09:11:31.627 13112 13163 E eglCodecCommon: glUtilsParamSize: unknow param 0x000088ef
06-11 09:11:31.716  1716  2313 W PhBaseOp: Phenotype API error. Event: # hgtq@c6a873b4, EventCode: COMMIT_CONFIG [CONTEXT service_id=51 ]
06-11 09:11:31.716  1716  2313 W PhBaseOp: dtrm: 29547: Stale snapshot for com.google.android.gms.security.safebrowsing#com.google.android.gms(new configuration available)
06-11 09:11:31.716  1716  2313 W PhBaseOp: 	at dttp.d(:com.google.android.gms@261833007@26.18.33 (040700-913931251):448)
06-11 09:11:31.716  1716  2313 W PhBaseOp: 	at dttp.b(:com.google.android.gms@261833007@26.18.33 (040700-913931251):44)
06-11 09:11:31.716  1716  2313 W PhBaseOp: 	at dtto.i(:com.google.android.gms@261833007@26.18.33 (040700-913931251):3)
06-11 09:11:31.716  1716  2313 W PhBaseOp: 	at dttk.h(:com.google.android.gms@261833007@26.18.33 (040700-913931251):31)
06-11 09:11:31.716  1716  2313 W PhBaseOp: 	at dttk.f(:com.google.android.gms@261833007@26.18.33 (040700-913931251):13)
06-11 09:11:31.716  1716  2313 W PhBaseOp: 	at crbm.fB(:com.google.android.gms@261833007@26.18.33 (040700-913931251):1)
06-11 09:11:31.716  1716  2313 W PhBaseOp: 	at crbx.run(:com.google.android.gms@261833007@26.18.33 (040700-913931251):118)
06-11 09:11:31.716  1716  2313 W PhBaseOp: 	at fjuj.run(:com.google.android.gms@261833007@26.18.33 (040700-913931251):19)
06-11 09:11:31.716  1716  2313 W PhBaseOp: 	at bfky.c(:com.google.android.gms@261833007@26.18.33 (040700-913931251):50)
06-11 09:11:31.716  1716  2313 W PhBaseOp: 	at bfky.run(:com.google.android.gms@261833007@26.18.33 (040700-913931251):73)
06-11 09:11:31.716  1716  2313 W PhBaseOp: 	at java.util.concurrent.ThreadPoolExecutor.runWorker(ThreadPoolExecutor.java:1133)
06-11 09:11:31.716  1716  2313 W PhBaseOp: 	at java.util.concurrent.ThreadPoolExecutor$Worker.run(ThreadPoolExecutor.java:607)
06-11 09:11:31.716  1716  2313 W PhBaseOp: 	at bfqi.run(:com.google.android.gms@261833007@26.18.33 (040700-913931251):8)
06-11 09:11:31.716  1716  2313 W PhBaseOp: 	at java.lang.Thread.run(Thread.java:761)
06-11 09:11:31.718  1716  2313 W AsyncOperation: operation=CommitToConfigurationOperationCall, opStatusCode=29547 [CONTEXT service_id=51 ]
06-11 09:11:31.718  1716  2313 W AsyncOperation: OperationException[Status{statusCode=Stale snapshot for com.google.android.gms.security.safebrowsing#com.google.android.gms(new configuration available), resolution=null}]
06-11 09:11:31.718  1716  2313 W AsyncOperation: 	at dttk.h(:com.google.android.gms@261833007@26.18.33 (040700-913931251):61)
06-11 09:11:31.718  1716  2313 W AsyncOperation: 	at dttk.f(:com.google.android.gms@261833007@26.18.33 (040700-913931251):13)
06-11 09:11:31.718  1716  2313 W AsyncOperation: 	at crbm.fB(:com.google.android.gms@261833007@26.18.33 (040700-913931251):1)
06-11 09:11:31.718  1716  2313 W AsyncOperation: 	at crbx.run(:com.google.android.gms@261833007@26.18.33 (040700-913931251):118)
06-11 09:11:31.718  1716  2313 W AsyncOperation: 	at fjuj.run(:com.google.android.gms@261833007@26.18.33 (040700-913931251):19)
06-11 09:11:31.718  1716  2313 W AsyncOperation: 	at bfky.c(:com.google.android.gms@261833007@26.18.33 (040700-913931251):50)
06-11 09:11:31.718  1716  2313 W AsyncOperation: 	at bfky.run(:com.google.android.gms@261833007@26.18.33 (040700-913931251):73)
06-11 09:11:31.718  1716  2313 W AsyncOperation: 	at java.util.concurrent.ThreadPoolExecutor.runWorker(ThreadPoolExecutor.java:1133)
06-11 09:11:31.718  1716  2313 W AsyncOperation: 	at java.util.concurrent.ThreadPoolExecutor$Worker.run(ThreadPoolExecutor.java:607)
06-11 09:11:31.718  1716  2313 W AsyncOperation: 	at bfqi.run(:com.google.android.gms@261833007@26.18.33 (040700-913931251):8)
06-11 09:11:31.718  1716  2313 W AsyncOperation: 	at java.lang.Thread.run(Thread.java:761)
06-11 09:11:32.443 13565 13565 I appproc : exec app_process! cmdline: /system/bin com.android.commands.input.Input mouse tap 270 580 
06-11 09:11:32.443 13565 13565 D AndroidRuntime: >>>>>> START com.android.internal.os.RuntimeInit uid 0 <<<<<<
06-11 09:11:32.447 13565 13565 D AndroidRuntime: CheckJNI is OFF
06-11 09:11:32.520 13565 13565 D ICU     : No timezone override file found: /data/misc/zoneinfo/current/icu/icu_tzdata.dat
06-11 09:11:32.539 13565 13565 D libnativebridge: PreInitializeNativeBridge name=unknown instruction_set=x86
06-11 09:11:32.540 13565 13565 D libnativebridge: call UnloadNativeBridge! state=1
06-11 09:11:32.557 13565 13565 E memtrack: Couldn't load memtrack module (No such file or directory)
06-11 09:11:32.557 13565 13565 E android.os.Debug: failed to load memtrack module: -2
06-11 09:11:32.558 13565 13565 I Radio-JNI: register_android_hardware_Radio DONE
06-11 09:11:32.572 13565 13565 D AndroidRuntime: Calling main entry com.android.commands.input.Input
06-11 09:11:32.579 13565 13565 I Input   : injectMotionEvent: MotionEvent { action=ACTION_DOWN, actionButton=0, id[0]=0, x[0]=270.0, y[0]=580.0, toolType[0]=TOOL_TYPE_UNKNOWN, buttonState=0, metaState=0, flags=0x0, edgeFlags=0x0, pointerCount=1, historySize=0, eventTime=24305776, downTime=24305776, deviceId=0, source=0x2002 }
06-11 09:11:32.584 13565 13565 I Input   : injectMotionEvent: MotionEvent { action=ACTION_UP, actionButton=0, id[0]=0, x[0]=270.0, y[0]=580.0, toolType[0]=TOOL_TYPE_UNKNOWN, buttonState=0, metaState=0, flags=0x0, edgeFlags=0x0, pointerCount=1, historySize=0, eventTime=24305776, downTime=24305776, deviceId=0, source=0x2002 }
06-11 09:11:32.586 13565 13565 D AndroidRuntime: Shutting down VM
06-11 09:11:33.646 13576 13576 I appproc : exec app_process! cmdline: /system/bin com.android.commands.input.Input mouse tap 270 600 
06-11 09:11:33.646 13576 13576 D AndroidRuntime: >>>>>> START com.android.internal.os.RuntimeInit uid 0 <<<<<<
06-11 09:11:33.650 13576 13576 D AndroidRuntime: CheckJNI is OFF
06-11 09:11:33.714 13576 13576 D ICU     : No timezone override file found: /data/misc/zoneinfo/current/icu/icu_tzdata.dat
06-11 09:11:33.733 13576 13576 D libnativebridge: PreInitializeNativeBridge name=unknown instruction_set=x86
06-11 09:11:33.733 13576 13576 D libnativebridge: call UnloadNativeBridge! state=1
06-11 09:11:33.751 13576 13576 E memtrack: Couldn't load memtrack module (No such file or directory)
06-11 09:11:33.751 13576 13576 E android.os.Debug: failed to load memtrack module: -2
06-11 09:11:33.752 13576 13576 I Radio-JNI: register_android_hardware_Radio DONE
06-11 09:11:33.769 13576 13576 D AndroidRuntime: Calling main entry com.android.commands.input.Input
06-11 09:11:33.776 13576 13576 I Input   : injectMotionEvent: MotionEvent { action=ACTION_DOWN, actionButton=0, id[0]=0, x[0]=270.0, y[0]=600.0, toolType[0]=TOOL_TYPE_UNKNOWN, buttonState=0, metaState=0, flags=0x0, edgeFlags=0x0, pointerCount=1, historySize=0, eventTime=24306972, downTime=24306972, deviceId=0, source=0x2002 }
06-11 09:11:33.778 13576 13576 I Input   : injectMotionEvent: MotionEvent { action=ACTION_UP, actionButton=0, id[0]=0, x[0]=270.0, y[0]=600.0, toolType[0]=TOOL_TYPE_UNKNOWN, buttonState=0, metaState=0, flags=0x0, edgeFlags=0x0, pointerCount=1, historySize=0, eventTime=24306972, downTime=24306972, deviceId=0, source=0x2002 }
06-11 09:11:33.781 13576 13576 D AndroidRuntime: Shutting down VM
06-11 09:11:34.580 13586 13586 I appproc : exec app_process! cmdline: /system/bin com.android.commands.input.Input mouse tap 270 620 
06-11 09:11:34.581 13586 13586 D AndroidRuntime: >>>>>> START com.android.internal.os.RuntimeInit uid 0 <<<<<<
06-11 09:11:34.584 13586 13586 D AndroidRuntime: CheckJNI is OFF
06-11 09:11:34.651 13586 13586 D ICU     : No timezone override file found: /data/misc/zoneinfo/current/icu/icu_tzdata.dat
06-11 09:11:34.666 13586 13586 D libnativebridge: PreInitializeNativeBridge name=unknown instruction_set=x86
06-11 09:11:34.666 13586 13586 D libnativebridge: call UnloadNativeBridge! state=1
