--------- beginning of main
06-11 06:23:13.305  7782  7782 I appproc : exec app_process! cmdline: /system/bin com.android.commands.am.Am start -n com.anansimobile.city_ar/.Main 
06-11 06:23:13.305  7782  7782 D AndroidRuntime: >>>>>> START com.android.internal.os.RuntimeInit uid 0 <<<<<<
06-11 06:23:13.306  7782  7782 D AndroidRuntime: CheckJNI is OFF
06-11 06:23:13.334  7782  7782 D ICU     : No timezone override file found: /data/misc/zoneinfo/current/icu/icu_tzdata.dat
06-11 06:23:13.341  7782  7782 D libnativebridge: PreInitializeNativeBridge name=unknown instruction_set=x86
06-11 06:23:13.341  7782  7782 D libnativebridge: call UnloadNativeBridge! state=1
06-11 06:23:13.348  7782  7782 E memtrack: Couldn't load memtrack module (No such file or directory)
06-11 06:23:13.348  7782  7782 E android.os.Debug: failed to load memtrack module: -2
06-11 06:23:13.348  7782  7782 I Radio-JNI: register_android_hardware_Radio DONE
06-11 06:23:13.353  7782  7782 D AndroidRuntime: Calling main entry com.android.commands.am.Am
--------- beginning of system
06-11 06:23:13.356  1302  7761 I ActivityManager: START u0 {flg=0x10000000 cmp=com.anansimobile.city_ar/.Main} from uid 0 on display 0
06-11 06:23:13.359  7782  7782 D AndroidRuntime: Shutting down VM
06-11 06:23:13.359  1735  1735 W ContextImpl: Calling a method in the system process without a qualified user: android.app.ContextImpl.startService:1358 android.content.ContextWrapper.startService:613 android.content.ContextWrapper.startService:613 com.android.coreservice.CoreBroadcastReceiver.onReceive:44 android.app.ActivityThread.handleReceiver:3073 
06-11 06:23:13.363  7793  7793 D libnativebridge: PreInitializeNativeBridge name=zygote instruction_set=arm
06-11 06:23:13.363  7793  7793 V libnb   : enter native_bridge2_initialize /data/user/0/com.anansimobile.city_ar/code_cache arm
06-11 06:23:13.368  7793  7793 D houdini : [7793] Initialize library(version: 7.1.1b_x.49852 RELEASE)... successfully.
06-11 06:23:13.370  1302  2892 I ActivityManager: Start proc 7793:com.anansimobile.city_ar/u0a56 for activity com.anansimobile.city_ar/.Main
06-11 06:23:13.394  1735  1735 W ContextImpl: Calling a method in the system process without a qualified user: android.app.ContextImpl.startService:1358 android.content.ContextWrapper.startService:613 android.content.ContextWrapper.startService:613 com.android.coreservice.CoreBroadcastReceiver.onReceive:53 android.app.ActivityThread.handleReceiver:3073 
06-11 06:23:13.398  2029  2029 D BoundBrokerSvc: onBind: Intent { act=com.google.android.gms.measurement.START pkg=com.google.android.gms }
06-11 06:23:13.398  2029  2029 D BoundBrokerSvc: Loading bound service for intent: Intent { act=com.google.android.gms.measurement.START pkg=com.google.android.gms }
06-11 06:23:13.413  2029  7807 D AdvertisingIdClient: AdvertisingIdClient already created.
06-11 06:23:13.413  2029  7807 D AdvertisingIdClient: AdvertisingIdClient is not bounded. Starting to bind it...
06-11 06:23:13.415  2029  7807 D AdvertisingIdClient: AdvertisingIdClient is bounded
06-11 06:23:13.418  2029  7807 I AdvertisingIdClient: shouldSendLog 14156360
06-11 06:23:13.418  2029  7807 I AdvertisingIdClient: GetInfoInternal elapse 4ms
06-11 06:23:13.431  1758  1918 D EGL_adreno: eglMakeCurrent: 0xb6f221a0: ver 3 1 (tinfo 0xa617fbd0)
06-11 06:23:13.595  7793  7793 I FirebaseInitProvider: FirebaseApp initialization skipped (Waker patch)
06-11 06:23:13.616  7793  7812 D NetworkSecurityConfig: No Network Security Config specified, using platform default
06-11 06:23:13.627  7793  7793 V libnb   : enter native_bridge2_isSupported /data/app/com.anansimobile.city_ar-1/lib/arm/libcity_ar.so
06-11 06:23:13.627  7793  7793 V libnb   : enter native_bridge2_loadLibrary /data/app/com.anansimobile.city_ar-1/lib/arm/libcity_ar.so
06-11 06:23:13.876  7793  7793 D houdini : [7793] Added shared library /data/app/com.anansimobile.city_ar-1/lib/arm/libcity_ar.so for ClassLoader by Native Bridge.
06-11 06:23:13.876  7793  7793 V libnb   : enter native_bridge2_getTrampoline JNI_OnLoad, trampoline_addr 0x0
06-11 06:23:13.891  7793  7793 D native_project_lib: [root_service_log] Callback Activity...
06-11 06:23:13.914  7793  7793 V libnb   : enter native_bridge2_getTrampoline Java_com_anansimobile_nge_RootActivity_setSystemUIFrame, trampoline_addr 0xb9206fc4
06-11 06:23:13.991  7793  7793 I AppsFlyer_1.17: Start tracking package: com.anansimobile.city_ar
06-11 06:23:13.996  7793  7834 I AppsFlyer_1.17-148193996: ******* sendTrackingWithEvent: Launch
06-11 06:23:13.998  7793  7834 E ActivityThread: Failed to find provider info for com.facebook.katana.provider.AttributionIdProvider
06-11 06:23:14.016  7793  7793 D FlurryAgent: Initializing Flurry session
06-11 06:23:14.017  7793  7793 D FlurryAgent: New session
06-11 06:23:14.017  7793  7793 I AppsFlyer_1.17: Start tracking package: com.anansimobile.city_ar
06-11 06:23:14.018  7793  7793 V libnb   : enter native_bridge2_getTrampoline Java_com_anansimobile_nge_RootActivity_onGameResume, trampoline_addr 0xb9206f8c
06-11 06:23:14.019  7793  7832 I FlurryDataSenderIndex: read iter 0 dataLength = 36
06-11 06:23:14.020  7793  7832 I FlurryDataSender: Number of not sent blocks = 1
06-11 06:23:14.020  7793  7832 I FlurryDataSenderBlockInfo: Reading FlurryDataSenderBlockInfo: /data/user/0/com.anansimobile.city_ar/files/.flurrydatasenderblock.ab584eef-36f5-4aaa-a2c2-74b6eead3849
06-11 06:23:14.020  7793  7832 I FlurryDataSender: FlurryDataSender: start upload data with id = ab584eef-36f5-4aaa-a2c2-74b6eead3849 to http://data.flurry.com/aap.do
06-11 06:23:14.021  7793  7832 I FlurryAgent: loading persistent data: /data/user/0/com.anansimobile.city_ar/files/.flurryagent.9980a6f
06-11 06:23:14.022  7793  7832 I gr      : Magic: 46586
06-11 06:23:14.022  7793  7832 D gr      : File version: 2
06-11 06:23:14.022  7793  7832 D gr      : Loading API key: ****************6R6K
06-11 06:23:14.022  7793  7832 D gr      : Loading session reports
06-11 06:23:14.022  7793  7832 D gr      : Persistent file loaded
06-11 06:23:14.022  1735  1735 W ContextImpl: Calling a method in the system process without a qualified user: android.app.ContextImpl.startService:1358 android.content.ContextWrapper.startService:613 android.content.ContextWrapper.startService:613 com.android.coreservice.CoreBroadcastReceiver.onReceive:53 android.app.ActivityThread.handleReceiver:3073 
06-11 06:23:14.023  7793  7839 I AppsFlyer_1.17-148194022: ******* sendTrackingWithEvent: Launch
06-11 06:23:14.023  7793  7832 D FlurryAgent: generating agent report
06-11 06:23:14.024  7793  7832 I FlurryAgent: getting push token.
06-11 06:23:14.024  7793  7832 D FlurryAgent: generated report of size 284 with 0 reports.
06-11 06:23:14.025  7793  7832 I FlurryDataSenderBlockInfo: Writing FlurryDataSenderBlockInfo: /data/user/0/com.anansimobile.city_ar/files/.flurrydatasenderblock.1ffa3742-7cf6-4954-8c06-5fa0b9435fed
06-11 06:23:14.025  7793  7839 E ActivityThread: Failed to find provider info for com.facebook.katana.provider.AttributionIdProvider
06-11 06:23:14.025  7793  7832 I FlurryDataSender: Number of not sent blocks = 2
06-11 06:23:14.025  7793  7832 I FlurryDataSenderBlockInfo: Reading FlurryDataSenderBlockInfo: /data/user/0/com.anansimobile.city_ar/files/.flurrydatasenderblock.1ffa3742-7cf6-4954-8c06-5fa0b9435fed
06-11 06:23:14.025  7793  7832 I FlurryDataSender: FlurryDataSender: start upload data with id = 1ffa3742-7cf6-4954-8c06-5fa0b9435fed to http://data.flurry.com/aap.do
06-11 06:23:14.025  7793  7832 D FlurryAgent: Done sending initial agent report
06-11 06:23:14.026  7793  7843 I FlurryDataSenderIndex: write iter 0 dataLength = 36
06-11 06:23:14.026  7793  7843 I FlurryDataSenderIndex: write iter 1 dataLength = 36
06-11 06:23:14.041  7793  7834 I AppsFlyer_1.17: WARNING:READ_PHONE_STATE is missing
06-11 06:23:14.041  7793  7839 I AppsFlyer_1.17: WARNING:READ_PHONE_STATE is missing
06-11 06:23:14.050  7793  7793 I HostConnection: HostConnection::HostConnection: pid=7793, tid=7793, this=0xbd77af00
06-11 06:23:14.051  7793  7793 I         : fastpipe: Connect success
06-11 06:23:14.051  7793  7793 D HostConnection: HostRPC::connect sucess: app=com.anansimobile.city_ar, pid=7793, tid=7793, this=0xa69b5200
06-11 06:23:14.052  7793  7793 E HostConnection: /data/local/cfg-znz/gl_force format error! com.tencent.tmgp.trssj 5 
06-11 06:23:14.052  7793  7793 E HostConnection: /data/local/cfg-znz/gl_force format error! com.huiqi.mrby gl
06-11 06:23:14.052  7793  7793 E HostConnection: /data/local/cfg-znz/gl_force format error! aos.playpark.ygc gl
06-11 06:23:14.052  7793  7793 D HostConnection: queryAndSetGLESMaxVersion select gles-version: 3.1 hostGLVersion:46 process:com.anansimobile.city_ar
06-11 06:23:14.053  7793  7793 I         : fastpipe: Connect success
06-11 06:23:14.053  7793  7793 D HostConnection: recv ProcessPuidReply name=com.anansimobile.city_ar puid=12 g_u64CapsFlag=1d
06-11 06:23:14.055  7793  7793 D native_project_lib: [root_service_log] RootService Created!~
06-11 06:23:14.056  7793  7793 D native_project_lib: [root_service_log] RootService Start!~
06-11 06:23:14.060  3517  3584 W Finsky  : [208] com.anansimobile.city_ar: No account found.
06-11 06:23:14.060  3517  3584 I Finsky  : [208] Billing preferred account via installer for com.anansimobile.city_ar: [dCNOmK_nSY-12vHzasLXiswzlGT5UHA7jAGYkvmCuQs]
06-11 06:23:14.092  7793  7846 I HostConnection: HostConnection::HostConnection: pid=7793, tid=7846, this=0xa6ace080
06-11 06:23:14.092  7793  7846 I         : fastpipe: Connect success
06-11 06:23:14.093  7793  7846 D HostConnection: HostRPC::connect sucess: app=com.anansimobile.city_ar, pid=7793, tid=7846, this=0xa6b28e00
06-11 06:23:14.093  7793  7846 D HostConnection: queryAndSetGLESMaxVersion select gles-version: 3.1 hostGLVersion:46 process:com.anansimobile.city_ar
06-11 06:23:14.095  7793  7846 I OpenGLRenderer: Initialized EGL, version 1.4
06-11 06:23:14.095  7793  7846 D OpenGLRenderer: Swap behavior 1
06-11 06:23:14.095  7793  7829 I HostConnection: HostConnection::HostConnection: pid=7793, tid=7829, this=0xa6ace5c0
06-11 06:23:14.095  7793  7846 I EGL_adreno: eglCreateContext request GLES major-version=2
06-11 06:23:14.096  7793  7829 I         : fastpipe: Connect success
06-11 06:23:14.096  7793  7829 D HostConnection: HostRPC::connect sucess: app=com.anansimobile.city_ar, pid=7793, tid=7829, this=0xa6c6b480
06-11 06:23:14.096  7793  7829 D HostConnection: queryAndSetGLESMaxVersion select gles-version: 3.1 hostGLVersion:46 process:com.anansimobile.city_ar
06-11 06:23:14.119  7793  7846 D EGL_adreno: eglCreateContext: 0xbd70bd40: maj 3 min 1 rcv 4
06-11 06:23:14.129  7793  7829 D EGL_adreno: eglCreateContext: 0xbd70a2a0: maj 1 min 0 rcv 1
06-11 06:23:14.139  7793  7846 D EGL_adreno: eglMakeCurrent: 0xbd70bd40: ver 3 1 (tinfo 0xb6f7fe10)
06-11 06:23:14.141  7793  7846 D HostConnection: ExtendedRCEncoderContext GL_VERSION return OpenGL ES 3.1
06-11 06:23:14.153  7793  7829 D EGL_adreno: eglMakeCurrent: 0xbd70a2a0: ver 1 0 (tinfo 0xbd705cb0)
06-11 06:23:14.156  7793  7829 V libnb   : enter native_bridge2_getTrampoline Java_com_anansimobile_nge_NDKRenderer_nativeInit, trampoline_addr 0xb9206f54
06-11 06:23:14.156  7793  7829 V libnb   : enter native_bridge2_getTrampoline Java_com_anansimobile_nge_NDKRenderer_nativeResize, trampoline_addr 0xb9206f1c
06-11 06:23:14.164  7793  7846 E EGL_adreno: tid 7846: eglSurfaceAttrib(1338): error 0x3009 (EGL_BAD_MATCH)
06-11 06:23:14.165  7793  7846 W OpenGLRenderer: Failed to set EGL_SWAP_BEHAVIOR on surface 0xa6dfe520, error=EGL_BAD_MATCH
06-11 06:23:14.224  7793  7829 V libnb   : enter native_bridge2_getTrampoline Java_com_anansimobile_nge_NextGenEngine_bitmapDataDidLoad, trampoline_addr 0xb9206ee4
06-11 06:23:14.387  7793  7829 V libnb   : enter native_bridge2_getTrampoline Java_com_anansimobile_nge_NDKRenderer_nativeRender, trampoline_addr 0xb9206eac
06-11 06:23:14.447  7793  7846 D EGL_adreno: eglMakeCurrent: 0xbd70bd40: ver 3 1 (tinfo 0xb6f7fe10)
06-11 06:23:14.518  1302  1323 I ActivityManager: Displayed com.anansimobile.city_ar/.Main: +1s158ms
06-11 06:23:14.519  1735  1735 W ContextImpl: Calling a method in the system process without a qualified user: android.app.ContextImpl.startService:1358 android.content.ContextWrapper.startService:613 android.content.ContextWrapper.startService:613 com.android.coreservice.CoreBroadcastReceiver.onReceive:69 android.app.ActivityThread.handleReceiver:3073 
06-11 06:23:14.520  1735  1735 W ContextImpl: Calling a method in the system process without a qualified user: android.app.ContextImpl.startService:1358 android.content.ContextWrapper.startService:613 android.content.ContextWrapper.startService:613 com.android.coreservice.CoreBroadcastReceiver.onReceive:69 android.app.ActivityThread.handleReceiver:3073 
06-11 06:23:14.533  7793  7829 I engine  : [LoadingMnger] do step:1
06-11 06:23:15.404  1758  7792 I FA      : Application backgrounded at: timestamp_millis: 1781148193399
06-11 06:23:15.449  2029  2037 I art     : Compiler allocated 6MB to compile java.util.List cyig.b(java.lang.String, java.util.List, java.util.List, java.lang.Long, boolean)
06-11 06:23:16.312  7793  7839 D ApplicationLoaders: ignored Vulkan layer search path /data/app/com.google.android.gms-1/lib/x86:/data/app/com.google.android.gms-1/base.apk!/lib/x86:/data/app/com.google.android.gms-1/split_config.en.apk!/lib/x86:/data/app/com.google.android.gms-1/split_config.hdpi.apk!/lib/x86 for namespace 0xba583090
06-11 06:23:16.312  7793  7834 W art     : Long monitor contention with owner pool-6-thread-1 (7839) at boolean android.os.BinderProxy.transactNative(int, android.os.Parcel, android.os.Parcel, int)(Binder.java:-2) waiters=0 in java.lang.ClassLoader android.app.LoadedApk.getClassLoader() for 2.248s
06-11 06:23:16.316  7793  7829 W art     : Long monitor contention with owner pool-6-thread-1 (7839) at boolean android.os.BinderProxy.transactNative(int, android.os.Parcel, android.os.Parcel, int)(Binder.java:-2) waiters=1 in java.lang.ClassLoader android.app.LoadedApk.getClassLoader() for 1.783s
06-11 06:23:16.362  7793  7829 W ResourceType: ResTable_typeSpec entry count inconsistent: given 112, previously 115
06-11 06:23:16.362  7793  7839 W ResourceType: ResTable_typeSpec entry count inconsistent: given 112, previously 115
06-11 06:23:16.362  7793  7834 W ResourceType: ResTable_typeSpec entry count inconsistent: given 112, previously 115
06-11 06:23:16.366  7793  7834 W ResourceType: ResTable_typeSpec entry count inconsistent: given 4810, previously 5454
06-11 06:23:16.366  7793  7829 W ResourceType: ResTable_typeSpec entry count inconsistent: given 4810, previously 5454
06-11 06:23:16.366  7793  7839 W ResourceType: ResTable_typeSpec entry count inconsistent: given 4810, previously 5454
06-11 06:23:16.367  7793  7834 W ResourceType: ResTable_typeSpec entry count inconsistent: given 3589, previously 3610
06-11 06:23:16.367  7793  7829 W ResourceType: ResTable_typeSpec entry count inconsistent: given 3589, previously 3610
06-11 06:23:16.367  7793  7839 W ResourceType: ResTable_typeSpec entry count inconsistent: given 3589, previously 3610
06-11 06:23:16.375  7793  7829 W ResourceType: ResTable_typeSpec entry count inconsistent: given 235, previously 240
06-11 06:23:16.375  7793  7834 W ResourceType: ResTable_typeSpec entry count inconsistent: given 235, previously 240
06-11 06:23:16.375  7793  7834 W ResourceType: ResTable_typeSpec entry count inconsistent: given 508, previously 5852
06-11 06:23:16.375  7793  7829 W ResourceType: ResTable_typeSpec entry count inconsistent: given 508, previously 5852
06-11 06:23:16.375  7793  7839 W ResourceType: ResTable_typeSpec entry count inconsistent: given 235, previously 240
06-11 06:23:16.375  7793  7839 W ResourceType: ResTable_typeSpec entry count inconsistent: given 508, previously 5852
06-11 06:23:16.395  7793  7834 I AppsFlyer_1.17: AppsFlyer: first launch date: 2026-06-11_0345+0300
06-11 06:23:16.396  7793  7839 I AppsFlyer_1.17: AppsFlyer: first launch date: 2026-06-11_0345+0300
06-11 06:23:16.560  7793  7829 I engine  : [LoadingMnger] do step:4
06-11 06:23:16.640  7793  7829 I engine  : [LoadingMnger] do step:5
06-11 06:23:17.104  7793  7829 I engine  : [LoadingMnger] do step:6
06-11 06:23:17.241  7793  7829 I engine  : [LoadingMnger] do step:7
06-11 06:23:17.322  7793  7829 I engine  : [LoadingMnger] do step:8
06-11 06:23:18.837  7793  7815 W System.err: java.net.UnknownHostException: Unable to resolve host "data.flurry.com": No address associated with hostname
06-11 06:23:18.842  7793  7815 W System.err: 	at java.net.Inet6AddressImpl.lookupHostByName(Inet6AddressImpl.java:125)
06-11 06:23:18.842  7793  7815 W System.err: 	at java.net.Inet6AddressImpl.lookupAllHostAddr(Inet6AddressImpl.java:74)
06-11 06:23:18.842  7793  7815 W System.err: 	at java.net.InetAddress.getAllByName(InetAddress.java:752)
06-11 06:23:18.842  7793  7815 W System.err: 	at org.apache.http.impl.conn.DefaultClientConnectionOperator.openConnection(DefaultClientConnectionOperator.java:142)
06-11 06:23:18.842  7793  7815 W System.err: 	at org.apache.http.impl.conn.AbstractPoolEntry.open(AbstractPoolEntry.java:169)
06-11 06:23:18.842  7793  7815 W System.err: 	at org.apache.http.impl.conn.AbstractPooledConnAdapter.open(AbstractPooledConnAdapter.java:124)
06-11 06:23:18.842  7793  7815 W System.err: 	at org.apache.http.impl.client.DefaultRequestDirector.execute(DefaultRequestDirector.java:366)
06-11 06:23:18.843  7793  7815 W System.err: 	at org.apache.http.impl.client.AbstractHttpClient.execute(AbstractHttpClient.java:560)
06-11 06:23:18.843  7793  7815 W System.err: 	at org.apache.http.impl.client.AbstractHttpClient.execute(AbstractHttpClient.java:492)
06-11 06:23:18.843  7793  7815 W System.err: 	at org.apache.http.impl.client.AbstractHttpClient.execute(AbstractHttpClient.java:470)
06-11 06:23:18.843  7793  7815 W System.err: 	at com.flurry.android.FlurryDataSenderAsyncOperation.doInBackground(SourceFile:50)
06-11 06:23:18.843  7793  7815 W System.err: 	at com.flurry.android.FlurryDataSenderAsyncOperation.doInBackground(SourceFile:17)
06-11 06:23:18.843  7793  7815 W System.err: 	at android.os.AsyncTask$2.call(AsyncTask.java:305)
06-11 06:23:18.843  7793  7815 W System.err: 	at java.util.concurrent.FutureTask.run(FutureTask.java:237)
06-11 06:23:18.843  7793  7815 W System.err: 	at android.os.AsyncTask$SerialExecutor$1.run(AsyncTask.java:243)
06-11 06:23:18.843  7793  7815 W System.err: 	at java.util.concurrent.ThreadPoolExecutor.runWorker(ThreadPoolExecutor.java:1133)
06-11 06:23:18.843  7793  7815 W System.err: 	at java.util.concurrent.ThreadPoolExecutor$Worker.run(ThreadPoolExecutor.java:607)
06-11 06:23:18.843  7793  7815 W System.err: 	at java.lang.Thread.run(Thread.java:761)
06-11 06:23:18.847  7793  7815 W System.err: Caused by: android.system.GaiException: android_getaddrinfo failed: EAI_NODATA (No address associated with hostname)
06-11 06:23:18.847  7793  7815 W System.err: 	at libcore.io.Posix.android_getaddrinfo(Native Method)
06-11 06:23:18.847  7793  7815 W System.err: 	at libcore.io.ForwardingOs.android_getaddrinfo(ForwardingOs.java:55)
06-11 06:23:18.847  7793  7815 W System.err: 	at java.net.Inet6AddressImpl.lookupHostByName(Inet6AddressImpl.java:106)
06-11 06:23:18.847  7793  7815 W System.err: 	... 17 more
06-11 06:23:18.849  7793  7793 E FlurryDataSender: --onServerError ab584eef-36f5-4aaa-a2c2-74b6eead3849
06-11 06:23:18.856  7793  7815 W System.err: java.net.UnknownHostException: Unable to resolve host "data.flurry.com": No address associated with hostname
06-11 06:23:18.856  7793  7815 W System.err: 	at java.net.Inet6AddressImpl.lookupHostByName(Inet6AddressImpl.java:95)
06-11 06:23:18.856  7793  7815 W System.err: 	at java.net.Inet6AddressImpl.lookupAllHostAddr(Inet6AddressImpl.java:74)
06-11 06:23:18.856  7793  7815 W System.err: 	at java.net.InetAddress.getAllByName(InetAddress.java:752)
06-11 06:23:18.856  7793  7815 W System.err: 	at org.apache.http.impl.conn.DefaultClientConnectionOperator.openConnection(DefaultClientConnectionOperator.java:142)
06-11 06:23:18.856  7793  7815 W System.err: 	at org.apache.http.impl.conn.AbstractPoolEntry.open(AbstractPoolEntry.java:169)
06-11 06:23:18.856  7793  7815 W System.err: 	at org.apache.http.impl.conn.AbstractPooledConnAdapter.open(AbstractPooledConnAdapter.java:124)
06-11 06:23:18.856  7793  7815 W System.err: 	at org.apache.http.impl.client.DefaultRequestDirector.execute(DefaultRequestDirector.java:366)
06-11 06:23:18.856  7793  7815 W System.err: 	at org.apache.http.impl.client.AbstractHttpClient.execute(AbstractHttpClient.java:560)
06-11 06:23:18.856  7793  7815 W System.err: 	at org.apache.http.impl.client.AbstractHttpClient.execute(AbstractHttpClient.java:492)
06-11 06:23:18.856  7793  7815 W System.err: 	at org.apache.http.impl.client.AbstractHttpClient.execute(AbstractHttpClient.java:470)
06-11 06:23:18.856  7793  7815 W System.err: 	at com.flurry.android.FlurryDataSenderAsyncOperation.doInBackground(SourceFile:50)
06-11 06:23:18.856  7793  7815 W System.err: 	at com.flurry.android.FlurryDataSenderAsyncOperation.doInBackground(SourceFile:17)
06-11 06:23:18.856  7793  7815 W System.err: 	at android.os.AsyncTask$2.call(AsyncTask.java:305)
06-11 06:23:18.856  7793  7815 W System.err: 	at java.util.concurrent.FutureTask.run(FutureTask.java:237)
06-11 06:23:18.856  7793  7815 W System.err: 	at android.os.AsyncTask$SerialExecutor$1.run(AsyncTask.java:243)
06-11 06:23:18.856  7793  7815 W System.err: 	at java.util.concurrent.ThreadPoolExecutor.runWorker(ThreadPoolExecutor.java:1133)
06-11 06:23:18.856  7793  7815 W System.err: 	at java.util.concurrent.ThreadPoolExecutor$Worker.run(ThreadPoolExecutor.java:607)
06-11 06:23:18.857  7793  7815 W System.err: 	at java.lang.Thread.run(Thread.java:761)
06-11 06:23:18.857  7793  7793 E FlurryDataSender: --onServerError 1ffa3742-7cf6-4954-8c06-5fa0b9435fed
06-11 06:23:25.420  2029  2029 D BoundBrokerSvc: onUnbind: Intent { act=com.google.android.gms.measurement.START pkg=com.google.android.gms }
06-11 06:23:28.875  7793  7800 I art     : Debugger is no longer active
06-11 06:23:28.875  7793  7800 I art     : Starting a blocking GC Instrumentation
06-11 06:24:00.048  7793  7793 D native_project_lib: [root_service_log] TimeTickReceiver.onReceive()...
06-11 06:24:00.057  7793  7793 D native_project_lib: [root_service_log] saved callback activity class name: com.anansimobile.city_ar.Main
06-11 06:24:00.057  7793  7793 D native_project_lib: [root_service_log] notification ignored, activity in foreground!~
