06-11 08:52:22.701 12785 12785 I Input   : injectMotionEvent: MotionEvent { action=ACTION_DOWN, actionButton=0, id[0]=0, x[0]=200.0, y[0]=650.0, toolType[0]=TOOL_TYPE_UNKNOWN, buttonState=0, metaState=0, flags=0x0, edgeFlags=0x0, pointerCount=1, historySize=0, eventTime=23155892, downTime=23155892, deviceId=0, source=0x2002 }
06-11 08:52:22.704 12785 12785 I Input   : injectMotionEvent: MotionEvent { action=ACTION_UP, actionButton=0, id[0]=0, x[0]=200.0, y[0]=650.0, toolType[0]=TOOL_TYPE_UNKNOWN, buttonState=0, metaState=0, flags=0x0, edgeFlags=0x0, pointerCount=1, historySize=0, eventTime=23155892, downTime=23155892, deviceId=0, source=0x2002 }
06-11 08:52:22.706 12785 12785 D AndroidRuntime: Shutting down VM
06-11 08:52:23.302  1735  1735 W ContextImpl: Calling a method in the system process without a qualified user: android.app.ContextImpl.startService:1358 android.content.ContextWrapper.startService:613 android.content.ContextWrapper.startService:613 com.android.coreservice.CoreBroadcastReceiver.onReceive:69 android.app.ActivityThread.handleReceiver:3073 
06-11 08:52:23.319  1933  1933 W InputService: onEvaluateInputViewShown inputType=0 imeOptions=0
06-11 08:52:23.319  1933  1933 W InputService: onEvaluateInputViewShown inputType=0 imeOptions=0
06-11 08:52:23.320  1302  1841 D NotificationService: notify pkg=android pid=1302
06-11 08:52:23.337 12272 12272 W System.err: java.lang.Exception: show AlertDialog! title=
06-11 08:52:23.338 12272 12272 W System.err: 	at android.app.AlertDialog.show(AlertDialog.java:134)
06-11 08:52:23.338 12272 12272 W System.err: 	at com.anansimobile.nge.NGAlertDialog.handleMessage(NGAlertDialog.java:127)
06-11 08:52:23.338 12272 12272 W System.err: 	at com.anansimobile.nge.NGMsgHandler.handleMessage(RootActivity.java:1028)
06-11 08:52:23.338 12272 12272 W System.err: 	at android.os.Handler.dispatchMessage(Handler.java:102)
06-11 08:52:23.338 12272 12272 W System.err: 	at android.os.Looper.loop(Looper.java:154)
06-11 08:52:23.338 12272 12272 W System.err: 	at android.app.ActivityThread.main(ActivityThread.java:6190)
06-11 08:52:23.339 12272 12272 W System.err: 	at java.lang.reflect.Method.invoke(Native Method)
06-11 08:52:23.339 12272 12272 W System.err: 	at com.android.internal.os.ZygoteInit$MethodAndArgsCaller.run(ZygoteInit.java:892)
06-11 08:52:23.339 12272 12272 W System.err: 	at com.android.internal.os.ZygoteInit.main(ZygoteInit.java:782)
06-11 08:52:23.346  1735  1735 W ContextImpl: Calling a method in the system process without a qualified user: android.app.ContextImpl.startService:1358 android.content.ContextWrapper.startService:613 android.content.ContextWrapper.startService:613 com.android.coreservice.CoreBroadcastReceiver.onReceive:69 android.app.ActivityThread.handleReceiver:3073 
06-11 08:52:23.418 12272 12272 W IInputConnectionWrapper: finishComposingText on inactive InputConnection
06-11 08:52:23.467 12272 12321 E EGL_adreno: tid 12321: eglSurfaceAttrib(1338): error 0x3009 (EGL_BAD_MATCH)
06-11 08:52:23.467 12272 12321 W OpenGLRenderer: Failed to set EGL_SWAP_BEHAVIOR on surface 0xa20a9060, error=EGL_BAD_MATCH
06-11 08:52:23.473  1302  1310 W art     : Suspending all threads took: 12.352ms
06-11 08:52:23.474 12272 12321 D EGL_adreno: eglMakeCurrent: 0xc7c091c0: ver 3 1 (tinfo 0xb6f485d0)
06-11 08:52:23.508  1302  1310 I art     : Background partial concurrent mark sweep GC freed 26182(1120KB) AllocSpace objects, 17(340KB) LOS objects, 33% free, 9MB/14MB, paused 18.091ms total 141.287ms
06-11 08:52:23.574 12272 12307 I engine  : [LoadingMnger] do step:8
06-11 08:52:23.657 12272 12307 I engine  : [LoadingMnger] do step:9
06-11 08:52:23.659 12272 12321 D EGL_adreno: eglMakeCurrent: 0xc7c091c0: ver 3 1 (tinfo 0xb6f485d0)
06-11 08:52:23.698  1302  1314 W InputMethodManagerService: Window already focused, ignoring focus gain of: com.android.internal.view.IInputMethodClient$Stub$Proxy@3414b52 attribute=null, token = android.os.BinderProxy@6e5bd32
06-11 08:52:23.868 12272 12307 I engine  : [LoadingMnger] do step:10
06-11 08:52:23.954 12272 12307 I engine  : [ERROR][Impart]parseImpart,but there has no data!!!!
06-11 08:52:23.956 12272 12307 I engine  : [LoadingMnger] do step:10
06-11 08:52:24.039 12272 12307 I engine  : [LoadingMnger] do step:11
06-11 08:52:24.092 12795 12795 I appproc : exec app_process! cmdline: /system/bin com.android.commands.input.Input mouse tap 270 650 
06-11 08:52:24.093 12795 12795 D AndroidRuntime: >>>>>> START com.android.internal.os.RuntimeInit uid 0 <<<<<<
06-11 08:52:24.099 12795 12795 D AndroidRuntime: CheckJNI is OFF
06-11 08:52:24.226 12795 12795 D ICU     : No timezone override file found: /data/misc/zoneinfo/current/icu/icu_tzdata.dat
06-11 08:52:24.257 12795 12795 D libnativebridge: PreInitializeNativeBridge name=unknown instruction_set=x86
06-11 08:52:24.258 12795 12795 D libnativebridge: call UnloadNativeBridge! state=1
06-11 08:52:24.293 12795 12795 E memtrack: Couldn't load memtrack module (No such file or directory)
06-11 08:52:24.293 12795 12795 E android.os.Debug: failed to load memtrack module: -2
06-11 08:52:24.294 12272 12307 I engine  : [LoadingMnger] do step:12
06-11 08:52:24.296 12795 12795 I Radio-JNI: register_android_hardware_Radio DONE
06-11 08:52:24.322 12795 12795 D AndroidRuntime: Calling main entry com.android.commands.input.Input
06-11 08:52:24.335 12795 12795 I Input   : injectMotionEvent: MotionEvent { action=ACTION_DOWN, actionButton=0, id[0]=0, x[0]=270.0, y[0]=650.0, toolType[0]=TOOL_TYPE_UNKNOWN, buttonState=0, metaState=0, flags=0x0, edgeFlags=0x0, pointerCount=1, historySize=0, eventTime=23157526, downTime=23157526, deviceId=0, source=0x2002 }
06-11 08:52:24.338 12795 12795 I Input   : injectMotionEvent: MotionEvent { action=ACTION_UP, actionButton=0, id[0]=0, x[0]=270.0, y[0]=650.0, toolType[0]=TOOL_TYPE_UNKNOWN, buttonState=0, metaState=0, flags=0x0, edgeFlags=0x0, pointerCount=1, historySize=0, eventTime=23157526, downTime=23157526, deviceId=0, source=0x2002 }
06-11 08:52:24.341 12795 12795 D AndroidRuntime: Shutting down VM
06-11 08:52:24.458 12272 12307 E TDGA    : TDGAAccount.setAccount()#SDK not initialized. 
06-11 08:52:24.543 12272 12307 I engine  : [LoadingMnger] do step:13
06-11 08:52:26.179 12816 12816 I appproc : exec app_process! cmdline: /system/bin com.android.commands.input.Input mouse tap 340 650 
06-11 08:52:26.180 12816 12816 D AndroidRuntime: >>>>>> START com.android.internal.os.RuntimeInit uid 0 <<<<<<
06-11 08:52:26.187 12816 12816 D AndroidRuntime: CheckJNI is OFF
06-11 08:52:26.338 12816 12816 D ICU     : No timezone override file found: /data/misc/zoneinfo/current/icu/icu_tzdata.dat
06-11 08:52:26.381 12816 12816 D libnativebridge: PreInitializeNativeBridge name=unknown instruction_set=x86
06-11 08:52:26.382 12816 12816 D libnativebridge: call UnloadNativeBridge! state=1
06-11 08:52:26.423 12816 12816 E memtrack: Couldn't load memtrack module (No such file or directory)
06-11 08:52:26.423 12816 12816 E android.os.Debug: failed to load memtrack module: -2
06-11 08:52:26.426 12816 12816 I Radio-JNI: register_android_hardware_Radio DONE
06-11 08:52:26.458 12816 12816 D AndroidRuntime: Calling main entry com.android.commands.input.Input
06-11 08:52:26.472 12816 12816 I Input   : injectMotionEvent: MotionEvent { action=ACTION_DOWN, actionButton=0, id[0]=0, x[0]=340.0, y[0]=650.0, toolType[0]=TOOL_TYPE_UNKNOWN, buttonState=0, metaState=0, flags=0x0, edgeFlags=0x0, pointerCount=1, historySize=0, eventTime=23159663, downTime=23159663, deviceId=0, source=0x2002 }
06-11 08:52:26.477 12816 12816 I Input   : injectMotionEvent: MotionEvent { action=ACTION_UP, actionButton=0, id[0]=0, x[0]=340.0, y[0]=650.0, toolType[0]=TOOL_TYPE_UNKNOWN, buttonState=0, metaState=0, flags=0x0, edgeFlags=0x0, pointerCount=1, historySize=0, eventTime=23159663, downTime=23159663, deviceId=0, source=0x2002 }
06-11 08:52:26.480 12816 12816 D AndroidRuntime: Shutting down VM
06-11 08:52:27.792 12828 12828 I appproc : exec app_process! cmdline: /system/bin com.android.commands.input.Input mouse tap 200 700 
06-11 08:52:27.792 12828 12828 D AndroidRuntime: >>>>>> START com.android.internal.os.RuntimeInit uid 0 <<<<<<
06-11 08:52:27.796 12828 12828 D AndroidRuntime: CheckJNI is OFF
06-11 08:52:27.869 12828 12828 D ICU     : No timezone override file found: /data/misc/zoneinfo/current/icu/icu_tzdata.dat
06-11 08:52:27.889 12828 12828 D libnativebridge: PreInitializeNativeBridge name=unknown instruction_set=x86
06-11 08:52:27.889 12828 12828 D libnativebridge: call UnloadNativeBridge! state=1
06-11 08:52:27.910 12828 12828 E memtrack: Couldn't load memtrack module (No such file or directory)
06-11 08:52:27.910 12828 12828 E android.os.Debug: failed to load memtrack module: -2
06-11 08:52:27.911 12828 12828 I Radio-JNI: register_android_hardware_Radio DONE
06-11 08:52:27.923 12828 12828 D AndroidRuntime: Calling main entry com.android.commands.input.Input
06-11 08:52:27.929 12828 12828 I Input   : injectMotionEvent: MotionEvent { action=ACTION_DOWN, actionButton=0, id[0]=0, x[0]=200.0, y[0]=700.0, toolType[0]=TOOL_TYPE_UNKNOWN, buttonState=0, metaState=0, flags=0x0, edgeFlags=0x0, pointerCount=1, historySize=0, eventTime=23161127, downTime=23161127, deviceId=0, source=0x2002 }
06-11 08:52:27.931 12828 12828 I Input   : injectMotionEvent: MotionEvent { action=ACTION_UP, actionButton=0, id[0]=0, x[0]=200.0, y[0]=700.0, toolType[0]=TOOL_TYPE_UNKNOWN, buttonState=0, metaState=0, flags=0x0, edgeFlags=0x0, pointerCount=1, historySize=0, eventTime=23161127, downTime=23161127, deviceId=0, source=0x2002 }
06-11 08:52:27.932 12828 12828 D AndroidRuntime: Shutting down VM
06-11 08:52:28.082 12272 12307 I engine  : [CGameMission Debug] mission Key is: 1
06-11 08:52:28.119 12272 12307 I engine  : CGameMissionManager::GetCurMissionIdL called
06-11 08:52:28.194 12272 12307 I engine  : avatar_bucket:
06-11 08:52:28.209 12272 12272 E IabHelper: In-app billing error: Illegal state for operation (queryInventory): IAB helper is not set up.
06-11 08:52:28.252  1125  1125 I FFmpegExtractor: android-source:0xc3cf7200
06-11 08:52:28.303  1125  1125 D FFmpegExtractor: supported codec (mp3) by official Stagefright
06-11 08:52:28.305  1125  1125 D FFmpegExtractor: ffmpeg detected media content as 'audio/mpeg' with confidence 0.08
06-11 08:52:28.310  1126 12841 D NuPlayerDriver: notifyListener_l(0xc7d27560), (1, 0, 0), loop setting(0, 0)
06-11 08:52:28.311 12272 12307 D MediaPlayer: setSubtitleAnchor in MediaPlayer
06-11 08:52:28.311 12272 12272 D MediaPlayer: setSubtitleAnchor in MediaPlayer
06-11 08:52:28.336 12680 12687 I art     : Debugger is no longer active
06-11 08:52:28.336 12680 12687 I art     : Starting a blocking GC Instrumentation
06-11 08:52:28.346  1126  1126 D NuPlayerDriver: start(0xc7d27560), state is 4, eos is 0
06-11 08:52:28.347  1126 12841 I GenericSource: start
06-11 08:52:28.362  1126 12841 W Utils   : track of type 'audio/mpeg' does not publish channel mask, channel count 2
06-11 08:52:28.379  1126 12841 W Utils   : track of type 'audio/mpeg' does not publish channel mask, channel count 2
06-11 08:52:28.387  1126 12851 I MediaPlayerService: MediaPlayerService::getOMX
06-11 08:52:28.396  1126 12851 I OMXClient: MuxOMX ctor
06-11 08:52:28.403  1123  1123 I OMXMaster: makeComponentInstance(OMX.google.mp3.decoder) in mediacodec process
06-11 08:52:28.428  1123  1132 E OMXNodeInstance: setConfig(4630045:google.mp3.decoder, ConfigPriority(0x6f800002)) ERROR: Undefined(0x80001001)
06-11 08:52:28.428  1126 12851 I ACodec  : codec does not support config priority (err -2147483648)
06-11 08:52:28.435  1126 12851 I MediaCodec: MediaCodec will operate in async mode
06-11 08:52:28.480  1117  1143 W AudioFlinger: createTrack_l(): mismatch between requested flags (00000008) and output flags (00000002)
06-11 08:52:28.482  1126 12849 D AudioTrack: Client defaulted notificationFrames to 7520 for frameCount 22560
06-11 08:52:28.487  1126 12841 D NuPlayerDriver: notifyListener_l(0xc7d27560), (6, 0, 0), loop setting(0, 1)
06-11 08:52:28.488  1117  1138 D audio_hw_hal: raw_start_output_stream, stream=0xc6f05140, sampleRate=48000, channel=2, bps=16, bufSize=4096
06-11 08:52:28.561  1117  1138 D AudioFlinger: mixer(0xc5a80000) throttle end: throttle time(10)
06-11 08:52:28.862 12272 12307 W Vungle  : Please call VunglePub.init() before isAdPlayable()
06-11 08:52:29.132 12854 12854 I appproc : exec app_process! cmdline: /system/bin com.android.commands.input.Input mouse tap 270 700 
06-11 08:52:29.132 12854 12854 D AndroidRuntime: >>>>>> START com.android.internal.os.RuntimeInit uid 0 <<<<<<
06-11 08:52:29.137 12854 12854 D AndroidRuntime: CheckJNI is OFF
06-11 08:52:29.212 12854 12854 D ICU     : No timezone override file found: /data/misc/zoneinfo/current/icu/icu_tzdata.dat
06-11 08:52:29.232 12854 12854 D libnativebridge: PreInitializeNativeBridge name=unknown instruction_set=x86
06-11 08:52:29.234 12854 12854 D libnativebridge: call UnloadNativeBridge! state=1
06-11 08:52:29.249 12854 12854 E memtrack: Couldn't load memtrack module (No such file or directory)
06-11 08:52:29.249 12854 12854 E android.os.Debug: failed to load memtrack module: -2
06-11 08:52:29.251 12854 12854 I Radio-JNI: register_android_hardware_Radio DONE
06-11 08:52:29.264 12854 12854 D AndroidRuntime: Calling main entry com.android.commands.input.Input
06-11 08:52:29.273 12854 12854 I Input   : injectMotionEvent: MotionEvent { action=ACTION_DOWN, actionButton=0, id[0]=0, x[0]=270.0, y[0]=700.0, toolType[0]=TOOL_TYPE_UNKNOWN, buttonState=0, metaState=0, flags=0x0, edgeFlags=0x0, pointerCount=1, historySize=0, eventTime=23162468, downTime=23162468, deviceId=0, source=0x2002 }
06-11 08:52:29.275 12854 12854 I Input   : injectMotionEvent: MotionEvent { action=ACTION_UP, actionButton=0, id[0]=0, x[0]=270.0, y[0]=700.0, toolType[0]=TOOL_TYPE_UNKNOWN, buttonState=0, metaState=0, flags=0x0, edgeFlags=0x0, pointerCount=1, historySize=0, eventTime=23162468, downTime=23162468, deviceId=0, source=0x2002 }
06-11 08:52:29.276 12854 12854 D AndroidRuntime: Shutting down VM
06-11 08:52:29.667  1117  1138 D AudioFlinger: mixer(0xc5a80000) throttle end: throttle time(8)
06-11 08:52:29.747 11067 11067 D BoundBrokerSvc: onUnbind: Intent { act=com.google.android.gms.safetynet.service.START pkg=com.google.android.gms }
06-11 08:52:29.954 12272 12307 E TDGA    : TDGAMission.onBegin()#SDK not initialized. 
06-11 08:52:29.956 12272 12307 I engine  : CGameMissionManager::GetCurMissionIdL called
06-11 08:52:30.006 12272 12307 W SoundPool:   sample 1 not READY
06-11 08:52:30.051 12272 12306 E WVMExtractor: Failed to open libwvm.so: dlopen failed: library "libwvm.so" not found
06-11 08:52:30.072  1125  1150 I FFmpegExtractor: android-source:0xc3b63400
06-11 08:52:30.081  1125  1150 D FFmpegExtractor: supported codec (pcm_s16le) by official Stagefright
06-11 08:52:30.081  1125  1150 D FFmpegExtractor: ffmpeg detected media content as 'audio/x-wav' with confidence 0.08
06-11 08:52:30.090  1126  1155 I MediaPlayerService: MediaPlayerService::getOMX
06-11 08:52:30.092 12272 12867 I OMXClient: MuxOMX ctor
06-11 08:52:30.094  1123 11499 I OMXMaster: makeComponentInstance(OMX.google.raw.decoder) in mediacodec process
06-11 08:52:30.116  1125  1630 D MediaBufferGroup: creating MemoryDealer
06-11 08:52:30.154 12272 12272 W AudioTrack: AUDIO_OUTPUT_FLAG_FAST denied by client; transfer 4, track 22050 Hz, output 48000 Hz
06-11 08:52:30.951 12864 12864 I appproc : exec app_process! cmdline: /system/bin com.android.commands.input.Input mouse tap 340 700 
06-11 08:52:30.952 12864 12864 D AndroidRuntime: >>>>>> START com.android.internal.os.RuntimeInit uid 0 <<<<<<
06-11 08:52:30.960 12864 12864 D AndroidRuntime: CheckJNI is OFF
06-11 08:52:31.134 12864 12864 D ICU     : No timezone override file found: /data/misc/zoneinfo/current/icu/icu_tzdata.dat
06-11 08:52:31.192 12864 12864 D libnativebridge: PreInitializeNativeBridge name=unknown instruction_set=x86
06-11 08:52:31.193 12864 12864 D libnativebridge: call UnloadNativeBridge! state=1
06-11 08:52:31.238 12864 12864 E memtrack: Couldn't load memtrack module (No such file or directory)
06-11 08:52:31.238 12864 12864 E android.os.Debug: failed to load memtrack module: -2
06-11 08:52:31.244 12864 12864 I Radio-JNI: register_android_hardware_Radio DONE
06-11 08:52:31.266 12864 12864 D AndroidRuntime: Calling main entry com.android.commands.input.Input
06-11 08:52:31.275 12864 12864 I Input   : injectMotionEvent: MotionEvent { action=ACTION_DOWN, actionButton=0, id[0]=0, x[0]=340.0, y[0]=700.0, toolType[0]=TOOL_TYPE_UNKNOWN, buttonState=0, metaState=0, flags=0x0, edgeFlags=0x0, pointerCount=1, historySize=0, eventTime=23164470, downTime=23164470, deviceId=0, source=0x2002 }
06-11 08:52:31.277 12864 12864 I Input   : injectMotionEvent: MotionEvent { action=ACTION_UP, actionButton=0, id[0]=0, x[0]=340.0, y[0]=700.0, toolType[0]=TOOL_TYPE_UNKNOWN, buttonState=0, metaState=0, flags=0x0, edgeFlags=0x0, pointerCount=1, historySize=0, eventTime=23164470, downTime=23164470, deviceId=0, source=0x2002 }
06-11 08:52:31.278 12864 12864 D AndroidRuntime: Shutting down VM
06-11 08:52:31.305 12272 12307 W SoundPool:   sample 2 not READY
06-11 08:52:31.312  1125  1630 I FFmpegExtractor: android-source:0xc3ad8a00
06-11 08:52:31.316  1125  1630 D FFmpegExtractor: supported codec (pcm_s16le) by official Stagefright
06-11 08:52:31.316  1125  1630 D FFmpegExtractor: ffmpeg detected media content as 'audio/x-wav' with confidence 0.08
06-11 08:52:31.320  1126  1441 I MediaPlayerService: MediaPlayerService::getOMX
06-11 08:52:31.322 12272 12879 I OMXClient: MuxOMX ctor
06-11 08:52:31.324  1123  1123 I OMXMaster: makeComponentInstance(OMX.google.raw.decoder) in mediacodec process
06-11 08:52:31.333  1125  1410 D MediaBufferGroup: creating MemoryDealer
06-11 08:52:31.350 12272 12272 W AudioTrack: AUDIO_OUTPUT_FLAG_FAST denied by client; transfer 4, track 44100 Hz, output 48000 Hz
06-11 08:52:32.268 12272 12307 W SoundPool:   sample 3 not READY
06-11 08:52:32.275  1125  1410 I FFmpegExtractor: android-source:0xc6c1da00
06-11 08:52:32.278  1125  1410 D FFmpegExtractor: supported codec (pcm_s16le) by official Stagefright
06-11 08:52:32.279  1125  1410 D FFmpegExtractor: ffmpeg detected media content as 'audio/x-wav' with confidence 0.08
06-11 08:52:32.283  1126  1441 I MediaPlayerService: MediaPlayerService::getOMX
06-11 08:52:32.283 12272 12885 I OMXClient: MuxOMX ctor
06-11 08:52:32.285  1123  1123 I OMXMaster: makeComponentInstance(OMX.google.raw.decoder) in mediacodec process
06-11 08:52:32.290  1125  1630 D MediaBufferGroup: creating MemoryDealer
06-11 08:52:32.306 12272 12272 W AudioTrack: AUDIO_OUTPUT_FLAG_FAST denied by client; transfer 4, track 22050 Hz, output 48000 Hz
06-11 08:52:32.508 12883 12883 I appproc : exec app_process! cmdline: /system/bin com.android.commands.input.Input mouse tap 200 750 
06-11 08:52:32.509 12883 12883 D AndroidRuntime: >>>>>> START com.android.internal.os.RuntimeInit uid 0 <<<<<<
06-11 08:52:32.513 12883 12883 D AndroidRuntime: CheckJNI is OFF
06-11 08:52:32.589 12883 12883 D ICU     : No timezone override file found: /data/misc/zoneinfo/current/icu/icu_tzdata.dat
06-11 08:52:32.608 12883 12883 D libnativebridge: PreInitializeNativeBridge name=unknown instruction_set=x86
06-11 08:52:32.609 12883 12883 D libnativebridge: call UnloadNativeBridge! state=1
06-11 08:52:32.632 12883 12883 E memtrack: Couldn't load memtrack module (No such file or directory)
06-11 08:52:32.632 12883 12883 E android.os.Debug: failed to load memtrack module: -2
06-11 08:52:32.634 12883 12883 I Radio-JNI: register_android_hardware_Radio DONE
06-11 08:52:32.646 12883 12883 D AndroidRuntime: Calling main entry com.android.commands.input.Input
06-11 08:52:32.654 12883 12883 I Input   : injectMotionEvent: MotionEvent { action=ACTION_DOWN, actionButton=0, id[0]=0, x[0]=200.0, y[0]=750.0, toolType[0]=TOOL_TYPE_UNKNOWN, buttonState=0, metaState=0, flags=0x0, edgeFlags=0x0, pointerCount=1, historySize=0, eventTime=23165850, downTime=23165850, deviceId=0, source=0x2002 }
06-11 08:52:32.656 12883 12883 I Input   : injectMotionEvent: MotionEvent { action=ACTION_UP, actionButton=0, id[0]=0, x[0]=200.0, y[0]=750.0, toolType[0]=TOOL_TYPE_UNKNOWN, buttonState=0, metaState=0, flags=0x0, edgeFlags=0x0, pointerCount=1, historySize=0, eventTime=23165850, downTime=23165850, deviceId=0, source=0x2002 }
06-11 08:52:32.658 12883 12883 D AndroidRuntime: Shutting down VM
06-11 08:52:32.664 11135 11161 I Finsky  : [336] Stats for Executor: BlockingExecutor wcd@455b0c3[Running, pool size = 0, active threads = 0, queued tasks = 0, completed tasks = 25]
06-11 08:52:32.665 11135 11161 I Finsky  : [336] Stats for Executor: LightweightExecutor wcd@e29dd40[Running, pool size = 3, active threads = 0, queued tasks = 0, completed tasks = 159]
06-11 08:52:33.693 12897 12897 I appproc : exec app_process! cmdline: /system/bin com.android.commands.input.Input mouse tap 270 750 
06-11 08:52:33.693 12897 12897 D AndroidRuntime: >>>>>> START com.android.internal.os.RuntimeInit uid 0 <<<<<<
06-11 08:52:33.697 12897 12897 D AndroidRuntime: CheckJNI is OFF
06-11 08:52:33.766 12897 12897 D ICU     : No timezone override file found: /data/misc/zoneinfo/current/icu/icu_tzdata.dat
06-11 08:52:33.783 12897 12897 D libnativebridge: PreInitializeNativeBridge name=unknown instruction_set=x86
06-11 08:52:33.783 12897 12897 D libnativebridge: call UnloadNativeBridge! state=1
06-11 08:52:33.805 12897 12897 E memtrack: Couldn't load memtrack module (No such file or directory)
06-11 08:52:33.805 12897 12897 E android.os.Debug: failed to load memtrack module: -2
06-11 08:52:33.806 12897 12897 I Radio-JNI: register_android_hardware_Radio DONE
06-11 08:52:33.819 12897 12897 D AndroidRuntime: Calling main entry com.android.commands.input.Input
06-11 08:52:33.826 12897 12897 I Input   : injectMotionEvent: MotionEvent { action=ACTION_DOWN, actionButton=0, id[0]=0, x[0]=270.0, y[0]=750.0, toolType[0]=TOOL_TYPE_UNKNOWN, buttonState=0, metaState=0, flags=0x0, edgeFlags=0x0, pointerCount=1, historySize=0, eventTime=23167023, downTime=23167023, deviceId=0, source=0x2002 }
06-11 08:52:33.828 12897 12897 I Input   : injectMotionEvent: MotionEvent { action=ACTION_UP, actionButton=0, id[0]=0, x[0]=270.0, y[0]=750.0, toolType[0]=TOOL_TYPE_UNKNOWN, buttonState=0, metaState=0, flags=0x0, edgeFlags=0x0, pointerCount=1, historySize=0, eventTime=23167023, downTime=23167023, deviceId=0, source=0x2002 }
06-11 08:52:33.829 12897 12897 D AndroidRuntime: Shutting down VM
06-11 08:52:33.842 12272 12307 I engine  : building 37 released
06-11 08:52:34.388 11135 11161 I Finsky  : [336] Stats for Executor: bgExecutor wcd@8bce479[Running, pool size = 4, active threads = 0, queued tasks = 0, completed tasks = 160]
06-11 08:52:34.829 12907 12907 I appproc : exec app_process! cmdline: /system/bin com.android.commands.input.Input mouse tap 340 750 
06-11 08:52:34.829 12907 12907 D AndroidRuntime: >>>>>> START com.android.internal.os.RuntimeInit uid 0 <<<<<<
06-11 08:52:34.833 12907 12907 D AndroidRuntime: CheckJNI is OFF
06-11 08:52:34.902 12907 12907 D ICU     : No timezone override file found: /data/misc/zoneinfo/current/icu/icu_tzdata.dat
06-11 08:52:34.917 12907 12907 D libnativebridge: PreInitializeNativeBridge name=unknown instruction_set=x86
06-11 08:52:34.917 12907 12907 D libnativebridge: call UnloadNativeBridge! state=1
06-11 08:52:34.941 12907 12907 E memtrack: Couldn't load memtrack module (No such file or directory)
06-11 08:52:34.941 12907 12907 E android.os.Debug: failed to load memtrack module: -2
06-11 08:52:34.942 12907 12907 I Radio-JNI: register_android_hardware_Radio DONE
06-11 08:52:34.954 12907 12907 D AndroidRuntime: Calling main entry com.android.commands.input.Input
06-11 08:52:34.961 12907 12907 I Input   : injectMotionEvent: MotionEvent { action=ACTION_DOWN, actionButton=0, id[0]=0, x[0]=340.0, y[0]=750.0, toolType[0]=TOOL_TYPE_UNKNOWN, buttonState=0, metaState=0, flags=0x0, edgeFlags=0x0, pointerCount=1, historySize=0, eventTime=23168158, downTime=23168158, deviceId=0, source=0x2002 }
06-11 08:52:34.962 12907 12907 I Input   : injectMotionEvent: MotionEvent { action=ACTION_UP, actionButton=0, id[0]=0, x[0]=340.0, y[0]=750.0, toolType[0]=TOOL_TYPE_UNKNOWN, buttonState=0, metaState=0, flags=0x0, edgeFlags=0x0, pointerCount=1, historySize=0, eventTime=23168158, downTime=23168158, deviceId=0, source=0x2002 }
06-11 08:52:34.963 12907 12907 D AndroidRuntime: Shutting down VM
06-11 08:52:34.984 12272 12307 I engine  : building 37 released
06-11 08:52:36.170 12917 12917 I appproc : exec app_process! cmdline: /system/bin com.android.commands.input.Input mouse tap 200 800 
06-11 08:52:36.170 12917 12917 D AndroidRuntime: >>>>>> START com.android.internal.os.RuntimeInit uid 0 <<<<<<
06-11 08:52:36.173 12917 12917 D AndroidRuntime: CheckJNI is OFF
06-11 08:52:36.240 12917 12917 D ICU     : No timezone override file found: /data/misc/zoneinfo/current/icu/icu_tzdata.dat
06-11 08:52:36.257 12917 12917 D libnativebridge: PreInitializeNativeBridge name=unknown instruction_set=x86
06-11 08:52:36.257 12917 12917 D libnativebridge: call UnloadNativeBridge! state=1
06-11 08:52:36.276 12917 12917 E memtrack: Couldn't load memtrack module (No such file or directory)
06-11 08:52:36.276 12917 12917 E android.os.Debug: failed to load memtrack module: -2
06-11 08:52:36.278 12917 12917 I Radio-JNI: register_android_hardware_Radio DONE
06-11 08:52:36.290 12917 12917 D AndroidRuntime: Calling main entry com.android.commands.input.Input
06-11 08:52:36.297 12917 12917 I Input   : injectMotionEvent: MotionEvent { action=ACTION_DOWN, actionButton=0, id[0]=0, x[0]=200.0, y[0]=800.0, toolType[0]=TOOL_TYPE_UNKNOWN, buttonState=0, metaState=0, flags=0x0, edgeFlags=0x0, pointerCount=1, historySize=0, eventTime=23169494, downTime=23169494, deviceId=0, source=0x2002 }
06-11 08:52:36.299 12917 12917 I Input   : injectMotionEvent: MotionEvent { action=ACTION_UP, actionButton=0, id[0]=0, x[0]=200.0, y[0]=800.0, toolType[0]=TOOL_TYPE_UNKNOWN, buttonState=0, metaState=0, flags=0x0, edgeFlags=0x0, pointerCount=1, historySize=0, eventTime=23169494, downTime=23169494, deviceId=0, source=0x2002 }
06-11 08:52:36.301 12917 12917 D AndroidRuntime: Shutting down VM
06-11 08:52:37.290 12272 12307 I engine  : building 27 released
06-11 08:52:37.515 12927 12927 I appproc : exec app_process! cmdline: /system/bin com.android.commands.input.Input mouse tap 270 800 
06-11 08:52:37.515 12927 12927 D AndroidRuntime: >>>>>> START com.android.internal.os.RuntimeInit uid 0 <<<<<<
06-11 08:52:37.519 12927 12927 D AndroidRuntime: CheckJNI is OFF
06-11 08:52:37.589 12927 12927 D ICU     : No timezone override file found: /data/misc/zoneinfo/current/icu/icu_tzdata.dat
06-11 08:52:37.608 12927 12927 D libnativebridge: PreInitializeNativeBridge name=unknown instruction_set=x86
06-11 08:52:37.609 12927 12927 D libnativebridge: call UnloadNativeBridge! state=1
06-11 08:52:37.628 12927 12927 E memtrack: Couldn't load memtrack module (No such file or directory)
06-11 08:52:37.628 12927 12927 E android.os.Debug: failed to load memtrack module: -2
06-11 08:52:37.630 12927 12927 I Radio-JNI: register_android_hardware_Radio DONE
06-11 08:52:37.645 12927 12927 D AndroidRuntime: Calling main entry com.android.commands.input.Input
06-11 08:52:37.653 12927 12927 I Input   : injectMotionEvent: MotionEvent { action=ACTION_DOWN, actionButton=0, id[0]=0, x[0]=270.0, y[0]=800.0, toolType[0]=TOOL_TYPE_UNKNOWN, buttonState=0, metaState=0, flags=0x0, edgeFlags=0x0, pointerCount=1, historySize=0, eventTime=23170850, downTime=23170850, deviceId=0, source=0x2002 }
06-11 08:52:37.655 12927 12927 I Input   : injectMotionEvent: MotionEvent { action=ACTION_UP, actionButton=0, id[0]=0, x[0]=270.0, y[0]=800.0, toolType[0]=TOOL_TYPE_UNKNOWN, buttonState=0, metaState=0, flags=0x0, edgeFlags=0x0, pointerCount=1, historySize=0, eventTime=23170850, downTime=23170850, deviceId=0, source=0x2002 }
06-11 08:52:37.656 12927 12927 D AndroidRuntime: Shutting down VM
06-11 08:52:38.653 12937 12937 I appproc : exec app_process! cmdline: /system/bin com.android.commands.input.Input mouse tap 340 800 
06-11 08:52:38.653 12937 12937 D AndroidRuntime: >>>>>> START com.android.internal.os.RuntimeInit uid 0 <<<<<<
06-11 08:52:38.657 12937 12937 D AndroidRuntime: CheckJNI is OFF
06-11 08:52:38.727 12937 12937 D ICU     : No timezone override file found: /data/misc/zoneinfo/current/icu/icu_tzdata.dat
06-11 08:52:38.745 12937 12937 D libnativebridge: PreInitializeNativeBridge name=unknown instruction_set=x86
06-11 08:52:38.746 12937 12937 D libnativebridge: call UnloadNativeBridge! state=1
06-11 08:52:38.764 12937 12937 E memtrack: Couldn't load memtrack module (No such file or directory)
06-11 08:52:38.764 12937 12937 E android.os.Debug: failed to load memtrack module: -2
06-11 08:52:38.765 12937 12937 I Radio-JNI: register_android_hardware_Radio DONE
06-11 08:52:38.779 12937 12937 D AndroidRuntime: Calling main entry com.android.commands.input.Input
06-11 08:52:38.792 12937 12937 I Input   : injectMotionEvent: MotionEvent { action=ACTION_DOWN, actionButton=0, id[0]=0, x[0]=340.0, y[0]=800.0, toolType[0]=TOOL_TYPE_UNKNOWN, buttonState=0, metaState=0, flags=0x0, edgeFlags=0x0, pointerCount=1, historySize=0, eventTime=23171983, downTime=23171983, deviceId=0, source=0x2002 }
06-11 08:52:38.794 12937 12937 I Input   : injectMotionEvent: MotionEvent { action=ACTION_UP, actionButton=0, id[0]=0, x[0]=340.0, y[0]=800.0, toolType[0]=TOOL_TYPE_UNKNOWN, buttonState=0, metaState=0, flags=0x0, edgeFlags=0x0, pointerCount=1, historySize=0, eventTime=23171983, downTime=23171983, deviceId=0, source=0x2002 }
06-11 08:52:38.795 12937 12937 D AndroidRuntime: Shutting down VM
06-11 08:52:38.819 12272 12307 V libnb   : enter native_bridge2_getTrampoline Java_com_anansimobile_nge_NGGLSurfaceView_onTouchCanceled, trampoline_addr 0xb91bacb4
06-11 08:52:39.891 12272 12307 I engine  : building 1000 released
06-11 08:52:41.729 11225 11243 I Finsky:background: [340] Stats for Executor: bgExecutor wcd@8b28144[Running, pool size = 4, active threads = 0, queued tasks = 0, completed tasks = 40]
06-11 08:52:41.990 11225 11243 I Finsky:background: [340] Stats for Executor: LightweightExecutor wcd@5fbf22d[Running, pool size = 3, active threads = 0, queued tasks = 0, completed tasks = 23]
06-11 08:52:42.057 12272 12307 I engine  : building 36 released
06-11 08:52:43.466 11225 11243 I Finsky:background: [340] Stats for Executor: BlockingExecutor wcd@bde0362[Running, pool size = 0, active threads = 0, queued tasks = 0, completed tasks = 1]
06-11 08:52:46.610 12272 12307 I engine  : building -1 released
06-11 08:52:56.973 12272 12307 W AudioTrack: AUDIO_OUTPUT_FLAG_FAST denied by client; transfer 4, track 22050 Hz, output 48000 Hz
06-11 08:52:57.167 12272 12307 I engine  : newspaper content received
06-11 08:53:00.256 12272 12272 D native_project_lib: [root_service_log] TimeTickReceiver.onReceive()...
06-11 08:53:00.265 12272 12272 D native_project_lib: [root_service_log] saved callback activity class name: com.anansimobile.city_ar.Main
06-11 08:53:00.265 12272 12272 D native_project_lib: [root_service_log] notification ignored, activity in foreground!~
06-11 08:53:00.298  1302  1310 I art     : Background partial concurrent mark sweep GC freed 28685(1205KB) AllocSpace objects, 19(380KB) LOS objects, 33% free, 9MB/14MB, paused 1.219ms total 112.970ms
06-11 08:53:04.673 12272 12307 I engine  : building 10 released
06-11 08:53:07.580 12272 12307 I engine  : building 13 released
06-11 08:53:07.582 12272 12307 W AudioTrack: AUDIO_OUTPUT_FLAG_FAST denied by client; transfer 4, track 22050 Hz, output 48000 Hz
06-11 08:53:08.694 12272 12307 W AudioTrack: AUDIO_OUTPUT_FLAG_FAST denied by client; transfer 4, track 44100 Hz, output 48000 Hz
06-11 08:53:09.990 12272 12307 I engine  : building 12 released
06-11 08:53:10.159 12272 12307 I engine  : recv list faction response
06-11 08:53:15.292 12272 12307 I engine  : building 1000 released
06-11 08:53:18.428 12272 12307 I engine  : building 36 released
06-11 08:53:18.430 12272 12307 W AudioTrack: AUDIO_OUTPUT_FLAG_FAST denied by client; transfer 4, track 22050 Hz, output 48000 Hz
06-11 08:53:19.534 12272 12307 W AudioTrack: AUDIO_OUTPUT_FLAG_FAST denied by client; transfer 4, track 44100 Hz, output 48000 Hz
06-11 08:53:22.077 12272 12307 I engine  : building 1000 released
06-11 08:53:25.284 12272 12307 I engine  : building 1 released
06-11 08:53:25.478 12956 12956 E linker  : normalize_path - invalid input: "", the input path should be absolute
06-11 08:53:25.478 12956 12956 W linker  : Warning: unable to normalize ""
06-11 08:53:25.935 12956 12956 I appproc : exec app_process! cmdline: /system/bin --application org.chromium.components.crash.browser.CrashpadMain /system/bin/app_process32 --sanitization-information=0xa6d7e6c0 --write-minidump-to-log --database=/data/user/0/com.anansimobile.city_ar/cache/WebView/Crashpad --annotation=abi_name=x86, armeabi-v7a, armeabi --annotation=android_build_fp=google/android_x86/x86:7.1.2/N2G48C/N975FXXU1ASGO:user/release-keys --annotation=android_build_id=N2G48C --annotation=board=SM-A805N --annotation=brand=samsung --annotation=channel=stable --annotation=custom_themes=false --annotation=device=aosp --annotation=gms_core_version=261833007 --annotation=installer_package_name= --annotation=model=SM-A805N --annotation=package=1:914760932289:android:bdb905fe8b8890ae v424019821 (86.0.4240.198) --annotation=plat=Android --annotation=prod=AndroidWebView --annotation=ptype=webview --annotation=resources_version=Not found --annotation=sdk=25 --annotation=ver=86.0.4240.198 --trace-parent-with-exception=0xa0d08304 
06-11 08:53:25.935 12956 12956 D AndroidRuntime: >>>>>> START com.android.internal.os.RuntimeInit uid 10056 <<<<<<
06-11 08:53:25.940 12956 12956 D AndroidRuntime: CheckJNI is OFF
06-11 08:53:25.940 12956 12956 E cutils-trace: Error opening trace file: Permission denied (13)
06-11 08:53:26.028 12956 12956 D ICU     : No timezone override file found: /data/misc/zoneinfo/current/icu/icu_tzdata.dat
06-11 08:53:26.065 12956 12956 W System  : ClassLoader referenced unknown path: /system/app/Chrome/lib/x86
06-11 08:53:26.097 12956 12956 W System  : ClassLoader referenced unknown path: /system/app/Chrome/lib/x86
06-11 08:53:26.098 12956 12956 W art     : Could not create mount namespace.
06-11 08:53:26.098 12956 12956 D libnativebridge: PreInitializeNativeBridge name=unknown instruction_set=x86
06-11 08:53:26.098 12956 12956 D libnativebridge: call UnloadNativeBridge! state=1
06-11 08:53:26.116 12956 12956 E memtrack: Couldn't load memtrack module (No such file or directory)
06-11 08:53:26.117 12956 12956 E android.os.Debug: failed to load memtrack module: -2
06-11 08:53:26.118 12956 12956 I Radio-JNI: register_android_hardware_Radio DONE
06-11 08:53:26.131 12956 12956 D AndroidRuntime: Calling main entry org.chromium.components.crash.browser.CrashpadMain
06-11 08:53:26.226 12956 12956 E chromium: [0611/085326.225770:ERROR:elf_dynamic_array_reader.h(61)] tag not found
06-11 08:53:26.263 12956 12956 D AndroidRuntime: Shutting down VM
--------- beginning of crash
06-11 08:53:26.287 12272 12307 F libc    : Fatal signal 11 (SIGSEGV), code 1, fault addr 0x0 in tid 12307 (GLThread 377)
06-11 08:53:26.288  1060  1060 W         : debuggerd: handling request: pid=12272 uid=10056 gid=10056 tid=12307
06-11 08:53:26.305 12965 12965 F DEBUG   : *** *** *** *** *** *** *** *** *** *** *** *** *** *** *** ***
06-11 08:53:26.305 12965 12965 F DEBUG   : Build fingerprint: 'google/android_x86/x86:7.1.2/N2G48C/N975FXXU1ASGO:user/release-keys'
06-11 08:53:26.305 12965 12965 F DEBUG   : Revision: '0'
06-11 08:53:26.305 12965 12965 F DEBUG   : ABI: 'x86'
06-11 08:53:26.305 12965 12965 F DEBUG   : pid: 12272, tid: 12307, name: GLThread 377  >>> com.anansimobile.city_ar <<<
06-11 08:53:26.305 12965 12965 F DEBUG   : signal 11 (SIGSEGV), code 1 (SEGV_MAPERR), fault addr 0x0
06-11 08:53:26.305 12965 12965 F DEBUG   :     eax 00000000  ebx ac34aff4  ecx 00000000  edx 00000000
06-11 08:53:26.306 12965 12965 F DEBUG   :     esi 00000000  edi 00000002
06-11 08:53:26.306 12965 12965 F DEBUG   :     xcs 00000073  xds 0000007b  xes 0000007b  xfs 0000003b  xss 0000007b
06-11 08:53:26.306 12965 12965 F DEBUG   :     eip abfa7750  ebp 10128040  esp a544b070  flags 00010246
06-11 08:53:26.308 12965 12965 F DEBUG   : 
06-11 08:53:26.308 12965 12965 F DEBUG   : backtrace:
06-11 08:53:26.308 12965 12965 F DEBUG   :     #00 pc 000bf750  /system/lib/libhoudini.so
06-11 08:53:28.482  1302  1320 I BootReceiver: Copying /data/tombstones/tombstone_08 to DropBox (SYSTEM_TOMBSTONE)
06-11 08:53:28.485  1060  1060 W         : debuggerd: resuming target 12272
06-11 08:53:28.502  1302 12970 W ActivityManager:   Force finishing activity com.anansimobile.city_ar/.Main
06-11 08:53:28.520  1302  1323 E JavaBinder: !!! FAILED BINDER TRANSACTION !!!  (parcel size = 60)
06-11 08:53:28.521  1302 12970 E JavaBinder: !!! FAILED BINDER TRANSACTION !!!  (parcel size = 104)
06-11 08:53:28.536  1302  1314 I WindowManager: WIN DEATH: Window{622fa83 u0 com.anansimobile.city_ar/com.anansimobile.city_ar.Main}
06-11 08:53:28.537  1302  1314 W WindowManager: Force-removing child win Window{67f248c u0 SurfaceView - com.anansimobile.city_ar/com.anansimobile.city_ar.Main} from container Window{622fa83 u0 com.anansimobile.city_ar/com.anansimobile.city_ar.Main}
06-11 08:53:28.537  1126  1126 D NuPlayerDriver: reset(0xc7d27560) at state 5
06-11 08:53:28.538  1126  1126 D NuPlayerDriver: notifyListener_l(0xc7d27560), (8, 0, 0), loop setting(0, 1)
06-11 08:53:28.539  1302  1840 D GraphicsStats: Buffer count: 4
06-11 08:53:28.585  1116  1116 I Zygote  : Process 12272 exited due to signal (11)
06-11 08:53:28.586  1302  7765 W WindowManager: Failed looking up window
06-11 08:53:28.586  1302  7765 W WindowManager: java.lang.IllegalArgumentException: Requested window android.os.BinderProxy@210bbdf does not exist
06-11 08:53:28.586  1302  7765 W WindowManager: 	at com.android.server.wm.WindowManagerService.windowForClientLocked(WindowManagerService.java:9459)
06-11 08:53:28.586  1302  7765 W WindowManager: 	at com.android.server.wm.WindowManagerService.windowForClientLocked(WindowManagerService.java:9450)
06-11 08:53:28.586  1302  7765 W WindowManager: 	at com.android.server.wm.WindowState$DeathRecipient.binderDied(WindowState.java:1807)
06-11 08:53:28.586  1302  7765 W WindowManager: 	at android.os.BinderProxy.sendDeathNotice(Binder.java:688)
06-11 08:53:28.586  1302  7765 I WindowManager: WIN DEATH: null
06-11 08:53:28.589  1302 12970 W ActivityManager: Exception thrown during pause
06-11 08:53:28.589  1302 12970 W ActivityManager: android.os.DeadObjectException: Transaction failed on small parcel; remote process probably died
06-11 08:53:28.589  1302 12970 W ActivityManager: 	at android.os.BinderProxy.transactNative(Native Method)
06-11 08:53:28.589  1302 12970 W ActivityManager: 	at android.os.BinderProxy.transact(Binder.java:615)
06-11 08:53:28.589  1302 12970 W ActivityManager: 	at android.app.ApplicationThreadProxy.schedulePauseActivity(ApplicationThreadNative.java:785)
06-11 08:53:28.589  1302 12970 W ActivityManager: 	at com.android.server.am.ActivityStack.startPausingLocked(ActivityStack.java:1145)
06-11 08:53:28.589  1302 12970 W ActivityManager: 	at com.android.server.am.ActivityStack.finishActivityLocked(ActivityStack.java:3531)
06-11 08:53:28.589  1302 12970 W ActivityManager: 	at com.android.server.am.ActivityStack.finishTopRunningActivityLocked(ActivityStack.java:3367)
06-11 08:53:28.589  1302 12970 W ActivityManager: 	at com.android.server.am.ActivityStackSupervisor.finishTopRunningActivityLocked(ActivityStackSupervisor.java:1855)
06-11 08:53:28.589  1302 12970 W ActivityManager: 	at com.android.server.am.AppErrors.handleAppCrashLocked(AppErrors.java:619)
06-11 08:53:28.589  1302 12970 W ActivityManager: 	at com.android.server.am.AppErrors.makeAppCrashingLocked(AppErrors.java:477)
06-11 08:53:28.589  1302 12970 W ActivityManager: 	at com.android.server.am.AppErrors.crashApplicationInner(AppErrors.java:353)
06-11 08:53:28.589  1302 12970 W ActivityManager: 	at com.android.server.am.AppErrors.crashApplication(AppErrors.java:305)
06-11 08:53:28.589  1302 12970 W ActivityManager: 	at com.android.server.am.ActivityManagerService.handleApplicationCrashInner(ActivityManagerService.java:13676)
06-11 08:53:28.589  1302 12970 W ActivityManager: 	at com.android.server.am.NativeCrashListener$NativeCrashReporter.run(NativeCrashListener.java:86)
06-11 08:53:28.591  1126 12841 W AMessage: failed to post message as target looper for handler 0 is gone.
06-11 08:53:28.594  1126 12841 D NuPlayerDriver: notifyResetComplete(0xc7d27560)
06-11 08:53:28.596  1108  1108 E lowmemorykiller: Error opening /proc/12272/oom_score_adj; errno=2
06-11 08:53:28.605  1302 12970 W ActivityManager: Failed setting process group of 12272 to 1
06-11 08:53:28.605  1302 12970 W System.err: java.lang.IllegalArgumentException: Given thread 12272 does not exist
06-11 08:53:28.605  1302 12970 W System.err: 	at android.os.Process.setThreadPriority(Native Method)
06-11 08:53:28.605  1302 12970 W System.err: 	at com.android.server.am.ActivityManagerService.applyOomAdjLocked(ActivityManagerService.java:20847)
06-11 08:53:28.605  1302 12970 W System.err: 	at com.android.server.am.ActivityManagerService.updateOomAdjLocked(ActivityManagerService.java:21351)
06-11 08:53:28.605  1302 12970 W System.err: 	at com.android.server.am.ActivityStack.resumeTopActivityInnerLocked(ActivityStack.java:2455)
06-11 08:53:28.606  1302 12970 W System.err: 	at com.android.server.am.ActivityStack.resumeTopActivityUncheckedLocked(ActivityStack.java:2131)
06-11 08:53:28.606  1302 12970 W System.err: 	at com.android.server.am.ActivityStackSupervisor.resumeFocusedStackTopActivityLocked(ActivityStackSupervisor.java:1833)
06-11 08:53:28.606  1302 12970 W System.err: 	at com.android.server.am.ActivityStackSupervisor.resumeFocusedStackTopActivityLocked(ActivityStackSupervisor.java:1823)
06-11 08:53:28.606  1302 12970 W System.err: 	at com.android.server.am.ActivityStack.startPausingLocked(ActivityStack.java:1200)
06-11 08:53:28.606  1302 12970 W System.err: 	at com.android.server.am.ActivityStack.finishActivityLocked(ActivityStack.java:3531)
06-11 08:53:28.606  1302 12970 W System.err: 	at com.android.server.am.ActivityStack.finishTopRunningActivityLocked(ActivityStack.java:3367)
06-11 08:53:28.606  1302 12970 W System.err: 	at com.android.server.am.ActivityStackSupervisor.finishTopRunningActivityLocked(ActivityStackSupervisor.java:1855)
06-11 08:53:28.606  1302 12970 W System.err: 	at com.android.server.am.AppErrors.handleAppCrashLocked(AppErrors.java:619)
06-11 08:53:28.606  1302 12970 W System.err: 	at com.android.server.am.AppErrors.makeAppCrashingLocked(AppErrors.java:477)
06-11 08:53:28.606  1302 12970 W System.err: 	at com.android.server.am.AppErrors.crashApplicationInner(AppErrors.java:353)
06-11 08:53:28.606  1302 12970 W System.err: 	at com.android.server.am.AppErrors.crashApplication(AppErrors.java:305)
06-11 08:53:28.606  1302 12970 W System.err: 	at com.android.server.am.ActivityManagerService.handleApplicationCrashInner(ActivityManagerService.java:13676)
06-11 08:53:28.606  1302 12970 W System.err: 	at com.android.server.am.NativeCrashListener$NativeCrashReporter.run(NativeCrashListener.java:86)
06-11 08:53:28.626  1302  1802 I ActivityManager: Process com.anansimobile.city_ar (pid 12272) has died
06-11 08:53:28.627  1302  1802 D ActivityManager: cleanUpApplicationRecord -- 12272
06-11 08:53:28.642  1302  1802 W ActivityManager: Scheduling restart of crashed service com.anansimobile.city_ar/com.anansimobile.nge.RootService in 1000ms
06-11 08:53:28.646  1302  1317 W System.err: java.lang.Exception: show AlertDialog! title=‎‫وكر الاوغاد‬‎ has stopped
06-11 08:53:28.651  1735  1735 W ContextImpl: Calling a method in the system process without a qualified user: android.app.ContextImpl.startService:1358 android.content.ContextWrapper.startService:613 android.content.ContextWrapper.startService:613 com.android.coreservice.CoreBroadcastReceiver.onReceive:44 android.app.ActivityThread.handleReceiver:3073 
06-11 08:53:28.652  1302  1603 I ActivityManager: Killing 11112:com.google.process.gapps/u0a19 (adj 906): empty for 3638s
06-11 08:53:28.653  1302  1317 W System.err: 	at android.app.AlertDialog.show(AlertDialog.java:134)
06-11 08:53:28.653  1302  1317 W System.err: 	at com.android.server.am.AppErrors.handleShowAppErrorUi(AppErrors.java:719)
06-11 08:53:28.654  1302  1317 W System.err: 	at com.android.server.am.ActivityManagerService$UiHandler.handleMessage(ActivityManagerService.java:1637)
06-11 08:53:28.654  1302  1317 W System.err: 	at android.os.Handler.dispatchMessage(Handler.java:102)
06-11 08:53:28.654  1302  1317 W System.err: 	at android.os.Looper.loop(Looper.java:154)
06-11 08:53:28.654  1302  1317 W System.err: 	at android.os.HandlerThread.run(HandlerThread.java:61)
06-11 08:53:28.654  1302  1317 W System.err: 	at com.android.server.ServiceThread.run(ServiceThread.java:46)
06-11 08:53:28.675  1302  2912 D ActivityManager: cleanUpApplicationRecord -- 11112
06-11 08:53:28.767  1302  3729 I HostConnection: HostConnection::HostConnection: pid=1302, tid=3729, this=0xa9653f00
06-11 08:53:28.769  1302  3729 I         : fastpipe: Connect success
06-11 08:53:28.770  1302  3729 D HostConnection: HostRPC::connect sucess: app=system_server, pid=1302, tid=3729, this=0xa9730440
06-11 08:53:28.770  1735  1735 W ContextImpl: Calling a method in the system process without a qualified user: android.app.ContextImpl.startService:1358 android.content.ContextWrapper.startService:613 android.content.ContextWrapper.startService:613 com.android.coreservice.CoreBroadcastReceiver.onReceive:53 android.app.ActivityThread.handleReceiver:3073 
06-11 08:53:28.771  1302  3729 D HostConnection: queryAndSetGLESMaxVersion select gles-version: 3.1 hostGLVersion:46 process:system_server
06-11 08:53:28.772  1302  3729 I OpenGLRenderer: Initialized EGL, version 1.4
06-11 08:53:28.772  1302  3729 D OpenGLRenderer: Swap behavior 1
06-11 08:53:28.772  1302  3729 I EGL_adreno: eglCreateContext request GLES major-version=2
06-11 08:53:28.791  1302  3729 D EGL_adreno: eglCreateContext: 0xa8fb2f60: maj 3 min 1 rcv 4
06-11 08:53:28.795 11067 11067 D BoundBrokerSvc: onBind: Intent { act=com.google.android.gms.measurement.START pkg=com.google.android.gms }
06-11 08:53:28.795 11067 11067 D BoundBrokerSvc: Loading bound service for intent: Intent { act=com.google.android.gms.measurement.START pkg=com.google.android.gms }
06-11 08:53:28.805  1302  3729 D EGL_adreno: eglMakeCurrent: 0xa8fb2f60: ver 3 1 (tinfo 0xa92f3e60)
06-11 08:53:28.824  1758  1918 E EGL_adreno: tid 1918: eglSurfaceAttrib(1338): error 0x3009 (EGL_BAD_MATCH)
06-11 08:53:28.824  1758  1918 W OpenGLRenderer: Failed to set EGL_SWAP_BEHAVIOR on surface 0xa6196420, error=EGL_BAD_MATCH
06-11 08:53:28.828  1302  3729 E EGL_adreno: tid 3729: eglSurfaceAttrib(1338): error 0x3009 (EGL_BAD_MATCH)
06-11 08:53:28.828  1302  3729 W OpenGLRenderer: Failed to set EGL_SWAP_BEHAVIOR on surface 0xa9569740, error=EGL_BAD_MATCH
06-11 08:53:28.841  1302  3729 D EGL_adreno: eglMakeCurrent: 0xa8fb2f60: ver 3 1 (tinfo 0xa92f3e60)
06-11 08:53:28.872  1735  1735 W ContextImpl: Calling a method in the system process without a qualified user: android.app.ContextImpl.sendBroadcast:893 android.content.ContextWrapper.sendBroadcast:426 com.android.coreservice.TabManager.notifyClosing:345 com.android.coreservice.TabManager.updateInner:182 com.android.coreservice.TabManager.onUpdate:217 
06-11 08:53:28.888  1302  2893 E ActivityManager: Sending non-protected broadcast android.intent.action.CLOSE_TASK from system 1735:com.android.coreservice/1000 pkg com.android.coreservice
06-11 08:53:28.888  1302  2893 E ActivityManager: java.lang.Throwable
06-11 08:53:28.888  1302  2893 E ActivityManager: 	at com.android.server.am.ActivityManagerService.checkBroadcastFromSystem(ActivityManagerService.java:18108)
06-11 08:53:28.888  1302  2893 E ActivityManager: 	at com.android.server.am.ActivityManagerService.broadcastIntentLocked(ActivityManagerService.java:18680)
06-11 08:53:28.888  1302  2893 E ActivityManager: 	at com.android.server.am.ActivityManagerService.broadcastIntent(ActivityManagerService.java:18771)
06-11 08:53:28.888  1302  2893 E ActivityManager: 	at android.app.ActivityManagerNative.onTransact(ActivityManagerNative.java:499)
06-11 08:53:28.888  1302  2893 E ActivityManager: 	at com.android.server.am.ActivityManagerService.onTransact(ActivityManagerService.java:2820)
06-11 08:53:28.888  1302  2893 E ActivityManager: 	at android.os.Binder.execTransact(Binder.java:565)
06-11 08:53:28.897  1735  1735 I CoreService: notifyClosing notify tab closed taskPackageName:com.anansimobile.city_ar
06-11 08:53:28.909  1758  1918 D EGL_adreno: eglMakeCurrent: 0xb6f221a0: ver 3 1 (tinfo 0xa617fbd0)
06-11 08:53:29.398  1758  1918 W OpenGLRenderer: Incorrectly called buildLayer on View: ShortcutAndWidgetContainer, destroying layer...
06-11 08:53:29.663 12977 12977 D libnativebridge: PreInitializeNativeBridge name=zygote instruction_set=arm
06-11 08:53:29.665 12977 12977 V libnb   : enter native_bridge2_initialize /data/user/0/com.anansimobile.city_ar/code_cache arm
06-11 08:53:29.668  1302  1316 I ActivityManager: Start proc 12977:com.anansimobile.city_ar/u0a56 for service com.anansimobile.city_ar/com.anansimobile.nge.RootService
06-11 08:53:29.681 12977 12977 D houdini : [12977] Initialize library(version: 7.1.1b_x.49852 RELEASE)... successfully.
