--------- beginning of main
06-11 08:46:43.769 12260 12260 I appproc : exec app_process! cmdline: /system/bin com.android.commands.am.Am start -n com.anansimobile.city_ar/.Main 
06-11 08:46:43.769 12260 12260 D AndroidRuntime: >>>>>> START com.android.internal.os.RuntimeInit uid 0 <<<<<<
06-11 08:46:43.777 12260 12260 D AndroidRuntime: CheckJNI is OFF
06-11 08:46:43.882 12260 12260 D ICU     : No timezone override file found: /data/misc/zoneinfo/current/icu/icu_tzdata.dat
06-11 08:46:43.909 12260 12260 D libnativebridge: PreInitializeNativeBridge name=unknown instruction_set=x86
06-11 08:46:43.910 12260 12260 D libnativebridge: call UnloadNativeBridge! state=1
06-11 08:46:43.941 12260 12260 E memtrack: Couldn't load memtrack module (No such file or directory)
06-11 08:46:43.941 12260 12260 E android.os.Debug: failed to load memtrack module: -2
06-11 08:46:43.944 12260 12260 I Radio-JNI: register_android_hardware_Radio DONE
06-11 08:46:43.966 12260 12260 D AndroidRuntime: Calling main entry com.android.commands.am.Am
--------- beginning of system
06-11 08:46:43.975  1302  7763 I ActivityManager: START u0 {flg=0x10000000 cmp=com.anansimobile.city_ar/.Main} from uid 0 on display 0
06-11 08:46:43.990 12260 12260 D AndroidRuntime: Shutting down VM
06-11 08:46:43.990  1735  1735 W ContextImpl: Calling a method in the system process without a qualified user: android.app.ContextImpl.startService:1358 android.content.ContextWrapper.startService:613 android.content.ContextWrapper.startService:613 com.android.coreservice.CoreBroadcastReceiver.onReceive:44 android.app.ActivityThread.handleReceiver:3073 
06-11 08:46:44.008 12272 12272 D libnativebridge: PreInitializeNativeBridge name=zygote instruction_set=arm
06-11 08:46:44.010 12272 12272 V libnb   : enter native_bridge2_initialize /data/user/0/com.anansimobile.city_ar/code_cache arm
06-11 08:46:44.018  1302  2906 I ActivityManager: Start proc 12272:com.anansimobile.city_ar/u0a56 for activity com.anansimobile.city_ar/.Main
06-11 08:46:44.025 12272 12272 D houdini : [12272] Initialize library(version: 7.1.1b_x.49852 RELEASE)... successfully.
06-11 08:46:44.090  1735  1735 W ContextImpl: Calling a method in the system process without a qualified user: android.app.ContextImpl.startService:1358 android.content.ContextWrapper.startService:613 android.content.ContextWrapper.startService:613 com.android.coreservice.CoreBroadcastReceiver.onReceive:53 android.app.ActivityThread.handleReceiver:3073 
06-11 08:46:44.091 11067 11067 D BoundBrokerSvc: onBind: Intent { act=com.google.android.gms.measurement.START pkg=com.google.android.gms }
06-11 08:46:44.092 11067 11067 D BoundBrokerSvc: Loading bound service for intent: Intent { act=com.google.android.gms.measurement.START pkg=com.google.android.gms }
06-11 08:46:44.100  1758  1918 D EGL_adreno: eglMakeCurrent: 0xb6f221a0: ver 3 1 (tinfo 0xa617fbd0)
06-11 08:46:44.154 11067 12286 D AdvertisingIdClient: AdvertisingIdClient already created.
06-11 08:46:44.154 11067 12286 D AdvertisingIdClient: AdvertisingIdClient is not bounded. Starting to bind it...
06-11 08:46:44.154  1716  1716 D BoundBrokerSvc: onRebind: Intent { act=com.google.android.gms.common.telemetry.service.START dat=chimera-action: cmp=com.google.android.gms/.chimera.PersistentApiService }
06-11 08:46:44.193 11067 12286 D AdvertisingIdClient: AdvertisingIdClient is bounded
06-11 08:46:44.230 11067 12286 I AdvertisingIdClient: shouldSendLog 19503010
06-11 08:46:44.231 11067 12286 I AdvertisingIdClient: GetInfoInternal elapse 76ms
06-11 08:46:44.245  1716  1716 D BoundBrokerSvc: onRebind: Intent { act=com.google.android.gms.presencemanager.service.START dat=chimera-action: cmp=com.google.android.gms/.chimera.PersistentApiService }
06-11 08:46:44.251  1716  1716 D BoundBrokerSvc: onRebind: Intent { act=com.google.android.gms.presencemanager.service.INTERNAL_IDENTITY dat=chimera-action: cmp=com.google.android.gms/.chimera.PersistentApiService }
06-11 08:46:44.270 11067 11067 I AdvertisingIdClient: getting error as 17: API: ClientTelemetry.API is not available on this device. Connection failed with: ConnectionResult{statusCode=API_DISABLED_FOR_CONNECTION, resolution=null, message=null, clientMethodKey=null}
06-11 08:46:44.600 12272 12272 I FirebaseInitProvider: FirebaseApp initialization skipped (Waker patch)
06-11 08:46:44.649 12272 12290 D NetworkSecurityConfig: No Network Security Config specified, using platform default
06-11 08:46:44.671 12272 12272 V libnb   : enter native_bridge2_isSupported /data/app/com.anansimobile.city_ar-1/lib/arm/libcity_ar.so
06-11 08:46:44.671 12272 12272 V libnb   : enter native_bridge2_loadLibrary /data/app/com.anansimobile.city_ar-1/lib/arm/libcity_ar.so
06-11 08:46:45.129 12272 12272 D houdini : [12272] Added shared library /data/app/com.anansimobile.city_ar-1/lib/arm/libcity_ar.so for ClassLoader by Native Bridge.
06-11 08:46:45.129 12272 12272 V libnb   : enter native_bridge2_getTrampoline JNI_OnLoad, trampoline_addr 0x0
06-11 08:46:45.187 12272 12272 D native_project_lib: [root_service_log] Callback Activity...
06-11 08:46:45.233 12272 12272 V libnb   : enter native_bridge2_getTrampoline Java_com_anansimobile_nge_RootActivity_setSystemUIFrame, trampoline_addr 0xb91bafc4
06-11 08:46:45.542 12272 12272 I AppsFlyer_1.17: Start tracking package: com.anansimobile.city_ar
06-11 08:46:45.547 12272 12312 I AppsFlyer_1.17-156805547: ******* sendTrackingWithEvent: Launch
06-11 08:46:45.570 12272 12312 E ActivityThread: Failed to find provider info for com.facebook.katana.provider.AttributionIdProvider
06-11 08:46:45.579 12272 12312 I AppsFlyer_1.17: WARNING:READ_PHONE_STATE is missing
06-11 08:46:45.651 12272 12272 D FlurryAgent: Initializing Flurry session
06-11 08:46:45.656 12272 12272 D FlurryAgent: New session
06-11 08:46:45.661 12272 12272 I AppsFlyer_1.17: Start tracking package: com.anansimobile.city_ar
06-11 08:46:45.665 12272 12319 I AppsFlyer_1.17-156805664: ******* sendTrackingWithEvent: Launch
06-11 08:46:45.669 12272 12272 V libnb   : enter native_bridge2_getTrampoline Java_com_anansimobile_nge_RootActivity_onGameResume, trampoline_addr 0xb91baf8c
06-11 08:46:45.677 12272 12319 E ActivityThread: Failed to find provider info for com.facebook.katana.provider.AttributionIdProvider
06-11 08:46:45.682 12272 12319 I AppsFlyer_1.17: WARNING:READ_PHONE_STATE is missing
06-11 08:46:45.688 12272 12310 I FlurryAgent: Agent cache file doesn't exist.
06-11 08:46:45.704  1735  1735 W ContextImpl: Calling a method in the system process without a qualified user: android.app.ContextImpl.startService:1358 android.content.ContextWrapper.startService:613 android.content.ContextWrapper.startService:613 com.android.coreservice.CoreBroadcastReceiver.onReceive:53 android.app.ActivityThread.handleReceiver:3073 
06-11 08:46:45.704 12272 12310 D FlurryAgent: generating agent report
06-11 08:46:45.709 12272 12310 I FlurryAgent: getting push token.
06-11 08:46:45.713 12272 12310 D FlurryAgent: generated report of size 284 with 0 reports.
06-11 08:46:45.715 12272 12310 I FlurryDataSenderBlockInfo: Writing FlurryDataSenderBlockInfo: /data/user/0/com.anansimobile.city_ar/files/.flurrydatasenderblock.9484ec9c-4aad-4fdf-8d82-5b82f14d68b4
06-11 08:46:45.717 12272 12310 I FlurryDataSender: Number of not sent blocks = 1
06-11 08:46:45.718 12272 12310 I FlurryDataSenderBlockInfo: Reading FlurryDataSenderBlockInfo: /data/user/0/com.anansimobile.city_ar/files/.flurrydatasenderblock.9484ec9c-4aad-4fdf-8d82-5b82f14d68b4
06-11 08:46:45.719 12272 12310 I FlurryDataSender: FlurryDataSender: start upload data with id = 9484ec9c-4aad-4fdf-8d82-5b82f14d68b4 to http://data.flurry.com/aap.do
06-11 08:46:45.720 12272 12310 D FlurryAgent: Done sending initial agent report
06-11 08:46:45.734 12272 12322 I FlurryDataSenderIndex: write iter 0 dataLength = 36
06-11 08:46:45.737 12272 12272 I HostConnection: HostConnection::HostConnection: pid=12272, tid=12272, this=0xb6f2c900
06-11 08:46:45.742 12272 12272 I         : fastpipe: Connect success
06-11 08:46:45.743 12272 12272 D HostConnection: HostRPC::connect sucess: app=com.anansimobile.city_ar, pid=12272, tid=12272, this=0xa6a20440
06-11 08:46:45.745 12272 12272 E HostConnection: /data/local/cfg-znz/gl_force format error! com.tencent.tmgp.trssj 5 
06-11 08:46:45.745 12272 12272 E HostConnection: /data/local/cfg-znz/gl_force format error! com.huiqi.mrby gl
06-11 08:46:45.745 12272 12272 E HostConnection: /data/local/cfg-znz/gl_force format error! aos.playpark.ygc gl
06-11 08:46:45.745 12272 12272 D HostConnection: queryAndSetGLESMaxVersion select gles-version: 3.1 hostGLVersion:46 process:com.anansimobile.city_ar
06-11 08:46:45.749 12272 12272 I         : fastpipe: Connect success
06-11 08:46:45.750 12272 12272 D HostConnection: recv ProcessPuidReply name=com.anansimobile.city_ar puid=42 g_u64CapsFlag=1d
06-11 08:46:45.780 12272 12272 D native_project_lib: [root_service_log] RootService Created!~
06-11 08:46:45.783 12272 12272 D native_project_lib: [root_service_log] RootService Start!~
06-11 08:46:45.809 11135 11181 W Finsky  : [356] com.anansimobile.city_ar: No account found.
06-11 08:46:45.810 11135 11181 I Finsky  : [356] Billing preferred account via installer for com.anansimobile.city_ar: [dCNOmK_nSY-12vHzasLXiswzlGT5UHA7jAGYkvmCuQs]
06-11 08:46:45.838  1302  1310 I art     : Background partial concurrent mark sweep GC freed 16325(729KB) AllocSpace objects, 14(280KB) LOS objects, 33% free, 9MB/14MB, paused 2.979ms total 140.800ms
06-11 08:46:45.918 12272 12321 I HostConnection: HostConnection::HostConnection: pid=12272, tid=12321, this=0xb6f2cf40
06-11 08:46:45.918 12272 12292 D GraphRequest: Warning: Request without access token missing application ID or client token.
06-11 08:46:45.921 12272 12321 I         : fastpipe: Connect success
06-11 08:46:45.922 12272 12321 D HostConnection: HostRPC::connect sucess: app=com.anansimobile.city_ar, pid=12272, tid=12321, this=0xa6b78f80
06-11 08:46:45.923 12272 12321 D HostConnection: queryAndSetGLESMaxVersion select gles-version: 3.1 hostGLVersion:46 process:com.anansimobile.city_ar
06-11 08:46:45.927 12272 12321 I OpenGLRenderer: Initialized EGL, version 1.4
06-11 08:46:45.927 12272 12321 D OpenGLRenderer: Swap behavior 1
06-11 08:46:45.927 12272 12307 I HostConnection: HostConnection::HostConnection: pid=12272, tid=12307, this=0xa6b763c0
06-11 08:46:45.928 12272 12321 I EGL_adreno: eglCreateContext request GLES major-version=2
06-11 08:46:45.931 12272 12307 I         : fastpipe: Connect success
06-11 08:46:45.932 12272 12307 D HostConnection: HostRPC::connect sucess: app=com.anansimobile.city_ar, pid=12272, tid=12307, this=0xa6b99600
06-11 08:46:45.934 12272 12307 D HostConnection: queryAndSetGLESMaxVersion select gles-version: 3.1 hostGLVersion:46 process:com.anansimobile.city_ar
06-11 08:46:45.959 12272 12321 D EGL_adreno: eglCreateContext: 0xc7c091c0: maj 3 min 1 rcv 4
06-11 08:46:45.991 12272 12307 D EGL_adreno: eglCreateContext: 0xc7c072a0: maj 1 min 0 rcv 1
06-11 08:46:46.013 12272 12321 D EGL_adreno: eglMakeCurrent: 0xc7c091c0: ver 3 1 (tinfo 0xb6f485d0)
06-11 08:46:46.016 12272 12321 D HostConnection: ExtendedRCEncoderContext GL_VERSION return OpenGL ES 3.1
06-11 08:46:46.041 12272 12307 D EGL_adreno: eglMakeCurrent: 0xc7c072a0: ver 1 0 (tinfo 0xc787f420)
06-11 08:46:46.051 12272 12307 V libnb   : enter native_bridge2_getTrampoline Java_com_anansimobile_nge_NDKRenderer_nativeInit, trampoline_addr 0xb91baf54
06-11 08:46:46.063 12272 12307 V libnb   : enter native_bridge2_getTrampoline Java_com_anansimobile_nge_NDKRenderer_nativeResize, trampoline_addr 0xb91baf1c
06-11 08:46:46.067 12272 12321 E EGL_adreno: tid 12321: eglSurfaceAttrib(1338): error 0x3009 (EGL_BAD_MATCH)
06-11 08:46:46.067 12272 12321 W OpenGLRenderer: Failed to set EGL_SWAP_BEHAVIOR on surface 0xa6deb860, error=EGL_BAD_MATCH
06-11 08:46:46.099  1758 12271 I FA      : Application backgrounded at: timestamp_millis: 1781156804094
06-11 08:46:46.285 12272 12307 V libnb   : enter native_bridge2_getTrampoline Java_com_anansimobile_nge_NextGenEngine_bitmapDataDidLoad, trampoline_addr 0xb91baee4
06-11 08:46:46.409 12272 12283 I art     : Background partial concurrent mark sweep GC freed 468(56KB) AllocSpace objects, 2(2MB) LOS objects, 39% free, 10MB/18MB, paused 22.320ms total 75.683ms
06-11 08:46:46.733 12272 12307 V libnb   : enter native_bridge2_getTrampoline Java_com_anansimobile_nge_NDKRenderer_nativeRender, trampoline_addr 0xb91baeac
06-11 08:46:46.814 12272 12293 W System.err: java.net.UnknownHostException: Unable to resolve host "data.flurry.com": No address associated with hostname
06-11 08:46:46.817 12272 12293 W System.err: 	at java.net.Inet6AddressImpl.lookupHostByName(Inet6AddressImpl.java:125)
06-11 08:46:46.817 12272 12293 W System.err: 	at java.net.Inet6AddressImpl.lookupAllHostAddr(Inet6AddressImpl.java:74)
06-11 08:46:46.817 12272 12293 W System.err: 	at java.net.InetAddress.getAllByName(InetAddress.java:752)
06-11 08:46:46.817 12272 12293 W System.err: 	at org.apache.http.impl.conn.DefaultClientConnectionOperator.openConnection(DefaultClientConnectionOperator.java:142)
06-11 08:46:46.817 12272 12293 W System.err: 	at org.apache.http.impl.conn.AbstractPoolEntry.open(AbstractPoolEntry.java:169)
06-11 08:46:46.817 12272 12293 W System.err: 	at org.apache.http.impl.conn.AbstractPooledConnAdapter.open(AbstractPooledConnAdapter.java:124)
06-11 08:46:46.818 12272 12293 W System.err: 	at org.apache.http.impl.client.DefaultRequestDirector.execute(DefaultRequestDirector.java:366)
06-11 08:46:46.818 12272 12293 W System.err: 	at org.apache.http.impl.client.AbstractHttpClient.execute(AbstractHttpClient.java:560)
06-11 08:46:46.819 12272 12293 W System.err: 	at org.apache.http.impl.client.AbstractHttpClient.execute(AbstractHttpClient.java:492)
06-11 08:46:46.819 12272 12293 W System.err: 	at org.apache.http.impl.client.AbstractHttpClient.execute(AbstractHttpClient.java:470)
06-11 08:46:46.819 12272 12293 W System.err: 	at com.flurry.android.FlurryDataSenderAsyncOperation.doInBackground(SourceFile:50)
06-11 08:46:46.819 12272 12293 W System.err: 	at com.flurry.android.FlurryDataSenderAsyncOperation.doInBackground(SourceFile:17)
06-11 08:46:46.819 12272 12293 W System.err: 	at android.os.AsyncTask$2.call(AsyncTask.java:305)
06-11 08:46:46.819 12272 12293 W System.err: 	at java.util.concurrent.FutureTask.run(FutureTask.java:237)
06-11 08:46:46.819 12272 12293 W System.err: 	at android.os.AsyncTask$SerialExecutor$1.run(AsyncTask.java:243)
06-11 08:46:46.819 12272 12293 W System.err: 	at java.util.concurrent.ThreadPoolExecutor.runWorker(ThreadPoolExecutor.java:1133)
06-11 08:46:46.819 12272 12293 W System.err: 	at java.util.concurrent.ThreadPoolExecutor$Worker.run(ThreadPoolExecutor.java:607)
06-11 08:46:46.819 12272 12293 W System.err: 	at java.lang.Thread.run(Thread.java:761)
06-11 08:46:46.820 12272 12293 W System.err: Caused by: android.system.GaiException: android_getaddrinfo failed: EAI_NODATA (No address associated with hostname)
06-11 08:46:46.820 12272 12293 W System.err: 	at libcore.io.Posix.android_getaddrinfo(Native Method)
06-11 08:46:46.820 12272 12293 W System.err: 	at libcore.io.ForwardingOs.android_getaddrinfo(ForwardingOs.java:55)
06-11 08:46:46.820 12272 12293 W System.err: 	at java.net.Inet6AddressImpl.lookupHostByName(Inet6AddressImpl.java:106)
06-11 08:46:46.820 12272 12293 W System.err: 	... 17 more
06-11 08:46:46.879 12272 12321 D EGL_adreno: eglMakeCurrent: 0xc7c091c0: ver 3 1 (tinfo 0xb6f485d0)
06-11 08:46:46.983 12272 12307 I engine  : [LoadingMnger] do step:1
06-11 08:46:46.992 12272 12272 E FlurryDataSender: --onServerError 9484ec9c-4aad-4fdf-8d82-5b82f14d68b4
06-11 08:46:46.994  1735  1735 W ContextImpl: Calling a method in the system process without a qualified user: android.app.ContextImpl.startService:1358 android.content.ContextWrapper.startService:613 android.content.ContextWrapper.startService:613 com.android.coreservice.CoreBroadcastReceiver.onReceive:69 android.app.ActivityThread.handleReceiver:3073 
06-11 08:46:46.999  1302  1323 I ActivityManager: Displayed com.anansimobile.city_ar/.Main: +3s6ms
06-11 08:46:47.001  1735  1735 W ContextImpl: Calling a method in the system process without a qualified user: android.app.ContextImpl.startService:1358 android.content.ContextWrapper.startService:613 android.content.ContextWrapper.startService:613 com.android.coreservice.CoreBroadcastReceiver.onReceive:69 android.app.ActivityThread.handleReceiver:3073 
06-11 08:46:49.301  1716  1716 D BoundBrokerSvc: onUnbind: Intent { act=com.google.android.gms.common.telemetry.service.START dat=chimera-action: cmp=com.google.android.gms/.chimera.PersistentApiService }
06-11 08:46:54.043 12272 12312 D ApplicationLoaders: ignored Vulkan layer search path /data/app/com.google.android.gms-1/lib/x86:/data/app/com.google.android.gms-1/base.apk!/lib/x86:/data/app/com.google.android.gms-1/split_config.en.apk!/lib/x86:/data/app/com.google.android.gms-1/split_config.hdpi.apk!/lib/x86 for namespace 0xba583090
06-11 08:46:54.054 12272 12319 W art     : Long monitor contention with owner pool-5-thread-1 (12312) at java.lang.Object dalvik.system.DexFile.openDexFileNative(java.lang.String, java.lang.String, int, java.lang.ClassLoader, dalvik.system.DexPathList$Element[])(DexFile.java:-2) waiters=0 in java.lang.ClassLoader android.app.LoadedApk.getClassLoader() for 8.341s
06-11 08:46:54.055 12272 12307 W art     : Long monitor contention with owner pool-5-thread-1 (12312) at java.lang.Object dalvik.system.DexFile.openDexFileNative(java.lang.String, java.lang.String, int, java.lang.ClassLoader, dalvik.system.DexPathList$Element[])(DexFile.java:-2) waiters=1 in java.lang.ClassLoader android.app.LoadedApk.getClassLoader() for 7.071s
06-11 08:46:54.213 12272 12319 W ResourceType: ResTable_typeSpec entry count inconsistent: given 112, previously 115
06-11 08:46:54.213 12272 12307 W ResourceType: ResTable_typeSpec entry count inconsistent: given 112, previously 115
06-11 08:46:54.218 12272 12312 W ResourceType: ResTable_typeSpec entry count inconsistent: given 112, previously 115
06-11 08:46:54.220 12272 12312 W ResourceType: ResTable_typeSpec entry count inconsistent: given 4810, previously 5454
06-11 08:46:54.220 12272 12319 W ResourceType: ResTable_typeSpec entry count inconsistent: given 4810, previously 5454
06-11 08:46:54.220 12272 12307 W ResourceType: ResTable_typeSpec entry count inconsistent: given 4810, previously 5454
06-11 08:46:54.221 12272 12312 W ResourceType: ResTable_typeSpec entry count inconsistent: given 3589, previously 3610
06-11 08:46:54.221 12272 12319 W ResourceType: ResTable_typeSpec entry count inconsistent: given 3589, previously 3610
06-11 08:46:54.221 12272 12307 W ResourceType: ResTable_typeSpec entry count inconsistent: given 3589, previously 3610
06-11 08:46:54.225 12272 12312 W ResourceType: ResTable_typeSpec entry count inconsistent: given 235, previously 240
06-11 08:46:54.225 12272 12312 W ResourceType: ResTable_typeSpec entry count inconsistent: given 508, previously 5852
06-11 08:46:54.225 12272 12307 W ResourceType: ResTable_typeSpec entry count inconsistent: given 235, previously 240
06-11 08:46:54.225 12272 12307 W ResourceType: ResTable_typeSpec entry count inconsistent: given 508, previously 5852
06-11 08:46:54.225 12272 12319 W ResourceType: ResTable_typeSpec entry count inconsistent: given 235, previously 240
06-11 08:46:54.225 12272 12319 W ResourceType: ResTable_typeSpec entry count inconsistent: given 508, previously 5852
06-11 08:46:54.382 12272 12312 D AppsFlyer_1.17: AppsFlyer: first launch detected
06-11 08:46:54.383 12272 12319 I AppsFlyer_1.17: AppsFlyer: first launch date: 2026-06-11_0846+0300
06-11 08:46:54.389 12272 12312 I AppsFlyer_1.17: AppsFlyer: first launch date: 2026-06-11_0846+0300
06-11 08:46:54.666 12272 12307 I engine  : [LoadingMnger] do step:4
06-11 08:46:54.750 12272 12307 I engine  : [LoadingMnger] do step:5
06-11 08:46:56.143 11067 11067 D BoundBrokerSvc: onUnbind: Intent { act=com.google.android.gms.measurement.START pkg=com.google.android.gms }
06-11 08:46:56.265 12272 12307 I engine  : [LoadingMnger] do step:6
06-11 08:46:56.789 12272 12307 I engine  : [LoadingMnger] do step:7
06-11 08:46:56.939 12272 12307 D FlurryAgent: Event count incremented: new_login_step
06-11 08:46:58.555  1302  1358 D WifiStateMachine: setScanResults mScanResults.size=1
06-11 08:46:59.234 11067 12286 I DynamiteModule: Considering local module com.google.android.gms.cronet_dynamite:0 and remote module com.google.android.gms.cronet_dynamite:4811
06-11 08:46:59.234 11067 12286 I DynamiteModule: Selected remote version of com.google.android.gms.cronet_dynamite, version >= 4811
06-11 08:46:59.235 11067 12286 W System  : ClassLoader referenced unknown path: 
06-11 08:46:59.236 11067 12286 D ApplicationLoaders: ignored Vulkan layer search path /data/app/com.google.android.gms-1/lib/x86:/data/app/com.google.android.gms-1/base.apk!/lib/x86:/data/app/com.google.android.gms-1/split_config.en.apk!/lib/x86:/data/app/com.google.android.gms-1/split_config.hdpi.apk!/lib/x86 for namespace 0xba5830d0
06-11 08:46:59.248 11067 12286 W System  : ClassLoader referenced unknown path: /data/user_de/0/com.google.android.gms/app_chimera/m/0000000c/n/armeabi-v7a
06-11 08:46:59.248 11067 12286 W System  : ClassLoader referenced unknown path: /data/user_de/0/com.google.android.gms/app_chimera/m/0000000c/n/armeabi
06-11 08:46:59.262  1716  1716 D BoundBrokerSvc: onRebind: Intent { act=com.google.android.gms.common.telemetry.service.START dat=chimera-action: cmp=com.google.android.gms/.chimera.PersistentApiService }
06-11 08:46:59.514 11067 12286 I cn_CronetLibraryLoader: Cronet version: 147.0.7727.49, arch: i686
06-11 08:46:59.543 12272 12279 I art     : Debugger is no longer active
06-11 08:46:59.543 12272 12279 I art     : Starting a blocking GC Instrumentation
06-11 08:47:00.071  1302  1310 I art     : Background partial concurrent mark sweep GC freed 23366(1046KB) AllocSpace objects, 22(440KB) LOS objects, 33% free, 9MB/14MB, paused 8.309ms total 110.317ms
06-11 08:47:00.150 12272 12272 D native_project_lib: [root_service_log] TimeTickReceiver.onReceive()...
06-11 08:47:00.157 12272 12272 D native_project_lib: [root_service_log] saved callback activity class name: com.anansimobile.city_ar.Main
06-11 08:47:00.157 12272 12272 D native_project_lib: [root_service_log] notification ignored, activity in foreground!~
06-11 08:47:00.800  1302  1310 I art     : Background partial concurrent mark sweep GC freed 21108(934KB) AllocSpace objects, 19(380KB) LOS objects, 33% free, 9MB/14MB, paused 2.307ms total 114.231ms
06-11 08:47:01.346 11067 11072 I art     : Do partial code cache collection, code=227KB, data=214KB
06-11 08:47:01.346 11067 11072 I art     : After code cache collection, code=224KB, data=214KB
06-11 08:47:01.346 11067 11072 I art     : Increasing code cache capacity to 1024KB
06-11 08:47:01.347 11067 11072 I art     : Compiler allocated 7MB to compile int hcba.c(java.lang.Object, byte[], int, int, int, hbxf)
06-11 08:47:01.904  1302  1310 I art     : Background partial concurrent mark sweep GC freed 20342(913KB) AllocSpace objects, 19(380KB) LOS objects, 33% free, 9MB/14MB, paused 1.673ms total 103.163ms
06-11 08:47:02.682  1302  1310 I art     : Background partial concurrent mark sweep GC freed 20765(911KB) AllocSpace objects, 18(360KB) LOS objects, 33% free, 9MB/14MB, paused 1.832ms total 104.111ms
06-11 08:47:04.283  1716  1716 D BoundBrokerSvc: onUnbind: Intent { act=com.google.android.gms.common.telemetry.service.START dat=chimera-action: cmp=com.google.android.gms/.chimera.PersistentApiService }
06-11 08:47:27.839 11067 11110 I art     : Starting a blocking GC Explicit
06-11 08:47:27.887 11067 11110 I art     : Explicit concurrent mark sweep GC freed 31073(1354KB) AllocSpace objects, 12(408KB) LOS objects, 24% free, 8MB/11MB, paused 432us total 47.843ms
06-11 08:47:48.106 12347 12347 I appproc : exec app_process! cmdline: /system/bin com.android.commands.am.Am force-stop com.android.ld.appstore 
06-11 08:47:48.106 12347 12347 D AndroidRuntime: >>>>>> START com.android.internal.os.RuntimeInit uid 0 <<<<<<
06-11 08:47:48.124 12347 12347 D AndroidRuntime: CheckJNI is OFF
06-11 08:47:48.259 12347 12347 D ICU     : No timezone override file found: /data/misc/zoneinfo/current/icu/icu_tzdata.dat
06-11 08:47:48.303 12347 12347 D libnativebridge: PreInitializeNativeBridge name=unknown instruction_set=x86
06-11 08:47:48.309 12347 12347 D libnativebridge: call UnloadNativeBridge! state=1
06-11 08:47:48.347 12347 12347 E memtrack: Couldn't load memtrack module (No such file or directory)
06-11 08:47:48.347 12347 12347 E android.os.Debug: failed to load memtrack module: -2
06-11 08:47:48.348 12347 12347 I Radio-JNI: register_android_hardware_Radio DONE
06-11 08:47:48.396 12347 12347 D AndroidRuntime: Calling main entry com.android.commands.am.Am
06-11 08:47:48.402  1302  1839 I ActivityManager: Force stopping com.android.ld.appstore appid=10025 user=0: from pid 12347
06-11 08:47:48.404 12347 12347 D AndroidRuntime: Shutting down VM
06-11 08:47:48.421  1516  1516 E PhoneInterfaceManager: [PhoneIntfMgr] getCarrierPackageNamesForIntent: No UICC
06-11 08:47:48.421  1516  1516 D CarrierSvcBindHelper: No carrier app for: 0
06-11 08:47:48.423  1735  1735 W ContextImpl: Calling a method in the system process without a qualified user: android.app.ContextImpl.startService:1358 android.content.ContextWrapper.startService:613 android.content.ContextWrapper.startService:613 com.android.coreservice.CoreBroadcastReceiver.onReceive:53 android.app.ActivityThread.handleReceiver:3073 
06-11 08:47:56.943 12362 12362 I appproc : exec app_process! cmdline: /system/bin com.android.commands.input.Input mouse tap 270 800 
06-11 08:47:56.943 12362 12362 D AndroidRuntime: >>>>>> START com.android.internal.os.RuntimeInit uid 0 <<<<<<
06-11 08:47:56.947 12362 12362 D AndroidRuntime: CheckJNI is OFF
06-11 08:47:57.010 12362 12362 D ICU     : No timezone override file found: /data/misc/zoneinfo/current/icu/icu_tzdata.dat
06-11 08:47:57.027 12362 12362 D libnativebridge: PreInitializeNativeBridge name=unknown instruction_set=x86
06-11 08:47:57.028 12362 12362 D libnativebridge: call UnloadNativeBridge! state=1
06-11 08:47:57.046 12362 12362 E memtrack: Couldn't load memtrack module (No such file or directory)
06-11 08:47:57.046 12362 12362 E android.os.Debug: failed to load memtrack module: -2
06-11 08:47:57.049 12362 12362 I Radio-JNI: register_android_hardware_Radio DONE
06-11 08:47:57.064 12362 12362 D AndroidRuntime: Calling main entry com.android.commands.input.Input
06-11 08:47:57.077 12362 12362 I Input   : injectMotionEvent: MotionEvent { action=ACTION_DOWN, actionButton=0, id[0]=0, x[0]=270.0, y[0]=800.0, toolType[0]=TOOL_TYPE_UNKNOWN, buttonState=0, metaState=0, flags=0x0, edgeFlags=0x0, pointerCount=1, historySize=0, eventTime=22890268, downTime=22890268, deviceId=0, source=0x2002 }
06-11 08:47:57.081 12362 12362 I Input   : injectMotionEvent: MotionEvent { action=ACTION_UP, actionButton=0, id[0]=0, x[0]=270.0, y[0]=800.0, toolType[0]=TOOL_TYPE_UNKNOWN, buttonState=0, metaState=0, flags=0x0, edgeFlags=0x0, pointerCount=1, historySize=0, eventTime=22890268, downTime=22890268, deviceId=0, source=0x2002 }
06-11 08:47:57.083 12362 12362 D AndroidRuntime: Shutting down VM
06-11 08:47:57.084 12272 12307 V libnb   : enter native_bridge2_getTrampoline Java_com_anansimobile_nge_NGGLSurfaceView_onTouchBegin, trampoline_addr 0xb91bae74
06-11 08:47:57.084 12272 12307 V libnb   : enter native_bridge2_getTrampoline Java_com_anansimobile_nge_NGGLSurfaceView_onTouchEnd, trampoline_addr 0xb91bae3c
06-11 08:48:00.152 12272 12272 D native_project_lib: [root_service_log] TimeTickReceiver.onReceive()...
06-11 08:48:00.168 12272 12272 D native_project_lib: [root_service_log] saved callback activity class name: com.anansimobile.city_ar.Main
06-11 08:48:00.168 12272 12272 D native_project_lib: [root_service_log] notification ignored, activity in foreground!~
06-11 08:48:00.185  1302  1310 I art     : Background partial concurrent mark sweep GC freed 33235(1372KB) AllocSpace objects, 21(420KB) LOS objects, 33% free, 9MB/14MB, paused 3.745ms total 114.200ms
06-11 08:48:06.121 12372 12372 I appproc : exec app_process! cmdline: /system/bin com.android.commands.input.Input mouse tap 270 550 
06-11 08:48:06.122 12372 12372 D AndroidRuntime: >>>>>> START com.android.internal.os.RuntimeInit uid 0 <<<<<<
06-11 08:48:06.128 12372 12372 D AndroidRuntime: CheckJNI is OFF
06-11 08:48:06.242 12372 12372 D ICU     : No timezone override file found: /data/misc/zoneinfo/current/icu/icu_tzdata.dat
06-11 08:48:06.257 12372 12372 D libnativebridge: PreInitializeNativeBridge name=unknown instruction_set=x86
06-11 08:48:06.258 12372 12372 D libnativebridge: call UnloadNativeBridge! state=1
06-11 08:48:06.275 12372 12372 E memtrack: Couldn't load memtrack module (No such file or directory)
06-11 08:48:06.275 12372 12372 E android.os.Debug: failed to load memtrack module: -2
06-11 08:48:06.276 12372 12372 I Radio-JNI: register_android_hardware_Radio DONE
06-11 08:48:06.289 12372 12372 D AndroidRuntime: Calling main entry com.android.commands.input.Input
06-11 08:48:06.297 12372 12372 I Input   : injectMotionEvent: MotionEvent { action=ACTION_DOWN, actionButton=0, id[0]=0, x[0]=270.0, y[0]=550.0, toolType[0]=TOOL_TYPE_UNKNOWN, buttonState=0, metaState=0, flags=0x0, edgeFlags=0x0, pointerCount=1, historySize=0, eventTime=22899494, downTime=22899494, deviceId=0, source=0x2002 }
06-11 08:48:06.298 12372 12372 I Input   : injectMotionEvent: MotionEvent { action=ACTION_UP, actionButton=0, id[0]=0, x[0]=270.0, y[0]=550.0, toolType[0]=TOOL_TYPE_UNKNOWN, buttonState=0, metaState=0, flags=0x0, edgeFlags=0x0, pointerCount=1, historySize=0, eventTime=22899494, downTime=22899494, deviceId=0, source=0x2002 }
06-11 08:48:06.299 12372 12372 D AndroidRuntime: Shutting down VM
06-11 08:48:06.322 12272 12307 D FlurryAgent: Event count incremented: Statistics
06-11 08:48:06.558 12272 12307 V libnb   : enter native_bridge2_getTrampoline Java_com_anansimobile_nge_NGStringHelper_UpdateLineHeight, trampoline_addr 0xb91bae04
06-11 08:48:06.561 12272 12307 V libnb   : enter native_bridge2_getTrampoline Java_com_anansimobile_nge_NGStringHelper_AddStringLine, trampoline_addr 0xb91badcc
06-11 08:48:06.598 12272 12307 D FlurryAgent: Event count incremented: login_step
06-11 08:48:21.760 12386 12386 I HostConnection: HostConnection::HostConnection: pid=12386, tid=12386, this=0xc7e69200
06-11 08:48:21.763 12386 12386 I         : fastpipe: Connect success
06-11 08:48:21.763 12386 12386 D HostConnection: HostRPC::connect sucess: app=screencap, pid=12386, tid=12386, this=0xc6804740
06-11 08:48:21.764 12386 12386 E HostConnection: /data/local/cfg-znz/gl_force format error! com.tencent.tmgp.trssj 5 
06-11 08:48:21.764 12386 12386 E HostConnection: /data/local/cfg-znz/gl_force format error! com.huiqi.mrby gl
06-11 08:48:21.764 12386 12386 E HostConnection: /data/local/cfg-znz/gl_force format error! aos.playpark.ygc gl
06-11 08:48:21.764 12386 12386 D HostConnection: queryAndSetGLESMaxVersion select gles-version: 3.1 hostGLVersion:46 process:screencap
06-11 08:48:21.766 12386 12386 I         : fastpipe: Connect success
06-11 08:48:21.766 12386 12386 D HostConnection: recv ProcessPuidReply name=screencap puid=43 g_u64CapsFlag=1d
06-11 08:48:21.769  1110  1110 E EGL_adreno: tid 1110: eglCreateSyncKHR(2089): error 0x3004 (EGL_BAD_ATTRIBUTE)
06-11 08:48:23.181 12391 12391 I appproc : exec app_process! cmdline: /system/bin com.android.commands.am.Am broadcast -a android.intent.action.MEDIA_SCANNER_SCAN_FILE -d file:///sdcard/screen.png 
06-11 08:48:23.181 12391 12391 D AndroidRuntime: >>>>>> START com.android.internal.os.RuntimeInit uid 0 <<<<<<
06-11 08:48:23.187 12391 12391 D AndroidRuntime: CheckJNI is OFF
06-11 08:48:23.284 12391 12391 D ICU     : No timezone override file found: /data/misc/zoneinfo/current/icu/icu_tzdata.dat
06-11 08:48:23.309 12391 12391 D libnativebridge: PreInitializeNativeBridge name=unknown instruction_set=x86
06-11 08:48:23.310 12391 12391 D libnativebridge: call UnloadNativeBridge! state=1
06-11 08:48:23.337 12391 12391 E memtrack: Couldn't load memtrack module (No such file or directory)
06-11 08:48:23.338 12391 12391 E android.os.Debug: failed to load memtrack module: -2
06-11 08:48:23.340 12391 12391 I Radio-JNI: register_android_hardware_Radio DONE
06-11 08:48:23.363 12391 12391 D AndroidRuntime: Calling main entry com.android.commands.am.Am
06-11 08:48:23.382  8246  8246 D MediaScannerReceiver: action: android.intent.action.MEDIA_SCANNER_SCAN_FILE path: /storage/emulated/0/screen.png
06-11 08:48:23.387 12391 12391 D AndroidRuntime: Shutting down VM
06-11 08:48:23.436 12386 12386 I         : fastpipe: close connect
06-11 08:48:32.445 12402 12402 I HostConnection: HostConnection::HostConnection: pid=12402, tid=12402, this=0xc7e69200
06-11 08:48:32.448 12402 12402 I         : fastpipe: Connect success
06-11 08:48:32.449 12402 12402 D HostConnection: HostRPC::connect sucess: app=screencap, pid=12402, tid=12402, this=0xc6804740
06-11 08:48:32.449 12402 12402 E HostConnection: /data/local/cfg-znz/gl_force format error! com.tencent.tmgp.trssj 5 
06-11 08:48:32.449 12402 12402 E HostConnection: /data/local/cfg-znz/gl_force format error! com.huiqi.mrby gl
06-11 08:48:32.449 12402 12402 E HostConnection: /data/local/cfg-znz/gl_force format error! aos.playpark.ygc gl
06-11 08:48:32.450 12402 12402 D HostConnection: queryAndSetGLESMaxVersion select gles-version: 3.1 hostGLVersion:46 process:screencap
06-11 08:48:32.451 12402 12402 I         : fastpipe: Connect success
06-11 08:48:32.452 12402 12402 D HostConnection: recv ProcessPuidReply name=screencap puid=44 g_u64CapsFlag=1d
06-11 08:48:32.455  1110  1110 E EGL_adreno: tid 1110: eglCreateSyncKHR(2089): error 0x3004 (EGL_BAD_ATTRIBUTE)
06-11 08:48:33.606 12407 12407 I appproc : exec app_process! cmdline: /system/bin com.android.commands.am.Am broadcast -a android.intent.action.MEDIA_SCANNER_SCAN_FILE -d file:///sdcard/screen.png 
06-11 08:48:33.606 12407 12407 D AndroidRuntime: >>>>>> START com.android.internal.os.RuntimeInit uid 0 <<<<<<
06-11 08:48:33.610 12407 12407 D AndroidRuntime: CheckJNI is OFF
06-11 08:48:33.676 12407 12407 D ICU     : No timezone override file found: /data/misc/zoneinfo/current/icu/icu_tzdata.dat
06-11 08:48:33.693 12407 12407 D libnativebridge: PreInitializeNativeBridge name=unknown instruction_set=x86
06-11 08:48:33.694 12407 12407 D libnativebridge: call UnloadNativeBridge! state=1
06-11 08:48:33.718 12407 12407 E memtrack: Couldn't load memtrack module (No such file or directory)
06-11 08:48:33.718 12407 12407 E android.os.Debug: failed to load memtrack module: -2
06-11 08:48:33.719 12407 12407 I Radio-JNI: register_android_hardware_Radio DONE
06-11 08:48:33.734 12407 12407 D AndroidRuntime: Calling main entry com.android.commands.am.Am
06-11 08:48:33.740  8246  8246 D MediaScannerReceiver: action: android.intent.action.MEDIA_SCANNER_SCAN_FILE path: /storage/emulated/0/screen.png
06-11 08:48:33.743 12407 12407 D AndroidRuntime: Shutting down VM
06-11 08:48:33.784 12402 12402 I         : fastpipe: close connect
06-11 08:48:55.298 12418 12418 I appproc : exec app_process! cmdline: /system/bin com.android.commands.input.Input mouse tap 270 720 
06-11 08:48:55.298 12418 12418 D AndroidRuntime: >>>>>> START com.android.internal.os.RuntimeInit uid 0 <<<<<<
06-11 08:48:55.305 12418 12418 D AndroidRuntime: CheckJNI is OFF
06-11 08:48:55.417 12418 12418 D ICU     : No timezone override file found: /data/misc/zoneinfo/current/icu/icu_tzdata.dat
06-11 08:48:55.444 12418 12418 D libnativebridge: PreInitializeNativeBridge name=unknown instruction_set=x86
06-11 08:48:55.445 12418 12418 D libnativebridge: call UnloadNativeBridge! state=1
06-11 08:48:55.478 12418 12418 E memtrack: Couldn't load memtrack module (No such file or directory)
06-11 08:48:55.479 12418 12418 E android.os.Debug: failed to load memtrack module: -2
06-11 08:48:55.481 12418 12418 I Radio-JNI: register_android_hardware_Radio DONE
06-11 08:48:55.501 12418 12418 D AndroidRuntime: Calling main entry com.android.commands.input.Input
06-11 08:48:55.512 12418 12418 I Input   : injectMotionEvent: MotionEvent { action=ACTION_DOWN, actionButton=0, id[0]=0, x[0]=270.0, y[0]=720.0, toolType[0]=TOOL_TYPE_UNKNOWN, buttonState=0, metaState=0, flags=0x0, edgeFlags=0x0, pointerCount=1, historySize=0, eventTime=22948705, downTime=22948705, deviceId=0, source=0x2002 }
06-11 08:48:55.515 12418 12418 I Input   : injectMotionEvent: MotionEvent { action=ACTION_UP, actionButton=0, id[0]=0, x[0]=270.0, y[0]=720.0, toolType[0]=TOOL_TYPE_UNKNOWN, buttonState=0, metaState=0, flags=0x0, edgeFlags=0x0, pointerCount=1, historySize=0, eventTime=22948705, downTime=22948705, deviceId=0, source=0x2002 }
06-11 08:48:55.518 12418 12418 D AndroidRuntime: Shutting down VM
06-11 08:49:00.149 12272 12272 D native_project_lib: [root_service_log] TimeTickReceiver.onReceive()...
06-11 08:49:00.158 12272 12272 D native_project_lib: [root_service_log] saved callback activity class name: com.anansimobile.city_ar.Main
06-11 08:49:00.159 12272 12272 D native_project_lib: [root_service_log] notification ignored, activity in foreground!~
06-11 08:49:11.983 12428 12428 I HostConnection: HostConnection::HostConnection: pid=12428, tid=12428, this=0xc7e69200
06-11 08:49:11.985 12428 12428 I         : fastpipe: Connect success
06-11 08:49:11.986 12428 12428 D HostConnection: HostRPC::connect sucess: app=screencap, pid=12428, tid=12428, this=0xc6804740
06-11 08:49:11.986 12428 12428 E HostConnection: /data/local/cfg-znz/gl_force format error! com.tencent.tmgp.trssj 5 
06-11 08:49:11.986 12428 12428 E HostConnection: /data/local/cfg-znz/gl_force format error! com.huiqi.mrby gl
06-11 08:49:11.986 12428 12428 E HostConnection: /data/local/cfg-znz/gl_force format error! aos.playpark.ygc gl
06-11 08:49:11.986 12428 12428 D HostConnection: queryAndSetGLESMaxVersion select gles-version: 3.1 hostGLVersion:46 process:screencap
06-11 08:49:11.987 12428 12428 I         : fastpipe: Connect success
06-11 08:49:11.988 12428 12428 D HostConnection: recv ProcessPuidReply name=screencap puid=45 g_u64CapsFlag=1d
06-11 08:49:11.997  1110  1110 E EGL_adreno: tid 1110: eglCreateSyncKHR(2089): error 0x3004 (EGL_BAD_ATTRIBUTE)
06-11 08:49:13.258 12434 12434 I appproc : exec app_process! cmdline: /system/bin com.android.commands.am.Am broadcast -a android.intent.action.MEDIA_SCANNER_SCAN_FILE -d file:///sdcard/screen2.png 
06-11 08:49:13.258 12434 12434 D AndroidRuntime: >>>>>> START com.android.internal.os.RuntimeInit uid 0 <<<<<<
06-11 08:49:13.263 12434 12434 D AndroidRuntime: CheckJNI is OFF
06-11 08:49:13.342 12434 12434 D ICU     : No timezone override file found: /data/misc/zoneinfo/current/icu/icu_tzdata.dat
06-11 08:49:13.362 12434 12434 D libnativebridge: PreInitializeNativeBridge name=unknown instruction_set=x86
06-11 08:49:13.362 12434 12434 D libnativebridge: call UnloadNativeBridge! state=1
06-11 08:49:13.386 12434 12434 E memtrack: Couldn't load memtrack module (No such file or directory)
06-11 08:49:13.386 12434 12434 E android.os.Debug: failed to load memtrack module: -2
06-11 08:49:13.388 12434 12434 I Radio-JNI: register_android_hardware_Radio DONE
06-11 08:49:13.403 12434 12434 D AndroidRuntime: Calling main entry com.android.commands.am.Am
06-11 08:49:13.414  8246  8246 D MediaScannerReceiver: action: android.intent.action.MEDIA_SCANNER_SCAN_FILE path: /storage/emulated/0/screen2.png
06-11 08:49:13.419 12434 12434 D AndroidRuntime: Shutting down VM
06-11 08:49:13.468 12428 12428 I         : fastpipe: close connect
06-11 08:49:35.806 12445 12445 I appproc : exec app_process! cmdline: /system/bin com.android.commands.input.Input mouse tap 270 740 
06-11 08:49:35.806 12445 12445 D AndroidRuntime: >>>>>> START com.android.internal.os.RuntimeInit uid 0 <<<<<<
06-11 08:49:35.811 12445 12445 D AndroidRuntime: CheckJNI is OFF
06-11 08:49:35.875 12445 12445 D ICU     : No timezone override file found: /data/misc/zoneinfo/current/icu/icu_tzdata.dat
06-11 08:49:35.891 12445 12445 D libnativebridge: PreInitializeNativeBridge name=unknown instruction_set=x86
06-11 08:49:35.891 12445 12445 D libnativebridge: call UnloadNativeBridge! state=1
06-11 08:49:35.909 12445 12445 E memtrack: Couldn't load memtrack module (No such file or directory)
06-11 08:49:35.909 12445 12445 E android.os.Debug: failed to load memtrack module: -2
06-11 08:49:35.911 12445 12445 I Radio-JNI: register_android_hardware_Radio DONE
06-11 08:49:35.923 12445 12445 D AndroidRuntime: Calling main entry com.android.commands.input.Input
06-11 08:49:35.929 12445 12445 I Input   : injectMotionEvent: MotionEvent { action=ACTION_DOWN, actionButton=0, id[0]=0, x[0]=270.0, y[0]=740.0, toolType[0]=TOOL_TYPE_UNKNOWN, buttonState=0, metaState=0, flags=0x0, edgeFlags=0x0, pointerCount=1, historySize=0, eventTime=22989128, downTime=22989128, deviceId=0, source=0x2002 }
06-11 08:49:35.931 12445 12445 I Input   : injectMotionEvent: MotionEvent { action=ACTION_UP, actionButton=0, id[0]=0, x[0]=270.0, y[0]=740.0, toolType[0]=TOOL_TYPE_UNKNOWN, buttonState=0, metaState=0, flags=0x0, edgeFlags=0x0, pointerCount=1, historySize=0, eventTime=22989128, downTime=22989128, deviceId=0, source=0x2002 }
06-11 08:49:35.932 12445 12445 D AndroidRuntime: Shutting down VM
06-11 08:49:37.843 12455 12455 I appproc : exec app_process! cmdline: /system/bin com.android.commands.input.Input mouse tap 270 750 
06-11 08:49:37.843 12455 12455 D AndroidRuntime: >>>>>> START com.android.internal.os.RuntimeInit uid 0 <<<<<<
06-11 08:49:37.847 12455 12455 D AndroidRuntime: CheckJNI is OFF
06-11 08:49:37.914 12455 12455 D ICU     : No timezone override file found: /data/misc/zoneinfo/current/icu/icu_tzdata.dat
06-11 08:49:37.928 12455 12455 D libnativebridge: PreInitializeNativeBridge name=unknown instruction_set=x86
06-11 08:49:37.929 12455 12455 D libnativebridge: call UnloadNativeBridge! state=1
06-11 08:49:37.944 12455 12455 E memtrack: Couldn't load memtrack module (No such file or directory)
06-11 08:49:37.944 12455 12455 E android.os.Debug: failed to load memtrack module: -2
06-11 08:49:37.946 12455 12455 I Radio-JNI: register_android_hardware_Radio DONE
06-11 08:49:37.956 12455 12455 D AndroidRuntime: Calling main entry com.android.commands.input.Input
06-11 08:49:37.961 12455 12455 I Input   : injectMotionEvent: MotionEvent { action=ACTION_DOWN, actionButton=0, id[0]=0, x[0]=270.0, y[0]=750.0, toolType[0]=TOOL_TYPE_UNKNOWN, buttonState=0, metaState=0, flags=0x0, edgeFlags=0x0, pointerCount=1, historySize=0, eventTime=22991160, downTime=22991160, deviceId=0, source=0x2002 }
06-11 08:49:37.962 12455 12455 I Input   : injectMotionEvent: MotionEvent { action=ACTION_UP, actionButton=0, id[0]=0, x[0]=270.0, y[0]=750.0, toolType[0]=TOOL_TYPE_UNKNOWN, buttonState=0, metaState=0, flags=0x0, edgeFlags=0x0, pointerCount=1, historySize=0, eventTime=22991160, downTime=22991160, deviceId=0, source=0x2002 }
06-11 08:49:37.963 12455 12455 D AndroidRuntime: Shutting down VM
06-11 08:49:38.555  1302  1358 D WifiStateMachine: setScanResults mScanResults.size=1
06-11 08:49:39.800 12465 12465 I appproc : exec app_process! cmdline: /system/bin com.android.commands.input.Input mouse tap 270 760 
06-11 08:49:39.800 12465 12465 D AndroidRuntime: >>>>>> START com.android.internal.os.RuntimeInit uid 0 <<<<<<
06-11 08:49:39.804 12465 12465 D AndroidRuntime: CheckJNI is OFF
06-11 08:49:39.889 12465 12465 D ICU     : No timezone override file found: /data/misc/zoneinfo/current/icu/icu_tzdata.dat
06-11 08:49:39.905 12465 12465 D libnativebridge: PreInitializeNativeBridge name=unknown instruction_set=x86
06-11 08:49:39.905 12465 12465 D libnativebridge: call UnloadNativeBridge! state=1
06-11 08:49:39.924 12465 12465 E memtrack: Couldn't load memtrack module (No such file or directory)
06-11 08:49:39.924 12465 12465 E android.os.Debug: failed to load memtrack module: -2
06-11 08:49:39.926 12465 12465 I Radio-JNI: register_android_hardware_Radio DONE
06-11 08:49:39.938 12465 12465 D AndroidRuntime: Calling main entry com.android.commands.input.Input
06-11 08:49:39.945 12465 12465 I Input   : injectMotionEvent: MotionEvent { action=ACTION_DOWN, actionButton=0, id[0]=0, x[0]=270.0, y[0]=760.0, toolType[0]=TOOL_TYPE_UNKNOWN, buttonState=0, metaState=0, flags=0x0, edgeFlags=0x0, pointerCount=1, historySize=0, eventTime=22993142, downTime=22993142, deviceId=0, source=0x2002 }
06-11 08:49:39.946 12465 12465 I Input   : injectMotionEvent: MotionEvent { action=ACTION_UP, actionButton=0, id[0]=0, x[0]=270.0, y[0]=760.0, toolType[0]=TOOL_TYPE_UNKNOWN, buttonState=0, metaState=0, flags=0x0, edgeFlags=0x0, pointerCount=1, historySize=0, eventTime=22993142, downTime=22993142, deviceId=0, source=0x2002 }
06-11 08:49:39.947 12465 12465 D AndroidRuntime: Shutting down VM
06-11 08:49:55.616 12475 12475 I appproc : exec app_process! cmdline: /system/bin com.android.commands.input.Input mouse tap 270 710 
06-11 08:49:55.616 12475 12475 D AndroidRuntime: >>>>>> START com.android.internal.os.RuntimeInit uid 0 <<<<<<
06-11 08:49:55.621 12475 12475 D AndroidRuntime: CheckJNI is OFF
06-11 08:49:55.705 12475 12475 D ICU     : No timezone override file found: /data/misc/zoneinfo/current/icu/icu_tzdata.dat
06-11 08:49:55.727 12475 12475 D libnativebridge: PreInitializeNativeBridge name=unknown instruction_set=x86
06-11 08:49:55.728 12475 12475 D libnativebridge: call UnloadNativeBridge! state=1
06-11 08:49:55.750 12475 12475 E memtrack: Couldn't load memtrack module (No such file or directory)
06-11 08:49:55.750 12475 12475 E android.os.Debug: failed to load memtrack module: -2
06-11 08:49:55.752 12475 12475 I Radio-JNI: register_android_hardware_Radio DONE
06-11 08:49:55.770 12475 12475 D AndroidRuntime: Calling main entry com.android.commands.input.Input
06-11 08:49:55.778 12475 12475 I Input   : injectMotionEvent: MotionEvent { action=ACTION_DOWN, actionButton=0, id[0]=0, x[0]=270.0, y[0]=710.0, toolType[0]=TOOL_TYPE_UNKNOWN, buttonState=0, metaState=0, flags=0x0, edgeFlags=0x0, pointerCount=1, historySize=0, eventTime=23008974, downTime=23008974, deviceId=0, source=0x2002 }
06-11 08:49:55.780 12475 12475 I Input   : injectMotionEvent: MotionEvent { action=ACTION_UP, actionButton=0, id[0]=0, x[0]=270.0, y[0]=710.0, toolType[0]=TOOL_TYPE_UNKNOWN, buttonState=0, metaState=0, flags=0x0, edgeFlags=0x0, pointerCount=1, historySize=0, eventTime=23008974, downTime=23008974, deviceId=0, source=0x2002 }
06-11 08:49:55.783 12475 12475 D AndroidRuntime: Shutting down VM
06-11 08:50:00.153 12272 12272 D native_project_lib: [root_service_log] TimeTickReceiver.onReceive()...
06-11 08:50:00.169 12272 12272 D native_project_lib: [root_service_log] saved callback activity class name: com.anansimobile.city_ar.Main
06-11 08:50:00.169 12272 12272 D native_project_lib: [root_service_log] notification ignored, activity in foreground!~
06-11 08:50:00.228  1302  1310 I art     : Background partial concurrent mark sweep GC freed 29741(1183KB) AllocSpace objects, 14(280KB) LOS objects, 33% free, 9MB/14MB, paused 1.318ms total 104.342ms
06-11 08:50:04.419  1716 12195 I AlarmManager: setExactAndAllowWhileIdle [name: GCM_HB_ALARM type: 2 triggerAtMillis: 23077622]
06-11 08:50:04.422  1716 12195 W WakeLock: GCM_HB_ALARM release without a matched acquire! [CONTEXT service_id=259 ]
06-11 08:50:04.683  1302  1310 I art     : Background partial concurrent mark sweep GC freed 22722(1015KB) AllocSpace objects, 21(420KB) LOS objects, 33% free, 9MB/14MB, paused 2.082ms total 110.133ms
06-11 08:50:04.743  1716 12195 I AlarmManager: setExactAndAllowWhileIdle [name: GCM_HB_ALARM type: 2 triggerAtMillis: 23307946]
06-11 08:50:05.371  1716  1716 D BoundBrokerSvc: onRebind: Intent { act=com.google.android.gms.libs.gmscorelogger.service.START dat=chimera-action: cmp=com.google.android.gms/.chimera.PersistentDirectBootAwareApiService }
06-11 08:50:07.886 12487 12487 I appproc : exec app_process! cmdline: /system/bin com.android.commands.input.Input mouse tap 150 680 
06-11 08:50:07.886 12487 12487 D AndroidRuntime: >>>>>> START com.android.internal.os.RuntimeInit uid 0 <<<<<<
06-11 08:50:07.890 12487 12487 D AndroidRuntime: CheckJNI is OFF
06-11 08:50:07.955 12487 12487 D ICU     : No timezone override file found: /data/misc/zoneinfo/current/icu/icu_tzdata.dat
06-11 08:50:07.970 12487 12487 D libnativebridge: PreInitializeNativeBridge name=unknown instruction_set=x86
06-11 08:50:07.971 12487 12487 D libnativebridge: call UnloadNativeBridge! state=1
06-11 08:50:07.990 12487 12487 E memtrack: Couldn't load memtrack module (No such file or directory)
06-11 08:50:07.990 12487 12487 E android.os.Debug: failed to load memtrack module: -2
06-11 08:50:07.992 12487 12487 I Radio-JNI: register_android_hardware_Radio DONE
06-11 08:50:08.004 12487 12487 D AndroidRuntime: Calling main entry com.android.commands.input.Input
06-11 08:50:08.010 12487 12487 I Input   : injectMotionEvent: MotionEvent { action=ACTION_DOWN, actionButton=0, id[0]=0, x[0]=150.0, y[0]=680.0, toolType[0]=TOOL_TYPE_UNKNOWN, buttonState=0, metaState=0, flags=0x0, edgeFlags=0x0, pointerCount=1, historySize=0, eventTime=23021208, downTime=23021208, deviceId=0, source=0x2002 }
06-11 08:50:08.011 12487 12487 I Input   : injectMotionEvent: MotionEvent { action=ACTION_UP, actionButton=0, id[0]=0, x[0]=150.0, y[0]=680.0, toolType[0]=TOOL_TYPE_UNKNOWN, buttonState=0, metaState=0, flags=0x0, edgeFlags=0x0, pointerCount=1, historySize=0, eventTime=23021208, downTime=23021208, deviceId=0, source=0x2002 }
06-11 08:50:08.013 12487 12487 D AndroidRuntime: Shutting down VM
06-11 08:50:09.806 12497 12497 I appproc : exec app_process! cmdline: /system/bin com.android.commands.input.Input mouse tap 270 720 
