06-11 10:30:12.407  1302  1347 E InputDispatcher: channel '72ff823 com.anansimobile.city_ar/com.anansimobile.city_ar.Main (server)' ~ Channel is unrecoverably broken and will be disposed!
06-11 10:30:12.408  1302  1347 W InputDispatcher: channel 'cc9a94a com.anansimobile.city_ar/com.anansimobile.city_ar.Main (server)' ~ Consumer closed input channel or an error occurred.  events=0x9
06-11 10:30:12.408  1302  1347 E InputDispatcher: channel 'cc9a94a com.anansimobile.city_ar/com.anansimobile.city_ar.Main (server)' ~ Channel is unrecoverably broken and will be disposed!
06-11 10:30:12.412  1302  1841 I WindowManager: WIN DEATH: Window{72ff823 u0 com.anansimobile.city_ar/com.anansimobile.city_ar.Main}
06-11 10:30:12.412  1302  1841 W InputDispatcher: Attempted to unregister already unregistered input channel '72ff823 com.anansimobile.city_ar/com.anansimobile.city_ar.Main (server)'
06-11 10:30:12.412  1302  1839 D GraphicsStats: Buffer count: 4
06-11 10:30:12.427  1302  1840 I ActivityManager: Process com.anansimobile.city_ar (pid 18445) has died
06-11 10:30:12.427  1302  1840 D ActivityManager: cleanUpApplicationRecord -- 18445
06-11 10:30:12.437  1302  1840 W ActivityManager: Scheduling restart of crashed service com.anansimobile.city_ar/com.anansimobile.nge.RootService in 1000ms
06-11 10:30:12.441  1302  1840 W ActivityManager: Force removing ActivityRecord{584edea u0 com.anansimobile.city_ar/.Main t33}: app died, no saved state
06-11 10:30:12.458  1302  2906 I WindowManager: WIN DEATH: Window{cc9a94a u0 com.anansimobile.city_ar/com.anansimobile.city_ar.Main}
06-11 10:30:12.459  1302  2906 W InputDispatcher: Attempted to unregister already unregistered input channel 'cc9a94a com.anansimobile.city_ar/com.anansimobile.city_ar.Main (server)'
06-11 10:30:12.459  1302  2906 W WindowManager: Force-removing child win Window{e58f4c u0 SurfaceView - com.anansimobile.city_ar/com.anansimobile.city_ar.Main} from container Window{cc9a94a u0 com.anansimobile.city_ar/com.anansimobile.city_ar.Main}
06-11 10:30:12.509  1302  2173 W WindowManager: Failed looking up window
06-11 10:30:12.509  1302  2173 W WindowManager: java.lang.IllegalArgumentException: Requested window android.os.BinderProxy@cadd0bb does not exist
06-11 10:30:12.509  1302  2173 W WindowManager: 	at com.android.server.wm.WindowManagerService.windowForClientLocked(WindowManagerService.java:9459)
06-11 10:30:12.509  1302  2173 W WindowManager: 	at com.android.server.wm.WindowManagerService.windowForClientLocked(WindowManagerService.java:9450)
06-11 10:30:12.509  1302  2173 W WindowManager: 	at com.android.server.wm.WindowState$DeathRecipient.binderDied(WindowState.java:1807)
06-11 10:30:12.509  1302  2173 W WindowManager: 	at android.os.BinderProxy.sendDeathNotice(Binder.java:688)
06-11 10:30:12.509  1302  2173 I WindowManager: WIN DEATH: null
06-11 10:30:12.538  1735  1735 W ContextImpl: Calling a method in the system process without a qualified user: android.app.ContextImpl.startService:1358 android.content.ContextWrapper.startService:613 android.content.ContextWrapper.startService:613 com.android.coreservice.CoreBroadcastReceiver.onReceive:44 android.app.ActivityThread.handleReceiver:3073 
06-11 10:30:12.659  1735  1735 W ContextImpl: Calling a method in the system process without a qualified user: android.app.ContextImpl.startService:1358 android.content.ContextWrapper.startService:613 android.content.ContextWrapper.startService:613 com.android.coreservice.CoreBroadcastReceiver.onReceive:53 android.app.ActivityThread.handleReceiver:3073 
06-11 10:30:12.659 11067 11067 D BoundBrokerSvc: onBind: Intent { act=com.google.android.gms.measurement.START pkg=com.google.android.gms }
06-11 10:30:12.659 11067 11067 D BoundBrokerSvc: Loading bound service for intent: Intent { act=com.google.android.gms.measurement.START pkg=com.google.android.gms }
06-11 10:30:12.724  1758  1918 E EGL_adreno: tid 1918: eglSurfaceAttrib(1338): error 0x3009 (EGL_BAD_MATCH)
06-11 10:30:12.724  1758  1918 W OpenGLRenderer: Failed to set EGL_SWAP_BEHAVIOR on surface 0xa61d6180, error=EGL_BAD_MATCH
06-11 10:30:12.780  1735  1735 W ContextImpl: Calling a method in the system process without a qualified user: android.app.ContextImpl.sendBroadcast:893 android.content.ContextWrapper.sendBroadcast:426 com.android.coreservice.TabManager.notifyClosing:345 com.android.coreservice.TabManager.updateInner:182 com.android.coreservice.TabManager.onUpdate:217 
06-11 10:30:12.838  1302  7765 E ActivityManager: Sending non-protected broadcast android.intent.action.CLOSE_TASK from system 1735:com.android.coreservice/1000 pkg com.android.coreservice
06-11 10:30:12.838  1302  7765 E ActivityManager: java.lang.Throwable
06-11 10:30:12.838  1302  7765 E ActivityManager: 	at com.android.server.am.ActivityManagerService.checkBroadcastFromSystem(ActivityManagerService.java:18108)
06-11 10:30:12.838  1302  7765 E ActivityManager: 	at com.android.server.am.ActivityManagerService.broadcastIntentLocked(ActivityManagerService.java:18680)
06-11 10:30:12.838  1302  7765 E ActivityManager: 	at com.android.server.am.ActivityManagerService.broadcastIntent(ActivityManagerService.java:18771)
06-11 10:30:12.838  1302  7765 E ActivityManager: 	at android.app.ActivityManagerNative.onTransact(ActivityManagerNative.java:499)
06-11 10:30:12.838  1302  7765 E ActivityManager: 	at com.android.server.am.ActivityManagerService.onTransact(ActivityManagerService.java:2820)
06-11 10:30:12.838  1302  7765 E ActivityManager: 	at android.os.Binder.execTransact(Binder.java:565)
06-11 10:30:12.849  1735  1735 I CoreService: notifyClosing notify tab closed taskPackageName:com.anansimobile.city_ar
06-11 10:30:12.856  1735  1735 W ContextImpl: Calling a method in the system process without a qualified user: android.app.ContextImpl.startService:1358 android.content.ContextWrapper.startService:613 android.content.ContextWrapper.startService:613 com.android.coreservice.CoreBroadcastReceiver.onReceive:69 android.app.ActivityThread.handleReceiver:3073 
06-11 10:30:12.873  1758  1918 D EGL_adreno: eglMakeCurrent: 0xb6f221a0: ver 3 1 (tinfo 0xa617fbd0)
06-11 10:30:12.908  1302  1310 I art     : Background partial concurrent mark sweep GC freed 29223(1301KB) AllocSpace objects, 16(320KB) LOS objects, 33% free, 9MB/14MB, paused 2.474ms total 118.999ms
06-11 10:30:13.336  1758  1918 W OpenGLRenderer: Incorrectly called buildLayer on View: ShortcutAndWidgetContainer, destroying layer...
06-11 10:30:13.473 18628 18628 D libnativebridge: PreInitializeNativeBridge name=zygote instruction_set=arm
06-11 10:30:13.480 18628 18628 V libnb   : enter native_bridge2_initialize /data/user/0/com.anansimobile.city_ar/code_cache arm
06-11 10:30:13.489 18628 18628 D houdini : [18628] Initialize library(version: 7.1.1b_x.49852 RELEASE)... successfully.
06-11 10:30:13.512  1302  1316 W ActivityManager: Slow operation: 75ms so far, now at startProcess: done updating battery stats
06-11 10:30:13.514  1302  1316 W ActivityManager: Slow operation: 76ms so far, now at startProcess: building log message
06-11 10:30:13.514  1302  1316 I ActivityManager: Start proc 18628:com.anansimobile.city_ar/u0a56 for service com.anansimobile.city_ar/com.anansimobile.nge.RootService
06-11 10:30:13.514  1302  1316 W ActivityManager: Slow operation: 76ms so far, now at startProcess: starting to update pids map
06-11 10:30:13.515  1302  1316 W ActivityManager: Slow operation: 77ms so far, now at startProcess: done updating pids map
06-11 10:30:13.515  1302  1316 W ActivityManager: Slow operation: 77ms so far, now at startProcess: done starting proc!
06-11 10:30:13.566  1735  1735 W ContextImpl: Calling a method in the system process without a qualified user: android.app.ContextImpl.startService:1358 android.content.ContextWrapper.startService:613 android.content.ContextWrapper.startService:613 com.android.coreservice.CoreBroadcastReceiver.onReceive:53 android.app.ActivityThread.handleReceiver:3073 
06-11 10:30:14.020 18628 18628 I FirebaseInitProvider: FirebaseApp initialization skipped (Waker patch)
06-11 10:30:14.075 18628 18628 D native_project_lib: [root_service_log] RootService Created!~
06-11 10:30:14.085 18628 18639 W art     : Suspending all threads took: 9.708ms
06-11 10:30:14.096 18628 18644 D NetworkSecurityConfig: No Network Security Config specified, using platform default
06-11 10:30:14.683 18628 18646 W AnalyticsUserIDStore: initStore should have been called before calling setUserID
06-11 10:30:15.462  1117  1138 D audio_hw_hal: log_func, out_standby
06-11 10:30:15.462  1117  1138 D audio_hw_hal: raw_close_output_stream, dev=0xc6f0a0c0, stream =0xc6f05140
06-11 10:30:15.462  1117  1138 D audio_hw_hal: raw_close_output_stream, stream=0xc6f05140,  success!
06-11 10:30:17.231  1716  1716 D BoundBrokerSvc: onUnbind: Intent { act=com.google.android.gms.libs.gmscorelogger.service.START dat=chimera-action: cmp=com.google.android.gms/.chimera.PersistentDirectBootAwareApiService }
06-11 10:30:22.967 11067 11067 D BoundBrokerSvc: onUnbind: Intent { act=com.google.android.gms.measurement.START pkg=com.google.android.gms }
06-11 10:30:29.015 18628 18635 I art     : Debugger is no longer active
06-11 10:30:29.015 18628 18635 I art     : Starting a blocking GC Instrumentation
06-11 10:30:59.588  1302  1358 D WifiStateMachine: setScanResults mScanResults.size=1
06-11 10:31:00.098 18628 18628 D native_project_lib: [root_service_log] TimeTickReceiver.onReceive()...
06-11 10:31:00.107 18628 18628 D native_project_lib: [root_service_log] saved callback activity class name: com.anansimobile.city_ar.Main
06-11 10:31:28.897 11067 11110 I art     : Starting a blocking GC Explicit
06-11 10:31:28.978 11067 11110 I art     : Explicit concurrent mark sweep GC freed 49(2536B) AllocSpace objects, 0(0B) LOS objects, 24% free, 8MB/11MB, paused 761us total 80.439ms
06-11 10:32:00.152 18628 18628 D native_project_lib: [root_service_log] TimeTickReceiver.onReceive()...
06-11 10:32:00.171 18628 18628 D native_project_lib: [root_service_log] saved callback activity class name: com.anansimobile.city_ar.Main
06-11 10:32:54.096 11067 11067 D BoundBrokerSvc: onUnbind: Intent { act=com.google.android.gms.backup.GMS_MODULE_RESTORE dat=chimera-action: cmp=com.google.android.gms/.chimera.GmsInternalBoundBrokerService }
06-11 10:32:54.986  1716  1716 D BoundBrokerSvc: onUnbind: Intent { act=com.google.android.gms.presencemanager.service.START dat=chimera-action: cmp=com.google.android.gms/.chimera.PersistentApiService }
06-11 10:32:54.989  1716  1716 D BoundBrokerSvc: onUnbind: Intent { act=com.google.android.gms.presencemanager.service.INTERNAL_IDENTITY dat=chimera-action: cmp=com.google.android.gms/.chimera.PersistentApiService }
06-11 10:33:00.082 18628 18628 D native_project_lib: [root_service_log] TimeTickReceiver.onReceive()...
06-11 10:33:00.088 18628 18628 D native_project_lib: [root_service_log] saved callback activity class name: com.anansimobile.city_ar.Main
06-11 10:33:03.013 17458 17572 I Finsky:background: [436] Stats for Executor: bgExecutor wcd@ca042c8[Running, pool size = 4, active threads = 0, queued tasks = 0, completed tasks = 36]
06-11 10:33:03.409 17458 17572 I Finsky:background: [436] Stats for Executor: LightweightExecutor wcd@3458f61[Running, pool size = 3, active threads = 0, queued tasks = 0, completed tasks = 21]
06-11 10:33:05.338 17458 17572 I Finsky:background: [436] Stats for Executor: BlockingExecutor wcd@c53ca86[Running, pool size = 0, active threads = 0, queued tasks = 0, completed tasks = 1]
06-11 10:33:06.735 17540 17614 I Finsky  : [444] Stats for Executor: BlockingExecutor wcd@8901128[Running, pool size = 0, active threads = 0, queued tasks = 0, completed tasks = 26]
06-11 10:33:06.736 17540 17614 I Finsky  : [444] Stats for Executor: LightweightExecutor wcd@781ae41[Running, pool size = 3, active threads = 0, queued tasks = 0, completed tasks = 156]
06-11 10:33:08.622 17540 17614 I Finsky  : [444] Stats for Executor: bgExecutor wcd@c952fe6[Running, pool size = 4, active threads = 0, queued tasks = 0, completed tasks = 159]
06-11 10:33:39.586  1302  1358 D WifiStateMachine: setScanResults mScanResults.size=1
06-11 10:34:00.133 18628 18628 D native_project_lib: [root_service_log] TimeTickReceiver.onReceive()...
06-11 10:34:00.138 18628 18628 D native_project_lib: [root_service_log] saved callback activity class name: com.anansimobile.city_ar.Main
06-11 10:34:52.546  1302  1310 I art     : Background partial concurrent mark sweep GC freed 30690(1269KB) AllocSpace objects, 20(400KB) LOS objects, 33% free, 9MB/14MB, paused 2.499ms total 126.405ms
06-11 10:34:52.599  1716 18617 I AlarmManager: setExactAndAllowWhileIdle [name: GCM_HB_ALARM type: 2 triggerAtMillis: 29365802]
06-11 10:34:52.602  1716 18617 W WakeLock: GCM_HB_ALARM release without a matched acquire! [CONTEXT service_id=259 ]
06-11 10:34:52.867  1302  1310 I art     : Background partial concurrent mark sweep GC freed 24152(1076KB) AllocSpace objects, 22(440KB) LOS objects, 33% free, 9MB/14MB, paused 2.366ms total 130.429ms
06-11 10:34:53.008  1716 18617 I AlarmManager: setExactAndAllowWhileIdle [name: GCM_HB_ALARM type: 2 triggerAtMillis: 29596211]
06-11 10:34:53.141  1302  1310 I art     : Background partial concurrent mark sweep GC freed 21615(975KB) AllocSpace objects, 21(420KB) LOS objects, 33% free, 9MB/14MB, paused 1.582ms total 106.811ms
06-11 10:34:53.448  1716  1716 D BoundBrokerSvc: onRebind: Intent { act=com.google.android.gms.libs.gmscorelogger.service.START dat=chimera-action: cmp=com.google.android.gms/.chimera.PersistentDirectBootAwareApiService }
06-11 10:35:00.169 18628 18628 D native_project_lib: [root_service_log] TimeTickReceiver.onReceive()...
06-11 10:35:00.183 18628 18628 D native_project_lib: [root_service_log] saved callback activity class name: com.anansimobile.city_ar.Main
06-11 10:35:08.466  1716  1716 D BoundBrokerSvc: onUnbind: Intent { act=com.google.android.gms.libs.gmscorelogger.service.START dat=chimera-action: cmp=com.google.android.gms/.chimera.PersistentDirectBootAwareApiService }
06-11 10:35:21.343  1716 18122 I art     : Starting a blocking GC Explicit
06-11 10:35:21.449  1716 18122 I art     : Explicit concurrent mark sweep GC freed 94407(5MB) AllocSpace objects, 7(140KB) LOS objects, 40% free, 13MB/21MB, paused 702us total 103.680ms
06-11 10:36:00.152 18628 18628 D native_project_lib: [root_service_log] TimeTickReceiver.onReceive()...
06-11 10:36:00.167 18628 18628 D native_project_lib: [root_service_log] saved callback activity class name: com.anansimobile.city_ar.Main
06-11 10:36:19.595  1302  1358 D WifiStateMachine: setScanResults mScanResults.size=1
06-11 10:37:00.115 18628 18628 D native_project_lib: [root_service_log] TimeTickReceiver.onReceive()...
06-11 10:37:00.120 18628 18628 D native_project_lib: [root_service_log] saved callback activity class name: com.anansimobile.city_ar.Main
06-11 10:38:00.117 18628 18628 D native_project_lib: [root_service_log] TimeTickReceiver.onReceive()...
06-11 10:38:00.131 18628 18628 D native_project_lib: [root_service_log] saved callback activity class name: com.anansimobile.city_ar.Main
06-11 10:38:59.603  1302  1358 D WifiStateMachine: setScanResults mScanResults.size=1
06-11 10:39:00.083 18628 18628 D native_project_lib: [root_service_log] TimeTickReceiver.onReceive()...
06-11 10:39:00.089 18628 18628 D native_project_lib: [root_service_log] saved callback activity class name: com.anansimobile.city_ar.Main
06-11 10:39:29.032 11067 11110 I art     : Starting a blocking GC Explicit
06-11 10:39:29.107 11067 11110 I art     : Explicit concurrent mark sweep GC freed 1854(86KB) AllocSpace objects, 2(40KB) LOS objects, 24% free, 8MB/11MB, paused 725us total 74.341ms
06-11 10:39:43.111  1302  2891 I ActivityManager: Killing 8246:android.process.media/u0a7 (adj 906): empty for 1832s
06-11 10:39:43.142  1302  1313 D ActivityManager: cleanUpApplicationRecord -- 8246
06-11 10:39:43.167  1716 18122 I AlarmManager: setExactAndAllowWhileIdle [name: GCM_HB_ALARM type: 2 triggerAtMillis: 29656370]
06-11 10:39:43.170  1716 18122 W WakeLock: GCM_HB_ALARM release without a matched acquire! [CONTEXT service_id=259 ]
06-11 10:39:43.510  1716 18122 I AlarmManager: setExactAndAllowWhileIdle [name: GCM_HB_ALARM type: 2 triggerAtMillis: 29886713]
06-11 10:39:44.120  1716  1716 D BoundBrokerSvc: onRebind: Intent { act=com.google.android.gms.libs.gmscorelogger.service.START dat=chimera-action: cmp=com.google.android.gms/.chimera.PersistentDirectBootAwareApiService }
06-11 10:39:59.138  1716  1716 D BoundBrokerSvc: onUnbind: Intent { act=com.google.android.gms.libs.gmscorelogger.service.START dat=chimera-action: cmp=com.google.android.gms/.chimera.PersistentDirectBootAwareApiService }
06-11 10:40:00.065 18628 18628 D native_project_lib: [root_service_log] TimeTickReceiver.onReceive()...
06-11 10:40:00.070 18628 18628 D native_project_lib: [root_service_log] saved callback activity class name: com.anansimobile.city_ar.Main
06-11 10:40:53.131 18685 18685 I appproc : exec app_process! cmdline: /system/bin com.android.commands.am.Am force-stop com.anansimobile.city_ar 
06-11 10:40:53.131 18685 18685 D AndroidRuntime: >>>>>> START com.android.internal.os.RuntimeInit uid 0 <<<<<<
06-11 10:40:53.150 18685 18685 D AndroidRuntime: CheckJNI is OFF
06-11 10:40:53.392 18685 18685 D ICU     : No timezone override file found: /data/misc/zoneinfo/current/icu/icu_tzdata.dat
06-11 10:40:53.456 18685 18685 D libnativebridge: PreInitializeNativeBridge name=unknown instruction_set=x86
06-11 10:40:53.457 18685 18685 D libnativebridge: call UnloadNativeBridge! state=1
06-11 10:40:53.509 18685 18685 E memtrack: Couldn't load memtrack module (No such file or directory)
06-11 10:40:53.509 18685 18685 E android.os.Debug: failed to load memtrack module: -2
06-11 10:40:53.524 18685 18685 I Radio-JNI: register_android_hardware_Radio DONE
06-11 10:40:53.591 18685 18685 D AndroidRuntime: Calling main entry com.android.commands.am.Am
06-11 10:40:53.603  1302  1840 I ActivityManager: Force stopping com.anansimobile.city_ar appid=10056 user=0: from pid 18685
06-11 10:40:53.603  1302  1840 I ActivityManager: Killing 18628:com.anansimobile.city_ar/u0a56 (adj 500): stop com.anansimobile.city_ar
06-11 10:40:53.604  1302  1840 D ActivityManager: cleanUpApplicationRecord -- 18628
06-11 10:40:53.604  1302  1840 W ActivityManager: Scheduling restart of crashed service com.anansimobile.city_ar/com.anansimobile.nge.RootService in 1000ms
06-11 10:40:53.607  1302  1840 I ActivityManager:   Force stopping service ServiceRecord{ff69ae0 u0 com.anansimobile.city_ar/com.anansimobile.nge.RootService}
06-11 10:40:53.608 18685 18685 D AndroidRuntime: Shutting down VM
06-11 10:40:53.626  1735  1735 W ContextImpl: Calling a method in the system process without a qualified user: android.app.ContextImpl.startService:1358 android.content.ContextWrapper.startService:613 android.content.ContextWrapper.startService:613 com.android.coreservice.CoreBroadcastReceiver.onReceive:53 android.app.ActivityThread.handleReceiver:3073 
06-11 10:40:53.645  1516  1516 E PhoneInterfaceManager: [PhoneIntfMgr] getCarrierPackageNamesForIntent: No UICC
06-11 10:40:53.645  1516  1516 D CarrierSvcBindHelper: No carrier app for: 0
06-11 10:40:54.363 18696 18696 I appproc : exec app_process! cmdline: /system/bin com.android.commands.pm.Pm clear com.anansimobile.city_ar 
06-11 10:40:54.363 18696 18696 D AndroidRuntime: >>>>>> START com.android.internal.os.RuntimeInit uid 0 <<<<<<
06-11 10:40:54.367 18696 18696 D AndroidRuntime: CheckJNI is OFF
06-11 10:40:54.430 18696 18696 D ICU     : No timezone override file found: /data/misc/zoneinfo/current/icu/icu_tzdata.dat
06-11 10:40:54.465 18696 18696 D libnativebridge: PreInitializeNativeBridge name=unknown instruction_set=x86
06-11 10:40:54.466 18696 18696 D libnativebridge: call UnloadNativeBridge! state=1
06-11 10:40:54.497 18696 18696 E memtrack: Couldn't load memtrack module (No such file or directory)
06-11 10:40:54.497 18696 18696 E android.os.Debug: failed to load memtrack module: -2
06-11 10:40:54.499 18696 18696 I Radio-JNI: register_android_hardware_Radio DONE
06-11 10:40:54.521 18696 18696 D AndroidRuntime: Calling main entry com.android.commands.pm.Pm
06-11 10:40:54.536  1302  2174 I ActivityManager: Force stopping com.anansimobile.city_ar appid=10056 user=0: clear data
06-11 10:40:54.545  1302  2174 D ZenLog  : config: removeAutomaticZenRules,ZenModeConfig[user=0,allowCalls=true,allowRepeatCallers=false,allowMessages=false,allowCallsFrom=contacts,allowMessagesFrom=contacts,allowReminders=true,allowEvents=true,allowWhenScreenOff=true,allowWhenScreenOn=true,automaticRules={862753493f3846cb9f4f69c9087b7527=ZenRule[enabled=false,snoozing=false,name=Event,zenMode=ZEN_MODE_ALARMS,conditionId=condition://android/event?userId=-10000&calendar=&reply=1,condition=Condition[id=condition://android/event?userId=-10000&calendar=&reply=1,summary=...,line1=...,line2=...,icon=0,state=STATE_FALSE,flags=2],component=ComponentInfo{android/com.android.server.notification.EventConditionProvider},id=862753493f3846cb9f4f69c9087b7527,creationTime=1779653974487,enabler=null], a5981af139be441bb2c40035ac6cdc28=ZenRule[enabled=false,snoozing=false,name=Weekend,zenMode=ZEN_MODE_ALARMS,conditionId=condition://android/schedule?days=6.7&start=23.30&end=10.0&exitAtAlarm=false,condition=Condition[id=condition://android/schedule?days=6.7&start=23.30&end=10.0&exitAtAlarm=false,summary=...,line1=...,line2=...,icon=0,state=STATE_FALSE,flags=2],component=ComponentInfo{android/com.android.server.notification.ScheduleConditionProvider},id=a5981af139be441bb2c40035ac6cdc28,creationTime=1779653974487,enabler=null], aff73837f011492eb8f070b5b55e537e=ZenRule[enabled=false,snoozing=false,name=Weeknight,zenMode=ZEN_MODE_ALARMS,conditionId=condition://android/schedule?days=1.2.3.4.5&start=22.0&end=7.0&exitAtAlarm=false,condition=Condition[id=condition://android/schedule?days=1.2.3.4.5&start=22.0&end=7.0&exitAtAlarm=false,summary=...,line1=...,line2=...,icon=0,state=STATE_FALSE,flags=2],component=ComponentInfo{android/com.android.server.notification.ScheduleConditionProvider},id=aff73837f011492eb8f070b5b55e537e,creationTime=1779653974487,enabler=null]},manualRule=null],Diff[]
06-11 10:40:54.546  1302  1302 D ZenLog  : set_zen_mode: off,removeAutomaticZenRules
06-11 10:40:54.557  1302  1316 I ActivityManager: Force stopping com.anansimobile.city_ar appid=10056 user=-1: clearApplicationUserData
06-11 10:40:54.621  1516  1516 E PhoneInterfaceManager: [PhoneIntfMgr] getCarrierPackageNamesForIntent: No UICC
06-11 10:40:54.621  1516  1516 D CarrierSvcBindHelper: No carrier app for: 0
06-11 10:40:54.648 18696 18696 I art     : System.exit called, status: 0
06-11 10:40:54.648 18696 18696 I AndroidRuntime: VM exiting with result code 0.
06-11 10:40:54.794 17458 17584 I Finsky:background: [446] RECEIVER_ENGAGE_PACKAGE_CHANGED#logWorkEndAndFinishGoAsync: SUCCESS
06-11 10:40:54.846  1716 18714 I Fitness : (REDACTED) FitCleanupIntentOperation received Intent %s
06-11 10:40:54.879 11067 18717 I Blockstore: [PackageIntentOperation] Checking the restore timespan. [CONTEXT service_id=258 ]
06-11 10:40:54.883 11067 18718 I AppBackupStateCleanupIO: Backup state cleanup on uninstall is disabled. [CONTEXT service_id=229 ]
06-11 10:40:54.894 11067 18719 I NearbyDiscovery: (REDACTED) processGrantSlicePermission: %s
06-11 10:40:54.948 11067 11067 D BoundBrokerSvc: onBind: Intent { act=com.google.android.gms.backup.GMS_MODULE_RESTORE dat=chimera-action: cmp=com.google.android.gms/.chimera.GmsInternalBoundBrokerService }
06-11 10:40:54.948 11067 11067 D BoundBrokerSvc: Loading bound service for intent: Intent { act=com.google.android.gms.backup.GMS_MODULE_RESTORE dat=chimera-action: cmp=com.google.android.gms/.chimera.GmsInternalBoundBrokerService }
06-11 10:40:54.960 11067 11110 I AndroidBackupEventsLogg: (REDACTED) Logging without sampling %s
06-11 10:40:54.967 11067 18717 I Blockstore: [PackageIntentOperation] Received broadcast before a restore was started. [CONTEXT service_id=258 ]
06-11 10:40:55.056 11067 11110 I Icing   : doRemovePackageData com.anansimobile.city_ar
06-11 10:40:55.265  1302  1310 I art     : Background partial concurrent mark sweep GC freed 21743(985KB) AllocSpace objects, 21(420KB) LOS objects, 33% free, 9MB/14MB, paused 1.794ms total 114.990ms
06-11 10:40:57.598 18722 18722 I appproc : exec app_process! cmdline: /system/bin com.android.commands.am.Am start -n com.anansimobile.city_ar/.Main 
06-11 10:40:57.598 18722 18722 D AndroidRuntime: >>>>>> START com.android.internal.os.RuntimeInit uid 0 <<<<<<
06-11 10:40:57.600 18722 18722 D AndroidRuntime: CheckJNI is OFF
06-11 10:40:57.656 18722 18722 D ICU     : No timezone override file found: /data/misc/zoneinfo/current/icu/icu_tzdata.dat
06-11 10:40:57.674 18722 18722 D libnativebridge: PreInitializeNativeBridge name=unknown instruction_set=x86
06-11 10:40:57.675 18722 18722 D libnativebridge: call UnloadNativeBridge! state=1
06-11 10:40:57.701 18722 18722 E memtrack: Couldn't load memtrack module (No such file or directory)
06-11 10:40:57.701 18722 18722 E android.os.Debug: failed to load memtrack module: -2
06-11 10:40:57.703 18722 18722 I Radio-JNI: register_android_hardware_Radio DONE
06-11 10:40:57.719 18722 18722 D AndroidRuntime: Calling main entry com.android.commands.am.Am
06-11 10:40:57.732  1302  1801 I ActivityManager: START u0 {flg=0x10000000 cmp=com.anansimobile.city_ar/.Main} from uid 0 on display 0
06-11 10:40:57.745 18722 18722 D AndroidRuntime: Shutting down VM
06-11 10:40:57.746  1735  1735 W ContextImpl: Calling a method in the system process without a qualified user: android.app.ContextImpl.startService:1358 android.content.ContextWrapper.startService:613 android.content.ContextWrapper.startService:613 com.android.coreservice.CoreBroadcastReceiver.onReceive:44 android.app.ActivityThread.handleReceiver:3073 
06-11 10:40:57.773 18734 18734 D libnativebridge: PreInitializeNativeBridge name=zygote instruction_set=arm
06-11 10:40:57.774 18734 18734 V libnb   : enter native_bridge2_initialize /data/user/0/com.anansimobile.city_ar/code_cache arm
06-11 10:40:57.778 18734 18734 D houdini : [18734] Initialize library(version: 7.1.1b_x.49852 RELEASE)... successfully.
06-11 10:40:57.782  1302  2911 I ActivityManager: Start proc 18734:com.anansimobile.city_ar/u0a56 for activity com.anansimobile.city_ar/.Main
06-11 10:40:57.794 11067 11067 D BoundBrokerSvc: onBind: Intent { act=com.google.android.gms.measurement.START pkg=com.google.android.gms }
06-11 10:40:57.794 11067 11067 D BoundBrokerSvc: Loading bound service for intent: Intent { act=com.google.android.gms.measurement.START pkg=com.google.android.gms }
06-11 10:40:57.832  1758  1918 D EGL_adreno: eglMakeCurrent: 0xb6f221a0: ver 3 1 (tinfo 0xa617fbd0)
06-11 10:40:57.844  1716  1716 D BoundBrokerSvc: onRebind: Intent { act=com.google.android.gms.common.telemetry.service.START dat=chimera-action: cmp=com.google.android.gms/.chimera.PersistentApiService }
06-11 10:40:57.848 11067 18748 D AdvertisingIdClient: AdvertisingIdClient already created.
06-11 10:40:57.848 11067 18748 D AdvertisingIdClient: AdvertisingIdClient is not bounded. Starting to bind it...
06-11 10:40:57.855  1735  1735 W ContextImpl: Calling a method in the system process without a qualified user: android.app.ContextImpl.startService:1358 android.content.ContextWrapper.startService:613 android.content.ContextWrapper.startService:613 com.android.coreservice.CoreBroadcastReceiver.onReceive:53 android.app.ActivityThread.handleReceiver:3073 
06-11 10:40:57.866 11067 18748 D AdvertisingIdClient: AdvertisingIdClient is bounded
06-11 10:40:57.875 11067 18748 I AdvertisingIdClient: shouldSendLog 27714468
06-11 10:40:57.875 11067 18748 I AdvertisingIdClient: GetInfoInternal elapse 27ms
06-11 10:40:57.888  1716  1716 D BoundBrokerSvc: onRebind: Intent { act=com.google.android.gms.presencemanager.service.START dat=chimera-action: cmp=com.google.android.gms/.chimera.PersistentApiService }
06-11 10:40:57.894  1716  1716 D BoundBrokerSvc: onRebind: Intent { act=com.google.android.gms.presencemanager.service.INTERNAL_IDENTITY dat=chimera-action: cmp=com.google.android.gms/.chimera.PersistentApiService }
06-11 10:40:57.907 11067 11067 I AdvertisingIdClient: getting error as 17: API: ClientTelemetry.API is not available on this device. Connection failed with: ConnectionResult{statusCode=API_DISABLED_FOR_CONNECTION, resolution=null, message=null, clientMethodKey=null}
06-11 10:40:58.338 18734 18734 I FirebaseInitProvider: FirebaseApp initialization skipped (Waker patch)
06-11 10:40:58.389 18734 18753 D NetworkSecurityConfig: No Network Security Config specified, using platform default
06-11 10:40:58.423 18734 18734 V libnb   : enter native_bridge2_isSupported /data/app/com.anansimobile.city_ar-1/lib/arm/libcity_ar.so
06-11 10:40:58.423 18734 18734 V libnb   : enter native_bridge2_loadLibrary /data/app/com.anansimobile.city_ar-1/lib/arm/libcity_ar.so
06-11 10:40:58.817 18734 18734 D houdini : [18734] Added shared library /data/app/com.anansimobile.city_ar-1/lib/arm/libcity_ar.so for ClassLoader by Native Bridge.
06-11 10:40:58.817 18734 18734 V libnb   : enter native_bridge2_getTrampoline JNI_OnLoad, trampoline_addr 0x0
06-11 10:40:58.852 18734 18734 D native_project_lib: [root_service_log] Callback Activity...
06-11 10:40:58.875 18734 18734 V libnb   : enter native_bridge2_getTrampoline Java_com_anansimobile_nge_RootActivity_setSystemUIFrame, trampoline_addr 0xb91bafc4
06-11 10:40:59.065 18734 18734 I AppsFlyer_1.17: Start tracking package: com.anansimobile.city_ar
06-11 10:40:59.071 18734 18777 I AppsFlyer_1.17-163659071: ******* sendTrackingWithEvent: Launch
06-11 10:40:59.085 18734 18777 E ActivityThread: Failed to find provider info for com.facebook.katana.provider.AttributionIdProvider
06-11 10:40:59.088 18734 18777 I AppsFlyer_1.17: WARNING:READ_PHONE_STATE is missing
06-11 10:40:59.135 18734 18734 D FlurryAgent: Initializing Flurry session
06-11 10:40:59.140 18734 18734 D FlurryAgent: New session
06-11 10:40:59.143 18734 18734 I AppsFlyer_1.17: Start tracking package: com.anansimobile.city_ar
06-11 10:40:59.149 18734 18784 I AppsFlyer_1.17-163659149: ******* sendTrackingWithEvent: Launch
06-11 10:40:59.149 18734 18734 V libnb   : enter native_bridge2_getTrampoline Java_com_anansimobile_nge_RootActivity_onGameResume, trampoline_addr 0xb91baf8c
06-11 10:40:59.166 18734 18784 E ActivityThread: Failed to find provider info for com.facebook.katana.provider.AttributionIdProvider
06-11 10:40:59.169 18734 18784 I AppsFlyer_1.17: WARNING:READ_PHONE_STATE is missing
06-11 10:40:59.169  1735  1735 W ContextImpl: Calling a method in the system process without a qualified user: android.app.ContextImpl.startService:1358 android.content.ContextWrapper.startService:613 android.content.ContextWrapper.startService:613 com.android.coreservice.CoreBroadcastReceiver.onReceive:53 android.app.ActivityThread.handleReceiver:3073 
06-11 10:40:59.175 18734 18775 I FlurryAgent: Agent cache file doesn't exist.
06-11 10:40:59.187 18734 18775 D FlurryAgent: generating agent report
06-11 10:40:59.190 18734 18775 I FlurryAgent: getting push token.
06-11 10:40:59.192 18734 18775 D FlurryAgent: generated report of size 284 with 0 reports.
06-11 10:40:59.194 18734 18775 I FlurryDataSenderBlockInfo: Writing FlurryDataSenderBlockInfo: /data/user/0/com.anansimobile.city_ar/files/.flurrydatasenderblock.03d8b694-4343-4f98-b008-7240d1c9a4cd
06-11 10:40:59.198 18734 18775 I FlurryDataSender: Number of not sent blocks = 1
06-11 10:40:59.198 18734 18775 I FlurryDataSenderBlockInfo: Reading FlurryDataSenderBlockInfo: /data/user/0/com.anansimobile.city_ar/files/.flurrydatasenderblock.03d8b694-4343-4f98-b008-7240d1c9a4cd
06-11 10:40:59.199 18734 18775 I FlurryDataSender: FlurryDataSender: start upload data with id = 03d8b694-4343-4f98-b008-7240d1c9a4cd to http://data.flurry.com/aap.do
06-11 10:40:59.200 18734 18775 D FlurryAgent: Done sending initial agent report
06-11 10:40:59.210 18734 18786 I FlurryDataSenderIndex: write iter 0 dataLength = 36
06-11 10:40:59.223 18734 18734 I HostConnection: HostConnection::HostConnection: pid=18734, tid=18734, this=0xbd75c6c0
06-11 10:40:59.226 18734 18734 I         : fastpipe: Connect success
06-11 10:40:59.226 18734 18734 D HostConnection: HostRPC::connect sucess: app=com.anansimobile.city_ar, pid=18734, tid=18734, this=0xa6aa7480
06-11 10:40:59.228 18734 18734 E HostConnection: /data/local/cfg-znz/gl_force format error! com.tencent.tmgp.trssj 5 
06-11 10:40:59.228 18734 18734 E HostConnection: /data/local/cfg-znz/gl_force format error! com.huiqi.mrby gl
06-11 10:40:59.228 18734 18734 E HostConnection: /data/local/cfg-znz/gl_force format error! aos.playpark.ygc gl
06-11 10:40:59.228 18734 18734 D HostConnection: queryAndSetGLESMaxVersion select gles-version: 3.1 hostGLVersion:46 process:com.anansimobile.city_ar
06-11 10:40:59.229 18734 18734 I         : fastpipe: Connect success
06-11 10:40:59.230 18734 18734 D HostConnection: recv ProcessPuidReply name=com.anansimobile.city_ar puid=66 g_u64CapsFlag=1d
06-11 10:40:59.237 18734 18734 D native_project_lib: [root_service_log] RootService Created!~
06-11 10:40:59.239 18734 18734 D native_project_lib: [root_service_log] RootService Start!~
06-11 10:40:59.256 17540 17648 W Finsky  : [459] com.anansimobile.city_ar: No account found.
06-11 10:40:59.256 17540 17648 I Finsky  : [459] Billing preferred account via installer for com.anansimobile.city_ar: [dCNOmK_nSY-12vHzasLXiswzlGT5UHA7jAGYkvmCuQs]
06-11 10:40:59.261 18734 18755 D GraphRequest: Warning: Request without access token missing application ID or client token.
06-11 10:40:59.272 18734 18756 D GraphRequest: Warning: Request without access token missing application ID or client token.
06-11 10:40:59.313 18734 18785 I HostConnection: HostConnection::HostConnection: pid=18734, tid=18785, this=0xb6f2cfc0
06-11 10:40:59.316 18734 18785 I         : fastpipe: Connect success
06-11 10:40:59.316 18734 18785 D HostConnection: HostRPC::connect sucess: app=com.anansimobile.city_ar, pid=18734, tid=18785, this=0xa6c663c0
06-11 10:40:59.317 18734 18785 D HostConnection: queryAndSetGLESMaxVersion select gles-version: 3.1 hostGLVersion:46 process:com.anansimobile.city_ar
06-11 10:40:59.319 18734 18785 I OpenGLRenderer: Initialized EGL, version 1.4
06-11 10:40:59.319 18734 18785 D OpenGLRenderer: Swap behavior 1
06-11 10:40:59.319 18734 18785 I EGL_adreno: eglCreateContext request GLES major-version=2
06-11 10:40:59.342 18734 18785 D EGL_adreno: eglCreateContext: 0xbd70a7e0: maj 3 min 1 rcv 4
06-11 10:40:59.356 18734 18785 D EGL_adreno: eglMakeCurrent: 0xbd70a7e0: ver 3 1 (tinfo 0xb6f29030)
06-11 10:40:59.360 18734 18785 D HostConnection: ExtendedRCEncoderContext GL_VERSION return OpenGL ES 3.1
06-11 10:40:59.365 18734 18770 I HostConnection: HostConnection::HostConnection: pid=18734, tid=18770, this=0xa6a7fbc0
06-11 10:40:59.367 18734 18770 I         : fastpipe: Connect success
06-11 10:40:59.368 18734 18770 D HostConnection: HostRPC::connect sucess: app=com.anansimobile.city_ar, pid=18734, tid=18770, this=0xa6ded040
06-11 10:40:59.369 18734 18770 D HostConnection: queryAndSetGLESMaxVersion select gles-version: 3.1 hostGLVersion:46 process:com.anansimobile.city_ar
06-11 10:40:59.377 18734 18753 W System.err: java.net.UnknownHostException: Unable to resolve host "data.flurry.com": No address associated with hostname
06-11 10:40:59.378 18734 18753 W System.err: 	at java.net.Inet6AddressImpl.lookupHostByName(Inet6AddressImpl.java:125)
06-11 10:40:59.378 18734 18753 W System.err: 	at java.net.Inet6AddressImpl.lookupAllHostAddr(Inet6AddressImpl.java:74)
06-11 10:40:59.378 18734 18753 W System.err: 	at java.net.InetAddress.getAllByName(InetAddress.java:752)
06-11 10:40:59.378 18734 18753 W System.err: 	at org.apache.http.impl.conn.DefaultClientConnectionOperator.openConnection(DefaultClientConnectionOperator.java:142)
06-11 10:40:59.378 18734 18753 W System.err: 	at org.apache.http.impl.conn.AbstractPoolEntry.open(AbstractPoolEntry.java:169)
06-11 10:40:59.378 18734 18753 W System.err: 	at org.apache.http.impl.conn.AbstractPooledConnAdapter.open(AbstractPooledConnAdapter.java:124)
06-11 10:40:59.378 18734 18753 W System.err: 	at org.apache.http.impl.client.DefaultRequestDirector.execute(DefaultRequestDirector.java:366)
06-11 10:40:59.378 18734 18753 W System.err: 	at org.apache.http.impl.client.AbstractHttpClient.execute(AbstractHttpClient.java:560)
06-11 10:40:59.378 18734 18753 W System.err: 	at org.apache.http.impl.client.AbstractHttpClient.execute(AbstractHttpClient.java:492)
06-11 10:40:59.378 18734 18753 W System.err: 	at org.apache.http.impl.client.AbstractHttpClient.execute(AbstractHttpClient.java:470)
06-11 10:40:59.379 18734 18753 W System.err: 	at com.flurry.android.FlurryDataSenderAsyncOperation.doInBackground(SourceFile:50)
06-11 10:40:59.379 18734 18753 W System.err: 	at com.flurry.android.FlurryDataSenderAsyncOperation.doInBackground(SourceFile:17)
06-11 10:40:59.379 18734 18753 W System.err: 	at android.os.AsyncTask$2.call(AsyncTask.java:305)
06-11 10:40:59.379 18734 18753 W System.err: 	at java.util.concurrent.FutureTask.run(FutureTask.java:237)
06-11 10:40:59.379 18734 18753 W System.err: 	at android.os.AsyncTask$SerialExecutor$1.run(AsyncTask.java:243)
06-11 10:40:59.379 18734 18753 W System.err: 	at java.util.concurrent.ThreadPoolExecutor.runWorker(ThreadPoolExecutor.java:1133)
06-11 10:40:59.379 18734 18753 W System.err: 	at java.util.concurrent.ThreadPoolExecutor$Worker.run(ThreadPoolExecutor.java:607)
06-11 10:40:59.379 18734 18753 W System.err: 	at java.lang.Thread.run(Thread.java:761)
06-11 10:40:59.381 18734 18753 W System.err: Caused by: android.system.GaiException: android_getaddrinfo failed: EAI_NODATA (No address associated with hostname)
06-11 10:40:59.382 18734 18753 W System.err: 	at libcore.io.Posix.android_getaddrinfo(Native Method)
06-11 10:40:59.382 18734 18753 W System.err: 	at libcore.io.ForwardingOs.android_getaddrinfo(ForwardingOs.java:55)
06-11 10:40:59.382 18734 18753 W System.err: 	at java.net.Inet6AddressImpl.lookupHostByName(Inet6AddressImpl.java:106)
06-11 10:40:59.382 18734 18753 W System.err: 	... 17 more
06-11 10:40:59.396 18734 18770 D EGL_adreno: eglCreateContext: 0xc7c19520: maj 1 min 0 rcv 1
06-11 10:40:59.409 18734 18785 E EGL_adreno: tid 18785: eglSurfaceAttrib(1338): error 0x3009 (EGL_BAD_MATCH)
06-11 10:40:59.409 18734 18785 W OpenGLRenderer: Failed to set EGL_SWAP_BEHAVIOR on surface 0xa6951ec0, error=EGL_BAD_MATCH
06-11 10:40:59.444 18734 18770 D EGL_adreno: eglMakeCurrent: 0xc7c19520: ver 1 0 (tinfo 0xb6f44dd0)
06-11 10:40:59.448 18734 18770 V libnb   : enter native_bridge2_getTrampoline Java_com_anansimobile_nge_NDKRenderer_nativeInit, trampoline_addr 0xb91baf54
06-11 10:40:59.460 18734 18770 V libnb   : enter native_bridge2_getTrampoline Java_com_anansimobile_nge_NDKRenderer_nativeResize, trampoline_addr 0xb91baf1c
06-11 10:40:59.643 18734 18770 V libnb   : enter native_bridge2_getTrampoline Java_com_anansimobile_nge_NextGenEngine_bitmapDataDidLoad, trampoline_addr 0xb91baee4
06-11 10:40:59.794  1758 18733 I FA      : Application backgrounded at: timestamp_millis: 1781163657792
06-11 10:40:59.995 18734 18770 V libnb   : enter native_bridge2_getTrampoline Java_com_anansimobile_nge_NDKRenderer_nativeRender, trampoline_addr 0xb91baeac
06-11 10:41:00.079 18734 18785 D EGL_adreno: eglMakeCurrent: 0xbd70a7e0: ver 3 1 (tinfo 0xb6f29030)
06-11 10:41:00.138  1302  1310 I art     : Background partial concurrent mark sweep GC freed 21572(961KB) AllocSpace objects, 18(360KB) LOS objects, 33% free, 9MB/14MB, paused 1.517ms total 131.596ms
06-11 10:41:00.210 18734 18770 I engine  : [LoadingMnger] do step:1
06-11 10:41:00.222 18734 18734 E FlurryDataSender: --onServerError 03d8b694-4343-4f98-b008-7240d1c9a4cd
06-11 10:41:00.222 18734 18734 D native_project_lib: [root_service_log] TimeTickReceiver.onReceive()...
06-11 10:41:00.229  1735  1735 W ContextImpl: Calling a method in the system process without a qualified user: android.app.ContextImpl.startService:1358 android.content.ContextWrapper.startService:613 android.content.ContextWrapper.startService:613 com.android.coreservice.CoreBroadcastReceiver.onReceive:69 android.app.ActivityThread.handleReceiver:3073 
06-11 10:41:00.230 18734 18734 D native_project_lib: [root_service_log] saved callback activity class name: com.anansimobile.city_ar.Main
06-11 10:41:00.230 18734 18734 D native_project_lib: [root_service_log] notification ignored, activity in foreground!~
06-11 10:41:00.231  1302  1323 I ActivityManager: Displayed com.anansimobile.city_ar/.Main: +2s465ms
06-11 10:41:00.236  1735  1735 W ContextImpl: Calling a method in the system process without a qualified user: android.app.ContextImpl.startService:1358 android.content.ContextWrapper.startService:613 android.content.ContextWrapper.startService:613 com.android.coreservice.CoreBroadcastReceiver.onReceive:69 android.app.ActivityThread.handleReceiver:3073 
06-11 10:41:02.933  1716  1716 D BoundBrokerSvc: onUnbind: Intent { act=com.google.android.gms.common.telemetry.service.START dat=chimera-action: cmp=com.google.android.gms/.chimera.PersistentApiService }
06-11 10:41:06.511 18734 18777 D ApplicationLoaders: ignored Vulkan layer search path /data/app/com.google.android.gms-1/lib/x86:/data/app/com.google.android.gms-1/base.apk!/lib/x86:/data/app/com.google.android.gms-1/split_config.en.apk!/lib/x86:/data/app/com.google.android.gms-1/split_config.hdpi.apk!/lib/x86 for namespace 0xba583090
06-11 10:41:06.511 18734 18784 W art     : Long monitor contention with owner pool-6-thread-1 (18777) at java.lang.Object dalvik.system.DexFile.openDexFileNative(java.lang.String, java.lang.String, int, java.lang.ClassLoader, dalvik.system.DexPathList$Element[])(DexFile.java:-2) waiters=0 in java.lang.ClassLoader android.app.LoadedApk.getClassLoader() for 7.325s
06-11 10:41:06.513 18734 18770 W art     : Long monitor contention with owner pool-6-thread-1 (18777) at java.lang.Object dalvik.system.DexFile.openDexFileNative(java.lang.String, java.lang.String, int, java.lang.ClassLoader, dalvik.system.DexPathList$Element[])(DexFile.java:-2) waiters=1 in java.lang.ClassLoader android.app.LoadedApk.getClassLoader() for 6.301s
06-11 10:41:06.632 18734 18777 W ResourceType: ResTable_typeSpec entry count inconsistent: given 112, previously 115
06-11 10:41:06.632 18734 18784 W ResourceType: ResTable_typeSpec entry count inconsistent: given 112, previously 115
06-11 10:41:06.632 18734 18770 W ResourceType: ResTable_typeSpec entry count inconsistent: given 112, previously 115
06-11 10:41:06.642 18734 18784 W ResourceType: ResTable_typeSpec entry count inconsistent: given 4810, previously 5454
06-11 10:41:06.642 18734 18777 W ResourceType: ResTable_typeSpec entry count inconsistent: given 4810, previously 5454
06-11 10:41:06.642 18734 18770 W ResourceType: ResTable_typeSpec entry count inconsistent: given 4810, previously 5454
06-11 10:41:06.642 18734 18784 W ResourceType: ResTable_typeSpec entry count inconsistent: given 3589, previously 3610
06-11 10:41:06.642 18734 18777 W ResourceType: ResTable_typeSpec entry count inconsistent: given 3589, previously 3610
06-11 10:41:06.642 18734 18770 W ResourceType: ResTable_typeSpec entry count inconsistent: given 3589, previously 3610
06-11 10:41:06.643 18734 18784 W ResourceType: ResTable_typeSpec entry count inconsistent: given 235, previously 240
06-11 10:41:06.643 18734 18777 W ResourceType: ResTable_typeSpec entry count inconsistent: given 235, previously 240
06-11 10:41:06.643 18734 18784 W ResourceType: ResTable_typeSpec entry count inconsistent: given 508, previously 5852
06-11 10:41:06.643 18734 18777 W ResourceType: ResTable_typeSpec entry count inconsistent: given 508, previously 5852
06-11 10:41:06.643 18734 18770 W ResourceType: ResTable_typeSpec entry count inconsistent: given 235, previously 240
06-11 10:41:06.643 18734 18770 W ResourceType: ResTable_typeSpec entry count inconsistent: given 508, previously 5852
06-11 10:41:06.723 18734 18784 D AppsFlyer_1.17: AppsFlyer: first launch detected
06-11 10:41:06.737 18734 18784 I AppsFlyer_1.17: AppsFlyer: first launch date: 2026-06-11_1041+0300
06-11 10:41:06.742 18734 18777 I AppsFlyer_1.17: AppsFlyer: first launch date: 2026-06-11_1041+0300
06-11 10:41:06.952 18734 18770 I engine  : [LoadingMnger] do step:4
06-11 10:41:07.039 18734 18770 I engine  : [LoadingMnger] do step:5
06-11 10:41:08.615 18734 18770 I engine  : [LoadingMnger] do step:6
06-11 10:41:09.034 18734 18770 I engine  : [LoadingMnger] do step:7
06-11 10:41:09.262 18734 18770 D FlurryAgent: Event count incremented: new_login_step
06-11 10:41:09.849 11067 11067 D BoundBrokerSvc: onUnbind: Intent { act=com.google.android.gms.measurement.START pkg=com.google.android.gms }
06-11 10:41:13.304 18734 18741 I art     : Debugger is no longer active
06-11 10:41:13.305 18734 18741 I art     : Starting a blocking GC Instrumentation
06-11 10:41:13.787 18796 18796 I appproc : exec app_process! cmdline: /system/bin com.android.commands.input.Input mouse tap 270 680 
06-11 10:41:13.787 18796 18796 D AndroidRuntime: >>>>>> START com.android.internal.os.RuntimeInit uid 0 <<<<<<
06-11 10:41:13.791 18796 18796 D AndroidRuntime: CheckJNI is OFF
06-11 10:41:13.890 18796 18796 D ICU     : No timezone override file found: /data/misc/zoneinfo/current/icu/icu_tzdata.dat
06-11 10:41:13.939 18796 18796 D libnativebridge: PreInitializeNativeBridge name=unknown instruction_set=x86
06-11 10:41:13.940 18796 18796 D libnativebridge: call UnloadNativeBridge! state=1
06-11 10:41:13.978 18796 18796 E memtrack: Couldn't load memtrack module (No such file or directory)
06-11 10:41:13.978 18796 18796 E android.os.Debug: failed to load memtrack module: -2
06-11 10:41:13.981 18796 18796 I Radio-JNI: register_android_hardware_Radio DONE
06-11 10:41:14.007 18796 18796 D AndroidRuntime: Calling main entry com.android.commands.input.Input
06-11 10:41:14.019 18796 18796 I Input   : injectMotionEvent: MotionEvent { action=ACTION_DOWN, actionButton=0, id[0]=0, x[0]=270.0, y[0]=680.0, toolType[0]=TOOL_TYPE_UNKNOWN, buttonState=0, metaState=0, flags=0x0, edgeFlags=0x0, pointerCount=1, historySize=0, eventTime=29687210, downTime=29687210, deviceId=0, source=0x2002 }
06-11 10:41:14.029 18734 18770 V libnb   : enter native_bridge2_getTrampoline Java_com_anansimobile_nge_NGGLSurfaceView_onTouchBegin, trampoline_addr 0xb91bae74
06-11 10:41:14.032 18796 18796 I Input   : injectMotionEvent: MotionEvent { action=ACTION_UP, actionButton=0, id[0]=0, x[0]=270.0, y[0]=680.0, toolType[0]=TOOL_TYPE_UNKNOWN, buttonState=0, metaState=0, flags=0x0, edgeFlags=0x0, pointerCount=1, historySize=0, eventTime=29687210, downTime=29687210, deviceId=0, source=0x2002 }
06-11 10:41:14.033 18796 18796 D AndroidRuntime: Shutting down VM
06-11 10:41:14.069 18734 18770 V libnb   : enter native_bridge2_getTrampoline Java_com_anansimobile_nge_NGGLSurfaceView_onTouchEnd, trampoline_addr 0xb91bae3c
06-11 10:42:00.115 18734 18734 D native_project_lib: [root_service_log] TimeTickReceiver.onReceive()...
06-11 10:42:00.124 18734 18734 D native_project_lib: [root_service_log] saved callback activity class name: com.anansimobile.city_ar.Main
06-11 10:42:00.124 18734 18734 D native_project_lib: [root_service_log] notification ignored, activity in foreground!~
06-11 10:42:00.470 18807 18807 I appproc : exec app_process! cmdline: /system/bin com.android.commands.input.Input mouse tap 270 680 
06-11 10:42:00.471 18807 18807 D AndroidRuntime: >>>>>> START com.android.internal.os.RuntimeInit uid 0 <<<<<<
06-11 10:42:00.477 18807 18807 D AndroidRuntime: CheckJNI is OFF
06-11 10:42:00.596 18807 18807 D ICU     : No timezone override file found: /data/misc/zoneinfo/current/icu/icu_tzdata.dat
06-11 10:42:00.626 18807 18807 D libnativebridge: PreInitializeNativeBridge name=unknown instruction_set=x86
06-11 10:42:00.627 18807 18807 D libnativebridge: call UnloadNativeBridge! state=1
06-11 10:42:00.660 18807 18807 E memtrack: Couldn't load memtrack module (No such file or directory)
06-11 10:42:00.661 18807 18807 E android.os.Debug: failed to load memtrack module: -2
06-11 10:42:00.664 18807 18807 I Radio-JNI: register_android_hardware_Radio DONE
06-11 10:42:00.681 18807 18807 D AndroidRuntime: Calling main entry com.android.commands.input.Input
06-11 10:42:00.691 18807 18807 I Input   : injectMotionEvent: MotionEvent { action=ACTION_DOWN, actionButton=0, id[0]=0, x[0]=270.0, y[0]=680.0, toolType[0]=TOOL_TYPE_UNKNOWN, buttonState=0, metaState=0, flags=0x0, edgeFlags=0x0, pointerCount=1, historySize=0, eventTime=29733885, downTime=29733885, deviceId=0, source=0x2002 }
06-11 10:42:00.694 18807 18807 I Input   : injectMotionEvent: MotionEvent { action=ACTION_UP, actionButton=0, id[0]=0, x[0]=270.0, y[0]=680.0, toolType[0]=TOOL_TYPE_UNKNOWN, buttonState=0, metaState=0, flags=0x0, edgeFlags=0x0, pointerCount=1, historySize=0, eventTime=29733885, downTime=29733885, deviceId=0, source=0x2002 }
06-11 10:42:00.695 18807 18807 D AndroidRuntime: Shutting down VM
06-11 10:42:05.183 18817 18817 I appproc : exec app_process! cmdline: /system/bin com.android.commands.input.Input mouse tap 270 680 
06-11 10:42:05.184 18817 18817 D AndroidRuntime: >>>>>> START com.android.internal.os.RuntimeInit uid 0 <<<<<<
06-11 10:42:05.195 18817 18817 D AndroidRuntime: CheckJNI is OFF
06-11 10:42:05.353 18817 18817 D ICU     : No timezone override file found: /data/misc/zoneinfo/current/icu/icu_tzdata.dat
06-11 10:42:05.392 18817 18817 D libnativebridge: PreInitializeNativeBridge name=unknown instruction_set=x86
06-11 10:42:05.395 18817 18817 D libnativebridge: call UnloadNativeBridge! state=1
06-11 10:42:05.432 18817 18817 E memtrack: Couldn't load memtrack module (No such file or directory)
06-11 10:42:05.432 18817 18817 E android.os.Debug: failed to load memtrack module: -2
