--------- beginning of main
06-11 10:22:00.617 17488 17488 I appproc : exec app_process! cmdline: /system/bin com.android.commands.am.Am start -n com.anansimobile.city_ar/.Main 
06-11 10:22:00.617 17488 17488 D AndroidRuntime: >>>>>> START com.android.internal.os.RuntimeInit uid 0 <<<<<<
06-11 10:22:00.622 17488 17488 D AndroidRuntime: CheckJNI is OFF
06-11 10:22:00.693 17488 17488 D ICU     : No timezone override file found: /data/misc/zoneinfo/current/icu/icu_tzdata.dat
06-11 10:22:00.716 17488 17488 D libnativebridge: PreInitializeNativeBridge name=unknown instruction_set=x86
06-11 10:22:00.716 17488 17488 D libnativebridge: call UnloadNativeBridge! state=1
06-11 10:22:00.739 17488 17488 E memtrack: Couldn't load memtrack module (No such file or directory)
06-11 10:22:00.739 17488 17488 E android.os.Debug: failed to load memtrack module: -2
06-11 10:22:00.741 17488 17488 I Radio-JNI: register_android_hardware_Radio DONE
06-11 10:22:00.753 17488 17488 D AndroidRuntime: Calling main entry com.android.commands.am.Am
--------- beginning of system
06-11 10:22:00.758  1302  7766 I ActivityManager: START u0 {flg=0x10000000 cmp=com.anansimobile.city_ar/.Main} from uid 0 on display 0
06-11 10:22:00.766 17488 17488 D AndroidRuntime: Shutting down VM
06-11 10:22:00.779 17500 17500 D libnativebridge: PreInitializeNativeBridge name=zygote instruction_set=arm
06-11 10:22:00.779  1302  1802 I ActivityManager: Start proc 17500:com.anansimobile.city_ar/u0a56 for activity com.anansimobile.city_ar/.Main
06-11 10:22:00.780 17500 17500 V libnb   : enter native_bridge2_initialize /data/user/0/com.anansimobile.city_ar/code_cache arm
06-11 10:22:00.790 17500 17500 D houdini : [17500] Initialize library(version: 7.1.1b_x.49852 RELEASE)... successfully.
06-11 10:22:00.839 11067 11067 D BoundBrokerSvc: onBind: Intent { act=com.google.android.gms.measurement.START pkg=com.google.android.gms }
06-11 10:22:00.839 11067 11067 D BoundBrokerSvc: Loading bound service for intent: Intent { act=com.google.android.gms.measurement.START pkg=com.google.android.gms }
06-11 10:22:00.851  1758  1918 D EGL_adreno: eglMakeCurrent: 0xb6f221a0: ver 3 1 (tinfo 0xa617fbd0)
06-11 10:22:00.897 11067 17514 D AdvertisingIdClient: AdvertisingIdClient already created.
06-11 10:22:00.897 11067 17514 D AdvertisingIdClient: AdvertisingIdClient is not bounded. Starting to bind it...
06-11 10:22:00.914 11067 17514 D AdvertisingIdClient: AdvertisingIdClient is bounded
06-11 10:22:00.918 11067 17514 I AdvertisingIdClient: shouldSendLog 27714468
06-11 10:22:00.918 11067 17514 I AdvertisingIdClient: GetInfoInternal elapse 21ms
06-11 10:22:00.935  1716  1716 D BoundBrokerSvc: onRebind: Intent { act=com.google.android.gms.presencemanager.service.START dat=chimera-action: cmp=com.google.android.gms/.chimera.PersistentApiService }
06-11 10:22:00.941  1716  1716 D BoundBrokerSvc: onRebind: Intent { act=com.google.android.gms.presencemanager.service.INTERNAL_IDENTITY dat=chimera-action: cmp=com.google.android.gms/.chimera.PersistentApiService }
06-11 10:22:01.388 17500 17500 I FirebaseInitProvider: FirebaseApp initialization skipped (Waker patch)
06-11 10:22:01.430 17500 17519 D NetworkSecurityConfig: No Network Security Config specified, using platform default
06-11 10:22:01.479 17500 17500 V libnb   : enter native_bridge2_isSupported /data/app/com.anansimobile.city_ar-1/lib/arm/libcity_ar.so
06-11 10:22:01.479 17500 17500 V libnb   : enter native_bridge2_loadLibrary /data/app/com.anansimobile.city_ar-1/lib/arm/libcity_ar.so
06-11 10:22:01.995 17500 17500 D houdini : [17500] Added shared library /data/app/com.anansimobile.city_ar-1/lib/arm/libcity_ar.so for ClassLoader by Native Bridge.
06-11 10:22:01.995 17500 17500 V libnb   : enter native_bridge2_getTrampoline JNI_OnLoad, trampoline_addr 0x0
06-11 10:22:02.032 17500 17500 D native_project_lib: [root_service_log] Callback Activity...
06-11 10:22:02.052 17500 17500 V libnb   : enter native_bridge2_getTrampoline Java_com_anansimobile_nge_RootActivity_setSystemUIFrame, trampoline_addr 0xb91bafc4
06-11 10:22:02.094 17458 17458 W ResourceType: ResTable_typeSpec entry count inconsistent: given 222, previously 256
06-11 10:22:02.094 17458 17458 W ResourceType: ResTable_typeSpec entry count inconsistent: given 6203, previously 6204
06-11 10:22:02.252  1302  2906 I ActivityManager: Start proc 17540:com.android.vending/u0a24 for service com.android.vending/com.google.android.finsky.billing.iab.InAppBillingService
06-11 10:22:02.265 17540 17540 D libnativebridge: call UnloadNativeBridge! state=1
06-11 10:22:02.322 17500 17500 I AppsFlyer_1.17: Start tracking package: com.anansimobile.city_ar
06-11 10:22:02.328 17500 17558 I AppsFlyer_1.17-162522327: ******* sendTrackingWithEvent: Launch
06-11 10:22:02.369 17500 17558 E ActivityThread: Failed to find provider info for com.facebook.katana.provider.AttributionIdProvider
06-11 10:22:02.382 17500 17558 I AppsFlyer_1.17: WARNING:READ_PHONE_STATE is missing
06-11 10:22:02.416 17458 17458 I art     : Rejecting re-init on previously-failed class java.lang.Class<j$.nio.file.d>: java.lang.NoClassDefFoundError: Failed resolution of: Ljava/nio/file/CopyOption;
06-11 10:22:02.416 17458 17458 I art     :   at long j$.desugar.sun.nio.fs.g.v(long, long) (r8-map-id-53e39ebd2b8e1da6017e57ed7acab68adfd0d540c288b358f352eb7539f01c7c:1)
06-11 10:22:02.416 17458 17458 I art     :   at j$.time.Instant j$.time.Instant.ofEpochSecond(long, long) (r8-map-id-53e39ebd2b8e1da6017e57ed7acab68adfd0d540c288b358f352eb7539f01c7c:4)
06-11 10:22:02.416 17458 17458 I art     :   at void j$.time.Instant.<clinit>() (r8-map-id-53e39ebd2b8e1da6017e57ed7acab68adfd0d540c288b358f352eb7539f01c7c:16)
06-11 10:22:02.416 17458 17458 I art     :   at j$.time.Instant j$.time.Instant.now() (r8-map-id-53e39ebd2b8e1da6017e57ed7acab68adfd0d540c288b358f352eb7539f01c7c:1)
06-11 10:22:02.416 17458 17458 I art     :   at java.lang.String bbnn.os() (PG:12)
06-11 10:22:02.416 17458 17458 I art     :   at bbnm bbnm.a() (PG:1)
06-11 10:22:02.416 17458 17458 I art     :   at void psx.k() (PG:47)
06-11 10:22:02.416 17458 17458 I art     :   at void psx.onCreate() (PG:23)
06-11 10:22:02.416 17458 17458 I art     :   at void android.app.Instrumentation.callApplicationOnCreate(android.app.Application) (Instrumentation.java:1024)
06-11 10:22:02.416 17458 17458 I art     :   at void android.app.ActivityThread.handleBindApplication(android.app.ActivityThread$AppBindData) (ActivityThread.java:5474)
06-11 10:22:02.416 17458 17458 I art     :   at void android.app.ActivityThread.-wrap2(android.app.ActivityThread, android.app.ActivityThread$AppBindData) (ActivityThread.java:-1)
06-11 10:22:02.416 17458 17458 I art     :   at void android.app.ActivityThread$H.handleMessage(android.os.Message) (ActivityThread.java:1550)
06-11 10:22:02.416 17458 17458 I art     :   at void android.os.Handler.dispatchMessage(android.os.Message) (Handler.java:102)
06-11 10:22:02.416 17458 17458 I art     :   at void android.os.Looper.loop() (Looper.java:154)
06-11 10:22:02.416 17458 17458 I art     :   at void android.app.ActivityThread.main(java.lang.String[]) (ActivityThread.java:6190)
06-11 10:22:02.416 17458 17458 I art     :   at java.lang.Object java.lang.reflect.Method.invoke!(java.lang.Object, java.lang.Object[]) (Method.java:-2)
06-11 10:22:02.416 17458 17458 I art     :   at void com.android.internal.os.ZygoteInit$MethodAndArgsCaller.run() (ZygoteInit.java:892)
06-11 10:22:02.416 17458 17458 I art     :   at void com.android.internal.os.ZygoteInit.main(java.lang.String[]) (ZygoteInit.java:782)
06-11 10:22:02.416 17458 17458 I art     : Caused by: java.lang.ClassNotFoundException: Didn't find class "java.nio.file.CopyOption" on path: DexPathList[[zip file "/data/app/com.android.vending-1/base.apk", zip file "/data/app/com.android.vending-1/split_config.en.apk", zip file "/data/app/com.android.vending-1/split_config.x86.apk"],nativeLibraryDirectories=[/data/app/com.android.vending-1/lib/x86, /data/app/com.android.vending-1/base.apk!/lib/x86, /data/app/com.android.vending-1/split_config.en.apk!/lib/x86, /data/app/com.android.vending-1/split_config.x86.apk!/lib/x86, /system/lib, /vendor/lib]]
06-11 10:22:02.416 17458 17458 I art     :   at java.lang.Class dalvik.system.BaseDexClassLoader.findClass(java.lang.String) (BaseDexClassLoader.java:56)
06-11 10:22:02.416 17458 17458 I art     :   at java.lang.Class java.lang.ClassLoader.loadClass(java.lang.String, boolean) (ClassLoader.java:380)
06-11 10:22:02.416 17458 17458 I art     :   at java.lang.Class java.lang.ClassLoader.loadClass(java.lang.String) (ClassLoader.java:312)
06-11 10:22:02.416 17458 17458 I art     :   at long j$.desugar.sun.nio.fs.g.v(long, long) (r8-map-id-53e39ebd2b8e1da6017e57ed7acab68adfd0d540c288b358f352eb7539f01c7c:1)
06-11 10:22:02.416 17458 17458 I art     :   at j$.time.Instant j$.time.Instant.ofEpochSecond(long, long) (r8-map-id-53e39ebd2b8e1da6017e57ed7acab68adfd0d540c288b358f352eb7539f01c7c:4)
06-11 10:22:02.416 17458 17458 I art     :   at void j$.time.Instant.<clinit>() (r8-map-id-53e39ebd2b8e1da6017e57ed7acab68adfd0d540c288b358f352eb7539f01c7c:16)
06-11 10:22:02.416 17458 17458 I art     :   at j$.time.Instant j$.time.Instant.now() (r8-map-id-53e39ebd2b8e1da6017e57ed7acab68adfd0d540c288b358f352eb7539f01c7c:1)
06-11 10:22:02.416 17458 17458 I art     :   at java.lang.String bbnn.os() (PG:12)
06-11 10:22:02.416 17458 17458 I art     :   at bbnm bbnm.a() (PG:1)
06-11 10:22:02.416 17458 17458 I art     :   at void psx.k() (PG:47)
06-11 10:22:02.416 17458 17458 I art     :   at void psx.onCreate() (PG:23)
06-11 10:22:02.416 17458 17458 I art     :   at void android.app.Instrumentation.callApplicationOnCreate(android.app.Application) (Instrumentation.java:1024)
06-11 10:22:02.416 17458 17458 I art     :   at void android.app.ActivityThread.handleBindApplication(android.app.ActivityThread$AppBindData) (ActivityThread.java:5474)
06-11 10:22:02.416 17458 17458 I art     :   at void android.app.ActivityThread.-wrap2(android.app.ActivityThread, android.app.ActivityThread$AppBindData) (ActivityThread.java:-1)
06-11 10:22:02.416 17458 17458 I art     :   at void android.app.ActivityThread$H.handleMessage(android.os.Message) (ActivityThread.java:1550)
06-11 10:22:02.416 17458 17458 I art     :   at void android.os.Handler.dispatchMessage(android.os.Message) (Handler.java:102)
06-11 10:22:02.416 17458 17458 I art     :   at void android.os.Looper.loop() (Looper.java:154)
06-11 10:22:02.416 17458 17458 I art     :   at void android.app.ActivityThread.main(java.lang.String[]) (ActivityThread.java:6190)
06-11 10:22:02.416 17458 17458 I art     :   at java.lang.Object java.lang.reflect.Method.invoke!(java.lang.Object, java.lang.Object[]) (Method.java:-2)
06-11 10:22:02.416 17458 17458 I art     :   at void com.android.internal.os.ZygoteInit$MethodAndArgsCaller.run() (ZygoteInit.java:892)
06-11 10:22:02.416 17458 17458 I art     :   at void com.android.internal.os.ZygoteInit.main(java.lang.String[]) (ZygoteInit.java:782)
06-11 10:22:02.416 17458 17458 I art     : 
06-11 10:22:02.420 17458 17458 I art     : Rejecting re-init on previously-failed class java.lang.Class<j$.nio.file.attribute.t>: java.lang.NoClassDefFoundError: Failed resolution of: Ljava/nio/file/attribute/FileAttribute;
06-11 10:22:02.420 17458 17458 I art     :   at long j$.desugar.sun.nio.fs.g.v(long, long) (r8-map-id-53e39ebd2b8e1da6017e57ed7acab68adfd0d540c288b358f352eb7539f01c7c:1)
06-11 10:22:02.420 17458 17458 I art     :   at j$.time.Instant j$.time.Instant.ofEpochSecond(long, long) (r8-map-id-53e39ebd2b8e1da6017e57ed7acab68adfd0d540c288b358f352eb7539f01c7c:4)
06-11 10:22:02.420 17458 17458 I art     :   at void j$.time.Instant.<clinit>() (r8-map-id-53e39ebd2b8e1da6017e57ed7acab68adfd0d540c288b358f352eb7539f01c7c:16)
06-11 10:22:02.420 17458 17458 I art     :   at j$.time.Instant j$.time.Instant.now() (r8-map-id-53e39ebd2b8e1da6017e57ed7acab68adfd0d540c288b358f352eb7539f01c7c:1)
06-11 10:22:02.420 17458 17458 I art     :   at java.lang.String bbnn.os() (PG:12)
06-11 10:22:02.420 17458 17458 I art     :   at bbnm bbnm.a() (PG:1)
06-11 10:22:02.420 17458 17458 I art     :   at void psx.k() (PG:47)
06-11 10:22:02.420 17458 17458 I art     :   at void psx.onCreate() (PG:23)
06-11 10:22:02.420 17458 17458 I art     :   at void android.app.Instrumentation.callApplicationOnCreate(android.app.Application) (Instrumentation.java:1024)
06-11 10:22:02.420 17458 17458 I art     :   at void android.app.ActivityThread.handleBindApplication(android.app.ActivityThread$AppBindData) (ActivityThread.java:5474)
06-11 10:22:02.420 17458 17458 I art     :   at void android.app.ActivityThread.-wrap2(android.app.ActivityThread, android.app.ActivityThread$AppBindData) (ActivityThread.java:-1)
06-11 10:22:02.420 17458 17458 I art     :   at void android.app.ActivityThread$H.handleMessage(android.os.Message) (ActivityThread.java:1550)
06-11 10:22:02.420 17458 17458 I art     :   at void android.os.Handler.dispatchMessage(android.os.Message) (Handler.java:102)
06-11 10:22:02.420 17458 17458 I art     :   at void android.os.Looper.loop() (Looper.java:154)
06-11 10:22:02.420 17458 17458 I art     :   at void android.app.ActivityThread.main(java.lang.String[]) (ActivityThread.java:6190)
06-11 10:22:02.420 17458 17458 I art     :   at java.lang.Object java.lang.reflect.Method.invoke!(java.lang.Object, java.lang.Object[]) (Method.java:-2)
06-11 10:22:02.420 17458 17458 I art     :   at void com.android.internal.os.ZygoteInit$MethodAndArgsCaller.run() (ZygoteInit.java:892)
06-11 10:22:02.420 17458 17458 I art     :   at void com.android.internal.os.ZygoteInit.main(java.lang.String[]) (ZygoteInit.java:782)
06-11 10:22:02.420 17458 17458 I art     : Caused by: java.lang.ClassNotFoundException: Didn't find class "java.nio.file.attribute.FileAttribute" on path: DexPathList[[zip file "/data/app/com.android.vending-1/base.apk", zip file "/data/app/com.android.vending-1/split_config.en.apk", zip file "/data/app/com.android.vending-1/split_config.x86.apk"],nativeLibraryDirectories=[/data/app/com.android.vending-1/lib/x86, /data/app/com.android.vending-1/base.apk!/lib/x86, /data/app/com.android.vending-1/split_config.en.apk!/lib/x86, /data/app/com.android.vending-1/split_config.x86.apk!/lib/x86, /system/lib, /vendor/lib]]
06-11 10:22:02.420 17458 17458 I art     :   at java.lang.Class dalvik.system.BaseDexClassLoader.findClass(java.lang.String) (BaseDexClassLoader.java:56)
06-11 10:22:02.420 17458 17458 I art     :   at java.lang.Class java.lang.ClassLoader.loadClass(java.lang.String, boolean) (ClassLoader.java:380)
06-11 10:22:02.420 17458 17458 I art     :   at java.lang.Class java.lang.ClassLoader.loadClass(java.lang.String) (ClassLoader.java:312)
06-11 10:22:02.420 17458 17458 I art     :   at long j$.desugar.sun.nio.fs.g.v(long, long) (r8-map-id-53e39ebd2b8e1da6017e57ed7acab68adfd0d540c288b358f352eb7539f01c7c:1)
06-11 10:22:02.420 17458 17458 I art     :   at j$.time.Instant j$.time.Instant.ofEpochSecond(long, long) (r8-map-id-53e39ebd2b8e1da6017e57ed7acab68adfd0d540c288b358f352eb7539f01c7c:4)
06-11 10:22:02.420 17458 17458 I art     :   at void j$.time.Instant.<clinit>() (r8-map-id-53e39ebd2b8e1da6017e57ed7acab68adfd0d540c288b358f352eb7539f01c7c:16)
06-11 10:22:02.420 17458 17458 I art     :   at j$.time.Instant j$.time.Instant.now() (r8-map-id-53e39ebd2b8e1da6017e57ed7acab68adfd0d540c288b358f352eb7539f01c7c:1)
06-11 10:22:02.420 17458 17458 I art     :   at java.lang.String bbnn.os() (PG:12)
06-11 10:22:02.420 17458 17458 I art     :   at bbnm bbnm.a() (PG:1)
06-11 10:22:02.420 17458 17458 I art     :   at void psx.k() (PG:47)
06-11 10:22:02.420 17458 17458 I art     :   at void psx.onCreate() (PG:23)
06-11 10:22:02.420 17458 17458 I art     :   at void android.app.Instrumentation.callApplicationOnCreate(android.app.Application) (Instrumentation.java:1024)
06-11 10:22:02.420 17458 17458 I art     :   at void android.app.ActivityThread.handleBindApplication(android.app.ActivityThread$AppBindData) (ActivityThread.java:5474)
06-11 10:22:02.420 17458 17458 I art     :   at void android.app.ActivityThread.-wrap2(android.app.ActivityThread, android.app.ActivityThread$AppBindData) (ActivityThread.java:-1)
06-11 10:22:02.420 17458 17458 I art     :   at void android.app.ActivityThread$H.handleMessage(android.os.Message) (ActivityThread.java:1550)
06-11 10:22:02.420 17458 17458 I art     :   at void android.os.Handler.dispatchMessage(android.os.Message) (Handler.java:102)
06-11 10:22:02.420 17458 17458 I art     :   at void android.os.Looper.loop() (Looper.java:154)
06-11 10:22:02.420 17458 17458 I art     :   at void android.app.ActivityThread.main(java.lang.String[]) (ActivityThread.java:6190)
06-11 10:22:02.420 17458 17458 I art     :   at java.lang.Object java.lang.reflect.Method.invoke!(java.lang.Object, java.lang.Object[]) (Method.java:-2)
06-11 10:22:02.420 17458 17458 I art     :   at void com.android.internal.os.ZygoteInit$MethodAndArgsCaller.run() (ZygoteInit.java:892)
06-11 10:22:02.420 17458 17458 I art     :   at void com.android.internal.os.ZygoteInit.main(java.lang.String[]) (ZygoteInit.java:782)
06-11 10:22:02.420 17458 17458 I art     : 
06-11 10:22:02.422 17458 17458 I art     : Rejecting re-init on previously-failed class java.lang.Class<j$.nio.file.attribute.r>: java.lang.NoClassDefFoundError: Failed resolution of: Ljava/nio/file/attribute/FileAttribute;
06-11 10:22:02.422 17458 17458 I art     :   at long j$.desugar.sun.nio.fs.g.v(long, long) (r8-map-id-53e39ebd2b8e1da6017e57ed7acab68adfd0d540c288b358f352eb7539f01c7c:1)
06-11 10:22:02.422 17458 17458 I art     :   at j$.time.Instant j$.time.Instant.ofEpochSecond(long, long) (r8-map-id-53e39ebd2b8e1da6017e57ed7acab68adfd0d540c288b358f352eb7539f01c7c:4)
06-11 10:22:02.422 17458 17458 I art     :   at void j$.time.Instant.<clinit>() (r8-map-id-53e39ebd2b8e1da6017e57ed7acab68adfd0d540c288b358f352eb7539f01c7c:16)
06-11 10:22:02.422 17458 17458 I art     :   at j$.time.Instant j$.time.Instant.now() (r8-map-id-53e39ebd2b8e1da6017e57ed7acab68adfd0d540c288b358f352eb7539f01c7c:1)
06-11 10:22:02.422 17458 17458 I art     :   at java.lang.String bbnn.os() (PG:12)
06-11 10:22:02.422 17458 17458 I art     :   at bbnm bbnm.a() (PG:1)
06-11 10:22:02.422 17458 17458 I art     :   at void psx.k() (PG:47)
06-11 10:22:02.422 17458 17458 I art     :   at void psx.onCreate() (PG:23)
06-11 10:22:02.422 17458 17458 I art     :   at void android.app.Instrumentation.callApplicationOnCreate(android.app.Application) (Instrumentation.java:1024)
06-11 10:22:02.422 17458 17458 I art     :   at void android.app.ActivityThread.handleBindApplication(android.app.ActivityThread$AppBindData) (ActivityThread.java:5474)
06-11 10:22:02.422 17458 17458 I art     :   at void android.app.ActivityThread.-wrap2(android.app.ActivityThread, android.app.ActivityThread$AppBindData) (ActivityThread.java:-1)
06-11 10:22:02.422 17458 17458 I art     :   at void android.app.ActivityThread$H.handleMessage(android.os.Message) (ActivityThread.java:1550)
06-11 10:22:02.422 17458 17458 I art     :   at void android.os.Handler.dispatchMessage(android.os.Message) (Handler.java:102)
06-11 10:22:02.422 17458 17458 I art     :   at void android.os.Looper.loop() (Looper.java:154)
06-11 10:22:02.422 17458 17458 I art     :   at void android.app.ActivityThread.main(java.lang.String[]) (ActivityThread.java:6190)
06-11 10:22:02.422 17458 17458 I art     :   at java.lang.Object java.lang.reflect.Method.invoke!(java.lang.Object, java.lang.Object[]) (Method.java:-2)
06-11 10:22:02.422 17458 17458 I art     :   at void com.android.internal.os.ZygoteInit$MethodAndArgsCaller.run() (ZygoteInit.java:892)
06-11 10:22:02.422 17458 17458 I art     :   at void com.android.internal.os.ZygoteInit.main(java.lang.String[]) (ZygoteInit.java:782)
06-11 10:22:02.422 17458 17458 I art     : Caused by: java.lang.ClassNotFoundException: Didn't find class "java.nio.file.attribute.FileAttribute" on path: DexPathList[[zip file "/data/app/com.android.vending-1/base.apk", zip file "/data/app/com.android.vending-1/split_config.en.apk", zip file "/data/app/com.android.vending-1/split_config.x86.apk"],nativeLibraryDirectories=[/data/app/com.android.vending-1/lib/x86, /data/app/com.android.vending-1/base.apk!/lib/x86, /data/app/com.android.vending-1/split_config.en.apk!/lib/x86, /data/app/com.android.vending-1/split_config.x86.apk!/lib/x86, /system/lib, /vendor/lib]]
06-11 10:22:02.422 17458 17458 I art     :   at java.lang.Class dalvik.system.BaseDexClassLoader.findClass(java.lang.String) (BaseDexClassLoader.java:56)
06-11 10:22:02.422 17458 17458 I art     :   at java.lang.Class java.lang.ClassLoader.loadClass(java.lang.String, boolean) (ClassLoader.java:380)
06-11 10:22:02.422 17458 17458 I art     :   at java.lang.Class java.lang.ClassLoader.loadClass(java.lang.String) (ClassLoader.java:312)
06-11 10:22:02.422 17458 17458 I art     :   at long j$.desugar.sun.nio.fs.g.v(long, long) (r8-map-id-53e39ebd2b8e1da6017e57ed7acab68adfd0d540c288b358f352eb7539f01c7c:1)
06-11 10:22:02.422 17458 17458 I art     :   at j$.time.Instant j$.time.Instant.ofEpochSecond(long, long) (r8-map-id-53e39ebd2b8e1da6017e57ed7acab68adfd0d540c288b358f352eb7539f01c7c:4)
06-11 10:22:02.422 17458 17458 I art     :   at void j$.time.Instant.<clinit>() (r8-map-id-53e39ebd2b8e1da6017e57ed7acab68adfd0d540c288b358f352eb7539f01c7c:16)
06-11 10:22:02.422 17458 17458 I art     :   at j$.time.Instant j$.time.Instant.now() (r8-map-id-53e39ebd2b8e1da6017e57ed7acab68adfd0d540c288b358f352eb7539f01c7c:1)
06-11 10:22:02.422 17458 17458 I art     :   at java.lang.String bbnn.os() (PG:12)
06-11 10:22:02.422 17458 17458 I art     :   at bbnm bbnm.a() (PG:1)
06-11 10:22:02.422 17458 17458 I art     :   at void psx.k() (PG:47)
06-11 10:22:02.422 17458 17458 I art     :   at void psx.onCreate() (PG:23)
06-11 10:22:02.423 17458 17458 I art     :   at void android.app.Instrumentation.callApplicationOnCreate(android.app.Application) (Instrumentation.java:1024)
06-11 10:22:02.423 17458 17458 I art     :   at void android.app.ActivityThread.handleBindApplication(android.app.ActivityThread$AppBindData) (ActivityThread.java:5474)
06-11 10:22:02.423 17458 17458 I art     :   at void android.app.ActivityThread.-wrap2(android.app.ActivityThread, android.app.ActivityThread$AppBindData) (ActivityThread.java:-1)
06-11 10:22:02.423 17458 17458 I art     :   at void android.app.ActivityThread$H.handleMessage(android.os.Message) (ActivityThread.java:1550)
06-11 10:22:02.423 17458 17458 I art     :   at void android.os.Handler.dispatchMessage(android.os.Message) (Handler.java:102)
06-11 10:22:02.423 17458 17458 I art     :   at void android.os.Looper.loop() (Looper.java:154)
06-11 10:22:02.423 17458 17458 I art     :   at void android.app.ActivityThread.main(java.lang.String[]) (ActivityThread.java:6190)
06-11 10:22:02.423 17458 17458 I art     :   at java.lang.Object java.lang.reflect.Method.invoke!(java.lang.Object, java.lang.Object[]) (Method.java:-2)
06-11 10:22:02.423 17458 17458 I art     :   at void com.android.internal.os.ZygoteInit$MethodAndArgsCaller.run() (ZygoteInit.java:892)
06-11 10:22:02.423 17458 17458 I art     :   at void com.android.internal.os.ZygoteInit.main(java.lang.String[]) (ZygoteInit.java:782)
06-11 10:22:02.423 17458 17458 I art     : 
06-11 10:22:02.438 17458 17458 I Finsky:background: [1] Process created at version: 51.6.24-24 [0] [PR] 922996236
06-11 10:22:02.454 17500 17500 D FlurryAgent: Initializing Flurry session
06-11 10:22:02.456 17500 17500 D FlurryAgent: New session
06-11 10:22:02.457 17500 17500 I AppsFlyer_1.17: Start tracking package: com.anansimobile.city_ar
06-11 10:22:02.462 17500 17565 I AppsFlyer_1.17-162522462: ******* sendTrackingWithEvent: Launch
06-11 10:22:02.466 17500 17500 V libnb   : enter native_bridge2_getTrampoline Java_com_anansimobile_nge_RootActivity_onGameResume, trampoline_addr 0xb91baf8c
06-11 10:22:02.469 17500 17565 E ActivityThread: Failed to find provider info for com.facebook.katana.provider.AttributionIdProvider
06-11 10:22:02.471 17500 17565 I AppsFlyer_1.17: WARNING:READ_PHONE_STATE is missing
06-11 10:22:02.497 17500 17556 I FlurryAgent: Agent cache file doesn't exist.
06-11 10:22:02.502 17500 17556 D FlurryAgent: generating agent report
06-11 10:22:02.504 17500 17556 I FlurryAgent: getting push token.
06-11 10:22:02.506 17500 17556 D FlurryAgent: generated report of size 284 with 0 reports.
06-11 10:22:02.507 17500 17556 I FlurryDataSenderBlockInfo: Writing FlurryDataSenderBlockInfo: /data/user/0/com.anansimobile.city_ar/files/.flurrydatasenderblock.f3a68108-28db-4af5-8df1-3e4b555c98d3
06-11 10:22:02.508 17500 17556 I FlurryDataSender: Number of not sent blocks = 1
06-11 10:22:02.508 17500 17556 I FlurryDataSenderBlockInfo: Reading FlurryDataSenderBlockInfo: /data/user/0/com.anansimobile.city_ar/files/.flurrydatasenderblock.f3a68108-28db-4af5-8df1-3e4b555c98d3
06-11 10:22:02.508 17500 17556 I FlurryDataSender: FlurryDataSender: start upload data with id = f3a68108-28db-4af5-8df1-3e4b555c98d3 to http://data.flurry.com/aap.do
06-11 10:22:02.509 17500 17556 D FlurryAgent: Done sending initial agent report
06-11 10:22:02.517 17500 17500 I HostConnection: HostConnection::HostConnection: pid=17500, tid=17500, this=0xb6f2cfc0
06-11 10:22:02.520 17500 17500 I         : fastpipe: Connect success
06-11 10:22:02.521 17500 17500 D HostConnection: HostRPC::connect sucess: app=com.anansimobile.city_ar, pid=17500, tid=17500, this=0xa6a42600
06-11 10:22:02.528 17500 17568 I FlurryDataSenderIndex: write iter 0 dataLength = 36
06-11 10:22:02.531 17500 17500 E HostConnection: /data/local/cfg-znz/gl_force format error! com.tencent.tmgp.trssj 5 
06-11 10:22:02.531 17500 17500 E HostConnection: /data/local/cfg-znz/gl_force format error! com.huiqi.mrby gl
06-11 10:22:02.531 17500 17500 E HostConnection: /data/local/cfg-znz/gl_force format error! aos.playpark.ygc gl
06-11 10:22:02.531 17500 17500 D HostConnection: queryAndSetGLESMaxVersion select gles-version: 3.1 hostGLVersion:46 process:com.anansimobile.city_ar
06-11 10:22:02.533 17500 17500 I         : fastpipe: Connect success
06-11 10:22:02.534 17500 17500 D HostConnection: recv ProcessPuidReply name=com.anansimobile.city_ar puid=63 g_u64CapsFlag=1d
06-11 10:22:02.553 17500 17500 D native_project_lib: [root_service_log] RootService Created!~
06-11 10:22:02.554 17500 17500 D native_project_lib: [root_service_log] RootService Start!~
06-11 10:22:02.616 17500 17521 D GraphRequest: Warning: Request without access token missing application ID or client token.
06-11 10:22:02.634 17500 17567 I HostConnection: HostConnection::HostConnection: pid=17500, tid=17567, this=0xb6e6b600
06-11 10:22:02.636 17500 17567 I         : fastpipe: Connect success
06-11 10:22:02.637 17500 17567 D HostConnection: HostRPC::connect sucess: app=com.anansimobile.city_ar, pid=17500, tid=17567, this=0xa6a6a480
06-11 10:22:02.638 17500 17567 D HostConnection: queryAndSetGLESMaxVersion select gles-version: 3.1 hostGLVersion:46 process:com.anansimobile.city_ar
06-11 10:22:02.640 17500 17567 I OpenGLRenderer: Initialized EGL, version 1.4
06-11 10:22:02.641 17500 17567 D OpenGLRenderer: Swap behavior 1
06-11 10:22:02.641 17500 17538 I HostConnection: HostConnection::HostConnection: pid=17500, tid=17538, this=0xa6a5e940
06-11 10:22:02.641 17500 17567 I EGL_adreno: eglCreateContext request GLES major-version=2
06-11 10:22:02.643 17500 17538 I         : fastpipe: Connect success
06-11 10:22:02.643 17500 17538 D HostConnection: HostRPC::connect sucess: app=com.anansimobile.city_ar, pid=17500, tid=17538, this=0xa6c825c0
06-11 10:22:02.644 17500 17538 D HostConnection: queryAndSetGLESMaxVersion select gles-version: 3.1 hostGLVersion:46 process:com.anansimobile.city_ar
06-11 10:22:02.663 17500 17567 D EGL_adreno: eglCreateContext: 0xc7c08da0: maj 3 min 1 rcv 4
06-11 10:22:02.682 17500 17538 D EGL_adreno: eglCreateContext: 0xc7c07d80: maj 1 min 0 rcv 1
06-11 10:22:02.693 17500 17567 D EGL_adreno: eglMakeCurrent: 0xc7c08da0: ver 3 1 (tinfo 0xc787f120)
06-11 10:22:02.698 17500 17567 D HostConnection: ExtendedRCEncoderContext GL_VERSION return OpenGL ES 3.1
06-11 10:22:02.723 17500 17538 D EGL_adreno: eglMakeCurrent: 0xc7c07d80: ver 1 0 (tinfo 0xc7d0f950)
06-11 10:22:02.727 17500 17538 V libnb   : enter native_bridge2_getTrampoline Java_com_anansimobile_nge_NDKRenderer_nativeInit, trampoline_addr 0xb91baf54
06-11 10:22:02.741 17500 17538 V libnb   : enter native_bridge2_getTrampoline Java_com_anansimobile_nge_NDKRenderer_nativeResize, trampoline_addr 0xb91baf1c
06-11 10:22:02.743 17500 17567 E EGL_adreno: tid 17567: eglSurfaceAttrib(1338): error 0x3009 (EGL_BAD_MATCH)
06-11 10:22:02.743 17500 17567 W OpenGLRenderer: Failed to set EGL_SWAP_BEHAVIOR on surface 0xb8f83fa0, error=EGL_BAD_MATCH
06-11 10:22:02.828 17458 17458 I Finsky:background: [1] [BGP] Initializing early flags...
06-11 10:22:02.828 17458 17458 I Finsky:background: [1] [BGP] Initializing Gservices...
06-11 10:22:02.845  1758 17499 I FA      : Application backgrounded at: timestamp_millis: 1781162520840
06-11 10:22:02.865 17458 17458 I Finsky:background: [1] [BGP] Initializing flags...
06-11 10:22:03.000 17500 17538 V libnb   : enter native_bridge2_getTrampoline Java_com_anansimobile_nge_NextGenEngine_bitmapDataDidLoad, trampoline_addr 0xb91baee4
06-11 10:22:03.242 17458 17458 I Finsky:background: [1] Finished reading experiment flags from file [0tGUNCGIkbk4o6-fQ335kUYSKwVj4lusnHT-A5Dsy08] numFlags=2258.
06-11 10:22:03.345 17500 17538 V libnb   : enter native_bridge2_getTrampoline Java_com_anansimobile_nge_NDKRenderer_nativeRender, trampoline_addr 0xb91baeac
06-11 10:22:03.422 17500 17500 I Choreographer: Skipped 50 frames!  The application may be doing too much work on its main thread.
06-11 10:22:03.552 17500 17538 I engine  : [LoadingMnger] do step:1
06-11 10:22:03.553 17500 17567 D EGL_adreno: eglMakeCurrent: 0xc7c08da0: ver 3 1 (tinfo 0xc787f120)
06-11 10:22:03.585  1302  1310 I art     : Background partial concurrent mark sweep GC freed 20418(936KB) AllocSpace objects, 17(340KB) LOS objects, 33% free, 9MB/14MB, paused 901us total 107.338ms
06-11 10:22:03.631 17500 17522 W System.err: java.net.UnknownHostException: Unable to resolve host "data.flurry.com": No address associated with hostname
06-11 10:22:03.643 17458 17458 I Finsky:background: [1] Finished reading experiment flags from file [Se-xCc4LzNyh3UrKMIU2sUf-PUKz4oQEbpKZDMuaFno] numFlags=2016.
06-11 10:22:03.652 17500 17522 W System.err: 	at java.net.Inet6AddressImpl.lookupHostByName(Inet6AddressImpl.java:125)
06-11 10:22:03.652 17500 17522 W System.err: 	at java.net.Inet6AddressImpl.lookupAllHostAddr(Inet6AddressImpl.java:74)
06-11 10:22:03.652 17500 17522 W System.err: 	at java.net.InetAddress.getAllByName(InetAddress.java:752)
06-11 10:22:03.658 17500 17519 D GraphRequest: Warning: Request without access token missing application ID or client token.
06-11 10:22:03.661 17500 17522 W System.err: 	at org.apache.http.impl.conn.DefaultClientConnectionOperator.openConnection(DefaultClientConnectionOperator.java:142)
06-11 10:22:03.661 17500 17522 W System.err: 	at org.apache.http.impl.conn.AbstractPoolEntry.open(AbstractPoolEntry.java:169)
06-11 10:22:03.661 17500 17522 W System.err: 	at org.apache.http.impl.conn.AbstractPooledConnAdapter.open(AbstractPooledConnAdapter.java:124)
06-11 10:22:03.661 17500 17522 W System.err: 	at org.apache.http.impl.client.DefaultRequestDirector.execute(DefaultRequestDirector.java:366)
06-11 10:22:03.661 17500 17522 W System.err: 	at org.apache.http.impl.client.AbstractHttpClient.execute(AbstractHttpClient.java:560)
06-11 10:22:03.661 17500 17522 W System.err: 	at org.apache.http.impl.client.AbstractHttpClient.execute(AbstractHttpClient.java:492)
06-11 10:22:03.661 17500 17522 W System.err: 	at org.apache.http.impl.client.AbstractHttpClient.execute(AbstractHttpClient.java:470)
06-11 10:22:03.661 17500 17522 W System.err: 	at com.flurry.android.FlurryDataSenderAsyncOperation.doInBackground(SourceFile:50)
06-11 10:22:03.661 17500 17522 W System.err: 	at com.flurry.android.FlurryDataSenderAsyncOperation.doInBackground(SourceFile:17)
06-11 10:22:03.661 17500 17522 W System.err: 	at android.os.AsyncTask$2.call(AsyncTask.java:305)
06-11 10:22:03.662 17500 17522 W System.err: 	at java.util.concurrent.FutureTask.run(FutureTask.java:237)
06-11 10:22:03.662 17500 17522 W System.err: 	at android.os.AsyncTask$SerialExecutor$1.run(AsyncTask.java:243)
06-11 10:22:03.662 17500 17522 W System.err: 	at java.util.concurrent.ThreadPoolExecutor.runWorker(ThreadPoolExecutor.java:1133)
06-11 10:22:03.662 17500 17522 W System.err: 	at java.util.concurrent.ThreadPoolExecutor$Worker.run(ThreadPoolExecutor.java:607)
06-11 10:22:03.662 17500 17522 W System.err: 	at java.lang.Thread.run(Thread.java:761)
06-11 10:22:03.662 17500 17522 W System.err: Caused by: android.system.GaiException: android_getaddrinfo failed: EAI_NODATA (No address associated with hostname)
06-11 10:22:03.674 17500 17522 W System.err: 	at libcore.io.Posix.android_getaddrinfo(Native Method)
06-11 10:22:03.674 17500 17522 W System.err: 	at libcore.io.ForwardingOs.android_getaddrinfo(ForwardingOs.java:55)
06-11 10:22:03.674 17500 17522 W System.err: 	at java.net.Inet6AddressImpl.lookupHostByName(Inet6AddressImpl.java:106)
06-11 10:22:03.674 17500 17522 W System.err: 	... 17 more
06-11 10:22:03.701  1302  1323 I ActivityManager: Displayed com.anansimobile.city_ar/.Main: +2s934ms
06-11 10:22:03.704 17500 17500 E FlurryDataSender: --onServerError f3a68108-28db-4af5-8df1-3e4b555c98d3
06-11 10:22:03.813 17458 17458 I Finsky:background: [1] [BGP] Initializing crash detector...
06-11 10:22:04.200 17458 17469 W art     : Suspending all threads took: 5.560ms
06-11 10:22:04.326 17458 17582 W art     : Verification of void aznx.Q(azzg, axdz, azch, gvt, gbx, int) took 137.644ms
06-11 10:22:04.327 17458 17458 W art     : Verification of akee aket.s(android.content.pm.PackageInfo) took 160.071ms
06-11 10:22:04.486 17458 17458 I Finsky:background: [1] This process start was not selected for Play memory metrics collection.
06-11 10:22:04.815 17458 17587 I Finsky:background: [449] RECEIVER_ENGAGE_PACKAGE_CHANGED#logWorkEndAndFinishGoAsync: TIMEOUT_BLOCKING_RECEIVER_WATCHER
06-11 10:22:05.036  1735  1735 W ContextImpl: Calling a method in the system process without a qualified user: android.app.ContextImpl.startService:1358 android.content.ContextWrapper.startService:613 android.content.ContextWrapper.startService:613 com.android.coreservice.CoreBroadcastReceiver.onReceive:53 android.app.ActivityThread.handleReceiver:3073 
06-11 10:22:05.056  1716 17595 I Fitness : (REDACTED) FitCleanupIntentOperation received Intent %s
06-11 10:22:05.179  1735  1735 W ContextImpl: Calling a method in the system process without a qualified user: android.app.ContextImpl.startService:1358 android.content.ContextWrapper.startService:613 android.content.ContextWrapper.startService:613 com.android.coreservice.CoreBroadcastReceiver.onReceive:53 android.app.ActivityThread.handleReceiver:3073 
06-11 10:22:05.184  1735  1735 W ContextImpl: Calling a method in the system process without a qualified user: android.app.ContextImpl.startService:1358 android.content.ContextWrapper.startService:613 android.content.ContextWrapper.startService:613 com.android.coreservice.CoreBroadcastReceiver.onReceive:44 android.app.ActivityThread.handleReceiver:3073 
06-11 10:22:05.193  1735  1735 W ContextImpl: Calling a method in the system process without a qualified user: android.app.ContextImpl.startService:1358 android.content.ContextWrapper.startService:613 android.content.ContextWrapper.startService:613 com.android.coreservice.CoreBroadcastReceiver.onReceive:53 android.app.ActivityThread.handleReceiver:3073 
06-11 10:22:05.200 11067 17597 I Blockstore: [PackageIntentOperation] Checking the restore timespan. [CONTEXT service_id=258 ]
06-11 10:22:05.202  1735  1735 W ContextImpl: Calling a method in the system process without a qualified user: android.app.ContextImpl.startService:1358 android.content.ContextWrapper.startService:613 android.content.ContextWrapper.startService:613 com.android.coreservice.CoreBroadcastReceiver.onReceive:53 android.app.ActivityThread.handleReceiver:3073 
06-11 10:22:05.205 11067 17591 I AppBackupStateCleanupIO: Backup state cleanup on uninstall is disabled. [CONTEXT service_id=229 ]
06-11 10:22:05.214  1735  1735 W ContextImpl: Calling a method in the system process without a qualified user: android.app.ContextImpl.startService:1358 android.content.ContextWrapper.startService:613 android.content.ContextWrapper.startService:613 com.android.coreservice.CoreBroadcastReceiver.onReceive:53 android.app.ActivityThread.handleReceiver:3073 
06-11 10:22:05.220  1735  1735 W ContextImpl: Calling a method in the system process without a qualified user: android.app.ContextImpl.startService:1358 android.content.ContextWrapper.startService:613 android.content.ContextWrapper.startService:613 com.android.coreservice.CoreBroadcastReceiver.onReceive:69 android.app.ActivityThread.handleReceiver:3073 
06-11 10:22:05.228 11067 11067 D BoundBrokerSvc: onBind: Intent { act=com.google.android.gms.backup.GMS_MODULE_RESTORE dat=chimera-action: cmp=com.google.android.gms/.chimera.GmsInternalBoundBrokerService }
06-11 10:22:05.228 11067 11067 D BoundBrokerSvc: Loading bound service for intent: Intent { act=com.google.android.gms.backup.GMS_MODULE_RESTORE dat=chimera-action: cmp=com.google.android.gms/.chimera.GmsInternalBoundBrokerService }
06-11 10:22:05.234 11067 17591 I NearbyDiscovery: (REDACTED) processGrantSlicePermission: %s
06-11 10:22:05.240  1735  1735 W ContextImpl: Calling a method in the system process without a qualified user: android.app.ContextImpl.startService:1358 android.content.ContextWrapper.startService:613 android.content.ContextWrapper.startService:613 com.android.coreservice.CoreBroadcastReceiver.onReceive:69 android.app.ActivityThread.handleReceiver:3073 
06-11 10:22:05.325 11067 11101 I AndroidBackupEventsLogg: (REDACTED) Logging without sampling %s
06-11 10:22:05.351 11067 17597 I Blockstore: [PackageIntentOperation] Received broadcast before a restore was started. [CONTEXT service_id=258 ]
06-11 10:22:05.504 17458 17584 I Finsky:background: [446] RECEIVER_ENGAGE_PACKAGE_CHANGED#logWorkEndAndFinishGoAsync: SUCCESS
06-11 10:22:05.548 11067 11101 I Icing   : doRemovePackageData com.anansimobile.city_ar
06-11 10:22:05.551 17458 17603 W art     : Before Android 4.1, method double java.util.concurrent.ThreadLocalRandom.internalNextDouble(double, double) would have incorrectly overridden the package-private method in java.util.Random
06-11 10:22:05.551 17458 17603 W art     : Before Android 4.1, method int java.util.concurrent.ThreadLocalRandom.internalNextInt(int, int) would have incorrectly overridden the package-private method in java.util.Random
06-11 10:22:05.551 17458 17603 W art     : Before Android 4.1, method long java.util.concurrent.ThreadLocalRandom.internalNextLong(long, long) would have incorrectly overridden the package-private method in java.util.Random
06-11 10:22:05.704 17458 17603 W Settings: Setting download_manager_max_bytes_over_mobile has moved from android.provider.Settings.Secure to android.provider.Settings.Global.
06-11 10:22:05.708 17458 17603 I Finsky:background: [453] SettingNotFoundException, fall through to G.downloadBytesOverMobileMaximum
06-11 10:22:05.708 17458 17603 W Settings: Setting download_manager_recommended_max_bytes_over_mobile has moved from android.provider.Settings.Secure to android.provider.Settings.Global.
06-11 10:22:05.709 17458 17603 I Finsky:background: [453] SettingNotFoundException, fall through to G.downloadBytesOverMobileRecommended
06-11 10:22:05.725 17458 17603 I Finsky:background: [453] registerListener
06-11 10:22:05.734 17458 17603 I Finsky:background: [453] DFS: Listener added for svy@7100643
06-11 10:22:05.735 17458 17603 I Finsky:background: [453] registerListener
06-11 10:22:05.768 17458 17603 I Finsky:background: [453] registerListener
06-11 10:22:05.768 17458 17603 I Finsky:background: [453] DFS: Listener added for aopg@e43b4a
06-11 10:22:05.957 17458 17603 I Finsky:background: [453] IV2: IQv2 is disabled. Recovering all active installs: []
06-11 10:22:06.186 17540 17540 W ResourceType: ResTable_typeSpec entry count inconsistent: given 222, previously 256
06-11 10:22:06.186 17540 17540 W ResourceType: ResTable_typeSpec entry count inconsistent: given 6203, previously 6204
06-11 10:22:06.278  1302  1840 D ConnectivityService: requestNetwork for uid/pid:10024/17458 NetworkRequest [ TRACK_DEFAULT id=42, [ Capabilities: INTERNET&NOT_RESTRICTED&TRUSTED&NOT_VPN] ]
06-11 10:22:06.280  1302  1376 D Ethernet: got request NetworkRequest [ TRACK_DEFAULT id=42, [ Capabilities: INTERNET&NOT_RESTRICTED&TRUSTED&NOT_VPN] ] with score 60
06-11 10:22:06.281  1302  1358 D WIFI    : got request NetworkRequest [ TRACK_DEFAULT id=42, [ Capabilities: INTERNET&NOT_RESTRICTED&TRUSTED&NOT_VPN] ] with score 60
06-11 10:22:06.281  1302  1358 D WIFI_UT : got request NetworkRequest [ TRACK_DEFAULT id=42, [ Capabilities: INTERNET&NOT_RESTRICTED&TRUSTED&NOT_VPN] ] with score 60
06-11 10:22:06.285  1516  1516 D PhoneSwitcherNetworkRequstListener: got request NetworkRequest [ TRACK_DEFAULT id=42, [ Capabilities: INTERNET&NOT_RESTRICTED&TRUSTED&NOT_VPN] ] with score 60
06-11 10:22:06.304 17458 17582 I Finsky:background: [444] IQ: start evaluating install requests.
06-11 10:22:06.307 17458 17582 I Finsky:background: [444] IQ: no jobs active. Skipping
06-11 10:22:06.381 17458 17463 I art     : Do partial code cache collection, code=24KB, data=17KB
06-11 10:22:06.382 17458 17463 I art     : After code cache collection, code=24KB, data=17KB
06-11 10:22:06.382 17458 17463 I art     : Increasing code cache capacity to 128KB
06-11 10:22:06.457 17458 17469 W art     : Suspending all threads took: 5.543ms
06-11 10:22:06.484 17458 17610 I Finsky:background: [458] IQ: Pruning inactive install requests
06-11 10:22:06.524 17458 17582 I Finsky:background: [444] IQ: 0 scheduled install statuses found to proceed. 
06-11 10:22:06.616 17540 17540 I art     : Rejecting re-init on previously-failed class java.lang.Class<j$.nio.file.d>: java.lang.NoClassDefFoundError: Failed resolution of: Ljava/nio/file/CopyOption;
06-11 10:22:06.616 17540 17540 I art     :   at long j$.desugar.sun.nio.fs.g.v(long, long) (r8-map-id-53e39ebd2b8e1da6017e57ed7acab68adfd0d540c288b358f352eb7539f01c7c:1)
06-11 10:22:06.616 17540 17540 I art     :   at j$.time.Instant j$.time.Instant.ofEpochSecond(long, long) (r8-map-id-53e39ebd2b8e1da6017e57ed7acab68adfd0d540c288b358f352eb7539f01c7c:4)
06-11 10:22:06.616 17540 17540 I art     :   at void j$.time.Instant.<clinit>() (r8-map-id-53e39ebd2b8e1da6017e57ed7acab68adfd0d540c288b358f352eb7539f01c7c:16)
06-11 10:22:06.616 17540 17540 I art     :   at j$.time.Instant j$.time.Instant.now() (r8-map-id-53e39ebd2b8e1da6017e57ed7acab68adfd0d540c288b358f352eb7539f01c7c:1)
06-11 10:22:06.616 17540 17540 I art     :   at java.lang.String bbnn.os() (PG:12)
06-11 10:22:06.616 17540 17540 I art     :   at bbnm bbnm.a() (PG:1)
06-11 10:22:06.616 17540 17540 I art     :   at void psx.k() (PG:47)
06-11 10:22:06.616 17540 17540 I art     :   at void psx.onCreate() (PG:23)
06-11 10:22:06.616 17540 17540 I art     :   at void android.app.Instrumentation.callApplicationOnCreate(android.app.Application) (Instrumentation.java:1024)
06-11 10:22:06.616 17540 17540 I art     :   at void android.app.ActivityThread.handleBindApplication(android.app.ActivityThread$AppBindData) (ActivityThread.java:5474)
06-11 10:22:06.616 17540 17540 I art     :   at void android.app.ActivityThread.-wrap2(android.app.ActivityThread, android.app.ActivityThread$AppBindData) (ActivityThread.java:-1)
06-11 10:22:06.616 17540 17540 I art     :   at void android.app.ActivityThread$H.handleMessage(android.os.Message) (ActivityThread.java:1550)
06-11 10:22:06.616 17540 17540 I art     :   at void android.os.Handler.dispatchMessage(android.os.Message) (Handler.java:102)
06-11 10:22:06.616 17540 17540 I art     :   at void android.os.Looper.loop() (Looper.java:154)
06-11 10:22:06.616 17540 17540 I art     :   at void android.app.ActivityThread.main(java.lang.String[]) (ActivityThread.java:6190)
06-11 10:22:06.616 17540 17540 I art     :   at java.lang.Object java.lang.reflect.Method.invoke!(java.lang.Object, java.lang.Object[]) (Method.java:-2)
06-11 10:22:06.616 17540 17540 I art     :   at void com.android.internal.os.ZygoteInit$MethodAndArgsCaller.run() (ZygoteInit.java:892)
06-11 10:22:06.616 17540 17540 I art     :   at void com.android.internal.os.ZygoteInit.main(java.lang.String[]) (ZygoteInit.java:782)
06-11 10:22:06.616 17540 17540 I art     : Caused by: java.lang.ClassNotFoundException: Didn't find class "java.nio.file.CopyOption" on path: DexPathList[[zip file "/data/app/com.android.vending-1/base.apk", zip file "/data/app/com.android.vending-1/split_config.en.apk", zip file "/data/app/com.android.vending-1/split_config.x86.apk"],nativeLibraryDirectories=[/data/app/com.android.vending-1/lib/x86, /data/app/com.android.vending-1/base.apk!/lib/x86, /data/app/com.android.vending-1/split_config.en.apk!/lib/x86, /data/app/com.android.vending-1/split_config.x86.apk!/lib/x86, /system/lib, /vendor/lib]]
06-11 10:22:06.616 17540 17540 I art     :   at java.lang.Class dalvik.system.BaseDexClassLoader.findClass(java.lang.String) (BaseDexClassLoader.java:56)
06-11 10:22:06.616 17540 17540 I art     :   at java.lang.Class java.lang.ClassLoader.loadClass(java.lang.String, boolean) (ClassLoader.java:380)
06-11 10:22:06.616 17540 17540 I art     :   at java.lang.Class java.lang.ClassLoader.loadClass(java.lang.String) (ClassLoader.java:312)
06-11 10:22:06.616 17540 17540 I art     :   at long j$.desugar.sun.nio.fs.g.v(long, long) (r8-map-id-53e39ebd2b8e1da6017e57ed7acab68adfd0d540c288b358f352eb7539f01c7c:1)
06-11 10:22:06.616 17540 17540 I art     :   at j$.time.Instant j$.time.Instant.ofEpochSecond(long, long) (r8-map-id-53e39ebd2b8e1da6017e57ed7acab68adfd0d540c288b358f352eb7539f01c7c:4)
06-11 10:22:06.616 17540 17540 I art     :   at void j$.time.Instant.<clinit>() (r8-map-id-53e39ebd2b8e1da6017e57ed7acab68adfd0d540c288b358f352eb7539f01c7c:16)
06-11 10:22:06.616 17540 17540 I art     :   at j$.time.Instant j$.time.Instant.now() (r8-map-id-53e39ebd2b8e1da6017e57ed7acab68adfd0d540c288b358f352eb7539f01c7c:1)
06-11 10:22:06.616 17540 17540 I art     :   at java.lang.String bbnn.os() (PG:12)
06-11 10:22:06.616 17540 17540 I art     :   at bbnm bbnm.a() (PG:1)
06-11 10:22:06.616 17540 17540 I art     :   at void psx.k() (PG:47)
06-11 10:22:06.616 17540 17540 I art     :   at void psx.onCreate() (PG:23)
06-11 10:22:06.616 17540 17540 I art     :   at void android.app.Instrumentation.callApplicationOnCreate(android.app.Application) (Instrumentation.java:1024)
06-11 10:22:06.616 17540 17540 I art     :   at void android.app.ActivityThread.handleBindApplication(android.app.ActivityThread$AppBindData) (ActivityThread.java:5474)
06-11 10:22:06.616 17540 17540 I art     :   at void android.app.ActivityThread.-wrap2(android.app.ActivityThread, android.app.ActivityThread$AppBindData) (ActivityThread.java:-1)
06-11 10:22:06.616 17540 17540 I art     :   at void android.app.ActivityThread$H.handleMessage(android.os.Message) (ActivityThread.java:1550)
06-11 10:22:06.616 17540 17540 I art     :   at void android.os.Handler.dispatchMessage(android.os.Message) (Handler.java:102)
06-11 10:22:06.616 17540 17540 I art     :   at void android.os.Looper.loop() (Looper.java:154)
06-11 10:22:06.616 17540 17540 I art     :   at void android.app.ActivityThread.main(java.lang.String[]) (ActivityThread.java:6190)
06-11 10:22:06.616 17540 17540 I art     :   at java.lang.Object java.lang.reflect.Method.invoke!(java.lang.Object, java.lang.Object[]) (Method.java:-2)
06-11 10:22:06.616 17540 17540 I art     :   at void com.android.internal.os.ZygoteInit$MethodAndArgsCaller.run() (ZygoteInit.java:892)
06-11 10:22:06.616 17540 17540 I art     :   at void com.android.internal.os.ZygoteInit.main(java.lang.String[]) (ZygoteInit.java:782)
06-11 10:22:06.616 17540 17540 I art     : 
06-11 10:22:06.619 17540 17540 I art     : Rejecting re-init on previously-failed class java.lang.Class<j$.nio.file.attribute.t>: java.lang.NoClassDefFoundError: Failed resolution of: Ljava/nio/file/attribute/FileAttribute;
06-11 10:22:06.620 17540 17540 I art     :   at long j$.desugar.sun.nio.fs.g.v(long, long) (r8-map-id-53e39ebd2b8e1da6017e57ed7acab68adfd0d540c288b358f352eb7539f01c7c:1)
06-11 10:22:06.620 17540 17540 I art     :   at j$.time.Instant j$.time.Instant.ofEpochSecond(long, long) (r8-map-id-53e39ebd2b8e1da6017e57ed7acab68adfd0d540c288b358f352eb7539f01c7c:4)
06-11 10:22:06.620 17540 17540 I art     :   at void j$.time.Instant.<clinit>() (r8-map-id-53e39ebd2b8e1da6017e57ed7acab68adfd0d540c288b358f352eb7539f01c7c:16)
06-11 10:22:06.620 17540 17540 I art     :   at j$.time.Instant j$.time.Instant.now() (r8-map-id-53e39ebd2b8e1da6017e57ed7acab68adfd0d540c288b358f352eb7539f01c7c:1)
06-11 10:22:06.620 17540 17540 I art     :   at java.lang.String bbnn.os() (PG:12)
06-11 10:22:06.620 17540 17540 I art     :   at bbnm bbnm.a() (PG:1)
06-11 10:22:06.620 17540 17540 I art     :   at void psx.k() (PG:47)
06-11 10:22:06.620 17540 17540 I art     :   at void psx.onCreate() (PG:23)
06-11 10:22:06.620 17540 17540 I art     :   at void android.app.Instrumentation.callApplicationOnCreate(android.app.Application) (Instrumentation.java:1024)
06-11 10:22:06.620 17540 17540 I art     :   at void android.app.ActivityThread.handleBindApplication(android.app.ActivityThread$AppBindData) (ActivityThread.java:5474)
