06-11 08:53:29.778  1735  1735 W ContextImpl: Calling a method in the system process without a qualified user: android.app.ContextImpl.startService:1358 android.content.ContextWrapper.startService:613 android.content.ContextWrapper.startService:613 com.android.coreservice.CoreBroadcastReceiver.onReceive:53 android.app.ActivityThread.handleReceiver:3073 
06-11 08:53:30.388 12977 12977 I FirebaseInitProvider: FirebaseApp initialization skipped (Waker patch)
06-11 08:53:30.437 12977 12977 D native_project_lib: [root_service_log] RootService Created!~
06-11 08:53:30.485 12977 12993 D NetworkSecurityConfig: No Network Security Config specified, using platform default
06-11 08:53:30.879 12977 12995 W AnalyticsUserIDStore: initStore should have been called before calling setUserID
06-11 08:53:31.564  1117  1138 D audio_hw_hal: log_func, out_standby
06-11 08:53:31.564  1117  1138 D audio_hw_hal: raw_close_output_stream, dev=0xc6f0a0c0, stream =0xc6f05140
06-11 08:53:31.564  1117  1138 D audio_hw_hal: raw_close_output_stream, stream=0xc6f05140,  success!
06-11 08:53:31.570 13006 13006 I HostConnection: HostConnection::HostConnection: pid=13006, tid=13006, this=0xc7e69200
06-11 08:53:31.572 13006 13006 I         : fastpipe: Connect success
06-11 08:53:31.573 13006 13006 D HostConnection: HostRPC::connect sucess: app=screencap, pid=13006, tid=13006, this=0xc6804740
06-11 08:53:31.574 13006 13006 E HostConnection: /data/local/cfg-znz/gl_force format error! com.tencent.tmgp.trssj 5 
06-11 08:53:31.574 13006 13006 E HostConnection: /data/local/cfg-znz/gl_force format error! com.huiqi.mrby gl
06-11 08:53:31.574 13006 13006 E HostConnection: /data/local/cfg-znz/gl_force format error! aos.playpark.ygc gl
06-11 08:53:31.574 13006 13006 D HostConnection: queryAndSetGLESMaxVersion select gles-version: 3.1 hostGLVersion:46 process:screencap
06-11 08:53:31.576 13006 13006 I         : fastpipe: Connect success
06-11 08:53:31.576 13006 13006 D HostConnection: recv ProcessPuidReply name=screencap puid=47 g_u64CapsFlag=1d
06-11 08:53:31.580  1110  1110 E EGL_adreno: tid 1110: eglCreateSyncKHR(2089): error 0x3004 (EGL_BAD_ATTRIBUTE)
06-11 08:53:32.738 13012 13012 I appproc : exec app_process! cmdline: /system/bin com.android.commands.am.Am broadcast -a android.intent.action.MEDIA_SCANNER_SCAN_FILE -d file:///sdcard/screen4.png 
06-11 08:53:32.738 13012 13012 D AndroidRuntime: >>>>>> START com.android.internal.os.RuntimeInit uid 0 <<<<<<
06-11 08:53:32.743 13012 13012 D AndroidRuntime: CheckJNI is OFF
06-11 08:53:32.812 13012 13012 D ICU     : No timezone override file found: /data/misc/zoneinfo/current/icu/icu_tzdata.dat
06-11 08:53:32.837 13012 13012 D libnativebridge: PreInitializeNativeBridge name=unknown instruction_set=x86
06-11 08:53:32.837 13012 13012 D libnativebridge: call UnloadNativeBridge! state=1
06-11 08:53:32.858 13012 13012 E memtrack: Couldn't load memtrack module (No such file or directory)
06-11 08:53:32.858 13012 13012 E android.os.Debug: failed to load memtrack module: -2
06-11 08:53:32.859 13012 13012 I Radio-JNI: register_android_hardware_Radio DONE
06-11 08:53:32.874 13012 13012 D AndroidRuntime: Calling main entry com.android.commands.am.Am
06-11 08:53:32.885  8246  8246 D MediaScannerReceiver: action: android.intent.action.MEDIA_SCANNER_SCAN_FILE path: /storage/emulated/0/screen4.png
06-11 08:53:32.889 13012 13012 D AndroidRuntime: Shutting down VM
06-11 08:53:32.961 13006 13006 I         : fastpipe: close connect
06-11 08:53:39.013 11067 11067 D BoundBrokerSvc: onUnbind: Intent { act=com.google.android.gms.measurement.START pkg=com.google.android.gms }
06-11 08:53:45.202 12977 12984 I art     : Debugger is no longer active
06-11 08:53:45.202 12977 12984 I art     : Starting a blocking GC Instrumentation
06-11 08:54:00.254 12977 12977 D native_project_lib: [root_service_log] TimeTickReceiver.onReceive()...
06-11 08:54:00.279 12977 12977 D native_project_lib: [root_service_log] saved callback activity class name: com.anansimobile.city_ar.Main
06-11 08:54:00.333  1302  1310 I art     : Background partial concurrent mark sweep GC freed 24023(993KB) AllocSpace objects, 15(300KB) LOS objects, 33% free, 9MB/14MB, paused 1.159ms total 136.289ms
06-11 08:54:54.995  1302  1310 I art     : Background partial concurrent mark sweep GC freed 28429(1143KB) AllocSpace objects, 16(320KB) LOS objects, 33% free, 9MB/14MB, paused 1.824ms total 111.795ms
06-11 08:54:55.083  1716 12209 I AlarmManager: setExactAndAllowWhileIdle [name: GCM_HB_ALARM type: 2 triggerAtMillis: 23368286]
06-11 08:54:55.216  1716 12209 W WakeLock: GCM_HB_ALARM release without a matched acquire! [CONTEXT service_id=259 ]
06-11 08:54:55.294  1302  1310 I art     : Background partial concurrent mark sweep GC freed 22227(1011KB) AllocSpace objects, 22(440KB) LOS objects, 33% free, 9MB/14MB, paused 2.117ms total 115.506ms
06-11 08:54:55.917  1716  1716 D BoundBrokerSvc: onRebind: Intent { act=com.google.android.gms.libs.gmscorelogger.service.START dat=chimera-action: cmp=com.google.android.gms/.chimera.PersistentDirectBootAwareApiService }
06-11 08:54:58.597  1302  1358 D WifiStateMachine: setScanResults mScanResults.size=1
06-11 08:54:59.236  1302  1310 I art     : Background partial concurrent mark sweep GC freed 26911(1188KB) AllocSpace objects, 22(440KB) LOS objects, 33% free, 9MB/14MB, paused 2.778ms total 134.443ms
06-11 08:54:59.336  1716 12209 I AlarmManager: setExactAndAllowWhileIdle [name: GCM_HB_ALARM type: 2 triggerAtMillis: 23602539]
06-11 08:55:00.124  1302  1310 I art     : Background partial concurrent mark sweep GC freed 24530(1099KB) AllocSpace objects, 23(460KB) LOS objects, 33% free, 9MB/14MB, paused 1.137ms total 105.518ms
06-11 08:55:00.149 12977 12977 D native_project_lib: [root_service_log] TimeTickReceiver.onReceive()...
06-11 08:55:00.153 12977 12977 D native_project_lib: [root_service_log] saved callback activity class name: com.anansimobile.city_ar.Main
06-11 08:55:10.966  1716  1716 D BoundBrokerSvc: onUnbind: Intent { act=com.google.android.gms.libs.gmscorelogger.service.START dat=chimera-action: cmp=com.google.android.gms/.chimera.PersistentDirectBootAwareApiService }
06-11 08:55:27.896 11067 11101 I art     : Starting a blocking GC Explicit
06-11 08:55:27.974 11067 11101 I art     : Explicit concurrent mark sweep GC freed 143(5KB) AllocSpace objects, 0(0B) LOS objects, 25% free, 8MB/11MB, paused 614us total 77.353ms
06-11 08:56:00.099 12977 12977 D native_project_lib: [root_service_log] TimeTickReceiver.onReceive()...
06-11 08:56:00.105 12977 12977 D native_project_lib: [root_service_log] saved callback activity class name: com.anansimobile.city_ar.Main
06-11 08:56:26.876  1302  1358 D WifiNative-HAL: Failing getSupportedFeatureset because HAL isn't started
06-11 08:56:26.877  1302  1319 E BatteryStatsService: no controller energy info supplied
06-11 08:56:26.877  1302  1319 E BatteryStatsService: no controller energy info supplied
06-11 08:56:26.889  1516  1516 E PhoneInterfaceManager: [PhoneIntfMgr] queryModemActivityInfo: Empty response
06-11 08:56:26.892  1302  1319 E KernelCpuSpeedReader: Failed to read cpu-freq: /sys/devices/system/cpu/cpu0/cpufreq/stats/time_in_state (No such file or directory)
06-11 08:56:26.892  1302  1319 E KernelUidCpuTimeReader: Failed to read uid_cputime: /proc/uid_cputime/show_uid_stat (No such file or directory)
06-11 08:56:26.893  1302  1319 E BatteryStatsService: modem info is invalid: ModemActivityInfo{ mTimestamp=0 mSleepTimeMs=0 mIdleTimeMs=0 mTxTimeMs[]=[0, 0, 0, 0, 0] mRxTimeMs=0 mEnergyUsed=0}
06-11 08:57:00.065 12977 12977 D native_project_lib: [root_service_log] TimeTickReceiver.onReceive()...
06-11 08:57:00.071 12977 12977 D native_project_lib: [root_service_log] saved callback activity class name: com.anansimobile.city_ar.Main
