06-11 09:12:57.735 13842 13842 D HostConnection: recv ProcessPuidReply name=screencap puid=53 g_u64CapsFlag=1d
06-11 09:12:57.737  1110  1110 E EGL_adreno: tid 1110: eglCreateSyncKHR(2089): error 0x3004 (EGL_BAD_ATTRIBUTE)
06-11 09:12:58.650 13847 13847 I appproc : exec app_process! cmdline: /system/bin com.android.commands.am.Am broadcast -a android.intent.action.MEDIA_SCANNER_SCAN_FILE -d file:///sdcard/s9.png 
06-11 09:12:58.650 13847 13847 D AndroidRuntime: >>>>>> START com.android.internal.os.RuntimeInit uid 0 <<<<<<
06-11 09:12:58.654 13847 13847 D AndroidRuntime: CheckJNI is OFF
06-11 09:12:58.778 13847 13847 D ICU     : No timezone override file found: /data/misc/zoneinfo/current/icu/icu_tzdata.dat
06-11 09:12:58.810 13847 13847 D libnativebridge: PreInitializeNativeBridge name=unknown instruction_set=x86
06-11 09:12:58.810 13847 13847 D libnativebridge: call UnloadNativeBridge! state=1
06-11 09:12:58.866 13847 13847 E memtrack: Couldn't load memtrack module (No such file or directory)
06-11 09:12:58.866 13847 13847 E android.os.Debug: failed to load memtrack module: -2
06-11 09:12:58.871 13847 13847 I Radio-JNI: register_android_hardware_Radio DONE
06-11 09:12:58.920 13847 13847 D AndroidRuntime: Calling main entry com.android.commands.am.Am
06-11 09:12:58.928  8246  8246 D MediaScannerReceiver: action: android.intent.action.MEDIA_SCANNER_SCAN_FILE path: /storage/emulated/0/s9.png
06-11 09:12:58.932 13847 13847 D AndroidRuntime: Shutting down VM
06-11 09:12:58.986 13842 13842 I         : fastpipe: close connect
06-11 09:13:00.171 13112 13112 D native_project_lib: [root_service_log] TimeTickReceiver.onReceive()...
06-11 09:13:00.186 13112 13112 D native_project_lib: [root_service_log] saved callback activity class name: com.anansimobile.city_ar.Main
06-11 09:13:00.186 13112 13112 D native_project_lib: [root_service_log] notification ignored, activity in foreground!~
06-11 09:13:00.249  1302  1310 I art     : Background partial concurrent mark sweep GC freed 22966(956KB) AllocSpace objects, 14(280KB) LOS objects, 33% free, 9MB/14MB, paused 1.617ms total 114.068ms
06-11 09:13:01.625 13112 13149 I engine  : building 12 released
06-11 09:13:01.628 13112 13149 W AudioTrack: AUDIO_OUTPUT_FLAG_FAST denied by client; transfer 4, track 22050 Hz, output 48000 Hz
06-11 09:13:01.836 13112 13149 I engine  : recv list faction response
06-11 09:13:03.469 13112 13149 W AudioTrack: AUDIO_OUTPUT_FLAG_FAST denied by client; transfer 4, track 44100 Hz, output 48000 Hz
06-11 09:13:06.217 13112 13149 I engine  : building 1 released
06-11 09:13:06.219 13112 13149 W AudioTrack: AUDIO_OUTPUT_FLAG_FAST denied by client; transfer 4, track 22050 Hz, output 48000 Hz
06-11 09:13:08.225 13112 13149 W AudioTrack: AUDIO_OUTPUT_FLAG_FAST denied by client; transfer 4, track 44100 Hz, output 48000 Hz
06-11 09:13:09.076 13112 13149 I engine  : building 2 released
06-11 09:13:09.077 13112 13149 W AudioTrack: AUDIO_OUTPUT_FLAG_FAST denied by client; transfer 4, track 22050 Hz, output 48000 Hz
06-11 09:13:09.201 13867 13867 E linker  : normalize_path - invalid input: "", the input path should be absolute
06-11 09:13:09.201 13867 13867 W linker  : Warning: unable to normalize ""
06-11 09:13:10.148 13867 13867 I appproc : exec app_process! cmdline: /system/bin --application org.chromium.components.crash.browser.CrashpadMain /system/bin/app_process32 --sanitization-information=0xa6eeb4c0 --write-minidump-to-log --database=/data/user/0/com.anansimobile.city_ar/cache/WebView/Crashpad --annotation=abi_name=x86, armeabi-v7a, armeabi --annotation=android_build_fp=google/android_x86/x86:7.1.2/N2G48C/N975FXXU1ASGO:user/release-keys --annotation=android_build_id=N2G48C --annotation=board=SM-A805N --annotation=brand=samsung --annotation=channel=stable --annotation=custom_themes=false --annotation=device=aosp --annotation=gms_core_version=261833007 --annotation=installer_package_name= --annotation=model=SM-A805N --annotation=package=1:914760932289:android:bdb905fe8b8890ae v424019821 (86.0.4240.198) --annotation=plat=Android --annotation=prod=AndroidWebView --annotation=ptype=webview --annotation=resources_version=Not found --annotation=sdk=25 --annotation=ver=86.0.4240.198 --trace-parent-with-exception=0xa079eb04 
06-11 09:13:10.148 13867 13867 D AndroidRuntime: >>>>>> START com.android.internal.os.RuntimeInit uid 10056 <<<<<<
06-11 09:13:10.157 13867 13867 D AndroidRuntime: CheckJNI is OFF
06-11 09:13:10.158 13867 13867 E cutils-trace: Error opening trace file: Permission denied (13)
06-11 09:13:10.310 13867 13867 D ICU     : No timezone override file found: /data/misc/zoneinfo/current/icu/icu_tzdata.dat
06-11 09:13:10.376 13867 13867 W System  : ClassLoader referenced unknown path: /system/app/Chrome/lib/x86
06-11 09:13:10.446 13867 13867 W System  : ClassLoader referenced unknown path: /system/app/Chrome/lib/x86
06-11 09:13:10.446 13867 13867 W art     : Could not create mount namespace.
06-11 09:13:10.447 13867 13867 D libnativebridge: PreInitializeNativeBridge name=unknown instruction_set=x86
06-11 09:13:10.447 13867 13867 D libnativebridge: call UnloadNativeBridge! state=1
06-11 09:13:10.478 13867 13867 E memtrack: Couldn't load memtrack module (No such file or directory)
06-11 09:13:10.478 13867 13867 E android.os.Debug: failed to load memtrack module: -2
06-11 09:13:10.483 13867 13867 I Radio-JNI: register_android_hardware_Radio DONE
06-11 09:13:10.512 13867 13867 D AndroidRuntime: Calling main entry org.chromium.components.crash.browser.CrashpadMain
06-11 09:13:10.689 13867 13867 E chromium: [0611/091310.688741:ERROR:elf_dynamic_array_reader.h(61)] tag not found
06-11 09:13:10.749 13867 13867 D AndroidRuntime: Shutting down VM
--------- beginning of crash
06-11 09:13:10.791 13112 13149 F libc    : Fatal signal 11 (SIGSEGV), code 1, fault addr 0x0 in tid 13149 (GLThread 389)
06-11 09:13:10.793  1060  1060 W         : debuggerd: handling request: pid=13112 uid=10056 gid=10056 tid=13149
06-11 09:13:10.850 13876 13876 F DEBUG   : *** *** *** *** *** *** *** *** *** *** *** *** *** *** *** ***
06-11 09:13:10.850 13876 13876 F DEBUG   : Build fingerprint: 'google/android_x86/x86:7.1.2/N2G48C/N975FXXU1ASGO:user/release-keys'
06-11 09:13:10.850 13876 13876 F DEBUG   : Revision: '0'
06-11 09:13:10.850 13876 13876 F DEBUG   : ABI: 'x86'
06-11 09:13:10.850 13876 13876 F DEBUG   : pid: 13112, tid: 13149, name: GLThread 389  >>> com.anansimobile.city_ar <<<
06-11 09:13:10.850 13876 13876 F DEBUG   : signal 11 (SIGSEGV), code 1 (SEGV_MAPERR), fault addr 0x0
06-11 09:13:10.850 13876 13876 F DEBUG   :     eax 00000000  ebx ac34aff4  ecx 00000000  edx 00000000
06-11 09:13:10.850 13876 13876 F DEBUG   :     esi 00000000  edi 00000002
06-11 09:13:10.850 13876 13876 F DEBUG   :     xcs 00000073  xds 0000007b  xes 0000007b  xfs 0000003b  xss 0000007b
06-11 09:13:10.850 13876 13876 F DEBUG   :     eip abfa7750  ebp 10128040  esp a5510070  flags 00010246
06-11 09:13:10.877 13876 13876 F DEBUG   : 
06-11 09:13:10.877 13876 13876 F DEBUG   : backtrace:
06-11 09:13:10.877 13876 13876 F DEBUG   :     #00 pc 000bf750  /system/lib/libhoudini.so
06-11 09:13:12.970  1060  1060 W         : debuggerd: resuming target 13112
06-11 09:13:13.013  1302 13881 W ActivityManager:   Force finishing activity com.anansimobile.city_ar/.Main
06-11 09:13:13.024  1302  1320 I BootReceiver: Copying /data/tombstones/tombstone_09 to DropBox (SYSTEM_TOMBSTONE)
06-11 09:13:13.033  1302  1347 W InputDispatcher: channel 'd0ced34 com.anansimobile.city_ar/com.anansimobile.city_ar.Main (server)' ~ Consumer closed input channel or an error occurred.  events=0x9
06-11 09:13:13.033  1302  1347 E InputDispatcher: channel 'd0ced34 com.anansimobile.city_ar/com.anansimobile.city_ar.Main (server)' ~ Channel is unrecoverably broken and will be disposed!
06-11 09:13:13.038  1302  2906 D GraphicsStats: Buffer count: 4
06-11 09:13:13.039  1126  1441 D NuPlayerDriver: reset(0xc7d26b40) at state 5
06-11 09:13:13.039  1126  1441 D NuPlayerDriver: notifyListener_l(0xc7d26b40), (8, 0, 0), loop setting(0, 1)
06-11 09:13:13.039  1302  2893 I WindowManager: WIN DEATH: Window{d0ced34 u0 com.anansimobile.city_ar/com.anansimobile.city_ar.Main}
06-11 09:13:13.040  1302  2893 W InputDispatcher: Attempted to unregister already unregistered input channel 'd0ced34 com.anansimobile.city_ar/com.anansimobile.city_ar.Main (server)'
06-11 09:13:13.040  1302  2893 W WindowManager: Force-removing child win Window{eef578e u0 SurfaceView - com.anansimobile.city_ar/com.anansimobile.city_ar.Main} from container Window{d0ced34 u0 com.anansimobile.city_ar/com.anansimobile.city_ar.Main}
06-11 09:13:13.050  1116  1116 I Zygote  : Process 13112 exited due to signal (11)
06-11 09:13:13.057  1126 13810 W AMessage: failed to post message as target looper for handler 0 is gone.
06-11 09:13:13.070  1126 13810 D NuPlayerDriver: notifyResetComplete(0xc7d26b40)
06-11 09:13:13.073  1302  2907 W WindowManager: Failed looking up window
06-11 09:13:13.073  1302  2907 W WindowManager: java.lang.IllegalArgumentException: Requested window android.os.BinderProxy@525a8a0 does not exist
06-11 09:13:13.073  1302  2907 W WindowManager: 	at com.android.server.wm.WindowManagerService.windowForClientLocked(WindowManagerService.java:9459)
06-11 09:13:13.073  1302  2907 W WindowManager: 	at com.android.server.wm.WindowManagerService.windowForClientLocked(WindowManagerService.java:9450)
06-11 09:13:13.073  1302  2907 W WindowManager: 	at com.android.server.wm.WindowState$DeathRecipient.binderDied(WindowState.java:1807)
06-11 09:13:13.073  1302  2907 W WindowManager: 	at android.os.BinderProxy.sendDeathNotice(Binder.java:688)
06-11 09:13:13.074  1302  2907 I WindowManager: WIN DEATH: null
06-11 09:13:13.116  1302 13881 W ActivityManager: Exception thrown during pause
06-11 09:13:13.116  1302 13881 W ActivityManager: android.os.DeadObjectException
06-11 09:13:13.116  1302 13881 W ActivityManager: 	at android.os.BinderProxy.transactNative(Native Method)
06-11 09:13:13.116  1302 13881 W ActivityManager: 	at android.os.BinderProxy.transact(Binder.java:615)
06-11 09:13:13.116  1302 13881 W ActivityManager: 	at android.app.ApplicationThreadProxy.schedulePauseActivity(ApplicationThreadNative.java:785)
06-11 09:13:13.116  1302 13881 W ActivityManager: 	at com.android.server.am.ActivityStack.startPausingLocked(ActivityStack.java:1145)
06-11 09:13:13.116  1302 13881 W ActivityManager: 	at com.android.server.am.ActivityStack.finishActivityLocked(ActivityStack.java:3531)
06-11 09:13:13.116  1302 13881 W ActivityManager: 	at com.android.server.am.ActivityStack.finishTopRunningActivityLocked(ActivityStack.java:3367)
06-11 09:13:13.116  1302 13881 W ActivityManager: 	at com.android.server.am.ActivityStackSupervisor.finishTopRunningActivityLocked(ActivityStackSupervisor.java:1855)
06-11 09:13:13.116  1302 13881 W ActivityManager: 	at com.android.server.am.AppErrors.handleAppCrashLocked(AppErrors.java:619)
06-11 09:13:13.116  1302 13881 W ActivityManager: 	at com.android.server.am.AppErrors.makeAppCrashingLocked(AppErrors.java:477)
06-11 09:13:13.116  1302 13881 W ActivityManager: 	at com.android.server.am.AppErrors.crashApplicationInner(AppErrors.java:353)
06-11 09:13:13.116  1302 13881 W ActivityManager: 	at com.android.server.am.AppErrors.crashApplication(AppErrors.java:305)
06-11 09:13:13.116  1302 13881 W ActivityManager: 	at com.android.server.am.ActivityManagerService.handleApplicationCrashInner(ActivityManagerService.java:13676)
06-11 09:13:13.116  1302 13881 W ActivityManager: 	at com.android.server.am.NativeCrashListener$NativeCrashReporter.run(NativeCrashListener.java:86)
06-11 09:13:13.120  1108  1108 E lowmemorykiller: Error opening /proc/13112/oom_score_adj; errno=2
06-11 09:13:13.133  1302 13881 W ActivityManager: Failed setting process group of 13112 to 1
06-11 09:13:13.134  1302 13881 W System.err: java.lang.IllegalArgumentException: Given thread 13112 does not exist
06-11 09:13:13.134  1302 13881 W System.err: 	at android.os.Process.setThreadPriority(Native Method)
06-11 09:13:13.134  1302 13881 W System.err: 	at com.android.server.am.ActivityManagerService.applyOomAdjLocked(ActivityManagerService.java:20847)
06-11 09:13:13.134  1302 13881 W System.err: 	at com.android.server.am.ActivityManagerService.updateOomAdjLocked(ActivityManagerService.java:21351)
06-11 09:13:13.134  1302 13881 W System.err: 	at com.android.server.am.ActivityStack.resumeTopActivityInnerLocked(ActivityStack.java:2455)
06-11 09:13:13.134  1302 13881 W System.err: 	at com.android.server.am.ActivityStack.resumeTopActivityUncheckedLocked(ActivityStack.java:2131)
06-11 09:13:13.134  1302 13881 W System.err: 	at com.android.server.am.ActivityStackSupervisor.resumeFocusedStackTopActivityLocked(ActivityStackSupervisor.java:1833)
06-11 09:13:13.134  1302 13881 W System.err: 	at com.android.server.am.ActivityStackSupervisor.resumeFocusedStackTopActivityLocked(ActivityStackSupervisor.java:1823)
06-11 09:13:13.134  1302 13881 W System.err: 	at com.android.server.am.ActivityStack.startPausingLocked(ActivityStack.java:1200)
06-11 09:13:13.134  1302 13881 W System.err: 	at com.android.server.am.ActivityStack.finishActivityLocked(ActivityStack.java:3531)
06-11 09:13:13.134  1302 13881 W System.err: 	at com.android.server.am.ActivityStack.finishTopRunningActivityLocked(ActivityStack.java:3367)
06-11 09:13:13.134  1302 13881 W System.err: 	at com.android.server.am.ActivityStackSupervisor.finishTopRunningActivityLocked(ActivityStackSupervisor.java:1855)
06-11 09:13:13.134  1302 13881 W System.err: 	at com.android.server.am.AppErrors.handleAppCrashLocked(AppErrors.java:619)
06-11 09:13:13.134  1302 13881 W System.err: 	at com.android.server.am.AppErrors.makeAppCrashingLocked(AppErrors.java:477)
06-11 09:13:13.134  1302 13881 W System.err: 	at com.android.server.am.AppErrors.crashApplicationInner(AppErrors.java:353)
06-11 09:13:13.134  1302 13881 W System.err: 	at com.android.server.am.AppErrors.crashApplication(AppErrors.java:305)
06-11 09:13:13.147  1302 13881 W System.err: 	at com.android.server.am.ActivityManagerService.handleApplicationCrashInner(ActivityManagerService.java:13676)
06-11 09:13:13.147  1302 13881 W System.err: 	at com.android.server.am.NativeCrashListener$NativeCrashReporter.run(NativeCrashListener.java:86)
06-11 09:13:13.170  1302  1603 I ActivityManager: Process com.anansimobile.city_ar (pid 13112) has died
06-11 09:13:13.172  1302  1603 D ActivityManager: cleanUpApplicationRecord -- 13112
06-11 09:13:13.175  1302  1603 W ActivityManager: Scheduling restart of crashed service com.anansimobile.city_ar/com.anansimobile.nge.RootService in 1000ms
06-11 09:13:13.221 11225 11225 I Finsky:background: [1] Memory trim requested to level 60
06-11 09:13:13.234  1735  1735 W ContextImpl: Calling a method in the system process without a qualified user: android.app.ContextImpl.startService:1358 android.content.ContextWrapper.startService:613 android.content.ContextWrapper.startService:613 com.android.coreservice.CoreBroadcastReceiver.onReceive:44 android.app.ActivityThread.handleReceiver:3073 
06-11 09:13:13.235 11135 11135 I Finsky  : [1] Memory trim requested to level 5
06-11 09:13:13.242  1302  1317 W System.err: java.lang.Exception: show AlertDialog! title=‎‫وكر الاوغاد‬‎ has stopped
06-11 09:13:13.251  1302  1317 W System.err: 	at android.app.AlertDialog.show(AlertDialog.java:134)
06-11 09:13:13.251  1302  1317 W System.err: 	at com.android.server.am.AppErrors.handleShowAppErrorUi(AppErrors.java:719)
06-11 09:13:13.251  1302  1317 W System.err: 	at com.android.server.am.ActivityManagerService$UiHandler.handleMessage(ActivityManagerService.java:1637)
06-11 09:13:13.251  1302  1317 W System.err: 	at android.os.Handler.dispatchMessage(Handler.java:102)
06-11 09:13:13.251  1302  1317 W System.err: 	at android.os.Looper.loop(Looper.java:154)
06-11 09:13:13.251  1302  1317 W System.err: 	at android.os.HandlerThread.run(HandlerThread.java:61)
06-11 09:13:13.251  1302  1317 W System.err: 	at com.android.server.ServiceThread.run(ServiceThread.java:46)
06-11 09:13:13.423 11067 11067 D BoundBrokerSvc: onBind: Intent { act=com.google.android.gms.measurement.START pkg=com.google.android.gms }
06-11 09:13:13.424 11067 11067 D BoundBrokerSvc: Loading bound service for intent: Intent { act=com.google.android.gms.measurement.START pkg=com.google.android.gms }
06-11 09:13:13.448  1735  1735 W ContextImpl: Calling a method in the system process without a qualified user: android.app.ContextImpl.startService:1358 android.content.ContextWrapper.startService:613 android.content.ContextWrapper.startService:613 com.android.coreservice.CoreBroadcastReceiver.onReceive:53 android.app.ActivityThread.handleReceiver:3073 
06-11 09:13:13.453  1302  3729 I HostConnection: HostConnection::HostConnection: pid=1302, tid=3729, this=0xa96b27c0
06-11 09:13:13.457  1302  3729 I         : fastpipe: Connect success
06-11 09:13:13.458  1302  3729 D HostConnection: HostRPC::connect sucess: app=system_server, pid=1302, tid=3729, this=0xa9730440
06-11 09:13:13.462  1302  3729 D HostConnection: queryAndSetGLESMaxVersion select gles-version: 3.1 hostGLVersion:46 process:system_server
06-11 09:13:13.467  1302  3729 I OpenGLRenderer: Initialized EGL, version 1.4
06-11 09:13:13.467  1302  3729 D OpenGLRenderer: Swap behavior 1
06-11 09:13:13.468  1302  3729 I EGL_adreno: eglCreateContext request GLES major-version=2
06-11 09:13:13.503  1302  3729 D EGL_adreno: eglCreateContext: 0xa8fb2f60: maj 3 min 1 rcv 4
06-11 09:13:13.529  1302  3729 D EGL_adreno: eglMakeCurrent: 0xa8fb2f60: ver 3 1 (tinfo 0xa92f3e60)
06-11 09:13:13.537  1758  1918 E EGL_adreno: tid 1918: eglSurfaceAttrib(1338): error 0x3009 (EGL_BAD_MATCH)
06-11 09:13:13.537  1758  1918 W OpenGLRenderer: Failed to set EGL_SWAP_BEHAVIOR on surface 0xa61cc120, error=EGL_BAD_MATCH
06-11 09:13:13.562  1302  3729 E EGL_adreno: tid 3729: eglSurfaceAttrib(1338): error 0x3009 (EGL_BAD_MATCH)
06-11 09:13:13.562  1302  3729 W OpenGLRenderer: Failed to set EGL_SWAP_BEHAVIOR on surface 0xa5827e20, error=EGL_BAD_MATCH
06-11 09:13:13.580  1302  3729 D EGL_adreno: eglMakeCurrent: 0xa8fb2f60: ver 3 1 (tinfo 0xa92f3e60)
06-11 09:13:13.585  1735  1735 W ContextImpl: Calling a method in the system process without a qualified user: android.app.ContextImpl.sendBroadcast:893 android.content.ContextWrapper.sendBroadcast:426 com.android.coreservice.TabManager.notifyClosing:345 com.android.coreservice.TabManager.updateInner:182 com.android.coreservice.TabManager.onUpdate:217 
06-11 09:13:13.599  1302  1801 E ActivityManager: Sending non-protected broadcast android.intent.action.CLOSE_TASK from system 1735:com.android.coreservice/1000 pkg com.android.coreservice
06-11 09:13:13.599  1302  1801 E ActivityManager: java.lang.Throwable
06-11 09:13:13.599  1302  1801 E ActivityManager: 	at com.android.server.am.ActivityManagerService.checkBroadcastFromSystem(ActivityManagerService.java:18108)
06-11 09:13:13.599  1302  1801 E ActivityManager: 	at com.android.server.am.ActivityManagerService.broadcastIntentLocked(ActivityManagerService.java:18680)
06-11 09:13:13.599  1302  1801 E ActivityManager: 	at com.android.server.am.ActivityManagerService.broadcastIntent(ActivityManagerService.java:18771)
06-11 09:13:13.599  1302  1801 E ActivityManager: 	at android.app.ActivityManagerNative.onTransact(ActivityManagerNative.java:499)
06-11 09:13:13.599  1302  1801 E ActivityManager: 	at com.android.server.am.ActivityManagerService.onTransact(ActivityManagerService.java:2820)
06-11 09:13:13.599  1302  1801 E ActivityManager: 	at android.os.Binder.execTransact(Binder.java:565)
06-11 09:13:13.605  1735  1735 I CoreService: notifyClosing notify tab closed taskPackageName:com.anansimobile.city_ar
06-11 09:13:13.619  1758  1918 D EGL_adreno: eglMakeCurrent: 0xb6f221a0: ver 3 1 (tinfo 0xa617fbd0)
06-11 09:13:14.114  1758  1918 W OpenGLRenderer: Incorrectly called buildLayer on View: ShortcutAndWidgetContainer, destroying layer...
06-11 09:13:14.211 13888 13888 D libnativebridge: PreInitializeNativeBridge name=zygote instruction_set=arm
06-11 09:13:14.218 13888 13888 V libnb   : enter native_bridge2_initialize /data/user/0/com.anansimobile.city_ar/code_cache arm
06-11 09:13:14.229 13888 13888 D houdini : [13888] Initialize library(version: 7.1.1b_x.49852 RELEASE)... successfully.
06-11 09:13:14.252  1302  1316 W ActivityManager: Slow operation: 74ms so far, now at startProcess: building log message
06-11 09:13:14.252  1302  1316 I ActivityManager: Start proc 13888:com.anansimobile.city_ar/u0a56 for service com.anansimobile.city_ar/com.anansimobile.nge.RootService
06-11 09:13:14.252  1302  1316 W ActivityManager: Slow operation: 75ms so far, now at startProcess: starting to update pids map
06-11 09:13:14.252  1302  1316 W ActivityManager: Slow operation: 75ms so far, now at startProcess: done updating pids map
06-11 09:13:14.252  1302  1316 W ActivityManager: Slow operation: 77ms so far, now at startProcess: done starting proc!
06-11 09:13:14.346  1735  1735 W ContextImpl: Calling a method in the system process without a qualified user: android.app.ContextImpl.startService:1358 android.content.ContextWrapper.startService:613 android.content.ContextWrapper.startService:613 com.android.coreservice.CoreBroadcastReceiver.onReceive:53 android.app.ActivityThread.handleReceiver:3073 
06-11 09:13:15.176 13888 13888 I FirebaseInitProvider: FirebaseApp initialization skipped (Waker patch)
06-11 09:13:15.258 13888 13888 D native_project_lib: [root_service_log] RootService Created!~
06-11 09:13:15.303 13888 13904 D NetworkSecurityConfig: No Network Security Config specified, using platform default
06-11 09:13:15.789 13888 13906 W AnalyticsUserIDStore: initStore should have been called before calling setUserID
06-11 09:13:16.058  1117  1138 D audio_hw_hal: log_func, out_standby
06-11 09:13:16.058  1117  1138 D audio_hw_hal: raw_close_output_stream, dev=0xc6f0a0c0, stream =0xc6f05140
06-11 09:13:16.058  1117  1138 D audio_hw_hal: raw_close_output_stream, stream=0xc6f05140,  success!
06-11 09:13:23.732 11067 11067 D BoundBrokerSvc: onUnbind: Intent { act=com.google.android.gms.measurement.START pkg=com.google.android.gms }
06-11 09:13:29.754 13888 13895 I art     : Debugger is no longer active
06-11 09:13:29.754 13888 13895 I art     : Starting a blocking GC Instrumentation
06-11 09:13:38.630  1302  1358 D WifiStateMachine: setScanResults mScanResults.size=1
06-11 09:13:47.779  1302 13881 W ActivityManager: Ignoring remove of inactive process: ProcessRecord{238a6c 0:com.anansimobile.city_ar/u0a56}
06-11 09:13:47.788  1302  3729 D EGL_adreno: eglMakeCurrent: 0xa8fb2f60: ver 3 1 (tinfo 0xa92f3e60)
06-11 09:13:47.816  1302  1317 W InputEventReceiver: Attempted to finish an input event but the input event receiver has already been disposed.
06-11 09:13:47.817  1302  1317 W ViewRootImpl[city_ar]: Dropping event due to root view being removed: MotionEvent { action=ACTION_MOVE, actionButton=0, id[0]=0, x[0]=281.1875, y[0]=-51.77777, toolType[0]=TOOL_TYPE_FINGER, buttonState=0, metaState=0, flags=0x0, edgeFlags=0x0, pointerCount=1, historySize=0, eventTime=24440984, downTime=24440981, deviceId=2, source=0x1002 }
06-11 09:13:47.817  1302  1317 W InputEventReceiver: Attempted to finish an input event but the input event receiver has already been disposed.
06-11 09:13:47.830  1302  3729 I HostConnection: HostConnection::~HostConnection, pid=1302, tid=3729, this=0xa96b27c0, m_stream=0xa9730440
06-11 09:13:47.832  1302  3729 I         : fastpipe: close connect
06-11 09:13:47.841  1735  1735 W ContextImpl: Calling a method in the system process without a qualified user: android.app.ContextImpl.startService:1358 android.content.ContextWrapper.startService:613 android.content.ContextWrapper.startService:613 com.android.coreservice.CoreBroadcastReceiver.onReceive:69 android.app.ActivityThread.handleReceiver:3073 
06-11 09:13:47.898  1302  1323 W AppOps  : Finishing op nesting under-run: uid 1000 pkg android code 24 time=0 duration=0 nesting=0
06-11 09:14:00.155 13888 13888 D native_project_lib: [root_service_log] TimeTickReceiver.onReceive()...
06-11 09:14:00.174 13888 13888 D native_project_lib: [root_service_log] saved callback activity class name: com.anansimobile.city_ar.Main
06-11 09:14:00.208  1302  1310 I art     : Background partial concurrent mark sweep GC freed 30286(1239KB) AllocSpace objects, 16(320KB) LOS objects, 33% free, 9MB/14MB, paused 1.005ms total 105.144ms
06-11 09:14:27.186  1716 13129 I AlarmManager: setExactAndAllowWhileIdle [name: GCM_HB_ALARM type: 2 triggerAtMillis: 24540389]
06-11 09:14:27.188  1716 13129 W WakeLock: GCM_HB_ALARM release without a matched acquire! [CONTEXT service_id=259 ]
06-11 09:14:27.452  1716 13129 I AlarmManager: setExactAndAllowWhileIdle [name: GCM_HB_ALARM type: 2 triggerAtMillis: 24770655]
06-11 09:14:28.107  1716  1716 D BoundBrokerSvc: onRebind: Intent { act=com.google.android.gms.libs.gmscorelogger.service.START dat=chimera-action: cmp=com.google.android.gms/.chimera.PersistentDirectBootAwareApiService }
06-11 09:14:43.128  1716  1716 D BoundBrokerSvc: onUnbind: Intent { act=com.google.android.gms.libs.gmscorelogger.service.START dat=chimera-action: cmp=com.google.android.gms/.chimera.PersistentDirectBootAwareApiService }
06-11 09:15:00.136 13888 13888 D native_project_lib: [root_service_log] TimeTickReceiver.onReceive()...
06-11 09:15:00.150 13888 13888 D native_project_lib: [root_service_log] saved callback activity class name: com.anansimobile.city_ar.Main
06-11 09:15:19.757  1716 13129 I art     : Starting a blocking GC Explicit
06-11 09:15:19.889  1716 13129 I art     : Explicit concurrent mark sweep GC freed 10467(476KB) AllocSpace objects, 1(20KB) LOS objects, 40% free, 12MB/21MB, paused 1.085ms total 131.271ms
06-11 09:16:00.066 13888 13888 D native_project_lib: [root_service_log] TimeTickReceiver.onReceive()...
06-11 09:16:00.071 13888 13888 D native_project_lib: [root_service_log] saved callback activity class name: com.anansimobile.city_ar.Main
06-11 09:16:18.682  1302  1358 D WifiStateMachine: setScanResults mScanResults.size=1
