06-11 10:22:06.620 17540 17540 I art     :   at void android.app.ActivityThread.-wrap2(android.app.ActivityThread, android.app.ActivityThread$AppBindData) (ActivityThread.java:-1)
06-11 10:22:06.620 17540 17540 I art     :   at void android.app.ActivityThread$H.handleMessage(android.os.Message) (ActivityThread.java:1550)
06-11 10:22:06.620 17540 17540 I art     :   at void android.os.Handler.dispatchMessage(android.os.Message) (Handler.java:102)
06-11 10:22:06.620 17540 17540 I art     :   at void android.os.Looper.loop() (Looper.java:154)
06-11 10:22:06.620 17540 17540 I art     :   at void android.app.ActivityThread.main(java.lang.String[]) (ActivityThread.java:6190)
06-11 10:22:06.620 17540 17540 I art     :   at java.lang.Object java.lang.reflect.Method.invoke!(java.lang.Object, java.lang.Object[]) (Method.java:-2)
06-11 10:22:06.620 17540 17540 I art     :   at void com.android.internal.os.ZygoteInit$MethodAndArgsCaller.run() (ZygoteInit.java:892)
06-11 10:22:06.620 17540 17540 I art     :   at void com.android.internal.os.ZygoteInit.main(java.lang.String[]) (ZygoteInit.java:782)
06-11 10:22:06.620 17540 17540 I art     : Caused by: java.lang.ClassNotFoundException: Didn't find class "java.nio.file.attribute.FileAttribute" on path: DexPathList[[zip file "/data/app/com.android.vending-1/base.apk", zip file "/data/app/com.android.vending-1/split_config.en.apk", zip file "/data/app/com.android.vending-1/split_config.x86.apk"],nativeLibraryDirectories=[/data/app/com.android.vending-1/lib/x86, /data/app/com.android.vending-1/base.apk!/lib/x86, /data/app/com.android.vending-1/split_config.en.apk!/lib/x86, /data/app/com.android.vending-1/split_config.x86.apk!/lib/x86, /system/lib, /vendor/lib]]
06-11 10:22:06.620 17540 17540 I art     :   at java.lang.Class dalvik.system.BaseDexClassLoader.findClass(java.lang.String) (BaseDexClassLoader.java:56)
06-11 10:22:06.620 17540 17540 I art     :   at java.lang.Class java.lang.ClassLoader.loadClass(java.lang.String, boolean) (ClassLoader.java:380)
06-11 10:22:06.620 17540 17540 I art     :   at java.lang.Class java.lang.ClassLoader.loadClass(java.lang.String) (ClassLoader.java:312)
06-11 10:22:06.620 17540 17540 I art     :   at long j$.desugar.sun.nio.fs.g.v(long, long) (r8-map-id-53e39ebd2b8e1da6017e57ed7acab68adfd0d540c288b358f352eb7539f01c7c:1)
06-11 10:22:06.620 17540 17540 I art     :   at j$.time.Instant j$.time.Instant.ofEpochSecond(long, long) (r8-map-id-53e39ebd2b8e1da6017e57ed7acab68adfd0d540c288b358f352eb7539f01c7c:4)
06-11 10:22:06.620 17540 17540 I art     :   at void j$.time.Instant.<clinit>() (r8-map-id-53e39ebd2b8e1da6017e57ed7acab68adfd0d540c288b358f352eb7539f01c7c:16)
06-11 10:22:06.620 17540 17540 I art     :   at j$.time.Instant j$.time.Instant.now() (r8-map-id-53e39ebd2b8e1da6017e57ed7acab68adfd0d540c288b358f352eb7539f01c7c:1)
06-11 10:22:06.620 17540 17540 I art     :   at java.lang.String bbnn.os() (PG:12)
06-11 10:22:06.620 17540 17540 I art     :   at bbnm bbnm.a() (PG:1)
06-11 10:22:06.620 17540 17540 I art     :   at void psx.k() (PG:47)
06-11 10:22:06.620 17540 17540 I art     :   at void psx.onCreate() (PG:23)
06-11 10:22:06.620 17540 17540 I art     :   at void android.app.Instrumentation.callApplicationOnCreate(android.app.Application) (Instrumentation.java:1024)
06-11 10:22:06.620 17540 17540 I art     :   at void android.app.ActivityThread.handleBindApplication(android.app.ActivityThread$AppBindData) (ActivityThread.java:5474)
06-11 10:22:06.620 17540 17540 I art     :   at void android.app.ActivityThread.-wrap2(android.app.ActivityThread, android.app.ActivityThread$AppBindData) (ActivityThread.java:-1)
06-11 10:22:06.620 17540 17540 I art     :   at void android.app.ActivityThread$H.handleMessage(android.os.Message) (ActivityThread.java:1550)
06-11 10:22:06.620 17540 17540 I art     :   at void android.os.Handler.dispatchMessage(android.os.Message) (Handler.java:102)
06-11 10:22:06.620 17540 17540 I art     :   at void android.os.Looper.loop() (Looper.java:154)
06-11 10:22:06.620 17540 17540 I art     :   at void android.app.ActivityThread.main(java.lang.String[]) (ActivityThread.java:6190)
06-11 10:22:06.620 17540 17540 I art     :   at java.lang.Object java.lang.reflect.Method.invoke!(java.lang.Object, java.lang.Object[]) (Method.java:-2)
06-11 10:22:06.620 17540 17540 I art     :   at void com.android.internal.os.ZygoteInit$MethodAndArgsCaller.run() (ZygoteInit.java:892)
06-11 10:22:06.620 17540 17540 I art     :   at void com.android.internal.os.ZygoteInit.main(java.lang.String[]) (ZygoteInit.java:782)
06-11 10:22:06.620 17540 17540 I art     : 
06-11 10:22:06.624 17540 17540 I art     : Rejecting re-init on previously-failed class java.lang.Class<j$.nio.file.attribute.r>: java.lang.NoClassDefFoundError: Failed resolution of: Ljava/nio/file/attribute/FileAttribute;
06-11 10:22:06.624 17540 17540 I art     :   at long j$.desugar.sun.nio.fs.g.v(long, long) (r8-map-id-53e39ebd2b8e1da6017e57ed7acab68adfd0d540c288b358f352eb7539f01c7c:1)
06-11 10:22:06.624 17540 17540 I art     :   at j$.time.Instant j$.time.Instant.ofEpochSecond(long, long) (r8-map-id-53e39ebd2b8e1da6017e57ed7acab68adfd0d540c288b358f352eb7539f01c7c:4)
06-11 10:22:06.624 17540 17540 I art     :   at void j$.time.Instant.<clinit>() (r8-map-id-53e39ebd2b8e1da6017e57ed7acab68adfd0d540c288b358f352eb7539f01c7c:16)
06-11 10:22:06.624 17540 17540 I art     :   at j$.time.Instant j$.time.Instant.now() (r8-map-id-53e39ebd2b8e1da6017e57ed7acab68adfd0d540c288b358f352eb7539f01c7c:1)
06-11 10:22:06.624 17540 17540 I art     :   at java.lang.String bbnn.os() (PG:12)
06-11 10:22:06.624 17540 17540 I art     :   at bbnm bbnm.a() (PG:1)
06-11 10:22:06.624 17540 17540 I art     :   at void psx.k() (PG:47)
06-11 10:22:06.624 17540 17540 I art     :   at void psx.onCreate() (PG:23)
06-11 10:22:06.624 17540 17540 I art     :   at void android.app.Instrumentation.callApplicationOnCreate(android.app.Application) (Instrumentation.java:1024)
06-11 10:22:06.624 17540 17540 I art     :   at void android.app.ActivityThread.handleBindApplication(android.app.ActivityThread$AppBindData) (ActivityThread.java:5474)
06-11 10:22:06.624 17540 17540 I art     :   at void android.app.ActivityThread.-wrap2(android.app.ActivityThread, android.app.ActivityThread$AppBindData) (ActivityThread.java:-1)
06-11 10:22:06.624 17540 17540 I art     :   at void android.app.ActivityThread$H.handleMessage(android.os.Message) (ActivityThread.java:1550)
06-11 10:22:06.624 17540 17540 I art     :   at void android.os.Handler.dispatchMessage(android.os.Message) (Handler.java:102)
06-11 10:22:06.624 17540 17540 I art     :   at void android.os.Looper.loop() (Looper.java:154)
06-11 10:22:06.624 17540 17540 I art     :   at void android.app.ActivityThread.main(java.lang.String[]) (ActivityThread.java:6190)
06-11 10:22:06.624 17540 17540 I art     :   at java.lang.Object java.lang.reflect.Method.invoke!(java.lang.Object, java.lang.Object[]) (Method.java:-2)
06-11 10:22:06.624 17540 17540 I art     :   at void com.android.internal.os.ZygoteInit$MethodAndArgsCaller.run() (ZygoteInit.java:892)
06-11 10:22:06.624 17540 17540 I art     :   at void com.android.internal.os.ZygoteInit.main(java.lang.String[]) (ZygoteInit.java:782)
06-11 10:22:06.624 17540 17540 I art     : Caused by: java.lang.ClassNotFoundException: Didn't find class "java.nio.file.attribute.FileAttribute" on path: DexPathList[[zip file "/data/app/com.android.vending-1/base.apk", zip file "/data/app/com.android.vending-1/split_config.en.apk", zip file "/data/app/com.android.vending-1/split_config.x86.apk"],nativeLibraryDirectories=[/data/app/com.android.vending-1/lib/x86, /data/app/com.android.vending-1/base.apk!/lib/x86, /data/app/com.android.vending-1/split_config.en.apk!/lib/x86, /data/app/com.android.vending-1/split_config.x86.apk!/lib/x86, /system/lib, /vendor/lib]]
06-11 10:22:06.624 17540 17540 I art     :   at java.lang.Class dalvik.system.BaseDexClassLoader.findClass(java.lang.String) (BaseDexClassLoader.java:56)
06-11 10:22:06.624 17540 17540 I art     :   at java.lang.Class java.lang.ClassLoader.loadClass(java.lang.String, boolean) (ClassLoader.java:380)
06-11 10:22:06.624 17540 17540 I art     :   at java.lang.Class java.lang.ClassLoader.loadClass(java.lang.String) (ClassLoader.java:312)
06-11 10:22:06.624 17540 17540 I art     :   at long j$.desugar.sun.nio.fs.g.v(long, long) (r8-map-id-53e39ebd2b8e1da6017e57ed7acab68adfd0d540c288b358f352eb7539f01c7c:1)
06-11 10:22:06.624 17540 17540 I art     :   at j$.time.Instant j$.time.Instant.ofEpochSecond(long, long) (r8-map-id-53e39ebd2b8e1da6017e57ed7acab68adfd0d540c288b358f352eb7539f01c7c:4)
06-11 10:22:06.624 17540 17540 I art     :   at void j$.time.Instant.<clinit>() (r8-map-id-53e39ebd2b8e1da6017e57ed7acab68adfd0d540c288b358f352eb7539f01c7c:16)
06-11 10:22:06.624 17540 17540 I art     :   at j$.time.Instant j$.time.Instant.now() (r8-map-id-53e39ebd2b8e1da6017e57ed7acab68adfd0d540c288b358f352eb7539f01c7c:1)
06-11 10:22:06.624 17540 17540 I art     :   at java.lang.String bbnn.os() (PG:12)
06-11 10:22:06.624 17540 17540 I art     :   at bbnm bbnm.a() (PG:1)
06-11 10:22:06.624 17540 17540 I art     :   at void psx.k() (PG:47)
06-11 10:22:06.624 17540 17540 I art     :   at void psx.onCreate() (PG:23)
06-11 10:22:06.624 17540 17540 I art     :   at void android.app.Instrumentation.callApplicationOnCreate(android.app.Application) (Instrumentation.java:1024)
06-11 10:22:06.624 17540 17540 I art     :   at void android.app.ActivityThread.handleBindApplication(android.app.ActivityThread$AppBindData) (ActivityThread.java:5474)
06-11 10:22:06.624 17540 17540 I art     :   at void android.app.ActivityThread.-wrap2(android.app.ActivityThread, android.app.ActivityThread$AppBindData) (ActivityThread.java:-1)
06-11 10:22:06.624 17540 17540 I art     :   at void android.app.ActivityThread$H.handleMessage(android.os.Message) (ActivityThread.java:1550)
06-11 10:22:06.624 17540 17540 I art     :   at void android.os.Handler.dispatchMessage(android.os.Message) (Handler.java:102)
06-11 10:22:06.624 17540 17540 I art     :   at void android.os.Looper.loop() (Looper.java:154)
06-11 10:22:06.625 17540 17540 I art     :   at void android.app.ActivityThread.main(java.lang.String[]) (ActivityThread.java:6190)
06-11 10:22:06.625 17540 17540 I art     :   at java.lang.Object java.lang.reflect.Method.invoke!(java.lang.Object, java.lang.Object[]) (Method.java:-2)
06-11 10:22:06.625 17540 17540 I art     :   at void com.android.internal.os.ZygoteInit$MethodAndArgsCaller.run() (ZygoteInit.java:892)
06-11 10:22:06.625 17540 17540 I art     :   at void com.android.internal.os.ZygoteInit.main(java.lang.String[]) (ZygoteInit.java:782)
06-11 10:22:06.625 17540 17540 I art     : 
06-11 10:22:06.638 17540 17540 I Finsky  : [1] Process created at version: 51.6.24-24 [0] [PR] 922996236
06-11 10:22:06.689 17458 17463 I art     : Do partial code cache collection, code=34KB, data=23KB
06-11 10:22:06.689 17458 17463 I art     : After code cache collection, code=34KB, data=23KB
06-11 10:22:06.690 17458 17463 I art     : Increasing code cache capacity to 256KB
06-11 10:22:06.696 17458 17463 I art     : Compiler allocated 7MB to compile int bwvc.c(java.lang.Object, byte[], int, int, int, bwry)
06-11 10:22:06.745 17458 17612 D SQLiteDatabase: State:11
06-11 10:22:06.762 17615 17615 D libnativebridge: PreInitializeNativeBridge name=zygote instruction_set=arm
06-11 10:22:06.763 17615 17615 V libnb   : enter native_bridge2_initialize /data/user/0/com.android.ld.appstore/code_cache arm
06-11 10:22:06.769  1302  1316 I ActivityManager: Start proc 17615:com.android.ld.appstore/u0a25 for broadcast com.android.ld.appstore/.app.service.GoogleDownloadReceiver
06-11 10:22:06.770 17615 17615 D houdini : [17615] Initialize library(version: 7.1.1b_x.49852 RELEASE)... successfully.
06-11 10:22:06.798 17458 17612 D SQLiteDatabase: State:11
06-11 10:22:06.917 17458 17610 I Finsky:background: [458] Resetting scheduler db
06-11 10:22:06.927 17458 17463 I art     : Do full code cache collection, code=116KB, data=122KB
06-11 10:22:06.929 17458 17463 I art     : Starting a blocking GC JitCodeCache
06-11 10:22:06.929 17458 17463 I art     : After code cache collection, code=102KB, data=112KB
06-11 10:22:06.959 17458 17583 I Finsky:background: [445] SCH: Scheduling phonesky job Id: 3-46, CT: 1781161706564, Constraints: [{ L: 0, D: 86400000, C: CHARGING_REQUIRED, I: IDLE_REQUIRED, N: NET_ANY, B: BATTERY_ANY }]
06-11 10:22:06.960 17458 17583 I Finsky:background: [445] SCH: Scheduling phonesky job Id: 3-47, CT: 1781161707222, Constraints: [{ L: 0, D: 86400000, C: CHARGING_NONE, I: IDLE_REQUIRED, N: NET_ANY, B: BATTERY_ANY }]
06-11 10:22:06.962 17458 17583 I Finsky:background: [445] SCH: Scheduling phonesky job Id: 47-15, CT: 1781142808490, Constraints: [{ L: 3600000, D: 21598850, C: CHARGING_NONE, I: IDLE_REQUIRED, N: NET_NONE, B: BATTERY_ANY }]
06-11 10:22:07.043 17458 17585 I Finsky:background: [447] SCH: Scheduling 0 system job(s)
06-11 10:22:07.072 17458 17632 I Finsky:background: [461] SCH: Canceling job 3-46
06-11 10:22:07.078 17458 17632 I Finsky:background: [461] WM::SCH: Logging work end for 3-46
06-11 10:22:07.096 17458 17582 I Finsky:background: [444] SCH: no pending jobs to schedule.
06-11 10:22:07.118 17458 17632 I Finsky:background: [461] SCH: Canceling job 3-47
06-11 10:22:07.119 17458 17632 I Finsky:background: [461] WM::SCH: Logging work end for 3-47
06-11 10:22:07.126 17458 17589 I Finsky:background: [451] SCH: no pending jobs to schedule.
06-11 10:22:07.168 17458 17610 I Finsky:background: [458] IQ: Creating job 48, for (REQ_CHARGING, REQ_DEVICE_IDLE, IGNORE_HOLDOFF=true, NETWORK=ANY, PROVISIONING_STATE=PROVISIONED, BACKUP_MANAGER_STATE=BACKUP_READY)
06-11 10:22:07.197 17458 17610 I Finsky:background: [458] IQ: Creating job 49, for (REQ_DEVICE_IDLE, REQ_GEARHEAD_PROJECTION_OFF, NETWORK=ANY, PROVISIONING_STATE=PROVISIONED, BACKUP_MANAGER_STATE=BACKUP_READY, PROCESS_IMPORTANCE_THRESHOLD=125)
06-11 10:22:07.198 17458 17610 I Finsky:background: [458] IQ: Bulk scheduling created jobs
06-11 10:22:07.210 17458 17610 I Finsky:background: [458] SCH: Received scheduling request: Id: 3-48, Constraints: [{ L: 0, D: 86400000, C: CHARGING_REQUIRED, I: IDLE_REQUIRED, N: NET_ANY, B: BATTERY_ANY }]
06-11 10:22:07.234 17458 17469 W art     : Suspending all threads took: 15.596ms
06-11 10:22:07.383 17540 17630 I Finsky  : [446] Finished reading experiment flags from file [0tGUNCGIkbk4o6-fQ335kUYSKwVj4lusnHT-A5Dsy08] numFlags=2258.
06-11 10:22:07.438 17540 17630 I Finsky  : [446] Finished reading experiment flags from file [Se-xCc4LzNyh3UrKMIU2sUf-PUKz4oQEbpKZDMuaFno] numFlags=2016.
06-11 10:22:07.648 17458 17610 D WM-PackageManagerHelper: Skipping component enablement for androidx.work.impl.background.systemjob.SystemJobService
06-11 10:22:07.648 17458 17610 D WM-Schedulers: Created SystemJobScheduler and enabled SystemJobService
06-11 10:22:07.829 17458 17583 D WM-ForceStopRunnable: Is default app process = true
06-11 10:22:07.829 17458 17583 D WM-ForceStopRunnable: Performing cleanup operations.
06-11 10:22:08.153 17458 17610 I Finsky:background: [458] SCH: Received scheduling request: Id: 3-49, Constraints: [{ L: 0, D: 86400000, C: CHARGING_NONE, I: IDLE_REQUIRED, N: NET_ANY, B: BATTERY_ANY }]
06-11 10:22:08.174 17458 17583 D WM-PackageManagerHelper: Skipping component enablement for androidx.work.impl.background.systemalarm.RescheduleReceiver
06-11 10:22:08.212 17458 17638 D NetworkSecurityConfig: No Network Security Config specified, using platform default
06-11 10:22:08.900 17540 17629 I Finsky  : [445] Process started for unknown session.
06-11 10:22:09.244 17540 17551 I art     : Background partial concurrent mark sweep GC freed 7884(709KB) AllocSpace objects, 3(56KB) LOS objects, 39% free, 7MB/12MB, paused 5.543ms total 130.532ms
06-11 10:22:09.451 17540 17540 I Finsky  : [1] Profiling: Starting up (1)
06-11 10:22:09.474 17540 17643 W art     : Before Android 4.1, method android.graphics.drawable.Drawable bkoe.getCurrentDrawable() would have incorrectly overridden the package-private method in android.widget.ProgressBar
06-11 10:22:09.559 17540 17545 I art     : Do partial code cache collection, code=30KB, data=26KB
06-11 10:22:09.566 17540 17545 I art     : After code cache collection, code=30KB, data=26KB
06-11 10:22:09.566 17540 17545 I art     : Increasing code cache capacity to 128KB
06-11 10:22:09.599 17540 17540 I Finsky  : [1] AsyncInit: Mandatory tasks are executed!
06-11 10:22:09.730 17540 17631 W art     : Verification of void aqhj.<init>() took 120.467ms
06-11 10:22:09.920 17615 17626 W art     : Suspending all threads took: 8.899ms
06-11 10:22:09.939 17615 17615 W art     : Before Android 4.1, method double j$.util.concurrent.ThreadLocalRandom.internalNextDouble(double, double) would have incorrectly overridden the package-private method in java.util.Random
06-11 10:22:09.939 17615 17615 W art     : Before Android 4.1, method int j$.util.concurrent.ThreadLocalRandom.internalNextInt(int, int) would have incorrectly overridden the package-private method in java.util.Random
06-11 10:22:09.939 17615 17615 W art     : Before Android 4.1, method long j$.util.concurrent.ThreadLocalRandom.internalNextLong(long, long) would have incorrectly overridden the package-private method in java.util.Random
06-11 10:22:09.989 17540 17545 I art     : Do partial code cache collection, code=41KB, data=35KB
06-11 10:22:09.990 17540 17545 I art     : After code cache collection, code=41KB, data=35KB
06-11 10:22:09.990 17540 17545 I art     : Increasing code cache capacity to 256KB
06-11 10:22:09.996 17540 17545 I art     : Compiler allocated 7MB to compile void bwvc.l(java.lang.Object, bwsp, bwte)
06-11 10:22:10.036 17540 17630 I Finsky  : [446] Device is ineligible for platform Cronet and will use embedded Cronet instead.
06-11 10:22:10.043 17615 17615 I Sentry  : Profiling is not enabled. App start profiling will not start.
06-11 10:22:10.074 17540 17631 I Finsky  : [447] Subscription detail: DataSubscriptionInfo{groupIdLevel1=null, serviceProviderName=[0a_xYu_7dG4bmWYAvZEU5Y-9xro8QGRtLF9MRVJnpkk], simCarrierId=null}
06-11 10:22:10.075 17540 17629 W art     : Long monitor contention with owner LightweightExecutor #2 (17631) at boolean yex.gT(android.content.Context)(PG:1) waiters=0 in java.lang.Object cbaf.d() for 195ms
06-11 10:22:10.134 17540 17629 I Finsky  : [445] playLoggingServerUrl: https://play.googleapis.com/play/log
06-11 10:22:10.134 17540 17629 I Finsky  : [445] playLoggingServerTimestampUrl: https://play.googleapis.com/play/log/timestamp
06-11 10:22:10.308 17540 17540 I Finsky  : [1] This process start was not selected for Play memory metrics collection.
06-11 10:22:10.319 17540 17630 I cn_CronetLibraryLoader: Cronet version: 149.0.7827.22, arch: i686
06-11 10:22:10.321  1302  1310 I art     : Background partial concurrent mark sweep GC freed 24476(1152KB) AllocSpace objects, 23(460KB) LOS objects, 33% free, 9MB/14MB, paused 1.575ms total 152.483ms
06-11 10:22:10.349 17615 17615 I FirebaseApp: Device unlocked: initializing all Firebase APIs for app [DEFAULT]
06-11 10:22:10.362 17540 17648 I Finsky  : [459] CronetEngine is present. Using Cronet for the networking stack.
06-11 10:22:10.395 17540 17630 W Settings: Setting download_manager_max_bytes_over_mobile has moved from android.provider.Settings.Secure to android.provider.Settings.Global.
06-11 10:22:10.399 17540 17630 I Finsky  : [446] SettingNotFoundException, fall through to G.downloadBytesOverMobileMaximum
06-11 10:22:10.400 17540 17630 W Settings: Setting download_manager_recommended_max_bytes_over_mobile has moved from android.provider.Settings.Secure to android.provider.Settings.Global.
06-11 10:22:10.405 17540 17630 I Finsky  : [446] SettingNotFoundException, fall through to G.downloadBytesOverMobileRecommended
06-11 10:22:10.407 17540 17636 W Finsky  : [449] For unauth, use getDfeApiNonAuthenticated() instead!
06-11 10:22:10.412 17540 17660 I Finsky  : [466] CronetEngine is present. Using Cronet for the networking stack.
06-11 10:22:10.448 17615 17615 I FirebaseInitProvider: FirebaseApp initialization successful
06-11 10:22:10.465 17540 17630 I Finsky  : [446] registerListener
06-11 10:22:10.482 17540 17630 I Finsky  : [446] DFS: Listener added for svy@79d3759
06-11 10:22:10.482 17540 17630 I Finsky  : [446] registerListener
06-11 10:22:10.507 17540 17540 I Finsky  : [1] onSubscriptionsChanged
06-11 10:22:10.510 17615 17615 D AndroidAutoSize: designWidthInDp = 800, designHeightInDp = 450, screenWidth = 540, screenHeight = 960
06-11 10:22:10.510 17615 17615 D AndroidAutoSize: initDensity = 1.5, initScaledDensity = 1.5
06-11 10:22:10.535 17540 17551 W art     : Suspending all threads took: 15.443ms
06-11 10:22:10.545 17615 17667 I DynamiteModule: Considering local module com.google.android.gms.measurement.dynamite:117 and remote module com.google.android.gms.measurement.dynamite:191
06-11 10:22:10.545 17615 17667 I DynamiteModule: Selected remote version of com.google.android.gms.measurement.dynamite, version >= 191
06-11 10:22:10.545 17615 17667 V DynamiteModule: Dynamite loader version >= 2, using loadModule2NoCrashUtils
06-11 10:22:10.549 17540 17551 I art     : Background sticky concurrent mark sweep GC freed 40005(3MB) AllocSpace objects, 0(0B) LOS objects, 23% free, 9MB/12MB, paused 21.926ms total 171.793ms
06-11 10:22:10.617 17540 17630 I Finsky  : [446] Enqueuing libraries load for 0
06-11 10:22:10.621 17540 17648 I Finsky  : [459] Starting libraries load for 0
06-11 10:22:10.647 17615 17667 W System  : ClassLoader referenced unknown path: 
06-11 10:22:10.653  1302  1310 I art     : Background partial concurrent mark sweep GC freed 22533(1002KB) AllocSpace objects, 20(400KB) LOS objects, 33% free, 9MB/14MB, paused 3.699ms total 128.461ms
06-11 10:22:10.691 17615 17667 D ApplicationLoaders: ignored Vulkan layer search path /data/app/com.google.android.gms-1/lib/x86:/data/app/com.google.android.gms-1/base.apk!/lib/x86:/data/app/com.google.android.gms-1/split_config.en.apk!/lib/x86:/data/app/com.google.android.gms-1/split_config.hdpi.apk!/lib/x86 for namespace 0xc7cdf090
06-11 10:22:10.767 17615 17667 W ResourceType: ResTable_typeSpec entry count inconsistent: given 112, previously 115
06-11 10:22:10.770 17615 17667 W ResourceType: ResTable_typeSpec entry count inconsistent: given 4810, previously 5454
06-11 10:22:10.771 17615 17667 W ResourceType: ResTable_typeSpec entry count inconsistent: given 3589, previously 3610
06-11 10:22:10.771 17615 17667 W ResourceType: ResTable_typeSpec entry count inconsistent: given 235, previously 240
06-11 10:22:10.771 17615 17667 W ResourceType: ResTable_typeSpec entry count inconsistent: given 508, previously 5852
06-11 10:22:10.778 17540 17636 I Finsky  : [449] ApplicationRestrictions: {}
06-11 10:22:10.798 17540 17648 I Finsky  : [459] Finished loading 0 libraries.
06-11 10:22:10.806 17615 17667 W System  : ClassLoader referenced unknown path: /data/user_de/0/com.google.android.gms/app_chimera/m/00000012/n/x86
06-11 10:22:10.806 17615 17667 W System  : ClassLoader referenced unknown path: /data/user_de/0/com.google.android.gms/app_chimera/m/00000012/n/armeabi-v7a
06-11 10:22:10.806 17615 17667 W System  : ClassLoader referenced unknown path: /data/user_de/0/com.google.android.gms/app_chimera/m/00000012/n/armeabi
06-11 10:22:10.819 17540 17656 W art     : Verification of void xan.a(wxh, wxi, gvt, gbx, int) took 101.521ms
06-11 10:22:10.847 17615 17615 W com.facebook.k0: You haven't set a value for AdvertiserIDCollectionEnabled. Set the flag to TRUE if you want to collect Advertiser ID for better advertising and analytics results. To request user consent before collecting data, set the flag value to FALSE, then change to TRUE once user consent is received. Learn more: https://developers.facebook.com/docs/app-events/getting-started-app-events-android#disable-auto-events.
06-11 10:22:10.893 17458 17581 W art     : Verification of java.lang.Object aimr.a() took 105.962ms
06-11 10:22:10.975 17540 17660 W Finsky  : [466] com.anansimobile.city_ar: No account found.
06-11 10:22:10.989 17540 17660 I Finsky  : [466] Billing preferred account via installer for com.anansimobile.city_ar: [dCNOmK_nSY-12vHzasLXiswzlGT5UHA7jAGYkvmCuQs]
06-11 10:22:11.005 17615 17695 D NetworkSecurityConfig: No Network Security Config specified, using platform default
06-11 10:22:11.035 17540 17693 W art     : Long monitor contention with owner LightweightExecutor #2 (17631) at java.lang.reflect.Method bdyl.dp(java.lang.Class, java.lang.String, java.lang.Class[])(PG:1) waiters=0 in java.lang.Object cbaf.d() for 212ms
06-11 10:22:11.066 17540 17693 I Finsky  : [485] VerifyApps: Setup app restrictions monitor
06-11 10:22:11.073 17615 17615 E LD_LOG  : LDInitProvider - 请开发者自行调用LDSdk.sdkInitialized(context)完成sdk初始化
06-11 10:22:11.077 17540 17693 I Finsky  : [485] VerifyApps: Device wide unknown source restriction updated
06-11 10:22:11.081 17540 17629 I Finsky  : [445] SysUA: Disable SystemUpdateActivity, because Android is lower than Q
06-11 10:22:11.156 17540 17693 I Finsky  : [485] VerifyApps: Updating ADI Warn Mode activity enabled state
06-11 10:22:11.171 17540 17656 I Finsky  : [465] VerifyApps: Resolving target for ADI Warn Mode activity
06-11 10:22:11.172 17540 17656 I Finsky  : [465] VerifyApps: Feature flag disabled, ADI Warn Mode activity target not resolved
06-11 10:22:11.213 17540 17648 I Finsky  : [459] SysUA: Set SystemUpdateActivity enabled state to 2
06-11 10:22:11.214 17615 17615 D Sentry  : io.sentry.auto-init read: false
06-11 10:22:11.246 17540 17551 I art     : Background sticky concurrent mark sweep GC freed 14760(1648KB) AllocSpace objects, 7(188KB) LOS objects, 18% free, 10MB/12MB, paused 6.517ms total 128.250ms
06-11 10:22:11.256 17540 17660 I Finsky  : [466] Set UnhibernateActivity enabled state to 1
06-11 10:22:11.314 17540 17656 I Finsky  : [465] VerifyApps: Successfully updated the ADI Warn Mode activity to disabled
06-11 10:22:11.387 17540 17648 I Finsky  : [459] SysCUA: Set {com.android.vending/com.google.android.finsky.systemcomponentupdateui.common.SystemComponentUpdateActivity} enabled state to 0
06-11 10:22:11.427 17615 17626 W art     : Suspending all threads took: 11.013ms
06-11 10:22:11.487 17458 17692 W art     : Verification of void bjrx.<init>(android.content.Context) took 100.244ms
06-11 10:22:11.502 17615 17615 D CoroStartupManager: taskMap {AppMonitorInitTask=com.android.ld.appstore.AppBaseInitExtKt$getBaseInitTaskList$1@5599fc4, NormalInitTask=com.android.ld.appstore.AppBaseInitExtKt$a@b6eeead, LdReportInitTask=com.android.ld.appstore.AppBaseInitExtKt$b@1c285e2, FileDownloadManagerInitTask=com.android.ld.appstore.AppBaseInitExtKt$c@36a0d73, DbManagerInitTask=com.android.ld.appstore.AppBaseInitExtKt$d@e32f430, LDSdkInitTask=com.android.ld.appstore.AppBaseInitExtKt$e@f38c8a9, CheckUpdateInitTask=com.android.ld.appstore.AppBaseInitExtKt$f@4071e2e, AppExtrasInitTask=b6.a$a@7ce0dcf}
06-11 10:22:11.502 17615 17615 D CoroStartupManager: taskGraph {AppMonitorInitTask=[], NormalInitTask=[], LdReportInitTask=[], FileDownloadManagerInitTask=[], DbManagerInitTask=[], LDSdkInitTask=[], CheckUpdateInitTask=[FileDownloadManagerInitTask], AppExtrasInitTask=[]}
06-11 10:22:11.502 17615 17615 D CoroStartupManager: sortedTasks [AppMonitorInitTask, NormalInitTask, LdReportInitTask, FileDownloadManagerInitTask, DbManagerInitTask, LDSdkInitTask, AppExtrasInitTask, CheckUpdateInitTask]
06-11 10:22:11.502 17615 17615 D CoroStartupManager: independentTasks [AppMonitorInitTask, NormalInitTask, LdReportInitTask, FileDownloadManagerInitTask, DbManagerInitTask, LDSdkInitTask, AppExtrasInitTask]
06-11 10:22:11.502 17615 17615 D CoroStartupManager: asyncTasks []
06-11 10:22:11.559  1716  1716 D BoundBrokerSvc: onBind: Intent { act=com.google.android.gms.gmscompliance.service.START dat=chimera-action: cmp=com.google.android.gms/.chimera.PersistentBoundBrokerService }
06-11 10:22:11.559  1716  1716 D BoundBrokerSvc: Loading bound service for intent: Intent { act=com.google.android.gms.gmscompliance.service.START dat=chimera-action: cmp=com.google.android.gms/.chimera.PersistentBoundBrokerService }
06-11 10:22:11.577 17458 17469 W art     : Suspending all threads took: 10.438ms
06-11 10:22:11.598 17540 17654 W art     : Verification of void jpg.<init>(jpd) took 114.424ms
06-11 10:22:11.605 11067 11067 D BoundBrokerSvc: onBind: Intent { act=com.google.android.gms.safetynet.service.START pkg=com.google.android.gms }
06-11 10:22:11.605 11067 11067 D BoundBrokerSvc: Loading bound service for intent: Intent { act=com.google.android.gms.safetynet.service.START pkg=com.google.android.gms }
06-11 10:22:11.609 17615 17626 W art     : Suspending all threads took: 22.813ms
06-11 10:22:11.626 17615 17729 D CoroStartupManager: Executing task AppMonitorInitTask, thread DefaultDispatcher-worker-1
06-11 10:22:11.631 17615 17615 D CoroStartupManager: Executing task LDSdkInitTask, thread main
06-11 10:22:11.641 17615 17615 E LD_LOG  : LDSdk loadDefaultsFromMetaData: appId: 100031 , appKey: 9cd4ba7e79502d098be050f4f350a3c4 , channelId: 100000 , sunChannelId:100001 , isTestHost: false
06-11 10:22:11.657 17615 17615 I System.out: try to read channel info from apk : /data/app/com.android.ld.appstore-2/base.apk
06-11 10:22:11.664 17615 17733 D CoroStartupManager: Executing task DbManagerInitTask, thread DefaultDispatcher-worker-5
06-11 10:22:11.668 17615 17736 D CoroStartupManager: Executing task FileDownloadManagerInitTask, thread DefaultDispatcher-worker-8
06-11 10:22:11.675 17615 17734 D CoroStartupManager: Executing task LdReportInitTask, thread DefaultDispatcher-worker-6
06-11 10:22:11.687 17615 17730 D CoroStartupManager: Executing task NormalInitTask, thread DefaultDispatcher-worker-2
06-11 10:22:11.721 17615 17615 I System.out: getByteBufferValueById , destApk /data/app/com.android.ld.appstore-2/base.apk IdValueMap = {1896449818=java.nio.HeapByteBuffer[pos=0 lim=1014 cap=1014], 1347109971=java.nio.HeapByteBuffer[pos=0 lim=15272 cap=15272], 1114793335=java.nio.HeapByteBuffer[pos=0 lim=30 cap=30]}
06-11 10:22:11.721 17615 17615 I System.out: getByteValueById , id = -2012129793 , value = null
06-11 10:22:11.750 17540 17545 I art     : Do full code cache collection, code=101KB, data=123KB
06-11 10:22:11.751 17615 17615 I ChannelReaderUtil: getChannelByV2 , channel = 
06-11 10:22:11.754 17615 17615 I System.out: APK : /data/app/com.android.ld.appstore-2/base.apk not have channel info from Zip Comment
06-11 10:22:11.754 17615 17615 I ChannelReaderUtil: getChannelByV1 , channel = 
06-11 10:22:11.771 17540 17545 I art     : Starting a blocking GC JitCodeCache
06-11 10:22:11.771 17540 17545 I art     : After code cache collection, code=88KB, data=108KB
06-11 10:22:11.828 17615 17730 D AppRegistry: fetchInstalledAppsMap start
06-11 10:22:11.847 17615 17626 W art     : Suspending all threads took: 16.685ms
06-11 10:22:11.866 17458 17463 I art     : Do partial code cache collection, code=107KB, data=94KB
06-11 10:22:11.867 17458 17463 I art     : After code cache collection, code=62KB, data=51KB
06-11 10:22:11.867 17458 17463 I art     : Increasing code cache capacity to 512KB
06-11 10:22:11.872 17458 17463 I art     : Compiler allocated 7MB to compile void bwvc.l(java.lang.Object, bwsp, bwte)
06-11 10:22:11.874 17500 17558 D ApplicationLoaders: ignored Vulkan layer search path /data/app/com.google.android.gms-1/lib/x86:/data/app/com.google.android.gms-1/base.apk!/lib/x86:/data/app/com.google.android.gms-1/split_config.en.apk!/lib/x86:/data/app/com.google.android.gms-1/split_config.hdpi.apk!/lib/x86 for namespace 0xc7cdf090
06-11 10:22:11.874 17500 17565 W art     : Long monitor contention with owner pool-5-thread-1 (17558) at java.lang.Object dalvik.system.DexFile.openDexFileNative(java.lang.String, java.lang.String, int, java.lang.ClassLoader, dalvik.system.DexPathList$Element[])(DexFile.java:-2) waiters=0 in java.lang.ClassLoader android.app.LoadedApk.getClassLoader() for 9.396s
06-11 10:22:11.875 17500 17538 W art     : Long monitor contention with owner pool-5-thread-1 (17558) at java.lang.Object dalvik.system.DexFile.openDexFileNative(java.lang.String, java.lang.String, int, java.lang.ClassLoader, dalvik.system.DexPathList$Element[])(DexFile.java:-2) waiters=1 in java.lang.ClassLoader android.app.LoadedApk.getClassLoader() for 8.320s
06-11 10:22:11.878 17500 17558 W ResourceType: ResTable_typeSpec entry count inconsistent: given 112, previously 115
06-11 10:22:11.879 17500 17558 W ResourceType: ResTable_typeSpec entry count inconsistent: given 4810, previously 5454
06-11 10:22:11.879 17500 17558 W ResourceType: ResTable_typeSpec entry count inconsistent: given 3589, previously 3610
06-11 10:22:11.879 17500 17538 W ResourceType: ResTable_typeSpec entry count inconsistent: given 112, previously 115
06-11 10:22:11.879 17500 17558 W ResourceType: ResTable_typeSpec entry count inconsistent: given 235, previously 240
06-11 10:22:11.879 17500 17558 W ResourceType: ResTable_typeSpec entry count inconsistent: given 508, previously 5852
06-11 10:22:11.879 17500 17538 W ResourceType: ResTable_typeSpec entry count inconsistent: given 4810, previously 5454
06-11 10:22:11.879 17500 17538 W ResourceType: ResTable_typeSpec entry count inconsistent: given 3589, previously 3610
06-11 10:22:11.879 17500 17538 W ResourceType: ResTable_typeSpec entry count inconsistent: given 235, previously 240
06-11 10:22:11.879 17500 17538 W ResourceType: ResTable_typeSpec entry count inconsistent: given 508, previously 5852
06-11 10:22:11.879 17500 17565 W ResourceType: ResTable_typeSpec entry count inconsistent: given 112, previously 115
06-11 10:22:11.879 17500 17565 W ResourceType: ResTable_typeSpec entry count inconsistent: given 4810, previously 5454
06-11 10:22:11.879 17500 17565 W ResourceType: ResTable_typeSpec entry count inconsistent: given 3589, previously 3610
06-11 10:22:11.880 17500 17565 W ResourceType: ResTable_typeSpec entry count inconsistent: given 235, previously 240
06-11 10:22:11.880 17500 17565 W ResourceType: ResTable_typeSpec entry count inconsistent: given 508, previously 5852
06-11 10:22:11.927 17615 17734 W art     : Verification of void com.ld.analytics.sdk.f.y(java.lang.String, org.json.JSONObject) took 104.030ms
06-11 10:22:12.010 17500 17565 D AppsFlyer_1.17: AppsFlyer: first launch detected
06-11 10:22:12.018 17500 17558 I AppsFlyer_1.17: AppsFlyer: first launch date: 2026-06-11_1022+0300
06-11 10:22:12.029 17500 17565 I AppsFlyer_1.17: AppsFlyer: first launch date: 2026-06-11_1022+0300
06-11 10:22:12.076 17540 17551 W art     : Suspending all threads took: 21.025ms
06-11 10:22:12.092 17540 17635 I Finsky  : [448] Initializing pausers from value store.
06-11 10:22:12.093 17540 17551 I art     : Background partial concurrent mark sweep GC freed 17383(1543KB) AllocSpace objects, 1(20KB) LOS objects, 39% free, 10MB/17MB, paused 30.254ms total 158.975ms
06-11 10:22:12.094 17540 17635 I Finsky  : [448] IQ::HLD: Callers (Pausers) in PauseUpdatesCallersValueStore: []
06-11 10:22:12.104 17615 17626 W art     : Suspending all threads took: 17.756ms
06-11 10:22:12.203 17540 17540 W art     : Before Android 4.1, method double java.util.concurrent.ThreadLocalRandom.internalNextDouble(double, double) would have incorrectly overridden the package-private method in java.util.Random
06-11 10:22:12.203 17540 17540 W art     : Before Android 4.1, method int java.util.concurrent.ThreadLocalRandom.internalNextInt(int, int) would have incorrectly overridden the package-private method in java.util.Random
06-11 10:22:12.203 17540 17540 W art     : Before Android 4.1, method long java.util.concurrent.ThreadLocalRandom.internalNextLong(long, long) would have incorrectly overridden the package-private method in java.util.Random
06-11 10:22:12.278 17540 17656 W art     : Verification of boeq bogy.a(boml) took 230.836ms
06-11 10:22:12.278  1302  1316 W BroadcastQueue: Permission Denial: broadcasting Intent { act=android.net.conn.CONNECTIVITY_CHANGE flg=0x4000010 (has extras) } from null (pid=-1, uid=-1) requires com.tencent.bugly.BuglyBroadcastReceiver.permission due to registered receiver BroadcastFilter{350f345 u0 ReceiverList{d94f7bc 17615 com.android.ld.appstore/10025/u0 remote:682f7af}}
06-11 10:22:12.299 17615 17713 I FA      : App measurement initialized, version: 167000
06-11 10:22:12.299 17615 17713 I FA      : To enable debug logging run: adb shell setprop log.tag.FA VERBOSE
06-11 10:22:12.308 17615 17713 I FA      : To enable faster debug mode event logging run:
06-11 10:22:12.308 17615 17713 I FA      :   adb shell setprop debug.firebase.analytics.app com.android.ld.appstore
06-11 10:22:12.397 17615 17730 D AppRegistry: fetchInstalledAppsMap completed, total apps: 67
06-11 10:22:12.411 17500 17538 I engine  : [LoadingMnger] do step:4
06-11 10:22:12.447 17615 17730 I LDStore : log basic info, {"storeVersion":"30.04(889010)","androidVersion":25,"mnqVersion":"0400008302","mnqMac":"4-fffe828badc64f6de99624384a61655c","launcherVersion":"8.3(13)","googlePlayVersion":"51.6.24-24 [0] [PR] 922996236(85162400)","language":"en"}
06-11 10:22:12.485 17500 17538 I engine  : [LoadingMnger] do step:5
06-11 10:22:12.516 17615 17615 E LD_LOG  : initSdk -> local sid = 0NPMDJRTIWS5AT1CXFC3D3CNO9O05JDI
06-11 10:22:12.519 17615 17730 I FireBaseUtil: firebase init success
06-11 10:22:12.526 17458 17469 W art     : Suspending all threads took: 13.104ms
06-11 10:22:12.539 17458 17469 I art     : Background partial concurrent mark sweep GC freed 14723(902KB) AllocSpace objects, 1(20KB) LOS objects, 40% free, 8MB/14MB, paused 21.473ms total 136.611ms
06-11 10:22:12.542 17615 17755 E LD_LOG  : LogFileUtils -> isDirCreated = true ,isFileCreated = true ,logFile = /storage/emulated/0/Android/data/com.android.ld.appstore/files/ldsdk/ld-open-sdk.txt
06-11 10:22:12.560 17615 17620 I art     : Do partial code cache collection, code=6KB, data=31KB
06-11 10:22:12.568 17615 17615 E LD_LOG  : AliPdns-> init
06-11 10:22:12.574 17615 17729 D CoroStartupManager: Executing task AppExtrasInitTask, thread DefaultDispatcher-worker-1
06-11 10:22:12.574 17615 17736 D CoroStartupManager: Executing task CheckUpdateInitTask, thread DefaultDispatcher-worker-8
06-11 10:22:12.576 17615 17620 I art     : After code cache collection, code=6KB, data=31KB
06-11 10:22:12.576 17615 17620 I art     : Increasing code cache capacity to 128KB
06-11 10:22:12.594 17615 17620 I art     : Compiler allocated 4MB to compile java.lang.Object cn.fly.tools.c.a.b(java.lang.String, java.util.ArrayList)
06-11 10:22:12.668 17458 17692 I Finsky:background: [465] Subscription detail: DataSubscriptionInfo{groupIdLevel1=null, serviceProviderName=[0a_xYu_7dG4bmWYAvZEU5Y-9xro8QGRtLF9MRVJnpkk], simCarrierId=null}
06-11 10:22:12.688 17458 17458 I Finsky:background: [1] onSubscriptionsChanged
06-11 10:22:12.757 17458 17692 I Finsky:background: [465] playLoggingServerUrl: https://play.googleapis.com/play/log
06-11 10:22:12.757 17458 17692 I Finsky:background: [465] playLoggingServerTimestampUrl: https://play.googleapis.com/play/log/timestamp
06-11 10:22:12.812 17540 17769 I Finsky  : [500] SM: There are no stale sessions to be pruned
06-11 10:22:12.884 17540 17540 I Finsky  : [1] Connecting InstallListener to SplitInstallService broadcaster...
06-11 10:22:12.981 11067 11067 D BoundBrokerSvc: onUnbind: Intent { act=com.google.android.gms.measurement.START pkg=com.google.android.gms }
06-11 10:22:13.142 17458 17573 I Finsky:background: [437] WM::SCH: Logging work initialize for 3-48
06-11 10:22:13.143 17458 17573 I Finsky:background: [437] WM::SCH: Logging work initialize for 3-49
06-11 10:22:13.245 17458 17583 I Finsky:background: [445] SCH: Scheduling phonesky job Id: 3-48, CT: 1781162527216, Constraints: [{ L: 0, D: 86400000, C: CHARGING_REQUIRED, I: IDLE_REQUIRED, N: NET_ANY, B: BATTERY_ANY }]
06-11 10:22:13.246 17458 17583 I Finsky:background: [445] SCH: Scheduling phonesky job Id: 3-49, CT: 1781162528154, Constraints: [{ L: 0, D: 86400000, C: CHARGING_NONE, I: IDLE_REQUIRED, N: NET_ANY, B: BATTERY_ANY }]
06-11 10:22:13.247 17615 17764 V libnb   : enter native_bridge2_isSupported /data/app/com.android.ld.appstore-2/lib/arm/libsentry.so
06-11 10:22:13.247 17615 17764 V libnb   : enter native_bridge2_loadLibrary /data/app/com.android.ld.appstore-2/lib/arm/libsentry.so
06-11 10:22:13.259 17458 17582 I Finsky:background: [444] SCH: Scheduling 0 system job(s)
06-11 10:22:13.455 11067 11067 D BoundBrokerSvc: onBind: Intent { act=com.google.android.gms.measurement.START pkg=com.google.android.gms }
06-11 10:22:13.455 11067 11067 D BoundBrokerSvc: Loading bound service for intent: Intent { act=com.google.android.gms.measurement.START pkg=com.google.android.gms }
06-11 10:22:13.800 17615 17615 D CoroStartupManager: TaskMonitor, ===== Task Execution Summary =====
06-11 10:22:13.801 17615 17615 D CoroStartupManager: TaskMonitor, AppMonitorInitTask: SUCCESS (693ms)
06-11 10:22:13.801 17615 17615 D CoroStartupManager: TaskMonitor, NormalInitTask: SUCCESS (1832ms)
06-11 10:22:13.801 17615 17615 D CoroStartupManager: TaskMonitor, LdReportInitTask: SUCCESS (265ms)
06-11 10:22:13.801 17615 17615 D CoroStartupManager: TaskMonitor, FileDownloadManagerInitTask: SUCCESS (677ms)
06-11 10:22:13.801 17615 17615 D CoroStartupManager: TaskMonitor, DbManagerInitTask: SUCCESS (297ms)
06-11 10:22:13.801 17615 17615 D CoroStartupManager: TaskMonitor, LDSdkInitTask: SUCCESS (941ms)
06-11 10:22:13.801 17615 17615 D CoroStartupManager: TaskMonitor, AppExtrasInitTask: SUCCESS (79ms)
06-11 10:22:13.801 17615 17615 D CoroStartupManager: TaskMonitor, CheckUpdateInitTask: SUCCESS (1224ms)
06-11 10:22:13.801 17615 17615 D CoroStartupManager: Total execution time: 2300 ms
06-11 10:22:13.805 17615 17736 I GoogleDownloadReceiver: onGoogleDownload, packageName = com.google.android.gms
06-11 10:22:13.808 17615 17615 I Choreographer: Skipped 165 frames!  The application may be doing too much work on its main thread.
06-11 10:22:13.821 17615 17764 D houdini : [17764] Added shared library /data/app/com.android.ld.appstore-2/lib/arm/libsentry.so for ClassLoader by Native Bridge.
06-11 10:22:13.828 17615 17764 V libnb   : enter native_bridge2_getTrampoline JNI_OnLoad, trampoline_addr 0x0
06-11 10:22:13.832 17615 17736 I GoogleDownloadReceiver: isGoogleInstallFilter = true, packageName = com.google.android.gms
06-11 10:22:13.870 17615 17764 V libnb   : enter native_bridge2_isSupported /data/app/com.android.ld.appstore-2/lib/arm/libsentry-android.so
06-11 10:22:13.870 17615 17764 V libnb   : enter native_bridge2_loadLibrary /data/app/com.android.ld.appstore-2/lib/arm/libsentry-android.so
06-11 10:22:13.880  1716  2313 I PhenotypeResourceReader: unable to find any Phenotype resource metadata for com.android.ld.appstore
06-11 10:22:13.885 17615 17764 D houdini : [17764] Added shared library /data/app/com.android.ld.appstore-2/lib/arm/libsentry-android.so for ClassLoader by Native Bridge.
06-11 10:22:13.885 17615 17764 V libnb   : enter native_bridge2_getTrampoline JNI_OnLoad, trampoline_addr 0x0
06-11 10:22:13.885 17615 17620 I art     : Compiler allocated 4MB to compile java.lang.Object cn.fly.tools.b.h.b(cn.fly.tools.b.a, java.lang.String, java.util.ArrayList)
06-11 10:22:13.895 17615 17738 V libnb   : enter native_bridge2_getTrampoline Java_io_sentry_ndk_SentryNdk_initSentryNative, trampoline_addr 0xa3ea7fc4
06-11 10:22:13.897  1716  2313 W PhBaseOp: Phenotype API error. Event: # hgtq@7fc2b316, EventCode: COMMIT_CONFIG [CONTEXT service_id=51 ]
06-11 10:22:13.897  1716  2313 W PhBaseOp: dtrm: 29547: Stale snapshot for com.google.android.gms.measurement#com.android.ld.appstore(new configuration available)
06-11 10:22:13.897  1716  2313 W PhBaseOp: 	at dttp.d(:com.google.android.gms@261833007@26.18.33 (040700-913931251):448)
06-11 10:22:13.897  1716  2313 W PhBaseOp: 	at dttp.b(:com.google.android.gms@261833007@26.18.33 (040700-913931251):44)
06-11 10:22:13.897  1716  2313 W PhBaseOp: 	at dtto.i(:com.google.android.gms@261833007@26.18.33 (040700-913931251):3)
06-11 10:22:13.897  1716  2313 W PhBaseOp: 	at dttk.h(:com.google.android.gms@261833007@26.18.33 (040700-913931251):31)
06-11 10:22:13.897  1716  2313 W PhBaseOp: 	at dttk.f(:com.google.android.gms@261833007@26.18.33 (040700-913931251):13)
06-11 10:22:13.897  1716  2313 W PhBaseOp: 	at crbm.fB(:com.google.android.gms@261833007@26.18.33 (040700-913931251):1)
06-11 10:22:13.897  1716  2313 W PhBaseOp: 	at crbx.run(:com.google.android.gms@261833007@26.18.33 (040700-913931251):118)
06-11 10:22:13.897  1716  2313 W PhBaseOp: 	at fjuj.run(:com.google.android.gms@261833007@26.18.33 (040700-913931251):19)
06-11 10:22:13.897  1716  2313 W PhBaseOp: 	at bfky.c(:com.google.android.gms@261833007@26.18.33 (040700-913931251):50)
06-11 10:22:13.897  1716  2313 W PhBaseOp: 	at bfky.run(:com.google.android.gms@261833007@26.18.33 (040700-913931251):73)
06-11 10:22:13.897  1716  2313 W PhBaseOp: 	at java.util.concurrent.ThreadPoolExecutor.runWorker(ThreadPoolExecutor.java:1133)
06-11 10:22:13.897  1716  2313 W PhBaseOp: 	at java.util.concurrent.ThreadPoolExecutor$Worker.run(ThreadPoolExecutor.java:607)
06-11 10:22:13.897  1716  2313 W PhBaseOp: 	at bfqi.run(:com.google.android.gms@261833007@26.18.33 (040700-913931251):8)
06-11 10:22:13.897  1716  2313 W PhBaseOp: 	at java.lang.Thread.run(Thread.java:761)
06-11 10:22:13.898  1716  2313 W AsyncOperation: operation=CommitToConfigurationOperationCall, opStatusCode=29547 [CONTEXT service_id=51 ]
06-11 10:22:13.898  1716  2313 W AsyncOperation: OperationException[Status{statusCode=Stale snapshot for com.google.android.gms.measurement#com.android.ld.appstore(new configuration available), resolution=null}]
06-11 10:22:13.898  1716  2313 W AsyncOperation: 	at dttk.h(:com.google.android.gms@261833007@26.18.33 (040700-913931251):61)
06-11 10:22:13.898  1716  2313 W AsyncOperation: 	at dttk.f(:com.google.android.gms@261833007@26.18.33 (040700-913931251):13)
06-11 10:22:13.898  1716  2313 W AsyncOperation: 	at crbm.fB(:com.google.android.gms@261833007@26.18.33 (040700-913931251):1)
06-11 10:22:13.898  1716  2313 W AsyncOperation: 	at crbx.run(:com.google.android.gms@261833007@26.18.33 (040700-913931251):118)
06-11 10:22:13.898  1716  2313 W AsyncOperation: 	at fjuj.run(:com.google.android.gms@261833007@26.18.33 (040700-913931251):19)
06-11 10:22:13.898  1716  2313 W AsyncOperation: 	at bfky.c(:com.google.android.gms@261833007@26.18.33 (040700-913931251):50)
06-11 10:22:13.898  1716  2313 W AsyncOperation: 	at bfky.run(:com.google.android.gms@261833007@26.18.33 (040700-913931251):73)
06-11 10:22:13.898  1716  2313 W AsyncOperation: 	at java.util.concurrent.ThreadPoolExecutor.runWorker(ThreadPoolExecutor.java:1133)
06-11 10:22:13.898  1716  2313 W AsyncOperation: 	at java.util.concurrent.ThreadPoolExecutor$Worker.run(ThreadPoolExecutor.java:607)
06-11 10:22:13.898  1716  2313 W AsyncOperation: 	at bfqi.run(:com.google.android.gms@261833007@26.18.33 (040700-913931251):8)
06-11 10:22:13.898  1716  2313 W AsyncOperation: 	at java.lang.Thread.run(Thread.java:761)
06-11 10:22:13.976 17615 17736 I GoogleDownloadReceiver: onGoogleDownload, packageName = com.android.vending
06-11 10:22:13.977 17615 17736 I GoogleDownloadReceiver: isGoogleInstallFilter = true, packageName = com.android.vending
06-11 10:22:13.982  1735  1735 W ContextImpl: Calling a method in the system process without a qualified user: android.app.ContextImpl.startService:1358 android.content.ContextWrapper.startService:613 android.content.ContextWrapper.startService:613 com.android.coreservice.CoreBroadcastReceiver.onReceive:53 android.app.ActivityThread.handleReceiver:3073 
06-11 10:22:14.001 17615 17615 I LDSdkMonitor: onInitialized success 
06-11 10:22:14.025 11067 17514 D AdvertisingIdClient: AdvertisingIdClient already created.
06-11 10:22:14.036 17615 17754 V libnb   : enter native_bridge2_getTrampoline Java_io_sentry_ndk_NativeScope_nativeSetUser, trampoline_addr 0xa3ea7f8c
06-11 10:22:14.044 11067 17514 I AdvertisingIdClient: shouldSendLog 27714468
06-11 10:22:14.044 11067 17514 I AdvertisingIdClient: GetInfoInternal elapse 19ms
06-11 10:22:14.051 17615 17754 V libnb   : enter native_bridge2_getTrampoline Java_io_sentry_ndk_NativeScope_nativeSetExtra, trampoline_addr 0xa3ea7f54
06-11 10:22:14.053 17540 17629 I Finsky  : [445] RECEIVER_SINGLE_USER_SETTINGS#logWorkEndAndFinishGoAsync: SUCCESS
06-11 10:22:14.097 17615 17620 I art     : Do partial code cache collection, code=60KB, data=61KB
06-11 10:22:14.098 17615 17620 I art     : After code cache collection, code=60KB, data=61KB
06-11 10:22:14.098 17615 17620 I art     : Increasing code cache capacity to 256KB
06-11 10:22:14.221 17615 17779 W System  : Ignoring header moid because its value was null.
06-11 10:22:14.500 17500 17538 I engine  : [LoadingMnger] do step:6
06-11 10:22:14.688 17458 17465 I art     : Debugger is no longer active
06-11 10:22:14.688 17458 17465 I art     : Starting a blocking GC Instrumentation
06-11 10:22:14.977 17500 17538 I engine  : [LoadingMnger] do step:7
06-11 10:22:15.116 17500 17538 D FlurryAgent: Event count incremented: new_login_step
06-11 10:22:16.307 17500 17507 I art     : Debugger is no longer active
06-11 10:22:16.307 17500 17507 I art     : Starting a blocking GC Instrumentation
06-11 10:22:16.356 17615 17695 E com.facebook.GraphResponse: {HttpStatus: 400, errorCode: 190, subErrorCode: -1, errorType: OAuthException, errorMessage: Invalid OAuth access token signature.}
06-11 10:22:16.358 17615 17695 W h3.n0   : Apps that target Android API 30+ (Android 11+) cannot call Facebook native apps unless the package visibility needs are declared. Please follow https://developers.facebook.com/docs/android/troubleshooting/#faq_267321845055988 to make the declaration.
