--------- beginning of main
05-28 18:35:26.128  3809  3809 D libnativebridge: PreInitializeNativeBridge name=zygote instruction_set=arm
05-28 18:35:26.129  3809  3809 V libnb   : enter native_bridge2_initialize /data/user/0/com.anansimobile.city_ar/code_cache arm
05-28 18:35:26.133  3809  3809 D houdini : [3809] Initialize library(version: 7.1.1b_x.49852 RELEASE)... successfully.
05-28 18:35:26.449  3809  3809 D FirebaseApp: com.google.firebase.auth.FirebaseAuth is not linked. Skipping initialization.
05-28 18:35:26.464  3809  3809 D FirebaseApp: com.google.firebase.crash.FirebaseCrash is not linked. Skipping initialization.
05-28 18:35:26.499  3809  3809 I FA      : App measurement is starting up, version: 11400
05-28 18:35:26.499  3809  3809 I FA      : To enable debug logging run: adb shell setprop log.tag.FA VERBOSE
05-28 18:35:26.508  3809  3809 I FA      : To enable faster debug mode event logging run:
05-28 18:35:26.508  3809  3809 I FA      :   adb shell setprop debug.firebase.analytics.app com.anansimobile.city_ar
05-28 18:35:26.538  3809  3809 I FirebaseInitProvider: FirebaseApp initialization successful
05-28 18:35:26.568  3809  3835 D NetworkSecurityConfig: No Network Security Config specified, using platform default
05-28 18:35:26.571  3809  3809 V libnb   : enter native_bridge2_isSupported /data/app/com.anansimobile.city_ar-1/lib/arm/libcity_ar.so
05-28 18:35:26.571  3809  3809 V libnb   : enter native_bridge2_loadLibrary /data/app/com.anansimobile.city_ar-1/lib/arm/libcity_ar.so
05-28 18:35:26.773  3809  3809 D houdini : [3809] Added shared library /data/app/com.anansimobile.city_ar-1/lib/arm/libcity_ar.so for ClassLoader by Native Bridge.
05-28 18:35:26.773  3809  3809 V libnb   : enter native_bridge2_getTrampoline JNI_OnLoad, trampoline_addr 0x0
05-28 18:35:26.794  3809  3809 D native_project_lib: [root_service_log] Callback Activity...
05-28 18:35:26.804  3809  3809 V libnb   : enter native_bridge2_getTrampoline Java_com_anansimobile_nge_RootActivity_setSystemUIFrame, trampoline_addr 0xb6e32fc4
05-28 18:35:26.817  3809  3823 W art     : Suspending all threads took: 5.282ms
05-28 18:35:26.819  3809  3823 I art     : Background sticky concurrent mark sweep GC freed 17015(1083KB) AllocSpace objects, 6(120KB) LOS objects, 50% free, 2MB/4MB, paused 5.469ms total 22.730ms
05-28 18:35:26.889  3809  3809 I AppsFlyer_1.17: Start tracking package: com.anansimobile.city_ar
05-28 18:35:26.894  3809  3857 I AppsFlyer_1.17-982526894: ******* sendTrackingWithEvent: Launch
--------- beginning of system
05-28 18:35:26.905  3809  3857 E ActivityThread: Failed to find provider info for com.facebook.katana.provider.AttributionIdProvider
05-28 18:35:26.906  3809  3857 I AppsFlyer_1.17: WARNING:READ_PHONE_STATE is missing
05-28 18:35:26.911  3809  3809 D FlurryAgent: Initializing Flurry session
05-28 18:35:26.911  3809  3809 D FlurryAgent: New session
05-28 18:35:26.913  3809  3855 I FlurryAgent: Agent cache file doesn't exist.
05-28 18:35:26.914  3809  3855 D FlurryAgent: generating agent report
05-28 18:35:26.915  3809  3855 I FlurryAgent: getting push token.
05-28 18:35:26.915  3809  3809 I AppsFlyer_1.17: Start tracking package: com.anansimobile.city_ar
05-28 18:35:26.916  3809  3855 D FlurryAgent: generated report of size 284 with 0 reports.
05-28 18:35:26.916  3809  3855 I FlurryDataSenderBlockInfo: Writing FlurryDataSenderBlockInfo: /data/user/0/com.anansimobile.city_ar/files/.flurrydatasenderblock.f95b4543-863c-48bd-8a6a-b3f3348a2610
05-28 18:35:26.916  3809  3855 I FlurryDataSender: Number of not sent blocks = 1
05-28 18:35:26.917  3809  3855 I FlurryDataSenderBlockInfo: Reading FlurryDataSenderBlockInfo: /data/user/0/com.anansimobile.city_ar/files/.flurrydatasenderblock.f95b4543-863c-48bd-8a6a-b3f3348a2610
05-28 18:35:26.917  3809  3855 I FlurryDataSender: FlurryDataSender: start upload data with id = f95b4543-863c-48bd-8a6a-b3f3348a2610 to http://data.flurry.com/aap.do
05-28 18:35:26.917  3809  3865 I FlurryDataSenderIndex: write iter 0 dataLength = 36
05-28 18:35:26.917  3809  3855 D FlurryAgent: Done sending initial agent report
05-28 18:35:26.917  3809  3809 V libnb   : enter native_bridge2_getTrampoline Java_com_anansimobile_nge_RootActivity_onGameResume, trampoline_addr 0xb6e32f8c
05-28 18:35:26.919  3809  3864 I AppsFlyer_1.17-982526919: ******* sendTrackingWithEvent: Launch
05-28 18:35:26.921  3809  3834 I FA      : Tag Manager is not found and thus will not be used
05-28 18:35:26.922  3809  3864 E ActivityThread: Failed to find provider info for com.facebook.katana.provider.AttributionIdProvider
05-28 18:35:26.923  3809  3864 I AppsFlyer_1.17: WARNING:READ_PHONE_STATE is missing
05-28 18:35:26.926  3809  3809 I HostConnection: HostConnection::HostConnection: pid=3809, tid=3809, this=0xbd76d100
05-28 18:35:26.927  3809  3809 I         : fastpipe: Connect success
05-28 18:35:26.927  3809  3809 D HostConnection: HostRPC::connect sucess: app=com.anansimobile.city_ar, pid=3809, tid=3809, this=0xa6a90e00
05-28 18:35:26.931  3809  3809 E HostConnection: /data/local/cfg-znz/gl_force format error! com.tencent.tmgp.trssj 5 
05-28 18:35:26.931  3809  3809 E HostConnection: /data/local/cfg-znz/gl_force format error! com.huiqi.mrby gl
05-28 18:35:26.931  3809  3809 E HostConnection: /data/local/cfg-znz/gl_force format error! aos.playpark.ygc gl
05-28 18:35:26.934  3809  3809 D HostConnection: queryAndSetGLESMaxVersion select gles-version: 3.1 hostGLVersion:46 process:com.anansimobile.city_ar
05-28 18:35:26.935  3809  3809 I         : fastpipe: Connect success
05-28 18:35:26.935  3809  3809 D HostConnection: recv ProcessPuidReply name=com.anansimobile.city_ar puid=10 g_u64CapsFlag=1d
05-28 18:35:26.939  3809  3809 D native_project_lib: [root_service_log] RootService Created!~
05-28 18:35:26.939  3809  3809 D native_project_lib: [root_service_log] RootService Start!~
05-28 18:35:27.008  3809  3838 W System.err: java.net.UnknownHostException: Unable to resolve host "data.flurry.com": No address associated with hostname
05-28 18:35:27.009  3809  3838 W System.err: 	at java.net.Inet6AddressImpl.lookupHostByName(Inet6AddressImpl.java:125)
05-28 18:35:27.009  3809  3838 W System.err: 	at java.net.Inet6AddressImpl.lookupAllHostAddr(Inet6AddressImpl.java:74)
05-28 18:35:27.009  3809  3838 W System.err: 	at java.net.InetAddress.getAllByName(InetAddress.java:752)
05-28 18:35:27.009  3809  3838 W System.err: 	at org.apache.http.impl.conn.DefaultClientConnectionOperator.openConnection(DefaultClientConnectionOperator.java:142)
05-28 18:35:27.009  3809  3838 W System.err: 	at org.apache.http.impl.conn.AbstractPoolEntry.open(AbstractPoolEntry.java:169)
05-28 18:35:27.009  3809  3838 W System.err: 	at org.apache.http.impl.conn.AbstractPooledConnAdapter.open(AbstractPooledConnAdapter.java:124)
05-28 18:35:27.009  3809  3838 W System.err: 	at org.apache.http.impl.client.DefaultRequestDirector.execute(DefaultRequestDirector.java:366)
05-28 18:35:27.009  3809  3838 W System.err: 	at org.apache.http.impl.client.AbstractHttpClient.execute(AbstractHttpClient.java:560)
05-28 18:35:27.009  3809  3838 W System.err: 	at org.apache.http.impl.client.AbstractHttpClient.execute(AbstractHttpClient.java:492)
05-28 18:35:27.009  3809  3838 W System.err: 	at org.apache.http.impl.client.AbstractHttpClient.execute(AbstractHttpClient.java:470)
05-28 18:35:27.009  3809  3838 W System.err: 	at com.flurry.android.FlurryDataSenderAsyncOperation.doInBackground(SourceFile:50)
05-28 18:35:27.009  3809  3838 W System.err: 	at com.flurry.android.FlurryDataSenderAsyncOperation.doInBackground(SourceFile:17)
05-28 18:35:27.009  3809  3838 W System.err: 	at android.os.AsyncTask$2.call(AsyncTask.java:305)
05-28 18:35:27.009  3809  3838 W System.err: 	at java.util.concurrent.FutureTask.run(FutureTask.java:237)
05-28 18:35:27.009  3809  3838 W System.err: 	at android.os.AsyncTask$SerialExecutor$1.run(AsyncTask.java:243)
05-28 18:35:27.009  3809  3838 W System.err: 	at java.util.concurrent.ThreadPoolExecutor.runWorker(ThreadPoolExecutor.java:1133)
05-28 18:35:27.009  3809  3838 W System.err: 	at java.util.concurrent.ThreadPoolExecutor$Worker.run(ThreadPoolExecutor.java:607)
05-28 18:35:27.009  3809  3838 W System.err: 	at java.lang.Thread.run(Thread.java:761)
05-28 18:35:27.009  3809  3838 W System.err: Caused by: android.system.GaiException: android_getaddrinfo failed: EAI_NODATA (No address associated with hostname)
05-28 18:35:27.009  3809  3838 W System.err: 	at libcore.io.Posix.android_getaddrinfo(Native Method)
05-28 18:35:27.009  3809  3838 W System.err: 	at libcore.io.ForwardingOs.android_getaddrinfo(ForwardingOs.java:55)
05-28 18:35:27.009  3809  3838 W System.err: 	at java.net.Inet6AddressImpl.lookupHostByName(Inet6AddressImpl.java:106)
05-28 18:35:27.009  3809  3838 W System.err: 	... 17 more
05-28 18:35:27.024  3809  3835 D GraphRequest: Warning: Request without access token missing application ID or client token.
05-28 18:35:27.033  3809  3837 D GraphRequest: Warning: Request without access token missing application ID or client token.
05-28 18:35:27.062  3809  3866 I HostConnection: HostConnection::HostConnection: pid=3809, tid=3866, this=0xb6f2cc40
05-28 18:35:27.062  3809  3866 I         : fastpipe: Connect success
05-28 18:35:27.063  3809  3866 D HostConnection: HostRPC::connect sucess: app=com.anansimobile.city_ar, pid=3809, tid=3866, this=0xa6c20780
05-28 18:35:27.063  3809  3866 D HostConnection: queryAndSetGLESMaxVersion select gles-version: 3.1 hostGLVersion:46 process:com.anansimobile.city_ar
05-28 18:35:27.068  3809  3866 I OpenGLRenderer: Initialized EGL, version 1.4
05-28 18:35:27.068  3809  3866 D OpenGLRenderer: Swap behavior 1
05-28 18:35:27.068  3809  3866 I EGL_adreno: eglCreateContext request GLES major-version=2
05-28 18:35:27.071  3809  3852 I HostConnection: HostConnection::HostConnection: pid=3809, tid=3852, this=0xa6cbec40
05-28 18:35:27.071  3809  3852 I         : fastpipe: Connect success
05-28 18:35:27.072  3809  3852 D HostConnection: HostRPC::connect sucess: app=com.anansimobile.city_ar, pid=3809, tid=3852, this=0xa6c09e80
05-28 18:35:27.072  3809  3852 D HostConnection: queryAndSetGLESMaxVersion select gles-version: 3.1 hostGLVersion:46 process:com.anansimobile.city_ar
05-28 18:35:27.076  3809  3809 E FlurryDataSender: --onServerError f95b4543-863c-48bd-8a6a-b3f3348a2610
05-28 18:35:27.076  3809  3866 D EGL_adreno: eglCreateContext: 0xbd70b860: maj 3 min 1 rcv 4
05-28 18:35:27.083  3809  3852 D EGL_adreno: eglCreateContext: 0xbd70a120: maj 1 min 0 rcv 1
05-28 18:35:27.090  3809  3866 D EGL_adreno: eglMakeCurrent: 0xbd70b860: ver 3 1 (tinfo 0xb6f7fe60)
05-28 18:35:27.092  3809  3866 D HostConnection: ExtendedRCEncoderContext GL_VERSION return OpenGL ES 3.1
05-28 18:35:27.127  3809  3852 D EGL_adreno: eglMakeCurrent: 0xbd70a120: ver 1 0 (tinfo 0xbd7055d0)
05-28 18:35:27.129  3809  3852 V libnb   : enter native_bridge2_getTrampoline Java_com_anansimobile_nge_NDKRenderer_nativeInit, trampoline_addr 0xb6e32f54
05-28 18:35:27.131  3809  3852 V libnb   : enter native_bridge2_getTrampoline Java_com_anansimobile_nge_NDKRenderer_nativeResize, trampoline_addr 0xb6e32f1c
05-28 18:35:27.152  3809  3866 E EGL_adreno: tid 3866: eglSurfaceAttrib(1338): error 0x3009 (EGL_BAD_MATCH)
05-28 18:35:27.152  3809  3866 W OpenGLRenderer: Failed to set EGL_SWAP_BEHAVIOR on surface 0xa3728aa0, error=EGL_BAD_MATCH
05-28 18:35:27.221  3809  3852 V libnb   : enter native_bridge2_getTrampoline Java_com_anansimobile_nge_NextGenEngine_bitmapDataDidLoad, trampoline_addr 0xb6e32ee4
05-28 18:35:27.367  3809  3852 V libnb   : enter native_bridge2_getTrampoline Java_com_anansimobile_nge_NDKRenderer_nativeRender, trampoline_addr 0xb6e32eac
05-28 18:35:27.433  3809  3866 D EGL_adreno: eglMakeCurrent: 0xbd70b860: ver 3 1 (tinfo 0xb6f7fe60)
05-28 18:35:27.513  3809  3852 I engine  : [LoadingMnger] do step:1
05-28 18:35:29.277  3809  3868 D FCM     : Refreshed token: dhEjduCe0Yg:APA91bHKsJyv7_8ePzvmduh-9jAElrpDfCvuq_8UXXOnJwACJCNdIT_mEQ9o3EWPj1tY3e3jOo-ByzsvMQ0it5Ze5OTAKlt3QsGxsywGuagfEqH31H4f5e4
05-28 18:35:29.423  3809  3864 D ApplicationLoaders: ignored Vulkan layer search path /data/app/com.google.android.gms-1/lib/x86:/data/app/com.google.android.gms-1/base.apk!/lib/x86:/data/app/com.google.android.gms-1/split_config.en.apk!/lib/x86:/data/app/com.google.android.gms-1/split_config.hdpi.apk!/lib/x86 for namespace 0xba583090
05-28 18:35:29.433  3809  3857 W art     : Long monitor contention with owner pool-8-thread-1 (3864) at boolean android.os.BinderProxy.transactNative(int, android.os.Parcel, android.os.Parcel, int)(Binder.java:-2) waiters=0 in java.lang.ClassLoader android.app.LoadedApk.getClassLoader() for 2.488s
05-28 18:35:29.433  3809  3852 W art     : Long monitor contention with owner pool-8-thread-1 (3864) at boolean android.os.BinderProxy.transactNative(int, android.os.Parcel, android.os.Parcel, int)(Binder.java:-2) waiters=1 in java.lang.ClassLoader android.app.LoadedApk.getClassLoader() for 1.921s
05-28 18:35:29.467  3809  3857 W ResourceType: ResTable_typeSpec entry count inconsistent: given 112, previously 115
05-28 18:35:29.467  3809  3864 W ResourceType: ResTable_typeSpec entry count inconsistent: given 112, previously 115
05-28 18:35:29.467  3809  3852 W ResourceType: ResTable_typeSpec entry count inconsistent: given 112, previously 115
05-28 18:35:29.467  3809  3857 W ResourceType: ResTable_typeSpec entry count inconsistent: given 4810, previously 5454
05-28 18:35:29.468  3809  3852 W ResourceType: ResTable_typeSpec entry count inconsistent: given 4810, previously 5454
05-28 18:35:29.468  3809  3864 W ResourceType: ResTable_typeSpec entry count inconsistent: given 4810, previously 5454
05-28 18:35:29.468  3809  3864 W ResourceType: ResTable_typeSpec entry count inconsistent: given 3589, previously 3610
05-28 18:35:29.468  3809  3857 W ResourceType: ResTable_typeSpec entry count inconsistent: given 3589, previously 3610
05-28 18:35:29.468  3809  3852 W ResourceType: ResTable_typeSpec entry count inconsistent: given 3589, previously 3610
05-28 18:35:29.468  3809  3857 W ResourceType: ResTable_typeSpec entry count inconsistent: given 235, previously 240
05-28 18:35:29.468  3809  3852 W ResourceType: ResTable_typeSpec entry count inconsistent: given 235, previously 240
05-28 18:35:29.468  3809  3864 W ResourceType: ResTable_typeSpec entry count inconsistent: given 235, previously 240
05-28 18:35:29.468  3809  3857 W ResourceType: ResTable_typeSpec entry count inconsistent: given 508, previously 5852
05-28 18:35:29.468  3809  3852 W ResourceType: ResTable_typeSpec entry count inconsistent: given 508, previously 5852
05-28 18:35:29.468  3809  3864 W ResourceType: ResTable_typeSpec entry count inconsistent: given 508, previously 5852
05-28 18:35:29.550  3809  3864 D AppsFlyer_1.17: AppsFlyer: first launch detected
05-28 18:35:29.554  3809  3857 I AppsFlyer_1.17: AppsFlyer: first launch date: 2026-05-28_0635+0300
05-28 18:35:29.582  3809  3864 I AppsFlyer_1.17: AppsFlyer: first launch date: 2026-05-28_0635+0300
05-28 18:35:39.683  3809  3809 W System.err: java.lang.Exception: show AlertDialog! title=
05-28 18:35:39.692  3809  3809 W System.err: 	at android.app.AlertDialog.show(AlertDialog.java:134)
05-28 18:35:39.692  3809  3809 W System.err: 	at android.app.AlertDialog$Builder.show(AlertDialog.java:1125)
05-28 18:35:39.692  3809  3809 W System.err: 	at com.anansimobile.nge.NGAlertDialog.handleMessage(NGAlertDialog.java:100)
05-28 18:35:39.692  3809  3809 W System.err: 	at com.anansimobile.nge.NGMsgHandler.handleMessage(RootActivity.java:1028)
05-28 18:35:39.692  3809  3809 W System.err: 	at android.os.Handler.dispatchMessage(Handler.java:102)
05-28 18:35:39.692  3809  3809 W System.err: 	at android.os.Looper.loop(Looper.java:154)
05-28 18:35:39.692  3809  3809 W System.err: 	at android.app.ActivityThread.main(ActivityThread.java:6190)
05-28 18:35:39.692  3809  3809 W System.err: 	at java.lang.reflect.Method.invoke(Native Method)
05-28 18:35:39.692  3809  3809 W System.err: 	at com.android.internal.os.ZygoteInit$MethodAndArgsCaller.run(ZygoteInit.java:892)
05-28 18:35:39.692  3809  3809 W System.err: 	at com.android.internal.os.ZygoteInit.main(ZygoteInit.java:782)
05-28 18:35:39.809  3809  3866 E EGL_adreno: tid 3866: eglSurfaceAttrib(1338): error 0x3009 (EGL_BAD_MATCH)
05-28 18:35:39.809  3809  3866 W OpenGLRenderer: Failed to set EGL_SWAP_BEHAVIOR on surface 0xa6f5fb60, error=EGL_BAD_MATCH
05-28 18:35:39.813  3809  3866 D EGL_adreno: eglMakeCurrent: 0xbd70b860: ver 3 1 (tinfo 0xb6f7fe60)
05-28 18:35:49.600  3809  3852 I engine  : [WARNING][LoadingMnger] step time out:1,now try reload this step 
05-28 18:35:49.601  3809  3852 I engine  : [LoadingMnger] do step:1
05-28 18:35:59.681  3809  3809 W System.err: java.lang.Exception: show AlertDialog! title=
05-28 18:35:59.681  3809  3809 W System.err: 	at android.app.AlertDialog.show(AlertDialog.java:134)
05-28 18:35:59.681  3809  3809 W System.err: 	at android.app.AlertDialog$Builder.show(AlertDialog.java:1125)
05-28 18:35:59.681  3809  3809 W System.err: 	at com.anansimobile.nge.NGAlertDialog.handleMessage(NGAlertDialog.java:100)
05-28 18:35:59.681  3809  3809 W System.err: 	at com.anansimobile.nge.NGMsgHandler.handleMessage(RootActivity.java:1028)
05-28 18:35:59.681  3809  3809 W System.err: 	at android.os.Handler.dispatchMessage(Handler.java:102)
05-28 18:35:59.681  3809  3809 W System.err: 	at android.os.Looper.loop(Looper.java:154)
05-28 18:35:59.682  3809  3809 W System.err: 	at android.app.ActivityThread.main(ActivityThread.java:6190)
05-28 18:35:59.682  3809  3809 W System.err: 	at java.lang.reflect.Method.invoke(Native Method)
05-28 18:35:59.682  3809  3809 W System.err: 	at com.android.internal.os.ZygoteInit$MethodAndArgsCaller.run(ZygoteInit.java:892)
05-28 18:35:59.682  3809  3809 W System.err: 	at com.android.internal.os.ZygoteInit.main(ZygoteInit.java:782)
05-28 18:35:59.738  3809  3866 E EGL_adreno: tid 3866: eglSurfaceAttrib(1338): error 0x3009 (EGL_BAD_MATCH)
05-28 18:35:59.738  3809  3866 W OpenGLRenderer: Failed to set EGL_SWAP_BEHAVIOR on surface 0xa1525260, error=EGL_BAD_MATCH
05-28 18:35:59.742  3809  3866 D EGL_adreno: eglMakeCurrent: 0xbd70b860: ver 3 1 (tinfo 0xb6f7fe60)
05-28 18:35:59.791  3809  3866 D EGL_adreno: eglMakeCurrent: 0xbd70b860: ver 3 1 (tinfo 0xb6f7fe60)
05-28 18:36:00.280  3809  3809 D native_project_lib: [root_service_log] TimeTickReceiver.onReceive()...
05-28 18:36:00.284  3809  3809 D native_project_lib: [root_service_log] saved callback activity class name: com.anansimobile.city_ar.Main
05-28 18:36:00.285  3809  3809 D native_project_lib: [root_service_log] notification ignored, activity in foreground!~
05-28 18:36:00.892  3809  3866 D EGL_adreno: eglMakeCurrent: 0xbd70b860: ver 3 1 (tinfo 0xb6f7fe60)
05-28 18:36:10.289  3809  3852 I engine  : [WARNING][LoadingMnger] step time out:1,now try reload this step 
05-28 18:36:10.289  3809  3852 I engine  : [LoadingMnger] do step:1
05-28 18:36:20.338  3809  3809 W System.err: java.lang.Exception: show AlertDialog! title=
05-28 18:36:20.338  3809  3809 W System.err: 	at android.app.AlertDialog.show(AlertDialog.java:134)
05-28 18:36:20.338  3809  3809 W System.err: 	at android.app.AlertDialog$Builder.show(AlertDialog.java:1125)
05-28 18:36:20.338  3809  3809 W System.err: 	at com.anansimobile.nge.NGAlertDialog.handleMessage(NGAlertDialog.java:100)
05-28 18:36:20.338  3809  3809 W System.err: 	at com.anansimobile.nge.NGMsgHandler.handleMessage(RootActivity.java:1028)
05-28 18:36:20.338  3809  3809 W System.err: 	at android.os.Handler.dispatchMessage(Handler.java:102)
05-28 18:36:20.338  3809  3809 W System.err: 	at android.os.Looper.loop(Looper.java:154)
05-28 18:36:20.338  3809  3809 W System.err: 	at android.app.ActivityThread.main(ActivityThread.java:6190)
05-28 18:36:20.338  3809  3809 W System.err: 	at java.lang.reflect.Method.invoke(Native Method)
05-28 18:36:20.338  3809  3809 W System.err: 	at com.android.internal.os.ZygoteInit$MethodAndArgsCaller.run(ZygoteInit.java:892)
05-28 18:36:20.338  3809  3809 W System.err: 	at com.android.internal.os.ZygoteInit.main(ZygoteInit.java:782)
05-28 18:36:20.411  3809  3866 E EGL_adreno: tid 3866: eglSurfaceAttrib(1338): error 0x3009 (EGL_BAD_MATCH)
05-28 18:36:20.411  3809  3866 W OpenGLRenderer: Failed to set EGL_SWAP_BEHAVIOR on surface 0xa15258a0, error=EGL_BAD_MATCH
05-28 18:36:20.425  3809  3866 D EGL_adreno: eglMakeCurrent: 0xbd70b860: ver 3 1 (tinfo 0xb6f7fe60)
05-28 18:36:20.491  3809  3866 D EGL_adreno: eglMakeCurrent: 0xbd70b860: ver 3 1 (tinfo 0xb6f7fe60)
05-28 18:36:21.558  3809  3866 D EGL_adreno: eglMakeCurrent: 0xbd70b860: ver 3 1 (tinfo 0xb6f7fe60)
05-28 18:36:30.678  3809  3852 I engine  : [WARNING][LoadingMnger] step time out:1,now try reload this step 
05-28 18:36:30.678  3809  3852 I engine  : [LoadingMnger] do step:1
05-28 18:36:40.701  3809  3809 W System.err: java.lang.Exception: show AlertDialog! title=
05-28 18:36:40.701  3809  3809 W System.err: 	at android.app.AlertDialog.show(AlertDialog.java:134)
05-28 18:36:40.701  3809  3809 W System.err: 	at android.app.AlertDialog$Builder.show(AlertDialog.java:1125)
05-28 18:36:40.701  3809  3809 W System.err: 	at com.anansimobile.nge.NGAlertDialog.handleMessage(NGAlertDialog.java:100)
05-28 18:36:40.701  3809  3809 W System.err: 	at com.anansimobile.nge.NGMsgHandler.handleMessage(RootActivity.java:1028)
05-28 18:36:40.701  3809  3809 W System.err: 	at android.os.Handler.dispatchMessage(Handler.java:102)
05-28 18:36:40.701  3809  3809 W System.err: 	at android.os.Looper.loop(Looper.java:154)
05-28 18:36:40.701  3809  3809 W System.err: 	at android.app.ActivityThread.main(ActivityThread.java:6190)
05-28 18:36:40.701  3809  3809 W System.err: 	at java.lang.reflect.Method.invoke(Native Method)
05-28 18:36:40.701  3809  3809 W System.err: 	at com.android.internal.os.ZygoteInit$MethodAndArgsCaller.run(ZygoteInit.java:892)
05-28 18:36:40.701  3809  3809 W System.err: 	at com.android.internal.os.ZygoteInit.main(ZygoteInit.java:782)
05-28 18:36:40.755  3809  3866 E EGL_adreno: tid 3866: eglSurfaceAttrib(1338): error 0x3009 (EGL_BAD_MATCH)
05-28 18:36:40.755  3809  3866 W OpenGLRenderer: Failed to set EGL_SWAP_BEHAVIOR on surface 0xa1525f00, error=EGL_BAD_MATCH
05-28 18:36:40.758  3809  3866 D EGL_adreno: eglMakeCurrent: 0xbd70b860: ver 3 1 (tinfo 0xb6f7fe60)
05-28 18:36:40.825  3809  3866 D EGL_adreno: eglMakeCurrent: 0xbd70b860: ver 3 1 (tinfo 0xb6f7fe60)
05-28 18:36:41.925  3809  3866 D EGL_adreno: eglMakeCurrent: 0xbd70b860: ver 3 1 (tinfo 0xb6f7fe60)
05-28 18:36:51.636  3809  3852 I engine  : [WARNING][LoadingMnger] step time out:1,now try reload this step 
05-28 18:36:51.637  3809  3852 I engine  : [LoadingMnger] do step:1
05-28 18:37:00.042  3809  3809 D native_project_lib: [root_service_log] TimeTickReceiver.onReceive()...
05-28 18:37:00.045  3809  3809 D native_project_lib: [root_service_log] saved callback activity class name: com.anansimobile.city_ar.Main
05-28 18:37:00.045  3809  3809 D native_project_lib: [root_service_log] notification ignored, activity in foreground!~
05-28 18:37:01.693  3809  3809 W System.err: java.lang.Exception: show AlertDialog! title=
05-28 18:37:01.693  3809  3809 W System.err: 	at android.app.AlertDialog.show(AlertDialog.java:134)
05-28 18:37:01.693  3809  3809 W System.err: 	at android.app.AlertDialog$Builder.show(AlertDialog.java:1125)
05-28 18:37:01.693  3809  3809 W System.err: 	at com.anansimobile.nge.NGAlertDialog.handleMessage(NGAlertDialog.java:100)
05-28 18:37:01.693  3809  3809 W System.err: 	at com.anansimobile.nge.NGMsgHandler.handleMessage(RootActivity.java:1028)
05-28 18:37:01.694  3809  3809 W System.err: 	at android.os.Handler.dispatchMessage(Handler.java:102)
05-28 18:37:01.694  3809  3809 W System.err: 	at android.os.Looper.loop(Looper.java:154)
05-28 18:37:01.694  3809  3809 W System.err: 	at android.app.ActivityThread.main(ActivityThread.java:6190)
05-28 18:37:01.694  3809  3809 W System.err: 	at java.lang.reflect.Method.invoke(Native Method)
05-28 18:37:01.694  3809  3809 W System.err: 	at com.android.internal.os.ZygoteInit$MethodAndArgsCaller.run(ZygoteInit.java:892)
05-28 18:37:01.694  3809  3809 W System.err: 	at com.android.internal.os.ZygoteInit.main(ZygoteInit.java:782)
05-28 18:37:01.757  3809  3866 E EGL_adreno: tid 3866: eglSurfaceAttrib(1338): error 0x3009 (EGL_BAD_MATCH)
05-28 18:37:01.757  3809  3866 W OpenGLRenderer: Failed to set EGL_SWAP_BEHAVIOR on surface 0xa3728440, error=EGL_BAD_MATCH
05-28 18:37:01.761  3809  3866 D EGL_adreno: eglMakeCurrent: 0xbd70b860: ver 3 1 (tinfo 0xb6f7fe60)
05-28 18:37:01.808  3809  3866 D EGL_adreno: eglMakeCurrent: 0xbd70b860: ver 3 1 (tinfo 0xb6f7fe60)
05-28 18:37:02.925  3809  3866 D EGL_adreno: eglMakeCurrent: 0xbd70b860: ver 3 1 (tinfo 0xb6f7fe60)
05-28 18:37:12.141  3809  3852 I engine  : [WARNING][LoadingMnger] step time out:1,now try reload this step 
05-28 18:37:12.141  3809  3852 I engine  : [LoadingMnger] do step:1
05-28 18:37:22.190  3809  3809 W System.err: java.lang.Exception: show AlertDialog! title=
05-28 18:37:22.191  3809  3809 W System.err: 	at android.app.AlertDialog.show(AlertDialog.java:134)
05-28 18:37:22.191  3809  3809 W System.err: 	at android.app.AlertDialog$Builder.show(AlertDialog.java:1125)
05-28 18:37:22.191  3809  3809 W System.err: 	at com.anansimobile.nge.NGAlertDialog.handleMessage(NGAlertDialog.java:100)
05-28 18:37:22.191  3809  3809 W System.err: 	at com.anansimobile.nge.NGMsgHandler.handleMessage(RootActivity.java:1028)
05-28 18:37:22.191  3809  3809 W System.err: 	at android.os.Handler.dispatchMessage(Handler.java:102)
05-28 18:37:22.191  3809  3809 W System.err: 	at android.os.Looper.loop(Looper.java:154)
05-28 18:37:22.191  3809  3809 W System.err: 	at android.app.ActivityThread.main(ActivityThread.java:6190)
05-28 18:37:22.191  3809  3809 W System.err: 	at java.lang.reflect.Method.invoke(Native Method)
05-28 18:37:22.191  3809  3809 W System.err: 	at com.android.internal.os.ZygoteInit$MethodAndArgsCaller.run(ZygoteInit.java:892)
05-28 18:37:22.191  3809  3809 W System.err: 	at com.android.internal.os.ZygoteInit.main(ZygoteInit.java:782)
05-28 18:37:22.258  3809  3866 E EGL_adreno: tid 3866: eglSurfaceAttrib(1338): error 0x3009 (EGL_BAD_MATCH)
05-28 18:37:22.258  3809  3866 W OpenGLRenderer: Failed to set EGL_SWAP_BEHAVIOR on surface 0xa3728ca0, error=EGL_BAD_MATCH
05-28 18:37:22.262  3809  3866 D EGL_adreno: eglMakeCurrent: 0xbd70b860: ver 3 1 (tinfo 0xb6f7fe60)
05-28 18:37:22.325  3809  3866 D EGL_adreno: eglMakeCurrent: 0xbd70b860: ver 3 1 (tinfo 0xb6f7fe60)
05-28 18:37:23.426  3809  3866 D EGL_adreno: eglMakeCurrent: 0xbd70b860: ver 3 1 (tinfo 0xb6f7fe60)
05-28 18:37:32.228  3809  3852 I engine  : [WARNING][LoadingMnger] step time out:1,now try reload this step 
05-28 18:37:32.228  3809  3852 I engine  : [LoadingMnger] do step:1
05-28 18:37:42.289  3809  3809 W System.err: java.lang.Exception: show AlertDialog! title=
05-28 18:37:42.289  3809  3809 W System.err: 	at android.app.AlertDialog.show(AlertDialog.java:134)
05-28 18:37:42.289  3809  3809 W System.err: 	at android.app.AlertDialog$Builder.show(AlertDialog.java:1125)
05-28 18:37:42.289  3809  3809 W System.err: 	at com.anansimobile.nge.NGAlertDialog.handleMessage(NGAlertDialog.java:100)
05-28 18:37:42.289  3809  3809 W System.err: 	at com.anansimobile.nge.NGMsgHandler.handleMessage(RootActivity.java:1028)
05-28 18:37:42.289  3809  3809 W System.err: 	at android.os.Handler.dispatchMessage(Handler.java:102)
05-28 18:37:42.289  3809  3809 W System.err: 	at android.os.Looper.loop(Looper.java:154)
05-28 18:37:42.289  3809  3809 W System.err: 	at android.app.ActivityThread.main(ActivityThread.java:6190)
05-28 18:37:42.289  3809  3809 W System.err: 	at java.lang.reflect.Method.invoke(Native Method)
05-28 18:37:42.289  3809  3809 W System.err: 	at com.android.internal.os.ZygoteInit$MethodAndArgsCaller.run(ZygoteInit.java:892)
05-28 18:37:42.289  3809  3809 W System.err: 	at com.android.internal.os.ZygoteInit.main(ZygoteInit.java:782)
05-28 18:37:42.356  3809  3866 E EGL_adreno: tid 3866: eglSurfaceAttrib(1338): error 0x3009 (EGL_BAD_MATCH)
05-28 18:37:42.356  3809  3866 W OpenGLRenderer: Failed to set EGL_SWAP_BEHAVIOR on surface 0xa372c4e0, error=EGL_BAD_MATCH
05-28 18:37:42.359  3809  3866 D EGL_adreno: eglMakeCurrent: 0xbd70b860: ver 3 1 (tinfo 0xb6f7fe60)
05-28 18:37:42.425  3809  3866 D EGL_adreno: eglMakeCurrent: 0xbd70b860: ver 3 1 (tinfo 0xb6f7fe60)
05-28 18:37:43.525  3809  3866 D EGL_adreno: eglMakeCurrent: 0xbd70b860: ver 3 1 (tinfo 0xb6f7fe60)
05-28 18:37:52.299  3809  3852 I engine  : [WARNING][LoadingMnger] step time out:1,now try reload this step 
05-28 18:37:52.299  3809  3852 I engine  : [LoadingMnger] do step:1
05-28 18:38:00.059  3809  3809 D native_project_lib: [root_service_log] TimeTickReceiver.onReceive()...
05-28 18:38:00.061  3809  3809 D native_project_lib: [root_service_log] saved callback activity class name: com.anansimobile.city_ar.Main
05-28 18:38:00.061  3809  3809 D native_project_lib: [root_service_log] notification ignored, activity in foreground!~
05-28 18:38:02.339  3809  3809 W System.err: java.lang.Exception: show AlertDialog! title=
05-28 18:38:02.339  3809  3809 W System.err: 	at android.app.AlertDialog.show(AlertDialog.java:134)
05-28 18:38:02.339  3809  3809 W System.err: 	at android.app.AlertDialog$Builder.show(AlertDialog.java:1125)
05-28 18:38:02.339  3809  3809 W System.err: 	at com.anansimobile.nge.NGAlertDialog.handleMessage(NGAlertDialog.java:100)
05-28 18:38:02.339  3809  3809 W System.err: 	at com.anansimobile.nge.NGMsgHandler.handleMessage(RootActivity.java:1028)
05-28 18:38:02.339  3809  3809 W System.err: 	at android.os.Handler.dispatchMessage(Handler.java:102)
05-28 18:38:02.339  3809  3809 W System.err: 	at android.os.Looper.loop(Looper.java:154)
05-28 18:38:02.339  3809  3809 W System.err: 	at android.app.ActivityThread.main(ActivityThread.java:6190)
05-28 18:38:02.339  3809  3809 W System.err: 	at java.lang.reflect.Method.invoke(Native Method)
05-28 18:38:02.339  3809  3809 W System.err: 	at com.android.internal.os.ZygoteInit$MethodAndArgsCaller.run(ZygoteInit.java:892)
05-28 18:38:02.339  3809  3809 W System.err: 	at com.android.internal.os.ZygoteInit.main(ZygoteInit.java:782)
05-28 18:38:02.404  3809  3866 E EGL_adreno: tid 3866: eglSurfaceAttrib(1338): error 0x3009 (EGL_BAD_MATCH)
05-28 18:38:02.404  3809  3866 W OpenGLRenderer: Failed to set EGL_SWAP_BEHAVIOR on surface 0xa372ca20, error=EGL_BAD_MATCH
05-28 18:38:02.408  3809  3866 D EGL_adreno: eglMakeCurrent: 0xbd70b860: ver 3 1 (tinfo 0xb6f7fe60)
05-28 18:38:02.475  3809  3866 D EGL_adreno: eglMakeCurrent: 0xbd70b860: ver 3 1 (tinfo 0xb6f7fe60)
05-28 18:38:03.558  3809  3866 D EGL_adreno: eglMakeCurrent: 0xbd70b860: ver 3 1 (tinfo 0xb6f7fe60)
05-28 18:38:12.570  3809  3852 I engine  : [WARNING][LoadingMnger] step time out:1,now try reload this step 
05-28 18:38:12.570  3809  3852 I engine  : [LoadingMnger] do step:1
05-28 18:38:22.649  3809  3809 W System.err: java.lang.Exception: show AlertDialog! title=
05-28 18:38:22.650  3809  3809 W System.err: 	at android.app.AlertDialog.show(AlertDialog.java:134)
05-28 18:38:22.650  3809  3809 W System.err: 	at android.app.AlertDialog$Builder.show(AlertDialog.java:1125)
05-28 18:38:22.650  3809  3809 W System.err: 	at com.anansimobile.nge.NGAlertDialog.handleMessage(NGAlertDialog.java:100)
05-28 18:38:22.650  3809  3809 W System.err: 	at com.anansimobile.nge.NGMsgHandler.handleMessage(RootActivity.java:1028)
05-28 18:38:22.650  3809  3809 W System.err: 	at android.os.Handler.dispatchMessage(Handler.java:102)
05-28 18:38:22.650  3809  3809 W System.err: 	at android.os.Looper.loop(Looper.java:154)
05-28 18:38:22.650  3809  3809 W System.err: 	at android.app.ActivityThread.main(ActivityThread.java:6190)
05-28 18:38:22.650  3809  3809 W System.err: 	at java.lang.reflect.Method.invoke(Native Method)
05-28 18:38:22.650  3809  3809 W System.err: 	at com.android.internal.os.ZygoteInit$MethodAndArgsCaller.run(ZygoteInit.java:892)
05-28 18:38:22.650  3809  3809 W System.err: 	at com.android.internal.os.ZygoteInit.main(ZygoteInit.java:782)
05-28 18:38:22.720  3809  3866 E EGL_adreno: tid 3866: eglSurfaceAttrib(1338): error 0x3009 (EGL_BAD_MATCH)
05-28 18:38:22.720  3809  3866 W OpenGLRenderer: Failed to set EGL_SWAP_BEHAVIOR on surface 0xa372cfc0, error=EGL_BAD_MATCH
05-28 18:38:22.723  3809  3866 D EGL_adreno: eglMakeCurrent: 0xbd70b860: ver 3 1 (tinfo 0xb6f7fe60)
05-28 18:38:22.774  3809  3866 D EGL_adreno: eglMakeCurrent: 0xbd70b860: ver 3 1 (tinfo 0xb6f7fe60)
05-28 18:38:23.893  3809  3866 D EGL_adreno: eglMakeCurrent: 0xbd70b860: ver 3 1 (tinfo 0xb6f7fe60)
05-28 18:38:32.880  3809  3852 I engine  : [WARNING][LoadingMnger] step time out:1,now try reload this step 
05-28 18:38:32.881  3809  3852 I engine  : [LoadingMnger] do step:1
05-28 18:38:42.968  3809  3809 W System.err: java.lang.Exception: show AlertDialog! title=
05-28 18:38:42.968  3809  3809 W System.err: 	at android.app.AlertDialog.show(AlertDialog.java:134)
05-28 18:38:42.969  3809  3809 W System.err: 	at android.app.AlertDialog$Builder.show(AlertDialog.java:1125)
05-28 18:38:42.969  3809  3809 W System.err: 	at com.anansimobile.nge.NGAlertDialog.handleMessage(NGAlertDialog.java:100)
05-28 18:38:42.969  3809  3809 W System.err: 	at com.anansimobile.nge.NGMsgHandler.handleMessage(RootActivity.java:1028)
05-28 18:38:42.969  3809  3809 W System.err: 	at android.os.Handler.dispatchMessage(Handler.java:102)
05-28 18:38:42.969  3809  3809 W System.err: 	at android.os.Looper.loop(Looper.java:154)
05-28 18:38:42.969  3809  3809 W System.err: 	at android.app.ActivityThread.main(ActivityThread.java:6190)
05-28 18:38:42.969  3809  3809 W System.err: 	at java.lang.reflect.Method.invoke(Native Method)
05-28 18:38:42.969  3809  3809 W System.err: 	at com.android.internal.os.ZygoteInit$MethodAndArgsCaller.run(ZygoteInit.java:892)
05-28 18:38:42.969  3809  3809 W System.err: 	at com.android.internal.os.ZygoteInit.main(ZygoteInit.java:782)
05-28 18:38:43.028  3809  3866 E EGL_adreno: tid 3866: eglSurfaceAttrib(1338): error 0x3009 (EGL_BAD_MATCH)
05-28 18:38:43.028  3809  3866 W OpenGLRenderer: Failed to set EGL_SWAP_BEHAVIOR on surface 0xa372e4e0, error=EGL_BAD_MATCH
05-28 18:38:43.033  3809  3866 D EGL_adreno: eglMakeCurrent: 0xbd70b860: ver 3 1 (tinfo 0xb6f7fe60)
05-28 18:38:43.076  3809  3866 D EGL_adreno: eglMakeCurrent: 0xbd70b860: ver 3 1 (tinfo 0xb6f7fe60)
05-28 18:38:44.210  3809  3866 D EGL_adreno: eglMakeCurrent: 0xbd70b860: ver 3 1 (tinfo 0xb6f7fe60)
05-28 18:38:53.184  3809  3852 I engine  : [WARNING][LoadingMnger] step time out:1,now try reload this step 
05-28 18:38:53.185  3809  3852 I engine  : [LoadingMnger] do step:1
05-28 18:39:00.042  3809  3809 D native_project_lib: [root_service_log] TimeTickReceiver.onReceive()...
05-28 18:39:00.046  3809  3809 D native_project_lib: [root_service_log] saved callback activity class name: com.anansimobile.city_ar.Main
05-28 18:39:00.046  3809  3809 D native_project_lib: [root_service_log] notification ignored, activity in foreground!~
05-28 18:39:03.252  3809  3809 W System.err: java.lang.Exception: show AlertDialog! title=
05-28 18:39:03.252  3809  3809 W System.err: 	at android.app.AlertDialog.show(AlertDialog.java:134)
05-28 18:39:03.252  3809  3809 W System.err: 	at android.app.AlertDialog$Builder.show(AlertDialog.java:1125)
05-28 18:39:03.252  3809  3809 W System.err: 	at com.anansimobile.nge.NGAlertDialog.handleMessage(NGAlertDialog.java:100)
05-28 18:39:03.252  3809  3809 W System.err: 	at com.anansimobile.nge.NGMsgHandler.handleMessage(RootActivity.java:1028)
05-28 18:39:03.252  3809  3809 W System.err: 	at android.os.Handler.dispatchMessage(Handler.java:102)
05-28 18:39:03.252  3809  3809 W System.err: 	at android.os.Looper.loop(Looper.java:154)
05-28 18:39:03.252  3809  3809 W System.err: 	at android.app.ActivityThread.main(ActivityThread.java:6190)
05-28 18:39:03.252  3809  3809 W System.err: 	at java.lang.reflect.Method.invoke(Native Method)
05-28 18:39:03.252  3809  3809 W System.err: 	at com.android.internal.os.ZygoteInit$MethodAndArgsCaller.run(ZygoteInit.java:892)
05-28 18:39:03.252  3809  3809 W System.err: 	at com.android.internal.os.ZygoteInit.main(ZygoteInit.java:782)
05-28 18:39:03.303  3809  3866 E EGL_adreno: tid 3866: eglSurfaceAttrib(1338): error 0x3009 (EGL_BAD_MATCH)
05-28 18:39:03.303  3809  3866 W OpenGLRenderer: Failed to set EGL_SWAP_BEHAVIOR on surface 0xa372ea00, error=EGL_BAD_MATCH
05-28 18:39:03.307  3809  3866 D EGL_adreno: eglMakeCurrent: 0xbd70b860: ver 3 1 (tinfo 0xb6f7fe60)
05-28 18:39:03.342  3809  3866 D EGL_adreno: eglMakeCurrent: 0xbd70b860: ver 3 1 (tinfo 0xb6f7fe60)
05-28 18:39:04.459  3809  3866 D EGL_adreno: eglMakeCurrent: 0xbd70b860: ver 3 1 (tinfo 0xb6f7fe60)
05-28 18:39:13.240  3809  3852 I engine  : [WARNING][LoadingMnger] step time out:1,now try reload this step 
05-28 18:39:13.240  3809  3852 I engine  : [LoadingMnger] do step:1
05-28 18:39:23.283  3809  3809 W System.err: java.lang.Exception: show AlertDialog! title=
05-28 18:39:23.283  3809  3809 W System.err: 	at android.app.AlertDialog.show(AlertDialog.java:134)
05-28 18:39:23.283  3809  3809 W System.err: 	at android.app.AlertDialog$Builder.show(AlertDialog.java:1125)
05-28 18:39:23.283  3809  3809 W System.err: 	at com.anansimobile.nge.NGAlertDialog.handleMessage(NGAlertDialog.java:100)
05-28 18:39:23.283  3809  3809 W System.err: 	at com.anansimobile.nge.NGMsgHandler.handleMessage(RootActivity.java:1028)
05-28 18:39:23.283  3809  3809 W System.err: 	at android.os.Handler.dispatchMessage(Handler.java:102)
05-28 18:39:23.283  3809  3809 W System.err: 	at android.os.Looper.loop(Looper.java:154)
05-28 18:39:23.283  3809  3809 W System.err: 	at android.app.ActivityThread.main(ActivityThread.java:6190)
05-28 18:39:23.283  3809  3809 W System.err: 	at java.lang.reflect.Method.invoke(Native Method)
05-28 18:39:23.283  3809  3809 W System.err: 	at com.android.internal.os.ZygoteInit$MethodAndArgsCaller.run(ZygoteInit.java:892)
05-28 18:39:23.283  3809  3809 W System.err: 	at com.android.internal.os.ZygoteInit.main(ZygoteInit.java:782)
05-28 18:39:23.338  3809  3866 E EGL_adreno: tid 3866: eglSurfaceAttrib(1338): error 0x3009 (EGL_BAD_MATCH)
05-28 18:39:23.338  3809  3866 W OpenGLRenderer: Failed to set EGL_SWAP_BEHAVIOR on surface 0xa372ee80, error=EGL_BAD_MATCH
05-28 18:39:23.341  3809  3866 D EGL_adreno: eglMakeCurrent: 0xbd70b860: ver 3 1 (tinfo 0xb6f7fe60)
05-28 18:39:23.392  3809  3866 D EGL_adreno: eglMakeCurrent: 0xbd70b860: ver 3 1 (tinfo 0xb6f7fe60)
05-28 18:39:24.508  3809  3866 D EGL_adreno: eglMakeCurrent: 0xbd70b860: ver 3 1 (tinfo 0xb6f7fe60)
05-28 18:39:33.419  3809  3852 I engine  : [WARNING][LoadingMnger] step time out:1,now try reload this step 
05-28 18:39:33.419  3809  3852 I engine  : [LoadingMnger] do step:1
05-28 18:39:43.485  3809  3809 W System.err: java.lang.Exception: show AlertDialog! title=
05-28 18:39:43.485  3809  3809 W System.err: 	at android.app.AlertDialog.show(AlertDialog.java:134)
05-28 18:39:43.485  3809  3809 W System.err: 	at android.app.AlertDialog$Builder.show(AlertDialog.java:1125)
05-28 18:39:43.485  3809  3809 W System.err: 	at com.anansimobile.nge.NGAlertDialog.handleMessage(NGAlertDialog.java:100)
05-28 18:39:43.485  3809  3809 W System.err: 	at com.anansimobile.nge.NGMsgHandler.handleMessage(RootActivity.java:1028)
05-28 18:39:43.485  3809  3809 W System.err: 	at android.os.Handler.dispatchMessage(Handler.java:102)
05-28 18:39:43.485  3809  3809 W System.err: 	at android.os.Looper.loop(Looper.java:154)
05-28 18:39:43.485  3809  3809 W System.err: 	at android.app.ActivityThread.main(ActivityThread.java:6190)
05-28 18:39:43.485  3809  3809 W System.err: 	at java.lang.reflect.Method.invoke(Native Method)
05-28 18:39:43.485  3809  3809 W System.err: 	at com.android.internal.os.ZygoteInit$MethodAndArgsCaller.run(ZygoteInit.java:892)
05-28 18:39:43.485  3809  3809 W System.err: 	at com.android.internal.os.ZygoteInit.main(ZygoteInit.java:782)
05-28 18:39:43.548  3809  3866 E EGL_adreno: tid 3866: eglSurfaceAttrib(1338): error 0x3009 (EGL_BAD_MATCH)
05-28 18:39:43.548  3809  3866 W OpenGLRenderer: Failed to set EGL_SWAP_BEHAVIOR on surface 0xa3735400, error=EGL_BAD_MATCH
05-28 18:39:43.552  3809  3866 D EGL_adreno: eglMakeCurrent: 0xbd70b860: ver 3 1 (tinfo 0xb6f7fe60)
05-28 18:39:43.612  3809  3866 D EGL_adreno: eglMakeCurrent: 0xbd70b860: ver 3 1 (tinfo 0xb6f7fe60)
05-28 18:39:44.713  3809  3866 D EGL_adreno: eglMakeCurrent: 0xbd70b860: ver 3 1 (tinfo 0xb6f7fe60)
05-28 18:39:53.566  3809  3852 I engine  : [WARNING][LoadingMnger] step time out:1,now try reload this step 
05-28 18:39:53.566  3809  3852 I engine  : [LoadingMnger] do step:1
05-28 18:40:00.042  3809  3809 D native_project_lib: [root_service_log] TimeTickReceiver.onReceive()...
05-28 18:40:00.050  3809  3809 D native_project_lib: [root_service_log] saved callback activity class name: com.anansimobile.city_ar.Main
05-28 18:40:00.050  3809  3809 D native_project_lib: [root_service_log] notification ignored, activity in foreground!~
05-28 18:40:03.605  3809  3809 W System.err: java.lang.Exception: show AlertDialog! title=
05-28 18:40:03.605  3809  3809 W System.err: 	at android.app.AlertDialog.show(AlertDialog.java:134)
05-28 18:40:03.605  3809  3809 W System.err: 	at android.app.AlertDialog$Builder.show(AlertDialog.java:1125)
05-28 18:40:03.605  3809  3809 W System.err: 	at com.anansimobile.nge.NGAlertDialog.handleMessage(NGAlertDialog.java:100)
05-28 18:40:03.605  3809  3809 W System.err: 	at com.anansimobile.nge.NGMsgHandler.handleMessage(RootActivity.java:1028)
05-28 18:40:03.605  3809  3809 W System.err: 	at android.os.Handler.dispatchMessage(Handler.java:102)
05-28 18:40:03.605  3809  3809 W System.err: 	at android.os.Looper.loop(Looper.java:154)
05-28 18:40:03.605  3809  3809 W System.err: 	at android.app.ActivityThread.main(ActivityThread.java:6190)
05-28 18:40:03.605  3809  3809 W System.err: 	at java.lang.reflect.Method.invoke(Native Method)
05-28 18:40:03.605  3809  3809 W System.err: 	at com.android.internal.os.ZygoteInit$MethodAndArgsCaller.run(ZygoteInit.java:892)
05-28 18:40:03.605  3809  3809 W System.err: 	at com.android.internal.os.ZygoteInit.main(ZygoteInit.java:782)
05-28 18:40:03.663  3809  3866 E EGL_adreno: tid 3866: eglSurfaceAttrib(1338): error 0x3009 (EGL_BAD_MATCH)
05-28 18:40:03.663  3809  3866 W OpenGLRenderer: Failed to set EGL_SWAP_BEHAVIOR on surface 0xa3735940, error=EGL_BAD_MATCH
05-28 18:40:03.668  3809  3866 D EGL_adreno: eglMakeCurrent: 0xbd70b860: ver 3 1 (tinfo 0xb6f7fe60)
05-28 18:40:03.708  3809  3866 D EGL_adreno: eglMakeCurrent: 0xbd70b860: ver 3 1 (tinfo 0xb6f7fe60)
05-28 18:40:04.810  3809  3866 D EGL_adreno: eglMakeCurrent: 0xbd70b860: ver 3 1 (tinfo 0xb6f7fe60)
