06-11 09:11:34.684 13586 13586 E memtrack: Couldn't load memtrack module (No such file or directory)
06-11 09:11:34.684 13586 13586 E android.os.Debug: failed to load memtrack module: -2
06-11 09:11:34.686 13586 13586 I Radio-JNI: register_android_hardware_Radio DONE
06-11 09:11:34.699 13586 13586 D AndroidRuntime: Calling main entry com.android.commands.input.Input
06-11 09:11:34.706 13586 13586 I Input   : injectMotionEvent: MotionEvent { action=ACTION_DOWN, actionButton=0, id[0]=0, x[0]=270.0, y[0]=620.0, toolType[0]=TOOL_TYPE_UNKNOWN, buttonState=0, metaState=0, flags=0x0, edgeFlags=0x0, pointerCount=1, historySize=0, eventTime=24307904, downTime=24307904, deviceId=0, source=0x2002 }
06-11 09:11:34.710 13586 13586 I Input   : injectMotionEvent: MotionEvent { action=ACTION_UP, actionButton=0, id[0]=0, x[0]=270.0, y[0]=620.0, toolType[0]=TOOL_TYPE_UNKNOWN, buttonState=0, metaState=0, flags=0x0, edgeFlags=0x0, pointerCount=1, historySize=0, eventTime=24307904, downTime=24307904, deviceId=0, source=0x2002 }
06-11 09:11:34.712 13586 13586 D AndroidRuntime: Shutting down VM
06-11 09:11:35.493 13596 13596 I appproc : exec app_process! cmdline: /system/bin com.android.commands.input.Input mouse tap 270 640 
06-11 09:11:35.493 13596 13596 D AndroidRuntime: >>>>>> START com.android.internal.os.RuntimeInit uid 0 <<<<<<
06-11 09:11:35.497 13596 13596 D AndroidRuntime: CheckJNI is OFF
06-11 09:11:35.561 13596 13596 D ICU     : No timezone override file found: /data/misc/zoneinfo/current/icu/icu_tzdata.dat
06-11 09:11:35.575 13596 13596 D libnativebridge: PreInitializeNativeBridge name=unknown instruction_set=x86
06-11 09:11:35.575 13596 13596 D libnativebridge: call UnloadNativeBridge! state=1
06-11 09:11:35.591 13596 13596 E memtrack: Couldn't load memtrack module (No such file or directory)
06-11 09:11:35.591 13596 13596 E android.os.Debug: failed to load memtrack module: -2
06-11 09:11:35.593 13596 13596 I Radio-JNI: register_android_hardware_Radio DONE
06-11 09:11:35.608 13596 13596 D AndroidRuntime: Calling main entry com.android.commands.input.Input
06-11 09:11:35.614 13596 13596 I Input   : injectMotionEvent: MotionEvent { action=ACTION_DOWN, actionButton=0, id[0]=0, x[0]=270.0, y[0]=640.0, toolType[0]=TOOL_TYPE_UNKNOWN, buttonState=0, metaState=0, flags=0x0, edgeFlags=0x0, pointerCount=1, historySize=0, eventTime=24308812, downTime=24308812, deviceId=0, source=0x2002 }
06-11 09:11:35.618 13596 13596 I Input   : injectMotionEvent: MotionEvent { action=ACTION_UP, actionButton=0, id[0]=0, x[0]=270.0, y[0]=640.0, toolType[0]=TOOL_TYPE_UNKNOWN, buttonState=0, metaState=0, flags=0x0, edgeFlags=0x0, pointerCount=1, historySize=0, eventTime=24308812, downTime=24308812, deviceId=0, source=0x2002 }
06-11 09:11:35.620 13596 13596 D AndroidRuntime: Shutting down VM
06-11 09:11:36.674 13606 13606 I appproc : exec app_process! cmdline: /system/bin com.android.commands.input.Input mouse tap 270 660 
06-11 09:11:36.674 13606 13606 D AndroidRuntime: >>>>>> START com.android.internal.os.RuntimeInit uid 0 <<<<<<
06-11 09:11:36.684 13606 13606 D AndroidRuntime: CheckJNI is OFF
06-11 09:11:36.802 13606 13606 D ICU     : No timezone override file found: /data/misc/zoneinfo/current/icu/icu_tzdata.dat
06-11 09:11:36.835 13606 13606 D libnativebridge: PreInitializeNativeBridge name=unknown instruction_set=x86
06-11 09:11:36.836 13606 13606 D libnativebridge: call UnloadNativeBridge! state=1
06-11 09:11:36.870 13606 13606 E memtrack: Couldn't load memtrack module (No such file or directory)
06-11 09:11:36.870 13606 13606 E android.os.Debug: failed to load memtrack module: -2
06-11 09:11:36.873 13606 13606 I Radio-JNI: register_android_hardware_Radio DONE
06-11 09:11:36.900 13606 13606 D AndroidRuntime: Calling main entry com.android.commands.input.Input
06-11 09:11:36.911 13606 13606 I Input   : injectMotionEvent: MotionEvent { action=ACTION_DOWN, actionButton=0, id[0]=0, x[0]=270.0, y[0]=660.0, toolType[0]=TOOL_TYPE_UNKNOWN, buttonState=0, metaState=0, flags=0x0, edgeFlags=0x0, pointerCount=1, historySize=0, eventTime=24310104, downTime=24310104, deviceId=0, source=0x2002 }
06-11 09:11:36.916 13606 13606 I Input   : injectMotionEvent: MotionEvent { action=ACTION_UP, actionButton=0, id[0]=0, x[0]=270.0, y[0]=660.0, toolType[0]=TOOL_TYPE_UNKNOWN, buttonState=0, metaState=0, flags=0x0, edgeFlags=0x0, pointerCount=1, historySize=0, eventTime=24310104, downTime=24310104, deviceId=0, source=0x2002 }
06-11 09:11:36.919 13606 13606 D AndroidRuntime: Shutting down VM
06-11 09:11:37.939 13616 13616 I appproc : exec app_process! cmdline: /system/bin com.android.commands.input.Input mouse tap 270 680 
06-11 09:11:37.939 13616 13616 D AndroidRuntime: >>>>>> START com.android.internal.os.RuntimeInit uid 0 <<<<<<
06-11 09:11:37.945 13616 13616 D AndroidRuntime: CheckJNI is OFF
06-11 09:11:38.069 13616 13616 D ICU     : No timezone override file found: /data/misc/zoneinfo/current/icu/icu_tzdata.dat
06-11 09:11:38.099 13616 13616 D libnativebridge: PreInitializeNativeBridge name=unknown instruction_set=x86
06-11 09:11:38.100 13616 13616 D libnativebridge: call UnloadNativeBridge! state=1
06-11 09:11:38.133 13616 13616 E memtrack: Couldn't load memtrack module (No such file or directory)
06-11 09:11:38.133 13616 13616 E android.os.Debug: failed to load memtrack module: -2
06-11 09:11:38.136 13616 13616 I Radio-JNI: register_android_hardware_Radio DONE
06-11 09:11:38.163 13616 13616 D AndroidRuntime: Calling main entry com.android.commands.input.Input
06-11 09:11:38.173 13616 13616 I Input   : injectMotionEvent: MotionEvent { action=ACTION_DOWN, actionButton=0, id[0]=0, x[0]=270.0, y[0]=680.0, toolType[0]=TOOL_TYPE_UNKNOWN, buttonState=0, metaState=0, flags=0x0, edgeFlags=0x0, pointerCount=1, historySize=0, eventTime=24311367, downTime=24311367, deviceId=0, source=0x2002 }
06-11 09:11:38.178 13616 13616 I Input   : injectMotionEvent: MotionEvent { action=ACTION_UP, actionButton=0, id[0]=0, x[0]=270.0, y[0]=680.0, toolType[0]=TOOL_TYPE_UNKNOWN, buttonState=0, metaState=0, flags=0x0, edgeFlags=0x0, pointerCount=1, historySize=0, eventTime=24311367, downTime=24311367, deviceId=0, source=0x2002 }
06-11 09:11:38.181 13616 13616 D AndroidRuntime: Shutting down VM
06-11 09:11:39.440 13626 13626 I appproc : exec app_process! cmdline: /system/bin com.android.commands.input.Input mouse tap 270 700 
06-11 09:11:39.440 13626 13626 D AndroidRuntime: >>>>>> START com.android.internal.os.RuntimeInit uid 0 <<<<<<
06-11 09:11:39.445 13626 13626 D AndroidRuntime: CheckJNI is OFF
06-11 09:11:39.517 13626 13626 D ICU     : No timezone override file found: /data/misc/zoneinfo/current/icu/icu_tzdata.dat
06-11 09:11:39.535 13626 13626 D libnativebridge: PreInitializeNativeBridge name=unknown instruction_set=x86
06-11 09:11:39.535 13626 13626 D libnativebridge: call UnloadNativeBridge! state=1
06-11 09:11:39.552 13626 13626 E memtrack: Couldn't load memtrack module (No such file or directory)
06-11 09:11:39.552 13626 13626 E android.os.Debug: failed to load memtrack module: -2
06-11 09:11:39.553 13626 13626 I Radio-JNI: register_android_hardware_Radio DONE
06-11 09:11:39.568 13626 13626 D AndroidRuntime: Calling main entry com.android.commands.input.Input
06-11 09:11:39.574 13626 13626 I Input   : injectMotionEvent: MotionEvent { action=ACTION_DOWN, actionButton=0, id[0]=0, x[0]=270.0, y[0]=700.0, toolType[0]=TOOL_TYPE_UNKNOWN, buttonState=0, metaState=0, flags=0x0, edgeFlags=0x0, pointerCount=1, historySize=0, eventTime=24312772, downTime=24312772, deviceId=0, source=0x2002 }
06-11 09:11:39.577 13626 13626 I Input   : injectMotionEvent: MotionEvent { action=ACTION_UP, actionButton=0, id[0]=0, x[0]=270.0, y[0]=700.0, toolType[0]=TOOL_TYPE_UNKNOWN, buttonState=0, metaState=0, flags=0x0, edgeFlags=0x0, pointerCount=1, historySize=0, eventTime=24312772, downTime=24312772, deviceId=0, source=0x2002 }
06-11 09:11:39.579 13626 13626 D AndroidRuntime: Shutting down VM
06-11 09:11:40.595 13636 13636 I appproc : exec app_process! cmdline: /system/bin com.android.commands.input.Input mouse tap 270 720 
06-11 09:11:40.595 13636 13636 D AndroidRuntime: >>>>>> START com.android.internal.os.RuntimeInit uid 0 <<<<<<
06-11 09:11:40.602 13636 13636 D AndroidRuntime: CheckJNI is OFF
06-11 09:11:40.704 13636 13636 D ICU     : No timezone override file found: /data/misc/zoneinfo/current/icu/icu_tzdata.dat
06-11 09:11:40.731 13636 13636 D libnativebridge: PreInitializeNativeBridge name=unknown instruction_set=x86
06-11 09:11:40.732 13636 13636 D libnativebridge: call UnloadNativeBridge! state=1
06-11 09:11:40.761 13636 13636 E memtrack: Couldn't load memtrack module (No such file or directory)
06-11 09:11:40.761 13636 13636 E android.os.Debug: failed to load memtrack module: -2
06-11 09:11:40.764 13636 13636 I Radio-JNI: register_android_hardware_Radio DONE
06-11 09:11:40.783 13636 13636 D AndroidRuntime: Calling main entry com.android.commands.input.Input
06-11 09:11:40.792 13636 13636 I Input   : injectMotionEvent: MotionEvent { action=ACTION_DOWN, actionButton=0, id[0]=0, x[0]=270.0, y[0]=720.0, toolType[0]=TOOL_TYPE_UNKNOWN, buttonState=0, metaState=0, flags=0x0, edgeFlags=0x0, pointerCount=1, historySize=0, eventTime=24313988, downTime=24313988, deviceId=0, source=0x2002 }
06-11 09:11:40.796 13636 13636 I Input   : injectMotionEvent: MotionEvent { action=ACTION_UP, actionButton=0, id[0]=0, x[0]=270.0, y[0]=720.0, toolType[0]=TOOL_TYPE_UNKNOWN, buttonState=0, metaState=0, flags=0x0, edgeFlags=0x0, pointerCount=1, historySize=0, eventTime=24313988, downTime=24313988, deviceId=0, source=0x2002 }
06-11 09:11:40.800 13636 13636 D AndroidRuntime: Shutting down VM
06-11 09:11:41.838 13646 13646 I appproc : exec app_process! cmdline: /system/bin com.android.commands.input.Input mouse tap 270 740 
06-11 09:11:41.838 13646 13646 D AndroidRuntime: >>>>>> START com.android.internal.os.RuntimeInit uid 0 <<<<<<
06-11 09:11:41.846 13646 13646 D AndroidRuntime: CheckJNI is OFF
06-11 09:11:41.962 13646 13646 D ICU     : No timezone override file found: /data/misc/zoneinfo/current/icu/icu_tzdata.dat
06-11 09:11:41.992 13646 13646 D libnativebridge: PreInitializeNativeBridge name=unknown instruction_set=x86
06-11 09:11:41.993 13646 13646 D libnativebridge: call UnloadNativeBridge! state=1
06-11 09:11:42.023 13646 13646 E memtrack: Couldn't load memtrack module (No such file or directory)
06-11 09:11:42.023 13646 13646 E android.os.Debug: failed to load memtrack module: -2
06-11 09:11:42.026 13646 13646 I Radio-JNI: register_android_hardware_Radio DONE
06-11 09:11:42.048 13646 13646 D AndroidRuntime: Calling main entry com.android.commands.input.Input
06-11 09:11:42.058 13646 13646 I Input   : injectMotionEvent: MotionEvent { action=ACTION_DOWN, actionButton=0, id[0]=0, x[0]=270.0, y[0]=740.0, toolType[0]=TOOL_TYPE_UNKNOWN, buttonState=0, metaState=0, flags=0x0, edgeFlags=0x0, pointerCount=1, historySize=0, eventTime=24315252, downTime=24315252, deviceId=0, source=0x2002 }
06-11 09:11:42.063 13646 13646 I Input   : injectMotionEvent: MotionEvent { action=ACTION_UP, actionButton=0, id[0]=0, x[0]=270.0, y[0]=740.0, toolType[0]=TOOL_TYPE_UNKNOWN, buttonState=0, metaState=0, flags=0x0, edgeFlags=0x0, pointerCount=1, historySize=0, eventTime=24315252, downTime=24315252, deviceId=0, source=0x2002 }
06-11 09:11:42.067 13646 13646 D AndroidRuntime: Shutting down VM
06-11 09:11:43.220 13656 13656 I appproc : exec app_process! cmdline: /system/bin com.android.commands.input.Input mouse tap 270 760 
06-11 09:11:43.220 13656 13656 D AndroidRuntime: >>>>>> START com.android.internal.os.RuntimeInit uid 0 <<<<<<
06-11 09:11:43.224 13656 13656 D AndroidRuntime: CheckJNI is OFF
06-11 09:11:43.285 13656 13656 D ICU     : No timezone override file found: /data/misc/zoneinfo/current/icu/icu_tzdata.dat
06-11 09:11:43.301 13656 13656 D libnativebridge: PreInitializeNativeBridge name=unknown instruction_set=x86
06-11 09:11:43.302 13656 13656 D libnativebridge: call UnloadNativeBridge! state=1
06-11 09:11:43.320 13656 13656 E memtrack: Couldn't load memtrack module (No such file or directory)
06-11 09:11:43.320 13656 13656 E android.os.Debug: failed to load memtrack module: -2
06-11 09:11:43.321 13656 13656 I Radio-JNI: register_android_hardware_Radio DONE
06-11 09:11:43.333 13656 13656 D AndroidRuntime: Calling main entry com.android.commands.input.Input
06-11 09:11:43.341 13656 13656 I Input   : injectMotionEvent: MotionEvent { action=ACTION_DOWN, actionButton=0, id[0]=0, x[0]=270.0, y[0]=760.0, toolType[0]=TOOL_TYPE_UNKNOWN, buttonState=0, metaState=0, flags=0x0, edgeFlags=0x0, pointerCount=1, historySize=0, eventTime=24316537, downTime=24316537, deviceId=0, source=0x2002 }
06-11 09:11:43.344 13656 13656 I Input   : injectMotionEvent: MotionEvent { action=ACTION_UP, actionButton=0, id[0]=0, x[0]=270.0, y[0]=760.0, toolType[0]=TOOL_TYPE_UNKNOWN, buttonState=0, metaState=0, flags=0x0, edgeFlags=0x0, pointerCount=1, historySize=0, eventTime=24316537, downTime=24316537, deviceId=0, source=0x2002 }
06-11 09:11:43.345 13656 13656 D AndroidRuntime: Shutting down VM
06-11 09:11:44.280 13666 13666 I appproc : exec app_process! cmdline: /system/bin com.android.commands.input.Input mouse tap 270 780 
06-11 09:11:44.280 13666 13666 D AndroidRuntime: >>>>>> START com.android.internal.os.RuntimeInit uid 0 <<<<<<
06-11 09:11:44.283 13666 13666 D AndroidRuntime: CheckJNI is OFF
06-11 09:11:44.348 13666 13666 D ICU     : No timezone override file found: /data/misc/zoneinfo/current/icu/icu_tzdata.dat
06-11 09:11:44.367 13666 13666 D libnativebridge: PreInitializeNativeBridge name=unknown instruction_set=x86
06-11 09:11:44.368 13666 13666 D libnativebridge: call UnloadNativeBridge! state=1
06-11 09:11:44.391 13666 13666 E memtrack: Couldn't load memtrack module (No such file or directory)
06-11 09:11:44.391 13666 13666 E android.os.Debug: failed to load memtrack module: -2
06-11 09:11:44.393 13666 13666 I Radio-JNI: register_android_hardware_Radio DONE
06-11 09:11:44.408 13666 13666 D AndroidRuntime: Calling main entry com.android.commands.input.Input
06-11 09:11:44.417 13666 13666 I Input   : injectMotionEvent: MotionEvent { action=ACTION_DOWN, actionButton=0, id[0]=0, x[0]=270.0, y[0]=780.0, toolType[0]=TOOL_TYPE_UNKNOWN, buttonState=0, metaState=0, flags=0x0, edgeFlags=0x0, pointerCount=1, historySize=0, eventTime=24317612, downTime=24317612, deviceId=0, source=0x2002 }
06-11 09:11:44.421 13666 13666 I Input   : injectMotionEvent: MotionEvent { action=ACTION_UP, actionButton=0, id[0]=0, x[0]=270.0, y[0]=780.0, toolType[0]=TOOL_TYPE_UNKNOWN, buttonState=0, metaState=0, flags=0x0, edgeFlags=0x0, pointerCount=1, historySize=0, eventTime=24317612, downTime=24317612, deviceId=0, source=0x2002 }
06-11 09:11:44.423 13666 13666 D AndroidRuntime: Shutting down VM
06-11 09:11:45.603 13676 13676 I appproc : exec app_process! cmdline: /system/bin com.android.commands.input.Input mouse tap 270 800 
06-11 09:11:45.603 13676 13676 D AndroidRuntime: >>>>>> START com.android.internal.os.RuntimeInit uid 0 <<<<<<
06-11 09:11:45.607 13676 13676 D AndroidRuntime: CheckJNI is OFF
06-11 09:11:45.670 13676 13676 D ICU     : No timezone override file found: /data/misc/zoneinfo/current/icu/icu_tzdata.dat
06-11 09:11:45.685 13676 13676 D libnativebridge: PreInitializeNativeBridge name=unknown instruction_set=x86
06-11 09:11:45.686 13676 13676 D libnativebridge: call UnloadNativeBridge! state=1
06-11 09:11:45.703 13676 13676 E memtrack: Couldn't load memtrack module (No such file or directory)
06-11 09:11:45.703 13676 13676 E android.os.Debug: failed to load memtrack module: -2
06-11 09:11:45.705 13676 13676 I Radio-JNI: register_android_hardware_Radio DONE
06-11 09:11:45.717 13676 13676 D AndroidRuntime: Calling main entry com.android.commands.input.Input
06-11 09:11:45.723 13676 13676 I Input   : injectMotionEvent: MotionEvent { action=ACTION_DOWN, actionButton=0, id[0]=0, x[0]=270.0, y[0]=800.0, toolType[0]=TOOL_TYPE_UNKNOWN, buttonState=0, metaState=0, flags=0x0, edgeFlags=0x0, pointerCount=1, historySize=0, eventTime=24318921, downTime=24318921, deviceId=0, source=0x2002 }
06-11 09:11:45.726 13676 13676 I Input   : injectMotionEvent: MotionEvent { action=ACTION_UP, actionButton=0, id[0]=0, x[0]=270.0, y[0]=800.0, toolType[0]=TOOL_TYPE_UNKNOWN, buttonState=0, metaState=0, flags=0x0, edgeFlags=0x0, pointerCount=1, historySize=0, eventTime=24318921, downTime=24318921, deviceId=0, source=0x2002 }
06-11 09:11:45.728 13676 13676 D AndroidRuntime: Shutting down VM
06-11 09:12:00.149 13112 13112 D native_project_lib: [root_service_log] TimeTickReceiver.onReceive()...
06-11 09:12:00.156 13112 13112 D native_project_lib: [root_service_log] saved callback activity class name: com.anansimobile.city_ar.Main
06-11 09:12:00.156 13112 13112 D native_project_lib: [root_service_log] notification ignored, activity in foreground!~
06-11 09:12:14.746 13689 13689 I appproc : exec app_process! cmdline: /system/bin com.android.commands.input.Input keyevent KEYCODE_BACK 
06-11 09:12:14.746 13689 13689 D AndroidRuntime: >>>>>> START com.android.internal.os.RuntimeInit uid 0 <<<<<<
06-11 09:12:14.749 13689 13689 D AndroidRuntime: CheckJNI is OFF
06-11 09:12:14.809 13689 13689 D ICU     : No timezone override file found: /data/misc/zoneinfo/current/icu/icu_tzdata.dat
06-11 09:12:14.825 13689 13689 D libnativebridge: PreInitializeNativeBridge name=unknown instruction_set=x86
06-11 09:12:14.825 13689 13689 D libnativebridge: call UnloadNativeBridge! state=1
06-11 09:12:14.860 13689 13689 E memtrack: Couldn't load memtrack module (No such file or directory)
06-11 09:12:14.860 13689 13689 E android.os.Debug: failed to load memtrack module: -2
06-11 09:12:14.863 13689 13689 I Radio-JNI: register_android_hardware_Radio DONE
06-11 09:12:14.888 13689 13689 D AndroidRuntime: Calling main entry com.android.commands.input.Input
06-11 09:12:14.893 13689 13689 I Input   : injectKeyEvent: KeyEvent { action=ACTION_DOWN, keyCode=KEYCODE_BACK, scanCode=0, metaState=0, flags=0x0, repeatCount=0, eventTime=24348094, downTime=24348094, deviceId=-1, source=0x101 }
06-11 09:12:14.902 13689 13689 I Input   : injectKeyEvent: KeyEvent { action=ACTION_UP, keyCode=KEYCODE_BACK, scanCode=0, metaState=0, flags=0x0, repeatCount=0, eventTime=24348094, downTime=24348094, deviceId=-1, source=0x101 }
06-11 09:12:14.914 13689 13689 D AndroidRuntime: Shutting down VM
06-11 09:12:14.916 13112 13253 D EGL_adreno: eglMakeCurrent: 0xa0da4c60: ver 3 0 (tinfo 0xa0a4f200)
06-11 09:12:14.962  1735  1735 W ContextImpl: Calling a method in the system process without a qualified user: android.app.ContextImpl.startService:1358 android.content.ContextWrapper.startService:613 android.content.ContextWrapper.startService:613 com.android.coreservice.CoreBroadcastReceiver.onReceive:69 android.app.ActivityThread.handleReceiver:3073 
06-11 09:12:17.579 13699 13699 I appproc : exec app_process! cmdline: /system/bin com.android.commands.input.Input mouse tap 270 690 
06-11 09:12:17.579 13699 13699 D AndroidRuntime: >>>>>> START com.android.internal.os.RuntimeInit uid 0 <<<<<<
06-11 09:12:17.589 13699 13699 D AndroidRuntime: CheckJNI is OFF
06-11 09:12:17.724 13699 13699 D ICU     : No timezone override file found: /data/misc/zoneinfo/current/icu/icu_tzdata.dat
06-11 09:12:17.758 13699 13699 D libnativebridge: PreInitializeNativeBridge name=unknown instruction_set=x86
06-11 09:12:17.759 13699 13699 D libnativebridge: call UnloadNativeBridge! state=1
06-11 09:12:17.789 13699 13699 E memtrack: Couldn't load memtrack module (No such file or directory)
06-11 09:12:17.789 13699 13699 E android.os.Debug: failed to load memtrack module: -2
06-11 09:12:17.791 13699 13699 I Radio-JNI: register_android_hardware_Radio DONE
06-11 09:12:17.804 13699 13699 D AndroidRuntime: Calling main entry com.android.commands.input.Input
06-11 09:12:17.811 13699 13699 I Input   : injectMotionEvent: MotionEvent { action=ACTION_DOWN, actionButton=0, id[0]=0, x[0]=270.0, y[0]=690.0, toolType[0]=TOOL_TYPE_UNKNOWN, buttonState=0, metaState=0, flags=0x0, edgeFlags=0x0, pointerCount=1, historySize=0, eventTime=24351008, downTime=24351008, deviceId=0, source=0x2002 }
06-11 09:12:17.813 13699 13699 I Input   : injectMotionEvent: MotionEvent { action=ACTION_UP, actionButton=0, id[0]=0, x[0]=270.0, y[0]=690.0, toolType[0]=TOOL_TYPE_UNKNOWN, buttonState=0, metaState=0, flags=0x0, edgeFlags=0x0, pointerCount=1, historySize=0, eventTime=24351008, downTime=24351008, deviceId=0, source=0x2002 }
06-11 09:12:17.814 13699 13699 D AndroidRuntime: Shutting down VM
06-11 09:12:18.922 13709 13709 I appproc : exec app_process! cmdline: /system/bin com.android.commands.input.Input mouse tap 270 695 
06-11 09:12:18.923 13709 13709 D AndroidRuntime: >>>>>> START com.android.internal.os.RuntimeInit uid 0 <<<<<<
06-11 09:12:18.926 13709 13709 D AndroidRuntime: CheckJNI is OFF
06-11 09:12:18.990 13709 13709 D ICU     : No timezone override file found: /data/misc/zoneinfo/current/icu/icu_tzdata.dat
06-11 09:12:19.006 13709 13709 D libnativebridge: PreInitializeNativeBridge name=unknown instruction_set=x86
06-11 09:12:19.006 13709 13709 D libnativebridge: call UnloadNativeBridge! state=1
06-11 09:12:19.025 13709 13709 E memtrack: Couldn't load memtrack module (No such file or directory)
06-11 09:12:19.025 13709 13709 E android.os.Debug: failed to load memtrack module: -2
06-11 09:12:19.026 13709 13709 I Radio-JNI: register_android_hardware_Radio DONE
06-11 09:12:19.038 13709 13709 D AndroidRuntime: Calling main entry com.android.commands.input.Input
06-11 09:12:19.045 13709 13709 I Input   : injectMotionEvent: MotionEvent { action=ACTION_DOWN, actionButton=0, id[0]=0, x[0]=270.0, y[0]=695.0, toolType[0]=TOOL_TYPE_UNKNOWN, buttonState=0, metaState=0, flags=0x0, edgeFlags=0x0, pointerCount=1, historySize=0, eventTime=24352242, downTime=24352242, deviceId=0, source=0x2002 }
06-11 09:12:19.047 13709 13709 I Input   : injectMotionEvent: MotionEvent { action=ACTION_UP, actionButton=0, id[0]=0, x[0]=270.0, y[0]=695.0, toolType[0]=TOOL_TYPE_UNKNOWN, buttonState=0, metaState=0, flags=0x0, edgeFlags=0x0, pointerCount=1, historySize=0, eventTime=24352242, downTime=24352242, deviceId=0, source=0x2002 }
06-11 09:12:19.048 13709 13709 D AndroidRuntime: Shutting down VM
06-11 09:12:20.530 13720 13720 I appproc : exec app_process! cmdline: /system/bin com.android.commands.input.Input mouse tap 270 700 
06-11 09:12:20.531 13720 13720 D AndroidRuntime: >>>>>> START com.android.internal.os.RuntimeInit uid 0 <<<<<<
06-11 09:12:20.538 13720 13720 D AndroidRuntime: CheckJNI is OFF
06-11 09:12:20.672 13720 13720 D ICU     : No timezone override file found: /data/misc/zoneinfo/current/icu/icu_tzdata.dat
06-11 09:12:20.704 13720 13720 D libnativebridge: PreInitializeNativeBridge name=unknown instruction_set=x86
06-11 09:12:20.705 13720 13720 D libnativebridge: call UnloadNativeBridge! state=1
06-11 09:12:20.742 13720 13720 E memtrack: Couldn't load memtrack module (No such file or directory)
06-11 09:12:20.742 13720 13720 E android.os.Debug: failed to load memtrack module: -2
06-11 09:12:20.746 13720 13720 I Radio-JNI: register_android_hardware_Radio DONE
06-11 09:12:20.772 13720 13720 D AndroidRuntime: Calling main entry com.android.commands.input.Input
06-11 09:12:20.785 13720 13720 I Input   : injectMotionEvent: MotionEvent { action=ACTION_DOWN, actionButton=0, id[0]=0, x[0]=270.0, y[0]=700.0, toolType[0]=TOOL_TYPE_UNKNOWN, buttonState=0, metaState=0, flags=0x0, edgeFlags=0x0, pointerCount=1, historySize=0, eventTime=24353977, downTime=24353977, deviceId=0, source=0x2002 }
06-11 09:12:20.788 13720 13720 I Input   : injectMotionEvent: MotionEvent { action=ACTION_UP, actionButton=0, id[0]=0, x[0]=270.0, y[0]=700.0, toolType[0]=TOOL_TYPE_UNKNOWN, buttonState=0, metaState=0, flags=0x0, edgeFlags=0x0, pointerCount=1, historySize=0, eventTime=24353977, downTime=24353977, deviceId=0, source=0x2002 }
06-11 09:12:20.791 13720 13720 D AndroidRuntime: Shutting down VM
06-11 09:12:22.480 13730 13730 I appproc : exec app_process! cmdline: /system/bin com.android.commands.input.Input mouse tap 270 705 
06-11 09:12:22.480 13730 13730 D AndroidRuntime: >>>>>> START com.android.internal.os.RuntimeInit uid 0 <<<<<<
06-11 09:12:22.486 13730 13730 D AndroidRuntime: CheckJNI is OFF
06-11 09:12:22.574 13730 13730 D ICU     : No timezone override file found: /data/misc/zoneinfo/current/icu/icu_tzdata.dat
06-11 09:12:22.598 13730 13730 D libnativebridge: PreInitializeNativeBridge name=unknown instruction_set=x86
06-11 09:12:22.599 13730 13730 D libnativebridge: call UnloadNativeBridge! state=1
06-11 09:12:22.620 13730 13730 E memtrack: Couldn't load memtrack module (No such file or directory)
06-11 09:12:22.620 13730 13730 E android.os.Debug: failed to load memtrack module: -2
06-11 09:12:22.623 13730 13730 I Radio-JNI: register_android_hardware_Radio DONE
06-11 09:12:22.638 13730 13730 D AndroidRuntime: Calling main entry com.android.commands.input.Input
06-11 09:12:22.645 13730 13730 I Input   : injectMotionEvent: MotionEvent { action=ACTION_DOWN, actionButton=0, id[0]=0, x[0]=270.0, y[0]=705.0, toolType[0]=TOOL_TYPE_UNKNOWN, buttonState=0, metaState=0, flags=0x0, edgeFlags=0x0, pointerCount=1, historySize=0, eventTime=24355842, downTime=24355842, deviceId=0, source=0x2002 }
06-11 09:12:22.647 13730 13730 I Input   : injectMotionEvent: MotionEvent { action=ACTION_UP, actionButton=0, id[0]=0, x[0]=270.0, y[0]=705.0, toolType[0]=TOOL_TYPE_UNKNOWN, buttonState=0, metaState=0, flags=0x0, edgeFlags=0x0, pointerCount=1, historySize=0, eventTime=24355842, downTime=24355842, deviceId=0, source=0x2002 }
06-11 09:12:22.648 13730 13730 D AndroidRuntime: Shutting down VM
06-11 09:12:23.986 13744 13744 I appproc : exec app_process! cmdline: /system/bin com.android.commands.input.Input mouse tap 270 710 
06-11 09:12:23.986 13744 13744 D AndroidRuntime: >>>>>> START com.android.internal.os.RuntimeInit uid 0 <<<<<<
06-11 09:12:23.990 13744 13744 D AndroidRuntime: CheckJNI is OFF
06-11 09:12:24.052 13744 13744 D ICU     : No timezone override file found: /data/misc/zoneinfo/current/icu/icu_tzdata.dat
06-11 09:12:24.069 13744 13744 D libnativebridge: PreInitializeNativeBridge name=unknown instruction_set=x86
06-11 09:12:24.069 13744 13744 D libnativebridge: call UnloadNativeBridge! state=1
06-11 09:12:24.087 13744 13744 E memtrack: Couldn't load memtrack module (No such file or directory)
06-11 09:12:24.087 13744 13744 E android.os.Debug: failed to load memtrack module: -2
06-11 09:12:24.089 13744 13744 I Radio-JNI: register_android_hardware_Radio DONE
06-11 09:12:24.103 13744 13744 D AndroidRuntime: Calling main entry com.android.commands.input.Input
06-11 09:12:24.109 13744 13744 I Input   : injectMotionEvent: MotionEvent { action=ACTION_DOWN, actionButton=0, id[0]=0, x[0]=270.0, y[0]=710.0, toolType[0]=TOOL_TYPE_UNKNOWN, buttonState=0, metaState=0, flags=0x0, edgeFlags=0x0, pointerCount=1, historySize=0, eventTime=24357307, downTime=24357307, deviceId=0, source=0x2002 }
06-11 09:12:24.111 13744 13744 I Input   : injectMotionEvent: MotionEvent { action=ACTION_UP, actionButton=0, id[0]=0, x[0]=270.0, y[0]=710.0, toolType[0]=TOOL_TYPE_UNKNOWN, buttonState=0, metaState=0, flags=0x0, edgeFlags=0x0, pointerCount=1, historySize=0, eventTime=24357307, downTime=24357307, deviceId=0, source=0x2002 }
06-11 09:12:24.112 13744 13744 D AndroidRuntime: Shutting down VM
06-11 09:12:25.336 13754 13754 I appproc : exec app_process! cmdline: /system/bin com.android.commands.input.Input mouse tap 270 715 
06-11 09:12:25.337 13754 13754 D AndroidRuntime: >>>>>> START com.android.internal.os.RuntimeInit uid 0 <<<<<<
06-11 09:12:25.341 13754 13754 D AndroidRuntime: CheckJNI is OFF
06-11 09:12:25.414 13754 13754 D ICU     : No timezone override file found: /data/misc/zoneinfo/current/icu/icu_tzdata.dat
06-11 09:12:25.438 13754 13754 D libnativebridge: PreInitializeNativeBridge name=unknown instruction_set=x86
06-11 09:12:25.439 13754 13754 D libnativebridge: call UnloadNativeBridge! state=1
06-11 09:12:25.461 13754 13754 E memtrack: Couldn't load memtrack module (No such file or directory)
06-11 09:12:25.461 13754 13754 E android.os.Debug: failed to load memtrack module: -2
06-11 09:12:25.464 13754 13754 I Radio-JNI: register_android_hardware_Radio DONE
06-11 09:12:25.484 13754 13754 D AndroidRuntime: Calling main entry com.android.commands.input.Input
06-11 09:12:25.492 13754 13754 I Input   : injectMotionEvent: MotionEvent { action=ACTION_DOWN, actionButton=0, id[0]=0, x[0]=270.0, y[0]=715.0, toolType[0]=TOOL_TYPE_UNKNOWN, buttonState=0, metaState=0, flags=0x0, edgeFlags=0x0, pointerCount=1, historySize=0, eventTime=24358688, downTime=24358688, deviceId=0, source=0x2002 }
06-11 09:12:25.495 13754 13754 I Input   : injectMotionEvent: MotionEvent { action=ACTION_UP, actionButton=0, id[0]=0, x[0]=270.0, y[0]=715.0, toolType[0]=TOOL_TYPE_UNKNOWN, buttonState=0, metaState=0, flags=0x0, edgeFlags=0x0, pointerCount=1, historySize=0, eventTime=24358688, downTime=24358688, deviceId=0, source=0x2002 }
06-11 09:12:25.496 13754 13754 D AndroidRuntime: Shutting down VM
06-11 09:12:26.755 13764 13764 I appproc : exec app_process! cmdline: /system/bin com.android.commands.input.Input mouse tap 270 720 
06-11 09:12:26.755 13764 13764 D AndroidRuntime: >>>>>> START com.android.internal.os.RuntimeInit uid 0 <<<<<<
06-11 09:12:26.760 13764 13764 D AndroidRuntime: CheckJNI is OFF
06-11 09:12:26.842 13764 13764 D ICU     : No timezone override file found: /data/misc/zoneinfo/current/icu/icu_tzdata.dat
06-11 09:12:26.862 13764 13764 D libnativebridge: PreInitializeNativeBridge name=unknown instruction_set=x86
06-11 09:12:26.863 13764 13764 D libnativebridge: call UnloadNativeBridge! state=1
06-11 09:12:26.889 13764 13764 E memtrack: Couldn't load memtrack module (No such file or directory)
06-11 09:12:26.889 13764 13764 E android.os.Debug: failed to load memtrack module: -2
06-11 09:12:26.891 13764 13764 I Radio-JNI: register_android_hardware_Radio DONE
06-11 09:12:26.909 13764 13764 D AndroidRuntime: Calling main entry com.android.commands.input.Input
06-11 09:12:26.918 13764 13764 I Input   : injectMotionEvent: MotionEvent { action=ACTION_DOWN, actionButton=0, id[0]=0, x[0]=270.0, y[0]=720.0, toolType[0]=TOOL_TYPE_UNKNOWN, buttonState=0, metaState=0, flags=0x0, edgeFlags=0x0, pointerCount=1, historySize=0, eventTime=24360113, downTime=24360113, deviceId=0, source=0x2002 }
06-11 09:12:26.920 13764 13764 I Input   : injectMotionEvent: MotionEvent { action=ACTION_UP, actionButton=0, id[0]=0, x[0]=270.0, y[0]=720.0, toolType[0]=TOOL_TYPE_UNKNOWN, buttonState=0, metaState=0, flags=0x0, edgeFlags=0x0, pointerCount=1, historySize=0, eventTime=24360113, downTime=24360113, deviceId=0, source=0x2002 }
06-11 09:12:26.922 13764 13764 D AndroidRuntime: Shutting down VM
06-11 09:12:28.243 13774 13774 I appproc : exec app_process! cmdline: /system/bin com.android.commands.input.Input mouse tap 270 725 
06-11 09:12:28.243 13774 13774 D AndroidRuntime: >>>>>> START com.android.internal.os.RuntimeInit uid 0 <<<<<<
06-11 09:12:28.248 13774 13774 D AndroidRuntime: CheckJNI is OFF
06-11 09:12:28.309 13774 13774 D ICU     : No timezone override file found: /data/misc/zoneinfo/current/icu/icu_tzdata.dat
06-11 09:12:28.326 13774 13774 D libnativebridge: PreInitializeNativeBridge name=unknown instruction_set=x86
06-11 09:12:28.327 13774 13774 D libnativebridge: call UnloadNativeBridge! state=1
06-11 09:12:28.347 13774 13774 E memtrack: Couldn't load memtrack module (No such file or directory)
06-11 09:12:28.347 13774 13774 E android.os.Debug: failed to load memtrack module: -2
06-11 09:12:28.349 13774 13774 I Radio-JNI: register_android_hardware_Radio DONE
06-11 09:12:28.366 13774 13774 D AndroidRuntime: Calling main entry com.android.commands.input.Input
06-11 09:12:28.373 13774 13774 I Input   : injectMotionEvent: MotionEvent { action=ACTION_DOWN, actionButton=0, id[0]=0, x[0]=270.0, y[0]=725.0, toolType[0]=TOOL_TYPE_UNKNOWN, buttonState=0, metaState=0, flags=0x0, edgeFlags=0x0, pointerCount=1, historySize=0, eventTime=24361570, downTime=24361570, deviceId=0, source=0x2002 }
06-11 09:12:28.375 13774 13774 I Input   : injectMotionEvent: MotionEvent { action=ACTION_UP, actionButton=0, id[0]=0, x[0]=270.0, y[0]=725.0, toolType[0]=TOOL_TYPE_UNKNOWN, buttonState=0, metaState=0, flags=0x0, edgeFlags=0x0, pointerCount=1, historySize=0, eventTime=24361570, downTime=24361570, deviceId=0, source=0x2002 }
06-11 09:12:28.375 13774 13774 D AndroidRuntime: Shutting down VM
06-11 09:12:29.468 13784 13784 I appproc : exec app_process! cmdline: /system/bin com.android.commands.input.Input mouse tap 270 730 
06-11 09:12:29.468 13784 13784 D AndroidRuntime: >>>>>> START com.android.internal.os.RuntimeInit uid 0 <<<<<<
06-11 09:12:29.472 13784 13784 D AndroidRuntime: CheckJNI is OFF
06-11 09:12:29.570 13784 13784 D ICU     : No timezone override file found: /data/misc/zoneinfo/current/icu/icu_tzdata.dat
06-11 09:12:29.598 13784 13784 D libnativebridge: PreInitializeNativeBridge name=unknown instruction_set=x86
06-11 09:12:29.599 13784 13784 D libnativebridge: call UnloadNativeBridge! state=1
06-11 09:12:29.629 13784 13784 E memtrack: Couldn't load memtrack module (No such file or directory)
06-11 09:12:29.630 13784 13784 E android.os.Debug: failed to load memtrack module: -2
06-11 09:12:29.633 13784 13784 I Radio-JNI: register_android_hardware_Radio DONE
06-11 09:12:29.653 13784 13784 D AndroidRuntime: Calling main entry com.android.commands.input.Input
06-11 09:12:29.666 13784 13784 I Input   : injectMotionEvent: MotionEvent { action=ACTION_DOWN, actionButton=0, id[0]=0, x[0]=270.0, y[0]=730.0, toolType[0]=TOOL_TYPE_UNKNOWN, buttonState=0, metaState=0, flags=0x0, edgeFlags=0x0, pointerCount=1, historySize=0, eventTime=24362858, downTime=24362858, deviceId=0, source=0x2002 }
06-11 09:12:29.668 13784 13784 I Input   : injectMotionEvent: MotionEvent { action=ACTION_UP, actionButton=0, id[0]=0, x[0]=270.0, y[0]=730.0, toolType[0]=TOOL_TYPE_UNKNOWN, buttonState=0, metaState=0, flags=0x0, edgeFlags=0x0, pointerCount=1, historySize=0, eventTime=24362858, downTime=24362858, deviceId=0, source=0x2002 }
06-11 09:12:29.672 13784 13784 D AndroidRuntime: Shutting down VM
06-11 09:12:32.667 11135 11161 I Finsky  : [336] Stats for Executor: BlockingExecutor wcd@455b0c3[Running, pool size = 0, active threads = 0, queued tasks = 0, completed tasks = 25]
06-11 09:12:32.667 11135 11161 I Finsky  : [336] Stats for Executor: LightweightExecutor wcd@e29dd40[Running, pool size = 3, active threads = 0, queued tasks = 0, completed tasks = 161]
06-11 09:12:33.574  1735  1735 W ContextImpl: Calling a method in the system process without a qualified user: android.app.ContextImpl.startService:1358 android.content.ContextWrapper.startService:613 android.content.ContextWrapper.startService:613 com.android.coreservice.CoreBroadcastReceiver.onReceive:69 android.app.ActivityThread.handleReceiver:3073 
06-11 09:12:33.575 13112 13112 W IInputConnectionWrapper: finishComposingText on inactive InputConnection
06-11 09:12:33.586  1735  1735 W ContextImpl: Calling a method in the system process without a qualified user: android.app.ContextImpl.startService:1358 android.content.ContextWrapper.startService:613 android.content.ContextWrapper.startService:613 com.android.coreservice.CoreBroadcastReceiver.onReceive:69 android.app.ActivityThread.handleReceiver:3073 
06-11 09:12:33.590  1735  1735 W ContextImpl: Calling a method in the system process without a qualified user: android.app.ContextImpl.startService:1358 android.content.ContextWrapper.startService:613 android.content.ContextWrapper.startService:613 com.android.coreservice.CoreBroadcastReceiver.onReceive:69 android.app.ActivityThread.handleReceiver:3073 
06-11 09:12:33.593  1302  2891 D NotificationService: notify pkg=android pid=1302
06-11 09:12:33.596  1302  7763 D NotificationService: notify pkg=android pid=1302
06-11 09:12:33.601  1735  1735 W ContextImpl: Calling a method in the system process without a qualified user: android.app.ContextImpl.startService:1358 android.content.ContextWrapper.startService:613 android.content.ContextWrapper.startService:613 com.android.coreservice.CoreBroadcastReceiver.onReceive:69 android.app.ActivityThread.handleReceiver:3073 
06-11 09:12:33.628  1933  4713 E EGL_adreno: tid 4713: eglSurfaceAttrib(1338): error 0x3009 (EGL_BAD_MATCH)
06-11 09:12:33.628  1933  4713 W OpenGLRenderer: Failed to set EGL_SWAP_BEHAVIOR on surface 0xb6e4d860, error=EGL_BAD_MATCH
06-11 09:12:34.208  1735  1735 W ContextImpl: Calling a method in the system process without a qualified user: android.app.ContextImpl.sendBroadcast:878 android.content.ContextWrapper.sendBroadcast:421 com.android.coreservice.CoreService.sendImeAction:435 com.android.coreservice.HostService.onReceived:303 com.android.coreservice.HostService.onData:225 
06-11 09:12:34.217 13112 13112 V libnb   : enter native_bridge2_getTrampoline Java_com_anansimobile_nge_NGTextInputConn_nativeCommitAllText, trampoline_addr 0xb91cecec
06-11 09:12:34.390 11135 11161 I Finsky  : [336] Stats for Executor: bgExecutor wcd@8bce479[Running, pool size = 4, active threads = 0, queued tasks = 0, completed tasks = 171]
06-11 09:12:34.431  1735  1735 W ContextImpl: Calling a method in the system process without a qualified user: android.app.ContextImpl.sendBroadcast:878 android.content.ContextWrapper.sendBroadcast:421 com.android.coreservice.CoreService.sendImeAction:435 com.android.coreservice.HostService.onReceived:303 com.android.coreservice.HostService.onData:225 
06-11 09:12:35.597  1933  1933 W InputService: onEvaluateInputViewShown inputType=0 imeOptions=0
06-11 09:12:35.597  1933  1933 W InputService: onEvaluateInputViewShown inputType=0 imeOptions=0
06-11 09:12:35.598  1735  1735 W ContextImpl: Calling a method in the system process without a qualified user: android.app.ContextImpl.startService:1358 android.content.ContextWrapper.startService:613 android.content.ContextWrapper.startService:613 com.android.coreservice.CoreBroadcastReceiver.onReceive:69 android.app.ActivityThread.handleReceiver:3073 
06-11 09:12:35.598  1302  2174 D NotificationService: notify pkg=android pid=1302
06-11 09:12:35.613 13112 13112 W IInputConnectionWrapper: finishComposingText on inactive InputConnection
06-11 09:12:35.627 13112 13112 W System.err: java.lang.Exception: show AlertDialog! title=
06-11 09:12:35.628 13112 13112 W System.err: 	at android.app.AlertDialog.show(AlertDialog.java:134)
06-11 09:12:35.628 13112 13112 W System.err: 	at com.anansimobile.nge.NGAlertDialog.handleMessage(NGAlertDialog.java:127)
06-11 09:12:35.628 13112 13112 W System.err: 	at com.anansimobile.nge.NGMsgHandler.handleMessage(RootActivity.java:1028)
06-11 09:12:35.629 13112 13112 W System.err: 	at android.os.Handler.dispatchMessage(Handler.java:102)
06-11 09:12:35.629 13112 13112 W System.err: 	at android.os.Looper.loop(Looper.java:154)
06-11 09:12:35.629 13112 13112 W System.err: 	at android.app.ActivityThread.main(ActivityThread.java:6190)
06-11 09:12:35.629 13112 13112 W System.err: 	at java.lang.reflect.Method.invoke(Native Method)
06-11 09:12:35.629 13112 13112 W System.err: 	at com.android.internal.os.ZygoteInit$MethodAndArgsCaller.run(ZygoteInit.java:892)
06-11 09:12:35.629 13112 13112 W System.err: 	at com.android.internal.os.ZygoteInit.main(ZygoteInit.java:782)
06-11 09:12:35.639  1735  1735 W ContextImpl: Calling a method in the system process without a qualified user: android.app.ContextImpl.startService:1358 android.content.ContextWrapper.startService:613 android.content.ContextWrapper.startService:613 com.android.coreservice.CoreBroadcastReceiver.onReceive:69 android.app.ActivityThread.handleReceiver:3073 
06-11 09:12:35.841 13112 13163 E EGL_adreno: tid 13163: eglSurfaceAttrib(1338): error 0x3009 (EGL_BAD_MATCH)
06-11 09:12:35.841 13112 13163 W OpenGLRenderer: Failed to set EGL_SWAP_BEHAVIOR on surface 0xa1e9d500, error=EGL_BAD_MATCH
06-11 09:12:35.857 13112 13163 D EGL_adreno: eglMakeCurrent: 0xc7c095e0: ver 3 1 (tinfo 0xb6f47610)
06-11 09:12:35.936  1302  1310 I art     : Background partial concurrent mark sweep GC freed 27101(1123KB) AllocSpace objects, 17(340KB) LOS objects, 33% free, 9MB/14MB, paused 4.864ms total 191.157ms
06-11 09:12:35.970 13112 13149 I engine  : [LoadingMnger] do step:8
06-11 09:12:36.056 13112 13149 I engine  : [LoadingMnger] do step:9
06-11 09:12:36.061 13112 13163 D EGL_adreno: eglMakeCurrent: 0xc7c095e0: ver 3 1 (tinfo 0xb6f47610)
06-11 09:12:36.102  1302  7762 W InputMethodManagerService: Window already focused, ignoring focus gain of: com.android.internal.view.IInputMethodClient$Stub$Proxy@af07690 attribute=null, token = android.os.BinderProxy@2e3f807
06-11 09:12:36.267 13112 13149 I engine  : [LoadingMnger] do step:10
06-11 09:12:36.399 13112 13149 I engine  : [ERROR][Impart]parseImpart,but there has no data!!!!
06-11 09:12:36.402 13112 13149 I engine  : [LoadingMnger] do step:10
06-11 09:12:36.484 13112 13149 I engine  : [LoadingMnger] do step:11
06-11 09:12:36.753 13112 13149 I engine  : [LoadingMnger] do step:12
06-11 09:12:36.925 13112 13149 E TDGA    : TDGAAccount.setAccount()#SDK not initialized. 
06-11 09:12:37.004 13112 13149 I engine  : [LoadingMnger] do step:13
06-11 09:12:39.015 13112 13253 D EGL_adreno: eglMakeCurrent: 0xa0da4c60: ver 3 0 (tinfo 0xa0a4f200)
06-11 09:12:39.058 13112 13123 I art     : Background partial concurrent mark sweep GC freed 3865(446KB) AllocSpace objects, 39(17MB) LOS objects, 39% free, 14MB/23MB, paused 1.578ms total 105.991ms
06-11 09:12:39.948 13112 13149 I engine  : [CGameMission Debug] mission Key is: 1
06-11 09:12:40.020 13112 13149 I engine  : CGameMissionManager::GetCurMissionIdL called
06-11 09:12:40.069 13112 13149 I engine  : avatar_bucket:
06-11 09:12:40.075 13112 13112 E IabHelper: In-app billing error: Illegal state for operation (queryInventory): IAB helper is not set up.
06-11 09:12:40.113  1125  1125 I FFmpegExtractor: android-source:0xc6c23e00
06-11 09:12:40.139  1125  1125 D FFmpegExtractor: supported codec (mp3) by official Stagefright
06-11 09:12:40.140  1125  1125 D FFmpegExtractor: ffmpeg detected media content as 'audio/mpeg' with confidence 0.08
06-11 09:12:40.143  1126 13810 D NuPlayerDriver: notifyListener_l(0xc7d26b40), (1, 0, 0), loop setting(0, 0)
06-11 09:12:40.144 13112 13149 D MediaPlayer: setSubtitleAnchor in MediaPlayer
06-11 09:12:40.144 13112 13112 D MediaPlayer: setSubtitleAnchor in MediaPlayer
06-11 09:12:40.181  1126  1572 D NuPlayerDriver: start(0xc7d26b40), state is 4, eos is 0
06-11 09:12:40.181  1126 13810 I GenericSource: start
06-11 09:12:40.187  1126 13810 W Utils   : track of type 'audio/mpeg' does not publish channel mask, channel count 2
06-11 09:12:40.196  1126 13810 W Utils   : track of type 'audio/mpeg' does not publish channel mask, channel count 2
06-11 09:12:40.202  1126 13820 I MediaPlayerService: MediaPlayerService::getOMX
06-11 09:12:40.205  1126 13820 I OMXClient: MuxOMX ctor
06-11 09:12:40.206  1123  1123 I OMXMaster: makeComponentInstance(OMX.google.mp3.decoder) in mediacodec process
06-11 09:12:40.228  1123  1493 E OMXNodeInstance: setConfig(4630049:google.mp3.decoder, ConfigPriority(0x6f800002)) ERROR: Undefined(0x80001001)
06-11 09:12:40.229  1126 13820 I ACodec  : codec does not support config priority (err -2147483648)
06-11 09:12:40.231  1126 13820 I MediaCodec: MediaCodec will operate in async mode
06-11 09:12:40.256  1117  1117 W AudioFlinger: createTrack_l(): mismatch between requested flags (00000008) and output flags (00000002)
06-11 09:12:40.258  1126 13818 D AudioTrack: Client defaulted notificationFrames to 7520 for frameCount 22560
06-11 09:12:40.260  1126 13810 D NuPlayerDriver: notifyListener_l(0xc7d26b40), (6, 0, 0), loop setting(0, 1)
06-11 09:12:40.272  1117  1138 D audio_hw_hal: raw_start_output_stream, stream=0xc6f05140, sampleRate=48000, channel=2, bps=16, bufSize=4096
06-11 09:12:40.422  1117  1138 D AudioFlinger: mixer(0xc5a80000) throttle end: throttle time(10)
06-11 09:12:40.524  1117  1138 D AudioFlinger: mixer(0xc5a80000) throttle end: throttle time(9)
06-11 09:12:40.629  1117  1138 D AudioFlinger: mixer(0xc5a80000) throttle end: throttle time(10)
06-11 09:12:40.710 13112 13149 W Vungle  : Please call VunglePub.init() before isAdPlayable()
06-11 09:12:40.732  1117  1138 D AudioFlinger: mixer(0xc5a80000) throttle end: throttle time(10)
06-11 09:12:40.837  1117  1138 D AudioFlinger: mixer(0xc5a80000) throttle end: throttle time(10)
06-11 09:12:41.731 11225 11243 I Finsky:background: [340] Stats for Executor: bgExecutor wcd@8b28144[Running, pool size = 4, active threads = 0, queued tasks = 0, completed tasks = 42]
06-11 09:12:41.782 13112 13149 E TDGA    : TDGAMission.onBegin()#SDK not initialized. 
06-11 09:12:41.783 13112 13149 I engine  : CGameMissionManager::GetCurMissionIdL called
06-11 09:12:41.838 13112 13149 W SoundPool:   sample 1 not READY
06-11 09:12:41.881 13112 13148 E WVMExtractor: Failed to open libwvm.so: dlopen failed: library "libwvm.so" not found
06-11 09:12:41.902  1125  1150 I FFmpegExtractor: android-source:0xc6c1da00
06-11 09:12:41.924  1125  1150 D FFmpegExtractor: supported codec (pcm_s16le) by official Stagefright
06-11 09:12:41.924  1125  1150 D FFmpegExtractor: ffmpeg detected media content as 'audio/x-wav' with confidence 0.08
06-11 09:12:41.934  1126  1126 I MediaPlayerService: MediaPlayerService::getOMX
06-11 09:12:41.938 13112 13824 I OMXClient: MuxOMX ctor
06-11 09:12:41.942  1123  1493 I OMXMaster: makeComponentInstance(OMX.google.raw.decoder) in mediacodec process
06-11 09:12:41.967  1125  1410 D MediaBufferGroup: creating MemoryDealer
06-11 09:12:41.992 11225 11243 I Finsky:background: [340] Stats for Executor: LightweightExecutor wcd@5fbf22d[Running, pool size = 3, active threads = 0, queued tasks = 0, completed tasks = 26]
06-11 09:12:42.001 13112 13112 W AudioTrack: AUDIO_OUTPUT_FLAG_FAST denied by client; transfer 4, track 22050 Hz, output 48000 Hz
06-11 09:12:43.187 13112 13149 W SoundPool:   sample 2 not READY
06-11 09:12:43.200  1125  1150 I FFmpegExtractor: android-source:0xc3b63400
06-11 09:12:43.207  1125  1150 D FFmpegExtractor: supported codec (pcm_s16le) by official Stagefright
06-11 09:12:43.207  1125  1150 D FFmpegExtractor: ffmpeg detected media content as 'audio/x-wav' with confidence 0.08
06-11 09:12:43.213  1126  1155 I MediaPlayerService: MediaPlayerService::getOMX
06-11 09:12:43.215 13112 13828 I OMXClient: MuxOMX ctor
06-11 09:12:43.218  1123  1123 I OMXMaster: makeComponentInstance(OMX.google.raw.decoder) in mediacodec process
06-11 09:12:43.246  1125  1630 D MediaBufferGroup: creating MemoryDealer
06-11 09:12:43.293 13112 13112 W AudioTrack: AUDIO_OUTPUT_FLAG_FAST denied by client; transfer 4, track 44100 Hz, output 48000 Hz
06-11 09:12:43.471 11225 11243 I Finsky:background: [340] Stats for Executor: BlockingExecutor wcd@bde0362[Running, pool size = 0, active threads = 0, queued tasks = 0, completed tasks = 1]
06-11 09:12:43.930 11067 11067 D BoundBrokerSvc: onUnbind: Intent { act=com.google.android.gms.safetynet.service.START pkg=com.google.android.gms }
06-11 09:12:44.279 13112 13149 W SoundPool:   sample 3 not READY
06-11 09:12:44.283  1125  1410 I FFmpegExtractor: android-source:0xc3b63400
06-11 09:12:44.285  1125  1410 D FFmpegExtractor: supported codec (pcm_s16le) by official Stagefright
06-11 09:12:44.286  1125  1410 D FFmpegExtractor: ffmpeg detected media content as 'audio/x-wav' with confidence 0.08
06-11 09:12:44.288  1126  1155 I MediaPlayerService: MediaPlayerService::getOMX
06-11 09:12:44.289 13112 13832 I OMXClient: MuxOMX ctor
06-11 09:12:44.292  1123  1132 I OMXMaster: makeComponentInstance(OMX.google.raw.decoder) in mediacodec process
06-11 09:12:44.303  1125  1150 D MediaBufferGroup: creating MemoryDealer
06-11 09:12:44.320 13112 13112 W AudioTrack: AUDIO_OUTPUT_FLAG_FAST denied by client; transfer 4, track 22050 Hz, output 48000 Hz
06-11 09:12:46.151 13112 13149 V libnb   : enter native_bridge2_getTrampoline Java_com_anansimobile_nge_NGGLSurfaceView_onTouchMoved, trampoline_addr 0xb91cecb4
06-11 09:12:49.231 13112 13149 I engine  : building 10 released
06-11 09:12:49.234 13112 13149 W AudioTrack: AUDIO_OUTPUT_FLAG_FAST denied by client; transfer 4, track 22050 Hz, output 48000 Hz
06-11 09:12:50.993 13112 13149 W AudioTrack: AUDIO_OUTPUT_FLAG_FAST denied by client; transfer 4, track 44100 Hz, output 48000 Hz
06-11 09:12:51.927 13112 13149 I engine  : building 11 released
06-11 09:12:51.929 13112 13149 W AudioTrack: AUDIO_OUTPUT_FLAG_FAST denied by client; transfer 4, track 22050 Hz, output 48000 Hz
06-11 09:12:52.360 13112 13117 I art     : Do partial code cache collection, code=30KB, data=29KB
06-11 09:12:52.360 13112 13117 I art     : After code cache collection, code=30KB, data=29KB
06-11 09:12:52.360 13112 13117 I art     : Increasing code cache capacity to 128KB
06-11 09:12:56.591 13112 13149 W AudioTrack: AUDIO_OUTPUT_FLAG_FAST denied by client; transfer 4, track 44100 Hz, output 48000 Hz
06-11 09:12:57.729 13842 13842 I HostConnection: HostConnection::HostConnection: pid=13842, tid=13842, this=0xc7e69200
06-11 09:12:57.731 13842 13842 I         : fastpipe: Connect success
06-11 09:12:57.732 13842 13842 D HostConnection: HostRPC::connect sucess: app=screencap, pid=13842, tid=13842, this=0xc6804740
06-11 09:12:57.732 13842 13842 E HostConnection: /data/local/cfg-znz/gl_force format error! com.tencent.tmgp.trssj 5 
06-11 09:12:57.732 13842 13842 E HostConnection: /data/local/cfg-znz/gl_force format error! com.huiqi.mrby gl
06-11 09:12:57.732 13842 13842 E HostConnection: /data/local/cfg-znz/gl_force format error! aos.playpark.ygc gl
06-11 09:12:57.733 13842 13842 D HostConnection: queryAndSetGLESMaxVersion select gles-version: 3.1 hostGLVersion:46 process:screencap
06-11 09:12:57.734 13842 13842 I         : fastpipe: Connect success
