06-11 10:22:16.426 17615 17695 E LD_LOG  : cacheAndReturnIdentifiers: {"advertiserIdField":"6015ddfa-5af9-4806-b238-1a4abde1af90","isTrackingLimited":false}
06-11 10:22:16.953 17615 17703 E com.facebook.GraphResponse: {HttpStatus: 400, errorCode: 190, subErrorCode: -1, errorType: OAuthException, errorMessage: Invalid OAuth access token signature.}
06-11 10:22:17.185 17615 17703 E com.facebook.GraphResponse: {HttpStatus: 400, errorCode: 190, subErrorCode: -1, errorType: OAuthException, errorMessage: Invalid OAuth access token signature.}
06-11 10:22:17.571 17615 17802 W System.err: java.net.SocketTimeoutException: connect timed out
06-11 10:22:17.572 17615 17802 W System.err: 	at java.net.PlainSocketImpl.socketConnect(Native Method)
06-11 10:22:17.572 17615 17802 W System.err: 	at java.net.AbstractPlainSocketImpl.doConnect(AbstractPlainSocketImpl.java:334)
06-11 10:22:17.572 17615 17802 W System.err: 	at java.net.AbstractPlainSocketImpl.connectToAddress(AbstractPlainSocketImpl.java:196)
06-11 10:22:17.572 17615 17802 W System.err: 	at java.net.AbstractPlainSocketImpl.connect(AbstractPlainSocketImpl.java:178)
06-11 10:22:17.572 17615 17802 W System.err: 	at java.net.SocksSocketImpl.connect(SocksSocketImpl.java:356)
06-11 10:22:17.572 17615 17802 W System.err: 	at java.net.Socket.connect(Socket.java:605)
06-11 10:22:17.572 17615 17802 W System.err: 	at com.android.okhttp.internal.Platform.connectSocket(Platform.java:113)
06-11 10:22:17.572 17615 17802 W System.err: 	at com.android.okhttp.Connection.connectSocket(Connection.java:196)
06-11 10:22:17.572 17615 17802 W System.err: 	at com.android.okhttp.Connection.connect(Connection.java:172)
06-11 10:22:17.572 17615 17802 W System.err: 	at com.android.okhttp.Connection.connectAndSetOwner(Connection.java:367)
06-11 10:22:17.572 17615 17802 W System.err: 	at com.android.okhttp.OkHttpClient$1.connectAndSetOwner(OkHttpClient.java:130)
06-11 10:22:17.572 17615 17802 W System.err: 	at com.android.okhttp.internal.http.HttpEngine.connect(HttpEngine.java:329)
06-11 10:22:17.572 17615 17802 W System.err: 	at com.android.okhttp.internal.http.HttpEngine.sendRequest(HttpEngine.java:246)
06-11 10:22:17.572 17615 17802 W System.err: 	at com.android.okhttp.internal.huc.HttpURLConnectionImpl.execute(HttpURLConnectionImpl.java:510)
06-11 10:22:17.572 17615 17802 W System.err: 	at com.android.okhttp.internal.huc.HttpURLConnectionImpl.getResponse(HttpURLConnectionImpl.java:458)
06-11 10:22:17.572 17615 17802 W System.err: 	at com.android.okhttp.internal.huc.HttpURLConnectionImpl.getResponseCode(HttpURLConnectionImpl.java:574)
06-11 10:22:17.572 17615 17802 W System.err: 	at com.android.okhttp.internal.huc.DelegatingHttpsURLConnection.getResponseCode(DelegatingHttpsURLConnection.java:105)
06-11 10:22:17.572 17615 17802 W System.err: 	at com.android.okhttp.internal.huc.HttpsURLConnectionImpl.getResponseCode(HttpsURLConnectionImpl.java)
06-11 10:22:17.572 17615 17802 W System.err: 	at com.ld.analytics.sdk.g$a.run(SourceFile:70)
06-11 10:22:17.572 17615 17802 W System.err: 	at java.lang.Thread.run(Thread.java:761)
06-11 10:22:17.775 17540 17547 I art     : Debugger is no longer active
06-11 10:22:17.775 17540 17547 I art     : Starting a blocking GC Instrumentation
06-11 10:22:18.183 17615 17695 E com.facebook.GraphResponse: {HttpStatus: 400, errorCode: 190, subErrorCode: -1, errorType: OAuthException, errorMessage: Invalid OAuth access token signature.}
06-11 10:22:18.272 17615 17702 E com.facebook.GraphResponse: {HttpStatus: 400, errorCode: 190, subErrorCode: -1, errorType: OAuthException, errorMessage: Invalid OAuth access token signature.}
06-11 10:22:18.534 17615 17703 E com.facebook.GraphResponse: {HttpStatus: 400, errorCode: 190, subErrorCode: -1, errorType: OAuthException, errorMessage: Invalid OAuth access token signature.}
06-11 10:22:19.013 17615 17695 E com.facebook.GraphResponse: {HttpStatus: 400, errorCode: 190, subErrorCode: -1, errorType: OAuthException, errorMessage: Invalid OAuth access token signature.}
06-11 10:22:19.171 17615 17832 D ProfileInstaller: Skipping profile installation for com.android.ld.appstore
06-11 10:22:19.703 17615 17702 E com.facebook.GraphResponse: {HttpStatus: 400, errorCode: 190, subErrorCode: -1, errorType: OAuthException, errorMessage: Invalid OAuth access token signature.}
06-11 10:22:20.112 17540 17656 I Finsky  : [465] Initializing the instant apps module.
06-11 10:22:20.122 17540 17648 I ShortcutBadger: Checking if platform supports badge counters, attempt 1/3.
06-11 10:22:20.148 17540 17648 I ShortcutBadger: Checking if platform supports badge counters, attempt 2/3.
06-11 10:22:20.161 17540 17648 I ShortcutBadger: Checking if platform supports badge counters, attempt 3/3.
06-11 10:22:20.168 17540 17648 W ShortcutBadger: Badge counter seems not supported in this platform: unable to resolve intent: Intent { act=android.intent.action.BADGE_COUNT_UPDATE (has extras) }
06-11 10:22:20.279 17540 17551 I art     : Background sticky concurrent mark sweep GC freed 75573(3MB) AllocSpace objects, 6(120KB) LOS objects, 27% free, 12MB/17MB, paused 5.368ms total 76.494ms
06-11 10:22:20.292  1302  1544 D ActivityManager: getDeviceConfigurationInfo gles: 196609
06-11 10:22:20.297 17540 17654 I Finsky  : [463] System was updated or GL extensions were already cached.
06-11 10:22:20.340  1516  1654 D TelephonyProvider: subIdString = -1 subId = -1
06-11 10:22:20.340  1516  1654 D TelephonyProvider: getPreferredApnIdFromApn: for subId -1
06-11 10:22:20.387 17540 17635 I Finsky  : [448] Triggered update for experiment package com.google.android.finsky.stable.
06-11 10:22:20.446 17540 17545 I art     : Do partial code cache collection, code=106KB, data=110KB
06-11 10:22:20.447 17540 17545 I art     : After code cache collection, code=106KB, data=110KB
06-11 10:22:20.447 17540 17545 I art     : Increasing code cache capacity to 512KB
06-11 10:22:20.745 11067 11067 D BoundBrokerSvc: onBind: Intent { act=com.google.android.gms.potokens.service.START dat=chimera-action: cmp=com.google.android.gms/.chimera.GmsApiService }
06-11 10:22:20.745 11067 11067 D BoundBrokerSvc: Loading bound service for intent: Intent { act=com.google.android.gms.potokens.service.START dat=chimera-action: cmp=com.google.android.gms/.chimera.GmsApiService }
06-11 10:22:20.809 17540 17635 I Finsky  : [448] Already at the latest configurations for experiment package com.google.android.finsky.stable.
06-11 10:22:20.809 17540 17837 W art     : Long monitor contention with owner BlockingExecutor #0 (17635) at java.lang.Object puu.b()(PG:2379) waiters=0 in java.lang.Object akse.doInBackground(java.lang.Object[]) for 409ms
06-11 10:22:20.810 17540 17635 I Finsky  : [448] Triggered update for experiment package com.google.android.finsky.regular.
06-11 10:22:20.927 17540 17635 I Finsky  : [448] Already at the latest configurations for experiment package com.google.android.finsky.regular.
06-11 10:22:20.930 17540 17837 I Finsky  : [504] Triggered update for experiment package com.google.android.finsky.stable_new.
06-11 10:22:20.963 17540 17551 I art     : Background sticky concurrent mark sweep GC freed 32843(2MB) AllocSpace objects, 4(136KB) LOS objects, 15% free, 14MB/17MB, paused 7.495ms total 76.746ms
06-11 10:22:21.158 17540 17545 I art     : Compiler allocated 4MB to compile void bwvc.m(java.lang.Object, cdqp)
06-11 10:22:21.164 17540 17837 I Finsky  : [504] Already at the latest configurations for experiment package com.google.android.finsky.stable_new.
06-11 10:22:21.301 17615 17703 E com.facebook.GraphResponse: {HttpStatus: 400, errorCode: 190, subErrorCode: -1, errorType: OAuthException, errorMessage: Invalid OAuth access token signature.}
06-11 10:22:21.821 17540 17648 I Finsky  : [459] Component class com.google.android.finsky.wearsupport.WearSupportService disabled via PackageManager.
06-11 10:22:21.831 17540 17648 I Finsky  : [459] Component class com.google.android.finsky.wearsupport.WearChangeListenerService disabled via PackageManager.
06-11 10:22:22.286 17615 17622 I art     : Debugger is no longer active
06-11 10:22:22.287 17615 17622 I art     : Starting a blocking GC Instrumentation
06-11 10:22:22.740 17540 17540 I Finsky  : [1] setup::RES: shouldRecoverRestoredPackages: versionCodeSystem 82442310
06-11 10:22:22.762 17540 17540 I Finsky  : [1] Detected restoreservicev2://recovery not needed, will not run
06-11 10:22:22.894 17540 17844 I Finsky  : [511] registerListener
06-11 10:22:22.896 17540 17844 I Finsky  : [511] DSC: reviveDownloads()
06-11 10:22:22.935 17540 17844 I Finsky  : [511] Initialized AssetModuleDownloader.
06-11 10:22:22.993 17458 17587 I Finsky:background: [449] DS: reviveDownloads()
06-11 10:22:23.112  1302  2907 D ConnectivityService: requestNetwork for uid/pid:10024/17458 NetworkRequest [ TRACK_DEFAULT id=45, [ Capabilities: INTERNET&NOT_RESTRICTED&TRUSTED&NOT_VPN] ]
06-11 10:22:23.113  1302  1376 D Ethernet: got request NetworkRequest [ TRACK_DEFAULT id=45, [ Capabilities: INTERNET&NOT_RESTRICTED&TRUSTED&NOT_VPN] ] with score 60
06-11 10:22:23.113  1302  1358 D WIFI    : got request NetworkRequest [ TRACK_DEFAULT id=45, [ Capabilities: INTERNET&NOT_RESTRICTED&TRUSTED&NOT_VPN] ] with score 60
06-11 10:22:23.113  1302  1358 D WIFI_UT : got request NetworkRequest [ TRACK_DEFAULT id=45, [ Capabilities: INTERNET&NOT_RESTRICTED&TRUSTED&NOT_VPN] ] with score 60
06-11 10:22:23.113  1516  1516 D PhoneSwitcherNetworkRequstListener: got request NetworkRequest [ TRACK_DEFAULT id=45, [ Capabilities: INTERNET&NOT_RESTRICTED&TRUSTED&NOT_VPN] ] with score 60
06-11 10:22:23.131 17458 17611 I Finsky:background: [459] DS: Network is available [NetworkState{connected=true, wifi=true, metered=false, roaming=false}].
06-11 10:22:23.131 17458 17611 I Finsky:background: [459] DS: Updating downloads for network change
06-11 10:22:23.133 17458 17848 I Finsky:background: [474] DS: downloadState filtering results: {}
06-11 10:22:24.100 11067 11067 D BoundBrokerSvc: onUnbind: Intent { act=com.google.android.gms.measurement.START pkg=com.google.android.gms }
06-11 10:22:36.371  1302  1315 I UsageStatsService: User[0] Flushing usage stats to disk
06-11 10:22:44.046 17615 17620 I art     : Do full code cache collection, code=108KB, data=121KB
06-11 10:22:44.047 17615 17620 I art     : Starting a blocking GC JitCodeCache
06-11 10:22:44.048 17615 17620 I art     : After code cache collection, code=95KB, data=103KB
06-11 10:22:52.809  1302  1358 D WifiStateMachine: setScanResults mScanResults.size=1
06-11 10:23:00.176 17500 17500 D native_project_lib: [root_service_log] TimeTickReceiver.onReceive()...
06-11 10:23:00.197  1302  1310 I art     : Background partial concurrent mark sweep GC freed 34132(1469KB) AllocSpace objects, 24(480KB) LOS objects, 33% free, 9MB/14MB, paused 2.729ms total 131.496ms
06-11 10:23:00.251 17500 17500 D native_project_lib: [root_service_log] saved callback activity class name: com.anansimobile.city_ar.Main
06-11 10:23:00.251 17500 17500 D native_project_lib: [root_service_log] notification ignored, activity in foreground!~
06-11 10:23:03.011 17458 17572 I Finsky:background: [436] Stats for Executor: bgExecutor wcd@ca042c8[Running, pool size = 4, active threads = 0, queued tasks = 0, completed tasks = 34]
06-11 10:23:03.399 17458 17572 I Finsky:background: [436] Stats for Executor: LightweightExecutor wcd@3458f61[Running, pool size = 3, active threads = 0, queued tasks = 0, completed tasks = 17]
06-11 10:23:05.337 17458 17572 I Finsky:background: [436] Stats for Executor: BlockingExecutor wcd@c53ca86[Running, pool size = 1, active threads = 0, queued tasks = 0, completed tasks = 1]
06-11 10:23:06.734 17540 17614 I Finsky  : [444] Stats for Executor: BlockingExecutor wcd@8901128[Running, pool size = 4, active threads = 0, queued tasks = 0, completed tasks = 26]
06-11 10:23:06.735 17540 17614 I Finsky  : [444] Stats for Executor: LightweightExecutor wcd@781ae41[Running, pool size = 3, active threads = 0, queued tasks = 0, completed tasks = 145]
06-11 10:23:08.621 17540 17614 I Finsky  : [444] Stats for Executor: bgExecutor wcd@c952fe6[Running, pool size = 4, active threads = 0, queued tasks = 0, completed tasks = 123]
06-11 10:23:13.207 17458 17774 I PlayCommon: [472] Preparing logs for uploading
06-11 10:23:13.274 17458 17774 I PlayCommon: [472] Connecting to server for timestamp: https://play.googleapis.com/play/log/timestamp
06-11 10:23:15.316 17458 17774 W PlayCommon: [472] No account for auth token provided
06-11 10:23:15.317 17458 17774 I PlayCommon: [472] Connecting to server: https://play.googleapis.com/play/log?format=raw&proto_v2=true
06-11 10:23:15.451 17458 17774 I PlayCommon: [472] Successfully uploaded logs.
06-11 10:23:18.487 17615 17779 W System  : Ignoring header moid because its value was null.
06-11 10:23:24.794 17615 17779 W Settings: Setting adb_enabled has moved from android.provider.Settings.Secure to android.provider.Settings.Global.
06-11 10:23:24.862 17615 17620 I art     : Do partial code cache collection, code=121KB, data=105KB
06-11 10:23:24.864 17615 17620 I art     : After code cache collection, code=119KB, data=103KB
06-11 10:23:24.864 17615 17620 I art     : Increasing code cache capacity to 512KB
06-11 10:23:27.064 17615 17876 W System  : Ignoring header moid because its value was null.
06-11 10:23:28.798 11067 11110 I art     : Starting a blocking GC Explicit
06-11 10:23:28.892 11067 11110 I art     : Explicit concurrent mark sweep GC freed 5478(315KB) AllocSpace objects, 0(0B) LOS objects, 39% free, 8MB/14MB, paused 859us total 90.454ms
06-11 10:24:00.172 17500 17500 D native_project_lib: [root_service_log] TimeTickReceiver.onReceive()...
06-11 10:24:00.192 17500 17500 D native_project_lib: [root_service_log] saved callback activity class name: com.anansimobile.city_ar.Main
06-11 10:24:00.192 17500 17500 D native_project_lib: [root_service_log] notification ignored, activity in foreground!~
06-11 10:24:00.202  1302  1310 I art     : Background partial concurrent mark sweep GC freed 32865(1331KB) AllocSpace objects, 19(380KB) LOS objects, 33% free, 9MB/14MB, paused 1.861ms total 135.389ms
06-11 10:24:43.046 17885 17885 I appproc : exec app_process! cmdline: /system/bin com.android.commands.input.Input mouse tap 200 500 
06-11 10:24:43.047 17885 17885 D AndroidRuntime: >>>>>> START com.android.internal.os.RuntimeInit uid 0 <<<<<<
06-11 10:24:43.076 17885 17885 D AndroidRuntime: CheckJNI is OFF
06-11 10:24:43.245 17885 17885 D ICU     : No timezone override file found: /data/misc/zoneinfo/current/icu/icu_tzdata.dat
06-11 10:24:43.320 17885 17885 D libnativebridge: PreInitializeNativeBridge name=unknown instruction_set=x86
06-11 10:24:43.323 17885 17885 D libnativebridge: call UnloadNativeBridge! state=1
06-11 10:24:43.384 17885 17885 E memtrack: Couldn't load memtrack module (No such file or directory)
06-11 10:24:43.385 17885 17885 E android.os.Debug: failed to load memtrack module: -2
06-11 10:24:43.391 17885 17885 I Radio-JNI: register_android_hardware_Radio DONE
06-11 10:24:43.440 17885 17885 D AndroidRuntime: Calling main entry com.android.commands.input.Input
06-11 10:24:43.475 17885 17885 I Input   : injectMotionEvent: MotionEvent { action=ACTION_DOWN, actionButton=0, id[0]=0, x[0]=200.0, y[0]=500.0, toolType[0]=TOOL_TYPE_UNKNOWN, buttonState=0, metaState=0, flags=0x0, edgeFlags=0x0, pointerCount=1, historySize=0, eventTime=28696646, downTime=28696646, deviceId=0, source=0x2002 }
06-11 10:24:43.540 17885 17885 I Input   : injectMotionEvent: MotionEvent { action=ACTION_UP, actionButton=0, id[0]=0, x[0]=200.0, y[0]=500.0, toolType[0]=TOOL_TYPE_UNKNOWN, buttonState=0, metaState=0, flags=0x0, edgeFlags=0x0, pointerCount=1, historySize=0, eventTime=28696646, downTime=28696646, deviceId=0, source=0x2002 }
06-11 10:24:43.545 17885 17885 D AndroidRuntime: Shutting down VM
06-11 10:24:43.563 17500 17538 V libnb   : enter native_bridge2_getTrampoline Java_com_anansimobile_nge_NGGLSurfaceView_onTouchBegin, trampoline_addr 0xb91bae74
06-11 10:24:43.565 17500 17538 V libnb   : enter native_bridge2_getTrampoline Java_com_anansimobile_nge_NGGLSurfaceView_onTouchEnd, trampoline_addr 0xb91bae3c
06-11 10:24:44.592 17895 17895 I appproc : exec app_process! cmdline: /system/bin com.android.commands.input.Input mouse tap 270 500 
06-11 10:24:44.592 17895 17895 D AndroidRuntime: >>>>>> START com.android.internal.os.RuntimeInit uid 0 <<<<<<
06-11 10:24:44.596 17895 17895 D AndroidRuntime: CheckJNI is OFF
06-11 10:24:44.659 17895 17895 D ICU     : No timezone override file found: /data/misc/zoneinfo/current/icu/icu_tzdata.dat
06-11 10:24:44.676 17895 17895 D libnativebridge: PreInitializeNativeBridge name=unknown instruction_set=x86
06-11 10:24:44.676 17895 17895 D libnativebridge: call UnloadNativeBridge! state=1
06-11 10:24:44.695 17895 17895 E memtrack: Couldn't load memtrack module (No such file or directory)
06-11 10:24:44.696 17895 17895 E android.os.Debug: failed to load memtrack module: -2
06-11 10:24:44.698 17895 17895 I Radio-JNI: register_android_hardware_Radio DONE
06-11 10:24:44.709 17895 17895 D AndroidRuntime: Calling main entry com.android.commands.input.Input
06-11 10:24:44.715 17895 17895 I Input   : injectMotionEvent: MotionEvent { action=ACTION_DOWN, actionButton=0, id[0]=0, x[0]=270.0, y[0]=500.0, toolType[0]=TOOL_TYPE_UNKNOWN, buttonState=0, metaState=0, flags=0x0, edgeFlags=0x0, pointerCount=1, historySize=0, eventTime=28697913, downTime=28697913, deviceId=0, source=0x2002 }
06-11 10:24:44.716 17895 17895 I Input   : injectMotionEvent: MotionEvent { action=ACTION_UP, actionButton=0, id[0]=0, x[0]=270.0, y[0]=500.0, toolType[0]=TOOL_TYPE_UNKNOWN, buttonState=0, metaState=0, flags=0x0, edgeFlags=0x0, pointerCount=1, historySize=0, eventTime=28697913, downTime=28697913, deviceId=0, source=0x2002 }
06-11 10:24:44.718 17895 17895 D AndroidRuntime: Shutting down VM
06-11 10:24:45.962 17905 17905 I appproc : exec app_process! cmdline: /system/bin com.android.commands.input.Input mouse tap 340 500 
06-11 10:24:45.962 17905 17905 D AndroidRuntime: >>>>>> START com.android.internal.os.RuntimeInit uid 0 <<<<<<
06-11 10:24:45.967 17905 17905 D AndroidRuntime: CheckJNI is OFF
06-11 10:24:46.047 17905 17905 D ICU     : No timezone override file found: /data/misc/zoneinfo/current/icu/icu_tzdata.dat
06-11 10:24:46.068 17905 17905 D libnativebridge: PreInitializeNativeBridge name=unknown instruction_set=x86
06-11 10:24:46.069 17905 17905 D libnativebridge: call UnloadNativeBridge! state=1
06-11 10:24:46.093 17905 17905 E memtrack: Couldn't load memtrack module (No such file or directory)
06-11 10:24:46.093 17905 17905 E android.os.Debug: failed to load memtrack module: -2
06-11 10:24:46.095 17905 17905 I Radio-JNI: register_android_hardware_Radio DONE
06-11 10:24:46.111 17905 17905 D AndroidRuntime: Calling main entry com.android.commands.input.Input
06-11 10:24:46.119 17905 17905 I Input   : injectMotionEvent: MotionEvent { action=ACTION_DOWN, actionButton=0, id[0]=0, x[0]=340.0, y[0]=500.0, toolType[0]=TOOL_TYPE_UNKNOWN, buttonState=0, metaState=0, flags=0x0, edgeFlags=0x0, pointerCount=1, historySize=0, eventTime=28699315, downTime=28699315, deviceId=0, source=0x2002 }
06-11 10:24:46.121 17905 17905 I Input   : injectMotionEvent: MotionEvent { action=ACTION_UP, actionButton=0, id[0]=0, x[0]=340.0, y[0]=500.0, toolType[0]=TOOL_TYPE_UNKNOWN, buttonState=0, metaState=0, flags=0x0, edgeFlags=0x0, pointerCount=1, historySize=0, eventTime=28699315, downTime=28699315, deviceId=0, source=0x2002 }
06-11 10:24:46.124 17905 17905 D AndroidRuntime: Shutting down VM
06-11 10:24:47.331 17915 17915 I appproc : exec app_process! cmdline: /system/bin com.android.commands.input.Input mouse tap 200 550 
06-11 10:24:47.332 17915 17915 D AndroidRuntime: >>>>>> START com.android.internal.os.RuntimeInit uid 0 <<<<<<
06-11 10:24:47.335 17915 17915 D AndroidRuntime: CheckJNI is OFF
06-11 10:24:47.399 17915 17915 D ICU     : No timezone override file found: /data/misc/zoneinfo/current/icu/icu_tzdata.dat
06-11 10:24:47.415 17915 17915 D libnativebridge: PreInitializeNativeBridge name=unknown instruction_set=x86
06-11 10:24:47.415 17915 17915 D libnativebridge: call UnloadNativeBridge! state=1
06-11 10:24:47.432 17915 17915 E memtrack: Couldn't load memtrack module (No such file or directory)
06-11 10:24:47.432 17915 17915 E android.os.Debug: failed to load memtrack module: -2
06-11 10:24:47.434 17915 17915 I Radio-JNI: register_android_hardware_Radio DONE
06-11 10:24:47.448 17915 17915 D AndroidRuntime: Calling main entry com.android.commands.input.Input
06-11 10:24:47.455 17915 17915 I Input   : injectMotionEvent: MotionEvent { action=ACTION_DOWN, actionButton=0, id[0]=0, x[0]=200.0, y[0]=550.0, toolType[0]=TOOL_TYPE_UNKNOWN, buttonState=0, metaState=0, flags=0x0, edgeFlags=0x0, pointerCount=1, historySize=0, eventTime=28700653, downTime=28700653, deviceId=0, source=0x2002 }
06-11 10:24:47.457 17915 17915 I Input   : injectMotionEvent: MotionEvent { action=ACTION_UP, actionButton=0, id[0]=0, x[0]=200.0, y[0]=550.0, toolType[0]=TOOL_TYPE_UNKNOWN, buttonState=0, metaState=0, flags=0x0, edgeFlags=0x0, pointerCount=1, historySize=0, eventTime=28700653, downTime=28700653, deviceId=0, source=0x2002 }
06-11 10:24:47.458 17915 17915 D AndroidRuntime: Shutting down VM
06-11 10:24:47.471 17500 17538 D FlurryAgent: Event count incremented: Statistics
06-11 10:24:47.659 17500 17538 V libnb   : enter native_bridge2_getTrampoline Java_com_anansimobile_nge_NGStringHelper_UpdateLineHeight, trampoline_addr 0xb91bae04
06-11 10:24:47.676 17500 17538 V libnb   : enter native_bridge2_getTrampoline Java_com_anansimobile_nge_NGStringHelper_AddStringLine, trampoline_addr 0xb91badcc
06-11 10:24:47.714 17500 17538 D FlurryAgent: Event count incremented: login_step
06-11 10:24:48.275 17925 17925 I appproc : exec app_process! cmdline: /system/bin com.android.commands.input.Input mouse tap 270 550 
06-11 10:24:48.275 17925 17925 D AndroidRuntime: >>>>>> START com.android.internal.os.RuntimeInit uid 0 <<<<<<
06-11 10:24:48.281 17925 17925 D AndroidRuntime: CheckJNI is OFF
06-11 10:24:48.361 17925 17925 D ICU     : No timezone override file found: /data/misc/zoneinfo/current/icu/icu_tzdata.dat
06-11 10:24:48.381 17925 17925 D libnativebridge: PreInitializeNativeBridge name=unknown instruction_set=x86
06-11 10:24:48.382 17925 17925 D libnativebridge: call UnloadNativeBridge! state=1
06-11 10:24:48.408 17925 17925 E memtrack: Couldn't load memtrack module (No such file or directory)
06-11 10:24:48.408 17925 17925 E android.os.Debug: failed to load memtrack module: -2
06-11 10:24:48.409 17925 17925 I Radio-JNI: register_android_hardware_Radio DONE
06-11 10:24:48.424 17925 17925 D AndroidRuntime: Calling main entry com.android.commands.input.Input
06-11 10:24:48.433 17925 17925 I Input   : injectMotionEvent: MotionEvent { action=ACTION_DOWN, actionButton=0, id[0]=0, x[0]=270.0, y[0]=550.0, toolType[0]=TOOL_TYPE_UNKNOWN, buttonState=0, metaState=0, flags=0x0, edgeFlags=0x0, pointerCount=1, historySize=0, eventTime=28701628, downTime=28701628, deviceId=0, source=0x2002 }
06-11 10:24:48.434 17925 17925 I Input   : injectMotionEvent: MotionEvent { action=ACTION_UP, actionButton=0, id[0]=0, x[0]=270.0, y[0]=550.0, toolType[0]=TOOL_TYPE_UNKNOWN, buttonState=0, metaState=0, flags=0x0, edgeFlags=0x0, pointerCount=1, historySize=0, eventTime=28701628, downTime=28701628, deviceId=0, source=0x2002 }
06-11 10:24:48.436 17925 17925 D AndroidRuntime: Shutting down VM
06-11 10:24:48.563 17500 17500 W System  : ClassLoader referenced unknown path: /system/app/Chrome/lib/x86
06-11 10:24:48.565 17500 17500 D ApplicationLoaders: ignored Vulkan layer search path /system/app/Chrome/lib/x86:/system/app/Chrome/Chrome.apk!/lib/x86:/system/lib:/vendor/lib for namespace 0xc7cdf0d0
06-11 10:24:48.615 17500 17500 I WebViewFactory: Loading com.android.chrome version 86.0.4240.198 (code 424019821)
06-11 10:24:48.887 17500 17500 I cr_LibraryLoader: Loaded native library version number "86.0.4240.198"
06-11 10:24:48.891 17500 17500 I cr_CachingUmaRecorder: Flushed 5 samples from 5 histograms.
06-11 10:24:49.018 17500 17500 W ResourceType: Failure getting entry for 0x7f130606 (t=18 e=1542) (error -2147483647)
06-11 10:24:49.098 17500 17500 E chromium: [ERROR:filesystem_posix.cc(62)] mkdir /data/user/0/com.anansimobile.city_ar/cache/WebView/Crashpad: No such file or directory (2)
06-11 10:24:49.360  1302  1310 I art     : Background partial concurrent mark sweep GC freed 31485(1305KB) AllocSpace objects, 20(400KB) LOS objects, 33% free, 9MB/14MB, paused 1.250ms total 166.174ms
06-11 10:24:50.035 17940 17940 I appproc : exec app_process! cmdline: /system/bin com.android.commands.input.Input mouse tap 340 550 
06-11 10:24:50.036 17940 17940 D AndroidRuntime: >>>>>> START com.android.internal.os.RuntimeInit uid 0 <<<<<<
06-11 10:24:50.046 17940 17940 D AndroidRuntime: CheckJNI is OFF
06-11 10:24:50.135 17500 17960 E libEGL  : validate_display:99 error 3008 (EGL_BAD_DISPLAY)
06-11 10:24:50.166 17500 17960 I HostConnection: HostConnection::HostConnection: pid=17500, tid=17960, this=0xa71d6bc0
06-11 10:24:50.186 17500 17960 I         : fastpipe: Connect success
06-11 10:24:50.187 17500 17960 D HostConnection: HostRPC::connect sucess: app=com.anansimobile.city_ar, pid=17500, tid=17960, this=0xa2c42cc0
06-11 10:24:50.216 17500 17960 D HostConnection: queryAndSetGLESMaxVersion select gles-version: 3.1 hostGLVersion:46 process:com.anansimobile.city_ar
06-11 10:24:50.231 17500 17951 W cr_media: Requires BLUETOOTH permission
06-11 10:24:50.269 17500 17960 I EGL_adreno: eglCreateContext request GLES major-version=2
06-11 10:24:50.270 17500 17960 I EGL_adreno: eglCreateContext request GLES minor-version=0
06-11 10:24:50.296 17500 17960 D EGL_adreno: eglCreateContext: 0xa2bb1b60: maj 3 min 1 rcv 4
06-11 10:24:50.325 17500 17960 D EGL_adreno: eglMakeCurrent: 0xa2bb1b60: ver 3 1 (tinfo 0xa7020860)
06-11 10:24:50.351 17500 17960 D HostConnection: ExtendedRCEncoderContext GL_VERSION return OpenGL ES 3.1
06-11 10:24:50.408 17500 17960 W GLESv2_enc: no support GL_NUM_PROGRAM_BINARY_FORMATS
06-11 10:24:50.631 17940 17940 D ICU     : No timezone override file found: /data/misc/zoneinfo/current/icu/icu_tzdata.dat
06-11 10:24:50.763 17500 17960 I EGL_adreno: eglCreateContext request GLES major-version=3
06-11 10:24:50.763 17500 17960 I EGL_adreno: eglCreateContext request GLES minor-version=0
06-11 10:24:50.786 17500 17960 D EGL_adreno: eglCreateContext: 0xa2bb2880: maj 3 min 0 rcv 3
06-11 10:24:50.795 17500 17960 D EGL_adreno: eglMakeCurrent: 0xa2bb2880: ver 3 0 (tinfo 0xa7020860)
06-11 10:24:50.808 17500 17960 D HostConnection: ExtendedRCEncoderContext GL_VERSION return OpenGL ES 3.1
06-11 10:24:50.833 17500 17960 E eglCodecCommon: glUtilsParamSize: unknow param 0x000088ef
06-11 10:24:50.841 17940 17940 D libnativebridge: PreInitializeNativeBridge name=unknown instruction_set=x86
06-11 10:24:50.841 17940 17940 D libnativebridge: call UnloadNativeBridge! state=1
06-11 10:24:50.871 17500 17500 W IInputConnectionWrapper: finishComposingText on inactive InputConnection
06-11 10:24:50.905 17940 17940 E memtrack: Couldn't load memtrack module (No such file or directory)
06-11 10:24:50.905 17940 17940 E android.os.Debug: failed to load memtrack module: -2
06-11 10:24:50.914 17940 17940 I Radio-JNI: register_android_hardware_Radio DONE
06-11 10:24:50.946 17940 17940 D AndroidRuntime: Calling main entry com.android.commands.input.Input
06-11 10:24:50.976 17500 17960 E eglCodecCommon: glUtilsParamSize: unknow param 0x000088ef
06-11 10:24:50.979  1735  1735 W ContextImpl: Calling a method in the system process without a qualified user: android.app.ContextImpl.startService:1358 android.content.ContextWrapper.startService:613 android.content.ContextWrapper.startService:613 com.android.coreservice.CoreBroadcastReceiver.onReceive:69 android.app.ActivityThread.handleReceiver:3073 
06-11 10:24:50.981 17500 17960 E eglCodecCommon: glUtilsParamSize: unknow param 0x000088ef
06-11 10:24:50.983 17500 17567 E eglCodecCommon: glUtilsParamSize: unknow param 0x000088ef
06-11 10:24:50.987 17500 17960 E eglCodecCommon: glUtilsParamSize: unknow param 0x000088ef
06-11 10:24:50.993 17500 17960 E eglCodecCommon: glUtilsParamSize: unknow param 0x000088ef
06-11 10:24:50.994 17940 17940 I Input   : injectMotionEvent: MotionEvent { action=ACTION_DOWN, actionButton=0, id[0]=0, x[0]=340.0, y[0]=550.0, toolType[0]=TOOL_TYPE_UNKNOWN, buttonState=0, metaState=0, flags=0x0, edgeFlags=0x0, pointerCount=1, historySize=0, eventTime=28704150, downTime=28704150, deviceId=0, source=0x2002 }
06-11 10:24:51.008 17500 17960 E eglCodecCommon: glUtilsParamSize: unknow param 0x000088ef
06-11 10:24:51.016 17940 17940 I Input   : injectMotionEvent: MotionEvent { action=ACTION_UP, actionButton=0, id[0]=0, x[0]=340.0, y[0]=550.0, toolType[0]=TOOL_TYPE_UNKNOWN, buttonState=0, metaState=0, flags=0x0, edgeFlags=0x0, pointerCount=1, historySize=0, eventTime=28704150, downTime=28704150, deviceId=0, source=0x2002 }
06-11 10:24:51.021 17940 17940 D AndroidRuntime: Shutting down VM
06-11 10:24:51.371 17500 17500 V libnb   : enter native_bridge2_getTrampoline Java_com_anansimobile_nge_NGWebView_OnWebViewLoaded, trampoline_addr 0xb91bad94
06-11 10:24:52.611 17979 17979 I appproc : exec app_process! cmdline: /system/bin com.android.commands.input.Input mouse tap 200 600 
06-11 10:24:52.611 17979 17979 D AndroidRuntime: >>>>>> START com.android.internal.os.RuntimeInit uid 0 <<<<<<
06-11 10:24:52.618 17979 17979 D AndroidRuntime: CheckJNI is OFF
06-11 10:24:52.736 17979 17979 D ICU     : No timezone override file found: /data/misc/zoneinfo/current/icu/icu_tzdata.dat
06-11 10:24:52.766 17979 17979 D libnativebridge: PreInitializeNativeBridge name=unknown instruction_set=x86
06-11 10:24:52.768 17979 17979 D libnativebridge: call UnloadNativeBridge! state=1
06-11 10:24:52.804 17979 17979 E memtrack: Couldn't load memtrack module (No such file or directory)
06-11 10:24:52.804 17979 17979 E android.os.Debug: failed to load memtrack module: -2
06-11 10:24:52.807 17979 17979 I Radio-JNI: register_android_hardware_Radio DONE
06-11 10:24:52.834 17979 17979 D AndroidRuntime: Calling main entry com.android.commands.input.Input
06-11 10:24:52.846 17979 17979 I Input   : injectMotionEvent: MotionEvent { action=ACTION_DOWN, actionButton=0, id[0]=0, x[0]=200.0, y[0]=600.0, toolType[0]=TOOL_TYPE_UNKNOWN, buttonState=0, metaState=0, flags=0x0, edgeFlags=0x0, pointerCount=1, historySize=0, eventTime=28706038, downTime=28706038, deviceId=0, source=0x2002 }
06-11 10:24:52.852 17979 17979 I Input   : injectMotionEvent: MotionEvent { action=ACTION_UP, actionButton=0, id[0]=0, x[0]=200.0, y[0]=600.0, toolType[0]=TOOL_TYPE_UNKNOWN, buttonState=0, metaState=0, flags=0x0, edgeFlags=0x0, pointerCount=1, historySize=0, eventTime=28706038, downTime=28706038, deviceId=0, source=0x2002 }
06-11 10:24:52.855 17979 17979 D AndroidRuntime: Shutting down VM
06-11 10:24:54.194 17989 17989 I appproc : exec app_process! cmdline: /system/bin com.android.commands.input.Input mouse tap 270 600 
06-11 10:24:54.195 17989 17989 D AndroidRuntime: >>>>>> START com.android.internal.os.RuntimeInit uid 0 <<<<<<
06-11 10:24:54.201 17989 17989 D AndroidRuntime: CheckJNI is OFF
06-11 10:24:54.315 17989 17989 D ICU     : No timezone override file found: /data/misc/zoneinfo/current/icu/icu_tzdata.dat
06-11 10:24:54.341 17989 17989 D libnativebridge: PreInitializeNativeBridge name=unknown instruction_set=x86
06-11 10:24:54.342 17989 17989 D libnativebridge: call UnloadNativeBridge! state=1
06-11 10:24:54.375 17989 17989 E memtrack: Couldn't load memtrack module (No such file or directory)
06-11 10:24:54.375 17989 17989 E android.os.Debug: failed to load memtrack module: -2
06-11 10:24:54.379 17989 17989 I Radio-JNI: register_android_hardware_Radio DONE
06-11 10:24:54.402 17989 17989 D AndroidRuntime: Calling main entry com.android.commands.input.Input
06-11 10:24:54.413 17989 17989 I Input   : injectMotionEvent: MotionEvent { action=ACTION_DOWN, actionButton=0, id[0]=0, x[0]=270.0, y[0]=600.0, toolType[0]=TOOL_TYPE_UNKNOWN, buttonState=0, metaState=0, flags=0x0, edgeFlags=0x0, pointerCount=1, historySize=0, eventTime=28707606, downTime=28707606, deviceId=0, source=0x2002 }
06-11 10:24:54.418 17989 17989 I Input   : injectMotionEvent: MotionEvent { action=ACTION_UP, actionButton=0, id[0]=0, x[0]=270.0, y[0]=600.0, toolType[0]=TOOL_TYPE_UNKNOWN, buttonState=0, metaState=0, flags=0x0, edgeFlags=0x0, pointerCount=1, historySize=0, eventTime=28707606, downTime=28707606, deviceId=0, source=0x2002 }
06-11 10:24:54.422 17989 17989 D AndroidRuntime: Shutting down VM
06-11 10:24:55.634 17999 17999 I appproc : exec app_process! cmdline: /system/bin com.android.commands.input.Input mouse tap 340 600 
06-11 10:24:55.634 17999 17999 D AndroidRuntime: >>>>>> START com.android.internal.os.RuntimeInit uid 0 <<<<<<
06-11 10:24:55.637 17999 17999 D AndroidRuntime: CheckJNI is OFF
06-11 10:24:55.713 17999 17999 D ICU     : No timezone override file found: /data/misc/zoneinfo/current/icu/icu_tzdata.dat
06-11 10:24:55.736 17999 17999 D libnativebridge: PreInitializeNativeBridge name=unknown instruction_set=x86
06-11 10:24:55.736 17999 17999 D libnativebridge: call UnloadNativeBridge! state=1
06-11 10:24:55.759 17999 17999 E memtrack: Couldn't load memtrack module (No such file or directory)
06-11 10:24:55.759 17999 17999 E android.os.Debug: failed to load memtrack module: -2
06-11 10:24:55.761 17999 17999 I Radio-JNI: register_android_hardware_Radio DONE
06-11 10:24:55.778 17999 17999 D AndroidRuntime: Calling main entry com.android.commands.input.Input
06-11 10:24:55.788 17999 17999 I Input   : injectMotionEvent: MotionEvent { action=ACTION_DOWN, actionButton=0, id[0]=0, x[0]=340.0, y[0]=600.0, toolType[0]=TOOL_TYPE_UNKNOWN, buttonState=0, metaState=0, flags=0x0, edgeFlags=0x0, pointerCount=1, historySize=0, eventTime=28708982, downTime=28708982, deviceId=0, source=0x2002 }
06-11 10:24:55.793 17999 17999 I Input   : injectMotionEvent: MotionEvent { action=ACTION_UP, actionButton=0, id[0]=0, x[0]=340.0, y[0]=600.0, toolType[0]=TOOL_TYPE_UNKNOWN, buttonState=0, metaState=0, flags=0x0, edgeFlags=0x0, pointerCount=1, historySize=0, eventTime=28708982, downTime=28708982, deviceId=0, source=0x2002 }
06-11 10:24:55.797 17999 17999 D AndroidRuntime: Shutting down VM
06-11 10:24:56.975 18009 18009 I appproc : exec app_process! cmdline: /system/bin com.android.commands.input.Input mouse tap 200 650 
06-11 10:24:56.975 18009 18009 D AndroidRuntime: >>>>>> START com.android.internal.os.RuntimeInit uid 0 <<<<<<
06-11 10:24:56.979 18009 18009 D AndroidRuntime: CheckJNI is OFF
06-11 10:24:57.041 18009 18009 D ICU     : No timezone override file found: /data/misc/zoneinfo/current/icu/icu_tzdata.dat
06-11 10:24:57.058 18009 18009 D libnativebridge: PreInitializeNativeBridge name=unknown instruction_set=x86
06-11 10:24:57.059 18009 18009 D libnativebridge: call UnloadNativeBridge! state=1
06-11 10:24:57.076 18009 18009 E memtrack: Couldn't load memtrack module (No such file or directory)
06-11 10:24:57.077 18009 18009 E android.os.Debug: failed to load memtrack module: -2
06-11 10:24:57.078 18009 18009 I Radio-JNI: register_android_hardware_Radio DONE
06-11 10:24:57.093 18009 18009 D AndroidRuntime: Calling main entry com.android.commands.input.Input
06-11 10:24:57.100 18009 18009 I Input   : injectMotionEvent: MotionEvent { action=ACTION_DOWN, actionButton=0, id[0]=0, x[0]=200.0, y[0]=650.0, toolType[0]=TOOL_TYPE_UNKNOWN, buttonState=0, metaState=0, flags=0x0, edgeFlags=0x0, pointerCount=1, historySize=0, eventTime=28710297, downTime=28710297, deviceId=0, source=0x2002 }
06-11 10:24:57.104 18009 18009 I Input   : injectMotionEvent: MotionEvent { action=ACTION_UP, actionButton=0, id[0]=0, x[0]=200.0, y[0]=650.0, toolType[0]=TOOL_TYPE_UNKNOWN, buttonState=0, metaState=0, flags=0x0, edgeFlags=0x0, pointerCount=1, historySize=0, eventTime=28710297, downTime=28710297, deviceId=0, source=0x2002 }
06-11 10:24:57.106 18009 18009 D AndroidRuntime: Shutting down VM
06-11 10:24:58.035 18019 18019 I appproc : exec app_process! cmdline: /system/bin com.android.commands.input.Input mouse tap 270 650 
06-11 10:24:58.035 18019 18019 D AndroidRuntime: >>>>>> START com.android.internal.os.RuntimeInit uid 0 <<<<<<
06-11 10:24:58.039 18019 18019 D AndroidRuntime: CheckJNI is OFF
06-11 10:24:58.104 18019 18019 D ICU     : No timezone override file found: /data/misc/zoneinfo/current/icu/icu_tzdata.dat
06-11 10:24:58.120 18019 18019 D libnativebridge: PreInitializeNativeBridge name=unknown instruction_set=x86
06-11 10:24:58.121 18019 18019 D libnativebridge: call UnloadNativeBridge! state=1
06-11 10:24:58.138 18019 18019 E memtrack: Couldn't load memtrack module (No such file or directory)
06-11 10:24:58.138 18019 18019 E android.os.Debug: failed to load memtrack module: -2
06-11 10:24:58.139 18019 18019 I Radio-JNI: register_android_hardware_Radio DONE
06-11 10:24:58.151 18019 18019 D AndroidRuntime: Calling main entry com.android.commands.input.Input
06-11 10:24:58.158 18019 18019 I Input   : injectMotionEvent: MotionEvent { action=ACTION_DOWN, actionButton=0, id[0]=0, x[0]=270.0, y[0]=650.0, toolType[0]=TOOL_TYPE_UNKNOWN, buttonState=0, metaState=0, flags=0x0, edgeFlags=0x0, pointerCount=1, historySize=0, eventTime=28711355, downTime=28711355, deviceId=0, source=0x2002 }
06-11 10:24:58.161 18019 18019 I Input   : injectMotionEvent: MotionEvent { action=ACTION_UP, actionButton=0, id[0]=0, x[0]=270.0, y[0]=650.0, toolType[0]=TOOL_TYPE_UNKNOWN, buttonState=0, metaState=0, flags=0x0, edgeFlags=0x0, pointerCount=1, historySize=0, eventTime=28711355, downTime=28711355, deviceId=0, source=0x2002 }
06-11 10:24:58.163 18019 18019 D AndroidRuntime: Shutting down VM
06-11 10:24:59.133 18029 18029 I appproc : exec app_process! cmdline: /system/bin com.android.commands.input.Input mouse tap 340 650 
06-11 10:24:59.134 18029 18029 D AndroidRuntime: >>>>>> START com.android.internal.os.RuntimeInit uid 0 <<<<<<
06-11 10:24:59.140 18029 18029 D AndroidRuntime: CheckJNI is OFF
06-11 10:24:59.256 18029 18029 D ICU     : No timezone override file found: /data/misc/zoneinfo/current/icu/icu_tzdata.dat
06-11 10:24:59.284 18029 18029 D libnativebridge: PreInitializeNativeBridge name=unknown instruction_set=x86
06-11 10:24:59.284 18029 18029 D libnativebridge: call UnloadNativeBridge! state=1
06-11 10:24:59.318 18029 18029 E memtrack: Couldn't load memtrack module (No such file or directory)
06-11 10:24:59.318 18029 18029 E android.os.Debug: failed to load memtrack module: -2
06-11 10:24:59.321 18029 18029 I Radio-JNI: register_android_hardware_Radio DONE
06-11 10:24:59.342 18029 18029 D AndroidRuntime: Calling main entry com.android.commands.input.Input
06-11 10:24:59.358 18029 18029 I Input   : injectMotionEvent: MotionEvent { action=ACTION_DOWN, actionButton=0, id[0]=0, x[0]=340.0, y[0]=650.0, toolType[0]=TOOL_TYPE_UNKNOWN, buttonState=0, metaState=0, flags=0x0, edgeFlags=0x0, pointerCount=1, historySize=0, eventTime=28712548, downTime=28712548, deviceId=0, source=0x2002 }
06-11 10:24:59.364 18029 18029 I Input   : injectMotionEvent: MotionEvent { action=ACTION_UP, actionButton=0, id[0]=0, x[0]=340.0, y[0]=650.0, toolType[0]=TOOL_TYPE_UNKNOWN, buttonState=0, metaState=0, flags=0x0, edgeFlags=0x0, pointerCount=1, historySize=0, eventTime=28712548, downTime=28712548, deviceId=0, source=0x2002 }
06-11 10:24:59.368 18029 18029 D AndroidRuntime: Shutting down VM
06-11 10:25:00.272 17500 17500 D native_project_lib: [root_service_log] TimeTickReceiver.onReceive()...
06-11 10:25:00.289 17500 17500 D native_project_lib: [root_service_log] saved callback activity class name: com.anansimobile.city_ar.Main
06-11 10:25:00.289 17500 17500 D native_project_lib: [root_service_log] notification ignored, activity in foreground!~
06-11 10:25:00.321  1302  1310 I art     : Background partial concurrent mark sweep GC freed 19303(847KB) AllocSpace objects, 16(320KB) LOS objects, 33% free, 9MB/14MB, paused 1.557ms total 134.603ms
06-11 10:25:00.629 18039 18039 I appproc : exec app_process! cmdline: /system/bin com.android.commands.input.Input mouse tap 200 700 
06-11 10:25:00.629 18039 18039 D AndroidRuntime: >>>>>> START com.android.internal.os.RuntimeInit uid 0 <<<<<<
06-11 10:25:00.633 18039 18039 D AndroidRuntime: CheckJNI is OFF
06-11 10:25:00.697 18039 18039 D ICU     : No timezone override file found: /data/misc/zoneinfo/current/icu/icu_tzdata.dat
06-11 10:25:00.715 18039 18039 D libnativebridge: PreInitializeNativeBridge name=unknown instruction_set=x86
06-11 10:25:00.715 18039 18039 D libnativebridge: call UnloadNativeBridge! state=1
06-11 10:25:00.733 18039 18039 E memtrack: Couldn't load memtrack module (No such file or directory)
06-11 10:25:00.733 18039 18039 E android.os.Debug: failed to load memtrack module: -2
06-11 10:25:00.735 18039 18039 I Radio-JNI: register_android_hardware_Radio DONE
06-11 10:25:00.750 18039 18039 D AndroidRuntime: Calling main entry com.android.commands.input.Input
06-11 10:25:00.757 18039 18039 I Input   : injectMotionEvent: MotionEvent { action=ACTION_DOWN, actionButton=0, id[0]=0, x[0]=200.0, y[0]=700.0, toolType[0]=TOOL_TYPE_UNKNOWN, buttonState=0, metaState=0, flags=0x0, edgeFlags=0x0, pointerCount=1, historySize=0, eventTime=28713953, downTime=28713953, deviceId=0, source=0x2002 }
06-11 10:25:00.759 18039 18039 I Input   : injectMotionEvent: MotionEvent { action=ACTION_UP, actionButton=0, id[0]=0, x[0]=200.0, y[0]=700.0, toolType[0]=TOOL_TYPE_UNKNOWN, buttonState=0, metaState=0, flags=0x0, edgeFlags=0x0, pointerCount=1, historySize=0, eventTime=28713953, downTime=28713953, deviceId=0, source=0x2002 }
06-11 10:25:00.763 18039 18039 D AndroidRuntime: Shutting down VM
06-11 10:25:02.023 18049 18049 I appproc : exec app_process! cmdline: /system/bin com.android.commands.input.Input mouse tap 270 700 
06-11 10:25:02.024 18049 18049 D AndroidRuntime: >>>>>> START com.android.internal.os.RuntimeInit uid 0 <<<<<<
06-11 10:25:02.030 18049 18049 D AndroidRuntime: CheckJNI is OFF
06-11 10:25:02.150 18049 18049 D ICU     : No timezone override file found: /data/misc/zoneinfo/current/icu/icu_tzdata.dat
06-11 10:25:02.181 18049 18049 D libnativebridge: PreInitializeNativeBridge name=unknown instruction_set=x86
06-11 10:25:02.181 18049 18049 D libnativebridge: call UnloadNativeBridge! state=1
06-11 10:25:02.220 18049 18049 E memtrack: Couldn't load memtrack module (No such file or directory)
06-11 10:25:02.220 18049 18049 E android.os.Debug: failed to load memtrack module: -2
06-11 10:25:02.223 18049 18049 I Radio-JNI: register_android_hardware_Radio DONE
06-11 10:25:02.248 18049 18049 D AndroidRuntime: Calling main entry com.android.commands.input.Input
06-11 10:25:02.262 18049 18049 I Input   : injectMotionEvent: MotionEvent { action=ACTION_DOWN, actionButton=0, id[0]=0, x[0]=270.0, y[0]=700.0, toolType[0]=TOOL_TYPE_UNKNOWN, buttonState=0, metaState=0, flags=0x0, edgeFlags=0x0, pointerCount=1, historySize=0, eventTime=28715452, downTime=28715452, deviceId=0, source=0x2002 }
06-11 10:25:02.268 18049 18049 I Input   : injectMotionEvent: MotionEvent { action=ACTION_UP, actionButton=0, id[0]=0, x[0]=270.0, y[0]=700.0, toolType[0]=TOOL_TYPE_UNKNOWN, buttonState=0, metaState=0, flags=0x0, edgeFlags=0x0, pointerCount=1, historySize=0, eventTime=28715452, downTime=28715452, deviceId=0, source=0x2002 }
06-11 10:25:02.271 18049 18049 D AndroidRuntime: Shutting down VM
06-11 10:25:03.555 18059 18059 I appproc : exec app_process! cmdline: /system/bin com.android.commands.input.Input mouse tap 340 700 
06-11 10:25:03.556 18059 18059 D AndroidRuntime: >>>>>> START com.android.internal.os.RuntimeInit uid 0 <<<<<<
06-11 10:25:03.562 18059 18059 D AndroidRuntime: CheckJNI is OFF
06-11 10:25:03.680 18059 18059 D ICU     : No timezone override file found: /data/misc/zoneinfo/current/icu/icu_tzdata.dat
06-11 10:25:03.709 18059 18059 D libnativebridge: PreInitializeNativeBridge name=unknown instruction_set=x86
06-11 10:25:03.709 18059 18059 D libnativebridge: call UnloadNativeBridge! state=1
06-11 10:25:03.742 18059 18059 E memtrack: Couldn't load memtrack module (No such file or directory)
06-11 10:25:03.742 18059 18059 E android.os.Debug: failed to load memtrack module: -2
06-11 10:25:03.745 18059 18059 I Radio-JNI: register_android_hardware_Radio DONE
06-11 10:25:03.771 18059 18059 D AndroidRuntime: Calling main entry com.android.commands.input.Input
06-11 10:25:03.783 18059 18059 I Input   : injectMotionEvent: MotionEvent { action=ACTION_DOWN, actionButton=0, id[0]=0, x[0]=340.0, y[0]=700.0, toolType[0]=TOOL_TYPE_UNKNOWN, buttonState=0, metaState=0, flags=0x0, edgeFlags=0x0, pointerCount=1, historySize=0, eventTime=28716976, downTime=28716976, deviceId=0, source=0x2002 }
06-11 10:25:03.788 18059 18059 I Input   : injectMotionEvent: MotionEvent { action=ACTION_UP, actionButton=0, id[0]=0, x[0]=340.0, y[0]=700.0, toolType[0]=TOOL_TYPE_UNKNOWN, buttonState=0, metaState=0, flags=0x0, edgeFlags=0x0, pointerCount=1, historySize=0, eventTime=28716976, downTime=28716976, deviceId=0, source=0x2002 }
06-11 10:25:03.791 18059 18059 D AndroidRuntime: Shutting down VM
06-11 10:25:04.962 18069 18069 I appproc : exec app_process! cmdline: /system/bin com.android.commands.input.Input mouse tap 200 750 
06-11 10:25:04.962 18069 18069 D AndroidRuntime: >>>>>> START com.android.internal.os.RuntimeInit uid 0 <<<<<<
06-11 10:25:04.966 18069 18069 D AndroidRuntime: CheckJNI is OFF
06-11 10:25:05.030 18069 18069 D ICU     : No timezone override file found: /data/misc/zoneinfo/current/icu/icu_tzdata.dat
06-11 10:25:05.048 18069 18069 D libnativebridge: PreInitializeNativeBridge name=unknown instruction_set=x86
06-11 10:25:05.049 18069 18069 D libnativebridge: call UnloadNativeBridge! state=1
06-11 10:25:05.067 18069 18069 E memtrack: Couldn't load memtrack module (No such file or directory)
06-11 10:25:05.067 18069 18069 E android.os.Debug: failed to load memtrack module: -2
06-11 10:25:05.068 18069 18069 I Radio-JNI: register_android_hardware_Radio DONE
06-11 10:25:05.079 18069 18069 D AndroidRuntime: Calling main entry com.android.commands.input.Input
06-11 10:25:05.087 18069 18069 I Input   : injectMotionEvent: MotionEvent { action=ACTION_DOWN, actionButton=0, id[0]=0, x[0]=200.0, y[0]=750.0, toolType[0]=TOOL_TYPE_UNKNOWN, buttonState=0, metaState=0, flags=0x0, edgeFlags=0x0, pointerCount=1, historySize=0, eventTime=28718283, downTime=28718283, deviceId=0, source=0x2002 }
06-11 10:25:05.089 18069 18069 I Input   : injectMotionEvent: MotionEvent { action=ACTION_UP, actionButton=0, id[0]=0, x[0]=200.0, y[0]=750.0, toolType[0]=TOOL_TYPE_UNKNOWN, buttonState=0, metaState=0, flags=0x0, edgeFlags=0x0, pointerCount=1, historySize=0, eventTime=28718283, downTime=28718283, deviceId=0, source=0x2002 }
06-11 10:25:05.091 18069 18069 D AndroidRuntime: Shutting down VM
06-11 10:25:06.444 18079 18079 I appproc : exec app_process! cmdline: /system/bin com.android.commands.input.Input mouse tap 270 750 
06-11 10:25:06.445 18079 18079 D AndroidRuntime: >>>>>> START com.android.internal.os.RuntimeInit uid 0 <<<<<<
06-11 10:25:06.451 18079 18079 D AndroidRuntime: CheckJNI is OFF
06-11 10:25:06.558 18079 18079 D ICU     : No timezone override file found: /data/misc/zoneinfo/current/icu/icu_tzdata.dat
06-11 10:25:06.577 18079 18079 D libnativebridge: PreInitializeNativeBridge name=unknown instruction_set=x86
06-11 10:25:06.577 18079 18079 D libnativebridge: call UnloadNativeBridge! state=1
06-11 10:25:06.595 18079 18079 E memtrack: Couldn't load memtrack module (No such file or directory)
06-11 10:25:06.595 18079 18079 E android.os.Debug: failed to load memtrack module: -2
06-11 10:25:06.597 18079 18079 I Radio-JNI: register_android_hardware_Radio DONE
06-11 10:25:06.609 18079 18079 D AndroidRuntime: Calling main entry com.android.commands.input.Input
06-11 10:25:06.616 18079 18079 I Input   : injectMotionEvent: MotionEvent { action=ACTION_DOWN, actionButton=0, id[0]=0, x[0]=270.0, y[0]=750.0, toolType[0]=TOOL_TYPE_UNKNOWN, buttonState=0, metaState=0, flags=0x0, edgeFlags=0x0, pointerCount=1, historySize=0, eventTime=28719812, downTime=28719812, deviceId=0, source=0x2002 }
06-11 10:25:06.618 18079 18079 I Input   : injectMotionEvent: MotionEvent { action=ACTION_UP, actionButton=0, id[0]=0, x[0]=270.0, y[0]=750.0, toolType[0]=TOOL_TYPE_UNKNOWN, buttonState=0, metaState=0, flags=0x0, edgeFlags=0x0, pointerCount=1, historySize=0, eventTime=28719812, downTime=28719812, deviceId=0, source=0x2002 }
06-11 10:25:06.620 18079 18079 D AndroidRuntime: Shutting down VM
06-11 10:25:07.620 18089 18089 I appproc : exec app_process! cmdline: /system/bin com.android.commands.input.Input mouse tap 340 750 
06-11 10:25:07.620 18089 18089 D AndroidRuntime: >>>>>> START com.android.internal.os.RuntimeInit uid 0 <<<<<<
06-11 10:25:07.624 18089 18089 D AndroidRuntime: CheckJNI is OFF
06-11 10:25:07.688 18089 18089 D ICU     : No timezone override file found: /data/misc/zoneinfo/current/icu/icu_tzdata.dat
06-11 10:25:07.702 18089 18089 D libnativebridge: PreInitializeNativeBridge name=unknown instruction_set=x86
06-11 10:25:07.703 18089 18089 D libnativebridge: call UnloadNativeBridge! state=1
06-11 10:25:07.721 18089 18089 E memtrack: Couldn't load memtrack module (No such file or directory)
06-11 10:25:07.721 18089 18089 E android.os.Debug: failed to load memtrack module: -2
06-11 10:25:07.723 18089 18089 I Radio-JNI: register_android_hardware_Radio DONE
06-11 10:25:07.734 18089 18089 D AndroidRuntime: Calling main entry com.android.commands.input.Input
